z1
s1
]1
J1
W1
F1
!1
B1
`1
)1
}1
|1
g1
#1
(1
<1
s1
<1
X1
-1
e1
m1
M1
J1
01
@1
o1
.1
*1
)1
g1
A1
r1
`1
K1
n1
01
>1
P1
/1

1
p1
s1
<1
.1
A1
u1
d1
#1
O1
L1
(1
r1
-1
d1
31
X1
S1
e1
o1
s1
71
z1
Y1
k1
Q1
<1
q1
Y1
|1
p1
T1
X1
O1
@1
d1
J1
\1
p1
M1
=1
M1
q1

1
j1
31
81
p1
K1
p1
I1
*1
31
G1
H1
K1
S1
{1
G1
$1
p1
 1
z1
m1
Q1
P1

1
K1
\1
t1
J1
D1
.1
+1
U1
W1
Q1
-1
X1
81
^1
D1

1
Y1
V1
91
}1
Y1
H1
\1
Z1
S1
`1
W1
J1
e1
<1
01
q1
@1
=1
j1
S1
+1
s1
h1
,1
w1
n1
=1
T1
;1
*1
B1
F1
-1
O1
p1
`1
\1
j1
A1
-1
31
'1
V1
w1
L2
U1
)1
*1
?1
61
91
_1
11
m1
{1
O1
Z1
m1
R1
-1
B1
$1
 1
Q1
01
a1
?1
s1
31
<1
C1
T1
81
i1
11
.1
|1
%1
\1
z1
J1
%1
71
;1
O1
S1
{1
?1
J1
M1
g1
{1
61
B1
w1
I1
q1
]1
t1
R1
M1
=1
$1
m1
*1
f1
P1
I1

1
(1
q1
\1
M1
41
f1
+1
`1
>1
 1
*1
z1
f1
 1
H2
a1
F1
j1
^1
-1
51
61
?1
L1
31
D1
71
f1
{1
&1
;1
f1
{1
V1
H1
,1
p1
f1
j2
K1
x1
71
"1
(1
H1
v1
01
j1
[1
F1
L1
o1
J1
z1
o1
}1
B1
|1
i1
K1
O1
%1

1
R1
.1
?1
y1
A1
*1
G1
41
w1
?1
"1
q1
D1
Z1
-1
U1
H1
q1
S1
O1
'1
21
b1
g1
a1
!1
h1
y1
O1
Z1
.1
x1
+1
N1
a1
'1
+1
.1
p2
b1
y1
G1
d1
'1
r1
H1
w1
j1
`1
[1
X1
x1
P1
}1
:1
61
q1
A1
W1
<1
^1
=1
w1
y1
{1
o1
11
T1
p1
{1
H1
:1
S1
m1
x1
E1
v1
_1
F1
b1
<1
D1
N1
o1
A1
?1
h1
Q1
)1
\1
%2
j1
b1
,1
#1
r1
/1
W1
21
.1
11
o1
^1
R1
K1
r1
d1
Y1
F1
g1
y1
$1
V1
^1
B1
11
61
#1
^1
O1
n1
E1
`1
F1
#1
?1
e1
W1
x1
!1
|1
b1
 1
=1
u1
K1
71
G1
91
n1
l1
h1
z1
}1
;1
|1
m1
p1
Q1
R1
^1
h1
)1
R1
;1
W1
-1
I1

1
M1
;1
R1
D1
31
$1
p1
v1
d1
;1
>1
K1
w1
L1
(1
\1
A1
G1
W1
A1
U1
p1
h1
n1
c1
[1
"1
\1
'1
:1
H1
?1
:1
(1
=1
H1
21
71
H1
c1
Q1
21
U1
f2
|1
D1
]1
<1
;1
+1
<1
>1
$1
{1
e1
`1
}1
X1
21
z1
[1
t1
H1
+1
21
S1
A1
51
d1
71
{1
q1
^1
P1
41
T1
M1
y1
`1
[1
51
A1
U1
E1
51
E1
O1
i1
a1
:1
_1
i1
81
y1
*1
r1
P1
L1
i1
;1
*1
&1
g1
e1
n1
N1
*1
&1
E1
'1
f1
G1
n1
{1
 1
H1
r1
31
=1
m1
V1
51
y1
:1
91
81
{1
m1
w1
*1
=1
E1
s1
-1
=1
p1
)1
=1
k1
.1
E1
y1
u1
V1
M1

1
F1
o1
81
D1
g1
=1
i1
K1
c1
@1
J2
h1
K1
G1
 1
T1
)1
I1
C1
j1
h1
u1
81
#1
_1
g1
w1
!1
$1
61
u1
^1
[1
(1
^1
Y1
P1
21
11
?1
l1
R1
01
.1
-1
|1
61
;1
Q1
61
:1
$1
71
=1
a1
F1
H1
o1
Y1
f1
x1
S1
^1
81
31
"1
s1
q1
X1
21
T1
:1
-1
c1
T1
51
Y1
31
p1
#1
<1
B1
91
`1
=1

1
j1
.1
l1
i1
@1
G1
&1
N1
/1
<1
b1
R1
21
=1
n1
W1
j1
H1
N1
11
v1
k1
U1
K1
b1
O1
H1
x1
o1
Q1
c1
11
91
C1
,1
c1
F1
X1
=1
11
^1
y1
Q1
s1
u1
y1
31
c1
'1
x1
d1
p1
z1
W1
.1
g1
b1
V2
k1
?1
H1
71
T1
-1
j1
11
)1
F1
K1
M1
\1
P1
K1
@1
?1
'1
/1
x1
51
x1
,1
U1
e1
81
=1
91
t1
L1
21
i1
+1
t1

1
h1
Y1
%1
-1
21
J1
+1
g1
h1
'1
.1
i1
{1
R1
.1
-1

1
Q1
P1
`1
31
U1
41
a1
?1
71
?1
R1
<1
^1
b1
M1
:1
a1
K1
?1
}1
K1
21
O2
K1
/1
L1
51
p1
<1
R1
?1
 1
$1
a1
)1
l1
c1
X1
S1
 1
}1
w1
f1
N1
-1
<1
Y1
]1
,1
*1

1
>1
$1
p1
=1
+1
*1
P1
L1
X1
81
W1

1
b1
[1
p1
V1
;1
B1
p1
+1
T1
51
r1
{1
F1
c1
a1
41
l1
k1
K1
h1
q1
