o2455
L2455
T2455
:2455
>2455
42455
A2455
]2455
a2455
h2455
)2455
+2455
=2455
,2455
U2455
"2455
02455
b2455
/2455
02455
-2455
Y2455
72455
92455
c2455
&2455
e2455
p2455
O2455
V2455
72455
02455
(2455
M2455
G2455
`2455
"2455
^2455
<2455
U2455
&2455
:2455
*2455
}2455
?2455
q2455
82455
c2455
#2455
t2455
Z2455
&2455
s2455
t2455
%2455
h2455
`2455
?2455
y2455
'2455
g2455
D2455
s2455
@2455
J2455
;2455
B2455
82455
&2455
^2455
@2455

2455
m2455
J2455
02455
E2455
;2455
r2455
:2455
x2455
_2455
72455
K2455
}2455
U2455
^2455
d2455
N2455
Q2455
52455
|2455
R4910
s2455
E2455
