97582
r1098
n4782
77703
3834
[3582
b5783
y7046
G9465
{7823
O5865
N3868
s7078
@9334
V7998
]7256
(2816
L7064
Y6806
j6074
E9124
Q4987
m6982
G2692
F1351
W3714
f7963
k5103
;3650
G2464
`8488
24591
#9905
J9718
W3058
t4218
}102
\534
(5008
 7983
[9700
s7792
