T1
e1
l1
e1
t1
u1
b2
i1
e1
s1

1
 12
.1
-1
"1
-1
.1

1
 11
:1
 1
/1
"1
\1
 1
:1

1
 11
`1
.1
`1
-1
'1
.1
'1

1
 13
|1
 1
|1

1
 10
_1
.2
|1
 1
|1
.2
_1

1
 5
_1
 2
.1
"1
 3
_3
 3
"1
.1
 2
_1

1
 4
:1
 1
`1
:1
 1
.1
-1
"2
 3
"2
-1
.1
 1
:1
'1
 1
:1

1
 4
`1
 2
:1
 1
:1
 1
(1
)1
 3
(1
)1
 1
:1
 1
:1
 2
'1

1
 5
`1
.1
`1
 1
`1
 3
_3
 3
'1
 1
'1
.1
'1

1
 8
`1
-1
`1
.1
_5
.1
'1
-1
'1

1
 8
.1
-1
"1
 7
"1
-1
.1

1
 6
.1
"1
 13
"1
.1

1
 4
.1
'1
 2
.1
^1
 9
`1
.1
 2
`1
.1

1
 2
.1
"1
 2
.1
"1
.1
'1
 10
`1
"1
.1
 2
"1

1
 1
`1
 3
'1
 1
.1
 4
_7
 2
`1
 1
"1
.1
 2
"1
.1
_1

1
`1
_1
.1
-1
'1
 6
:1
 7
:1
 2
`1
 2
"1
.1
_1
 2
)1

1
 6
.1
 4
:1
 7
:1
 3
.1
 4
`1
"1

1
 6
.1
 4
'1
-7
'1

1
 7
.1
 16
'1

1
 8
.1
 7
_1
 6
:1

1
 8
:1
 5
.1
'1
 1
`1
.1
 4
:1

1
 8
:1
 4
.1
 5
.1
 3
:1

1
 8
:1
 3
.1
 10
:1

1
 8
:1
_3
.1
 7
.1
_2
:1

1
 7
(1
_4
)1
 7
(1
_3
)1
