^4287
24287
j4287
|4287
*4287
p4287
O4287
@4287
m4287
98574
^4287
U4287
[4287
O4287
&4287
W4287
^4287
L4287
q4287
X4287
?4287
i4287
94287
q4287
*4287
q4287
y4287
O4287
z4287
r4287
74287
s4287
p4287
t4287
?4287
q4287

4287
04287
b4287
F4287
R4287
v4287
}4287
