u1
[1
M1
u1
/1
.1
u1
#1
S1
x1
>1
k1
v1
81
A1
]1
>1
T1
t1
*1
\1
21
]1
01
{1
A1
41
71
K1
z1
f1
*1
B1
$1
,1
;1
|1
71
f1
l1
W1
g1
v1
_1
N1
q1
21
 1
G1
'1
V1
-1
)1
s1
,1
h1
01
P1
@1
t1
>1
81
@1
J1
81
f1
/1
_1
Q1
"1
y1
u1
k1
R1
K1
H1
w2
.1
F1
!1
s1
q1
o1
D1
B1
*1
|1
y1
]1
i1
Q1
w1
81
71
w1
d1
D1
K1
r1
d1
y1
W1
21
41

1
O1
y1
u1
s1
N1
B1
t1
`1
-1
A1
c1
U1
H1
{1
11
i1
e1
11
L1
f1
T1
l1
#1
@1
b1
#1
T1
81
j1
r1
%1
11
D1
Z1
x1
E1
C1
W1
;1
^1
g1
51
a1
O1
h1
C1
J1
=1
f1
z1
J1
/1

1
k1
P1
|1
 1
G1
A1
m1
`1
E1
m1
R1
@1
;1
Q1
g1
M1
q1
G1
L1
T1
y1
h1
01
=1
i1
a1
*1
21
|1
}1
a1
O1
,1
g1
;1
`1
c1
X1
G1
e1
y1
x1
+1
U1
H1
w1
t1
o1
p1
^1
i1
'1
%1
e1
71
$1
|1
`1
[2
m1
_1
g1
$1
i1
F1
q1
E1
,1
+2
!1
|1
Z1
71
81
Z1
M1
g1
 1
I1
`1
v1
_1
r1
Q1
51
i1
:1
d1
-1
e1
U1
y1
G1
/1
!1
R1
<1
!1
b1
U1
#1
}1
?1
(1
"1
l1
<1
n1
"1
E1
 1
e1
31
S1
$1
<1

1
a1

1
_1
81
}1
[1
}1
v1
P1
&1
)1
l1
<1
M1
61
a1
m1
`1
\1
P1
L1
F1
H1
;1
"1
:1
51
p1
%1
\1
61
]1
g1
=1
B1
/1
j1
^2
'1
P1
&1
$1
&1
E1
?1
d1
?1
M1
r1
j1
q1
o1
)1
61
.1
P1
+1
R1
.1
T1
e1
#1
'1
B1
$1
G1
>1
 1
<1
}1
l1
Y1
A1
_1
+1
11
91
X1
y1
W1
01
g1
11
;1
r1
[1
B1
[1
Z1
M1
f1
i1
^2
!1
`1
01
m1
"1
31
D1
L1
_1
A1
e1
L1
m1
61
:1
U1
71
G1
\2
?1
O1
q1
>1
V1
b1
/1
W1
(1
v1
\1
<1
^1
D1
R1
.1
B1
'1
|1
W1
h1
O1
21
+1
=1
H1
-1
l1
}1
U1
{1
&1
l1
H1
-1
U1
E1
H1
`1
21
\1
t1
Q1
K1
@1
D1
81
'1
@1
*1
j1
e1
a1

1
Q1
y1
f1
I1
\1
w1
q1
o1
61
Z1
+1
u1
t1
D1
[1
J1
y1
71
+1
\1
G1
s1
H1
21
D1
e1
{1
F1
m1
a1
j1
x1
R1
=1
v1
=1
q1
 2
/1
81
G1
s1
E1
,1
:1
Z1
&1
$1
51
41
r1
^1
B1
%1
X1
?1
:1
31
-1
%1
C1
*1
91
21
J1
"1
!1
#1
}1
91
_1
T1
!1
R1
$1
^1
T1
i1
w1
z1
e1
(1
N1
f1
M2
P1
 1
.1
71
W1
81
Y1
v1
@1
A1
|1
71
 1
`1
e1
]1
l1
>1
^1
h1
M1
@1
j1
k1
d1
_1
H1
u1
`1
a1
k1
c1
d1
c1
D1
i1
T1
j1
x1
s1
=1
U1
J1
(1
V1
d1
21
m1
$1
E1
{1
21
s1
.1
G1
q1
#1
F1
Z1
t1
]1
-1
l1
01
|1
n1
[1
E1
'1
>1
L1
q1
:1
F1
 1
m1
Q1
f1
31
\1
-1
T1
61
o1
K1
01
}1
*1
(1
L1
^1
L1
m1
+1
O1
*1
F1
Q1
-1
v1
81
w1
71
]1
q1
e1
K1
;1
f1
b1
G1
{1
/1
?1
+1
S1
Q1
a1
K1
^1
E1
:1
g1
f1
m1
N1
Y1
p1
c1
]1
I1
,1
91
B1
j1
 1
+1
_1
^1
*1
y1
z1
c1
-1
I1
f1
 1
;1
W1
!1
Z1
V1
-1
U1
x1
^1
n1
&1

1
$1
q1
(1
i1
>1
c1
<1
)1
91
n1
q1
f1
s1
`1
51
^1
G1
h1
41
!1
/1
Y1
s1
t2
91
-1
L1
O1
<1
-1
h1
S1
U1
`1
11
Z1
+1
&1
91
g1
r1
Q1
F1
H1
!1
 1
#1
H1
r1
%1
'1
H1

1
p1
Z2
[1
:1

1
"1
W1
X1
a1
]1
W1
.1
`1
D1
Y1
X1
I1
@1
&1
71
E1
j1
Y1
J1

1
G1
r1
71
u1
41
L1
C1
n1
_1
S1
*1
e1
@1
:1
k1
x1
@1
e1
:1
+1
[1
/1
91
Y1
{1
$1
s1
T1
 1
C1
S1
61
@1
61
D1
}1
Y1
L1
=1
g1
+1
?1
k1
51
Z1
U1
{1
J1
L1
W1
n1
%1
@1
y1
c1
{1
R1
$1
41
h1
11
q1
t1
I1
}1
a1
?1
W1
P1
a1
K1
I1
%1
R1
U1
71
V1
[1
91
W1
01
,1
j1
o1
l1
O1
'1
-1
K1
U1
=1
n1
B1
(1
)1
w1
S1
>1
K1
L1
N1
\1
O1
?1
\1
t1
]1
H1
#1
B1
C1
01
A1
m1
Z1
e1
%1
k1
,1
l1
Q1
k1
V1
.1
21
01
T1
_1
:1
M1
"1
^1
:1
|1
I1
?1
f1
c1
11
X1
P1
l1
a1
^1
X1
t1
+1
_1
W1
@1
t1
(1
Q1
@1
z1
B1
S1
R1
t1
d1
G1
:1
)1
D1
#1
N1
_1
R1
<1
(1
T1
!1
h1
M1
&1
u1
t1
l1
X1
D1
61
e1
P1
I1
E1
V1
%1
n1
h1
Z1
y1
51
C1
J1
|1
 1
|1
t1
w1
[1
=1
r1
l1
!1
p1
%1
<1
\1
_1
N1
l1
31
11
V1
h1
,1
T1
-1
B1
:1
A1
p1
c1
A1
Q1
/1
11
A1
z1
c1
$1
w1
`1
}1
Q1
61
`1
l1
?1
u1
l1
p1
A1
q1
^1
*1
|1
+1
T1
h1
/1
A1
}1
C1
 1
I1
b1
w1
Q1
,1
Z1
n1
a1
-1
Y1
g1
o1
B1
f1
`1
{1
t1
f1
'1
j1
)2
$1
X1
h1
:1
?1
,1
31
51
w1
{1
