|1
71
R1
[1
J1
 1
?1
`1
-1
"1
01
[1
%2
A1
y1
=1
 1
A1
o1
)1
m1
Q1
y1
!1
c1
A1
V1
K1
e1
a1
F1
G1
w1
.1
$1
{1
01
H1
<1
b1
T1
O1
/1
01
b1
.1
c1
s1
E1
B1
,1
c1
o1
R1
11
{1
v1
)1
+1
u1
F1
j1
d1
|1
X1
T1
b1
x1
e1

1
j1
21
H1
m1
q1
)1
b1
i1
E1
w1
-1
21
)1
-1
L1
E1
n1
s1
{1
_1
=1
\1
!1
O1
<1
h1
,1
_1
01
p1
h1
^1
w1
"1
p1
P1
l1
N1
^1
B1
P1
g1
p1
?1

1
q1
+1
01
C1
x1
,1
k1
X1
D1
_1
|1
A1
x1
 1
E1
b1

1
>1
d1
v1
/1
d1
81
c1
D1
)1
P1
01
+1
-1
81
l1
t1
A1
X1
N1
O1
21
r1
^1
B1
D1
o1
 1
B1
P1
S1
C1
X1
d1
71
&1
p1
R1
%1
E1
|1
P1
*1
91
$1
<1
f1
A1
m1
71
Z1
P1
21
F1
-1
01
z1
W1
a1
I1
71
`1
M1
R1
P1
I1
01
D1
51
%1
71
t1
C1
y1
]1
51
q1
y1
 1
q1
Z1
m1
K1
z1
L1
t1
b1
R1
61
%1
C1
;1
81
r1
y1
A1
r1
G1
S1
l1
L1
K1
*1
h1
?1
d1
&1
)1
i1
}1
d1
=1
n1
$1
+1
d1
}1
t1
/1
L1
"1
C1
)1
"1
 1
+1
91
}1
`1
d1
/1
b1
,1
:1
61
q1
a1
I1
X1
b1
(1
b1
a1
T1
;1
S1
X1
"1
I1
'1
S1
Q1
-1
+1
&1
O1
01
d1
|1
i1
y1
.1
91
D1
B1
x1
31
`1
]1
v1
&1
!1
h1
"1
N1
!1
?1
91
x1
[1
r1
|1
L1
61
B1
$1
+1
p1
V1
G1
,1
(1
51
\1
!1
c1
l1
01
"1
>1
E1
T1
N1
>1
@1
v1
r1
D1
m1
!1
a1
W2
g1
z1
D1
61
h1
01
S1

1
+1
X1
p1
S1
/1
,1
`1
a1
c1
;1
C1
%1
N1
O1
l1
|1
c1
^1
"1
)1
s1
x1
h1
m1
'1
c1
@1
p1

1
w1
51
z1
$1
W1
[1
_1
n1
p1
P1
_1
/1
`1
41
H1
v1
o1
a1
@1
*1
%1
:1
'1
.1
81
o1
G1
21
!1
11
71
Y1
M1
)1
Y1
31
-1
V1
@1
D1
'1
x1
f1
*1
s1
51
 1
[1
r1
w1
m1
>1
w1
<1
01
A1
p1
_1
M1
l1
^1
%1
y1
n1
G1
s1
O1
u1
q1
`1

1
31
U1
\1
M1

1
;1
'1
01
"1
x1
z1
(1
g1
R1
[1
N1
s1
M1
,1
q1
V1
.1
u1
+1
H1
%1
91
:1
x1
C1
61
21
U1
g1
e1
o1
h1
?1
q1
g1
'1
41
o1
r1
.1
g1
l1
/1
^1
'1
31
V1
c1
Q1
w1
W2
]1
k1
s1
E1
R1
[1
k1
\1
P1
{1
"1
|1
w1
$1
Q1
w1
i1
(1
%1
&1
31
 1
^1
H1
u1
>1
'1
N1
S1
:1
T1
[1
?2
J1
"1
>1
61
'1
51
01
o1
M1
n1
"1
<1
L1
"1
B1
:1
b1
21
q1
?1
f1
c1
R1
l1
31
:1
01
C1
L1
$1
:1
^1
]1
Y1
81
)1
.1
p1
v1
q1
*1
p1
N1
71
Y1
(1
81
m1
I1
R1
@1
X1
`1
 2
)1
t1
31
^1
 1
71
e1
81
t1
}1
g1
G1
^1
!1
B1
>1
t1
l1
51
|1
-1
O1

1
S1
.1
u1
K1
]1
s1
/1
U1
f1
.1
s1
h1
r1
Y1
-1
S1
Y1
i1
61
l1
@1
t1
;1
m1
t1
X1
s1
*1
I1
(1
:1
B1
/1
K1
R1
.1
U1
?1
R1
>1
:1
m1
e1
71
^1
=1
{1
z1
91
w1
;1
k1
m1
A1
?1
'1
@1
m1
t1
b1
{1
"1
>1
71
=1
X1
g1
/1
m1
f1
&1
i1
v1
h1
y1
b1
G1
r1
<1
%1
<1
k1
w1
T1
Y1
y1
A1
C1
11
:1
P1
a1
K1
l1
w1
O1
|1
g1
O1
F1
&1
*1
|1
%1
31
51
a1
K1
(1
41
g1
81
&1
!1
;1
I1
l1
f1
T1
i1
n1
t1
:1
d1
a1
D1
*1
g1
[1
$1
)1
R1
01
,1
B1
O1
R1
<1
x1
\1
K1
#1
21
q1
v1
k1
'1
Y1
41
U1
{1
21
o1
$1
`1
{1
|1
&1
81
V1
\1
"1
W1
61
L1
41
n1
W1
91
.1
y1
"1
91
)1
[1
a1
J1
X1
m1
_1
S1
R1
81
<1
q1
T1
x1
51
%1
+1
71
k1
x1
z1
G1
s1
W1
k1
o1
x1
C1
M1
I1
t1
B1
w1
}1
*1
L1
*1
01
/1
}1
S1
61
@1
P1
\1
*1
<1
V1
 1
o1
.1
N1
Q1
x2
<1
F1
-1
^1

1
p1
;1
 1
l1
&1
k1
#1
51
U2
%1
}1
)1
_1
01
V1
n1
c1
j1
H1
&1
L1
U1
G1
 1
m1
{1
[1
I1
\1
11
E1
X1
-1
S1
D1
$1
V1
W1
$1
U1
*1
W1
31
21
)1
`1
+1
|1
K1
[1
x1
=1
n1
d1
)1
?1
V1
,1
!1
61
u1
;1
,1
B1
K1
/1
61
}1
41
+1
L1
=1
o1
+1
V1
>1
 1
w1
/1
(1
01
l1
|1
]1
e1
L1
{1
:1
I1
61
K1
?1
C1
L1
b1
$1
a1
S1
W1
=1
e1
x1
E1
C1
O1
{1
O1
J1
K2
81
W1
R1
f1
31
|1
m1
&1
P1
&1
x1
*1
`1
|1
u1
e1
 1
E1
m2
H1
_1
01
11
H1
L1
y1
d1
N1
:1
-1
K1
41
+1
'1
d1
X1
h1
?1
$1
V1
H1
11
+1
81
z1
q1
`1
/1
t1
L1
?1
|1
^1
R1
T1
B1
r1
w1
}1
H1
D1
o1
J1
g1
P1
R1
 1
\1
31
I1
K1
)1
o1
a1
g1
V1
}1
W1
q1
v2
k1
j1
:1
l1
51
B1
O1
D1
{1
V1
u1
41
u1
)1
>1
B1
<1
P1
r1
x1
K1
^1
B1
21
Z1
21
$1
)1
\1
C1
-1
\1
I1
21
}1

1
w1
E1
P1
K1
\1
/1
F1
81
J1
u1
,1
n1
61
D1
H1
f1
d1
L1
51
,1
@1
!1
N1
61
I1
.1
n1
r1
!1
f1
]1
f2
%1
Q1
@1
N1
'1
T1
