z1
g1
D1
P1
G1
l1
q1
;1
G1
A1
j1
{1
b1
N1
a1
z1
c1
&1
S1
:1
11
F1
S1
>1
O1
y1
@1
\1
51
91
/1
%1
b1
11
\1
91
Z1
_1
X1
61
P1
f1
\1
g1
?1
11
}1
+1
>1
w1
c1
b1
,1
M1
e1
c1
.1
A1
=1
I1
x1
y1
T1
i1
b1
r1
I1
M1
11

1
x2
?1
M1
D1
O1
N1
r1
E1
N1
V1
p1
&1
t1
21
g1
w1
_1
'1
@1
n1
h1
v1
]1
21
?1
+1
s1
/1
a1
q1
p1
$1
W1
V1
T1
M1
+1
'1
O1
;1
p1
81
>1
g1
m1
R1
U1
 1
J1
21
F1
*1
&1
J1
h1
G1
>1
-1
!1
b1
f1
X1
U1
+1
@1
X1
Z1
%1
[1
,1
d1
D1
E1
.2
51
a1
U1
`1
e1
s1
r1
w1
{1
:1
81
{1
!1
<1
^1
|1
k2
R1
?1
`1
e1
01
`1
<1
31
F1
v1
O1
{1
=1
m1
(1
/1
D1
M1
H1
l1
Y1
*1
o1
I1
n1
W1
p1
>1
}1
[1
w1
#1
y1

1
$1
j1
o1
H1
31
41
G1
w1
H1
]1
41
D1
R1
n1
C1
P1
'1
B1
^1
S1
a1
R1
<1
=1
f1
+1
Y1
D1
>1
E1
#1
X1
+1
#1
,1
)1
z1
91
T1
V1
T1
c1
B1
L1
^1
!1
F1

1
u1
Y1
v1
71
11
*1
&1
N1
01
-1
.1
,1
N1
^1
D1
|1
v1
m1
M1
81
p1
W1
y1
 1
m1
-1
[1
C1
B1
^1
G1
j1
+1
Z1
i1
.1
_1
(1
<1
U1
+1
-1
"1
V1
?1
@1
`1
a3
{1
?1
%1
71
61
P1
'1
l1
y1
)1
%1
J1
x1
S1
R1
}1
q1
N1
?1
R1
H2
W1
91
W1
c1
B1
o1
_1
>1
C1
$1
p1
21
I1
m1
(1
k1

1
81
j1
61
>1
Q1
;1
Q1
F1
11
e1
t1
31
-1
$1
M1
n1
*1
.1
`1
/1
Z1
v1
o1
p1

1
}1
w1
K1
t1
O1
w1
>2
G1
U1
#1
o1
G1
H1
+1
&1
*1
O1
r1
(1
J1
-1
P1
!1
]1
n1
B1
%1
51
21
Y1
+1
x1
?1
r1
u1
C1
&1
`1
D1
]1
"1

1
;1
M1
k1
b1
41
^1
g1
d1
F1
11
.1
x1
%1
o1
I1
#1
H1
Z1
81
B1
G1
01
X1
}1
&1
X1
+1
g1
D1
b1
w1
A1
c1
)1

1
$1
&1
W1
:1
P1
W1
E1
)1
91
01
.1
!1
m1
l1
61
r1
R1
]1
Q2
I1
:1
;1
+1
21
=1
91
_1
J1
V1
U1
=1
31
g1
W1
,1
!1
Z1
T1
)1
Q1
|1
e1
71
$1
K1
X1
71
f1
b1
@1
^1
01
R1
\1
@1
R1
"1
\1
h1
Z1
K1
31
'1
Y1
_1
%1
v1
N1
z1
71
L1
x1
$1
a1
z1

1
a1
C1
@1
F1
G1
m1
41
+1
m1
81
X1
B1
Y1
{1
m1
B1
J1
K1
41
 1
01
{1
G1
%1
m1
>1
S1
p1
U1
71
>1
[1
\1
s1
I1
*1
N1
u1
!1
Y1
M1
Z1
31
E1
Y1
`1
&1
d1
@1
'1
81
C1
}1
t1
21
L1
|1
n1
41
K1
]1
+1
z1
y1

1
m1
21
Z1
01
+1
;1
)1
01
x1
,1
p1
W1
[1
r1
<1
e1
B1
51
,1
z1
#1
21
(1
:1
!1
\1
[1
V1
X1
[1
+1
D1
21
p1
 1
i1
y1
\1
W1
+1
d1
f1
g1
x1
L1
}1
"1
a1
l1
O1
}1
F1
91
Z1
,1
t1
B1
j1
U1
V1
S1
e1
>1
<1
G1
/1
D1
;1
[1
a1
x1
?1
N1
$1
U1
V1
s1
n1
C1
\1
g1
91
(1
g1
D1
_1
+1
|1
n1
 1
_1
61
+1
J1
@1
A1
 1
11
Q1
t1
Q1
a1
J1
D1
y1
|1
-1
Y1
<1
O1
c1
|1
D1
i1
^1
11
=1
F1
V1
w1
L1
b1
$1
q1
=1
w1
W1
M1
I1
w1
m1
`1
>1
-1
71
<1
p1
c1
C1
R1
$1
#1
,1
u1
t1
$1
!1
-1
+1
71
h1
\1
S1
)1
c1
_1
D1
'1
{1
G1
r1
41
C1
R1
^1
m1
d1
.1
/1
|1
s1
&1
81
H1
L1
x1
$1
:1
a1
T1
F1
p1
i1
'1
O1
Q1
w1
N1
@1
s1
(1
H1
]1
E1
N1
z1
t1
C1
!1
E1
_1
i1
V1
E1
'1
W1
@1
41
"1
I1
?1
N1
G1
&1
11
/1
\1
T1
k1
T1
O1
s1
I1
?1
q1
[1
p1
l1
#1
+1
h1
Y1
t1
y1
/1
A1
41
l1
{1
^1
g1
31
^1
{1
21
h1
e1
;1
K1
.1
%1
Y1
f1
y1
.1
A1
u1
y1
61
H1
l1
x1
-1
Q1
*1
92
o1
D1
>1
_1
g1
@1
B1
^1
n1
X1
V1
j1
K2
B2
b1
d1
b1
$1
_1
P1
J1
.1
61
e1
(1
q1
,1
x1
^1
/1
q1
F1
;1
Z2
01
h1
a1
W1
x1
 1
O1
B1
^1
B1
)1
B1
d1
%1
t1
a1
Z1
D1
O1
T1
Z1
&1
t1
<2
#1
I1
W1
31
41
>1
*1
F1
*1
y1
x1
l1
v1
#1
O1
`1
;1
/1
F1
[1
V1
F1
d1
M1
S1
>1
n1
41
B1
J1
%1
v1
q1
\1
L1
H1
+1
?1
F1
;1
71
a1
c1
%1
]1
61
n1
11
N1
n1
!1
 1
T1
N1
i1
o1
E1
k1
O1
J1
d1
K2
P1
}1
<1
n1
01
"1
;1
-1
y1
-1
^1
S1
81
{1
F1
A1
O1
"1
s1
72
t1
81
S1
G1
b1
E1
%1
i1
@1
V1
C1
!1
j1
71
H1
W1
C1
N1
@1
G1
x1
K1
.1
v1
c1
(1
&1
