Q3599
n9064
q814
R5337
Z2170
s6813
l8780
n3451
!5466
S2811
U2035

3189
34570
R4514
h4225
11661
H3421
E9217
%9573
Y4221
Q8645
f9748
^6732
L7028
a5498
n5647
-378
`13817
17037
#9068
v1511
L5002
%410
m2280
04961
R8540
B8237
m6994
]3832
32614
}9141
j3244
)2773
07445
n1114
m4918
[2157
d1463
o1908
J1820
Q7355
@9138
<8652
A7630
