548
P48
z48
"48
*48
v48
L48
v48
S48
O48
`48
:48
E48
948
>48
T48
<48
x48
#48
s48
z48
p48
R48
\48
.48
 48
x48
k48
H48
348
S48
f48
)48
d48
=48
C48
k48
)48
^48
O96
a48
d48
648
548
Y48
{48
x48
 48
C48
\48

48
Z48
z48
B48
148
.48
w48
v48
M48
^48
[48
Y48
N48
-48
A48
o48
Z48
?48
N48
[48
b48
[48
]48
M48
L48
e48
k48
N48
a48
m48
848
/48
;48
a48
)48
"48
@48
u48
#48
&48
n48
y48
Y48

48
b48
c48
Z48
/48
H48
^48
e48
{48
 48
%48
f48
/48
048
748
c48
R48
c48
p48
O48
Z48
@48
F48
]48
548
:48
a48
H48
&48
\48
D48
348
^48
A48
j48
M48
`48
s48
,48
"48
F48
H48
448
e48
)48
p48
o48
V48
o48
J48
:48
!48
J48
j48
X48

48
348
_48
U48
D48
z48
P48
c48
d48
^48
Q48
748
_96
&48
f48
F48
(48
\48
948
848
U48
948
z48
F48
E48
X48
}48
K48
Z48
?48
I48
.48
_48
G48
&48

48
a48
Y48
&96
_48
N48
B48
p48
)48
448
K48
X48
G48
F48
C48
/48
o48
=48
?48
H48
c48
148
V48
948
"48
x48
@48
/48
T48
'48
448
148
)48
;48
O48
!48
548
m48
"48
A48
%48
v48
<48
L48
I48
\48
|48
Y48
X48
&48
l48
a48
.48
u48
448
748
}48
v48
k48
D48
-48
v48
E48
[48
n48
D48
f48

48
348
(48
B48
p48
)48
c48
248
L48
)48
R48
v48
J48
M48
'48
d48
Q48
;48
j48
"48
y48
&48
L48
V48
k48
C48
e48
<48
P48
y48
?48
o48
948
>48
^48
948
148
b48
 48
o48
=48
448
e48
o48
I48
g48
U48
'48
T48
g48
F48
w48
%48

48
w48
=48
!48
/48
448
=48
z48
.48
C48
x48
e48
l48
*48
N48
=48
j48
A48
m48
+48
f48
T48
%48
r48
#48
$48
@48
^48
t48
c48
l48
048
248
348
[48
k48
\48
}48
z48
s48
>48
\48
|48
$48
-48
!48
|48
S48
k48
q48
B48
O48
Y48
d48
{48
Y48
o48
!48
r48
o48
e48
 48
?48
s48
$48
K48
#48
s48
|48
.48
$48
:48
v48
K48
'48
F48
Z48
Q48
<48
K48
M48
=48
G48
X48
(48
248
g48
@48
]48
u48
'48
J48
j48
U48
o48
g48
T48
[48
N48
o48
Q48
448
o48
148
a48
e48
:48
M48
b48
p48
`48
L48
Q48
!48
b48
L48
(48
)48
"48
.48
>48
g48
k48
=48
{48
*48
a48
)48
V48
=48
d48
@48
548
*48
z48
l48
k48
]48
`48
a48
U48
,48
J48
o48
348
/48
N48
!48
c48

48
Z48
v48
}48
B48
$48
n48
@48
348
"48
*48
$48
748
C48
048
D48
948
<48
Q48
648
$48
`48
>48
a48
{48
348
M48
#48
A48
Z48
N48
/48
V48
E48
)48
748
;48
648
/48
S48
d48
!48
V48
148
?48
M48
U48
|48
r48
948
%48
<48
p48
#48
!48
&48
;48
q48
v48
O48
I48
C48
,48
m48
H48
+48
=48
X48
)48
[48
y48
s48
$48
 48
:48
x48
K48
+48
 48
n48
y48
v48
x48
448
m48
+48
Z48
t48
x48
P48
-48
z48
s48
.48
448
@48
B48
"48
W48
a48
f48
=48
i48
748
X48
_48
`48
F48
=48
\48
[96
948
%48
W48
.48
348
f48
p48
 48
(48
J48
(48
\48
r48
(48
q48
:48
m48
l48
c48
x48
\48
-48
D48
I48
j48
L48
x48
<48
348
>48
.48
L48
.48
T48
548
%48
)48
I48
#48
W48
448
148
S48
h48
n48
;48
j48
148
%48
&48
e48
O48
(48
c48
T48
m48
948
B48
f48
x48
348
R48
V48
o48
<48
&48
A48
'48
?48
148
-48
l48
^48
Q48
!48
}48
b48
U48
q48
@48
\48
_96
}48
<48
"48
m48
l48
n48
<48
z48
n48
+48
B48
f48
C48
=48
{48
+48
 48
V48
>48
848
]48
648
q48
^48
_48
*48
348
'48
<48
x48
 48
x48
y48
.48
#48
E48
(48
T48
l48
!48
I48
z48
]48
h48
_48
K96
{48
q48
?48
z48
Z48
I48
K48
p48
k48
<48
:48
-48
L48
*48
w48
*48
f48
 48
.48
p48
W48
448
+48
L48
x48
=48
,48
J48
u48
=48
t48
V48
J48
/48
K48
X48
M48
N48
b48
U48
V48
+48
S48
h48
n48
)48
D48
e48
M48
O48
B48
Q48
A48
X48
S48
*48
b48
?48
i48
#48
@48
X48
F48
M48
%48
`48
$48
[48
T48
a48
b48
$48
848
E48
s48
+96
b48
:48
A48
_48
)48
R48
o48
H48
Q48
d48
%48
s48
U48
}48
e48
o48
s48
D48
t48
v48
R48
548
T48
V48
I48
_48
d48
j48
548
>48
g48
,48
)48
}48
448
a48
\48
%48
Y48
C48
"48
}48
H48
o48
P48
!48
m48
,48
748
[48
%48
@48
Q48

48
n48
'48
V48
K48
d48
[48
Y48
N48
l48
N48
z48
x48
748
m48
q48
V48
'48
A48
J48
*48
%48
l48
G48
d48
v48
C48
-48
\48
o48
f48
D48
148
}48
p48
H48
B48
o48
"48
U48
j48
M48

48
_48
a48
n48
148
C48
x48
U48
y48
848
-48
p48
Q96
`48
"48
[48
f48
n48
J48
U48
j48
(48
"48
148
;48
F48
b48
U48
V48
548
S48
{48
-48
S48
X48
;48
X48
\48
;48
'48
<48
j48
h48
a48
`48
A48
`48
C48
w48
e48
y48
|48
{48
348
O48
f48
a48
g48
q48
T48
548
t48
648
E48
{48
U48
T48
=48
X48
[48
D48
%48
N48
]48
!48
k48
'48
b48
648
-48
P48
:48
<48
n48
)48
o48
=48
w48
B48
l48
448
$48
C48
s48
j48
t48
*48
I48
448
148
O48
948
a48
}48
{48
E48
Q48
t48
r48
b48
a48
Q48
\48
b48
,48
"48
e48
,48
948
(48
X48
548
448
W48
l48
Q48
 48
y48
o48
^48
b48
l48
U48
!48
#48
N48
$48
H48
048
F48
\48
(96
i48
E48
(48
{48
$48
G48
y48
I48
a48
i48
@48
P48
B48
A48
+48
$48
548
r48
.48
`48
<48
A48
l48
i48
$48
:48
*48
`48
u48
748
u48
)48
N48
D48
.48
,48
"48
H48
w48
)48
%48
I48
g48
C48
P48
048
t48
l48
}48
w48
Y48
j48
N48
X48
C48
;48
i48
s48
*48
f48
o48
{48
O48
<48
*48
<48
C48
w48
t48
848
548
W48
_48
-48
M48
a48
F48
%48
z48
s48
K48
c48
p48
g48
$48
!48
s48
d48
948
y48
A48
g48
Q48
v48
_48
w48
"48
X48
Z48
z48
]48
P48
-48
{48
u48
F48
B48
U48
C48
648
M48
C48
f48
]48
748
I48
748
L48
`48
*48
+48
H48
#48
r48
K48
048
x48
-48
R48
548
X48
)48
Q48
/48
}48
m48
L48
b48
r48
!48
048
G48
g48
k48
w48
p48
q48
<48
o48
u48
W48
`48
548
/48
648
748
x48
$48
J48
:48
g48
`48
^48
q48
m48
$48
948
C48
[48
448
.48
K48
z48
f48
248
048
X48
}48
+48
s48
p48
D48
j48
e48
E48
z48
{48
"48
$48
:48
u48
T48
`48
q48
\48
o48
M48
,48
/48
K48
/48
H48
<48
W48
@48
v48
!48
248
l48
_48
g48
V48
B48
y48
R48
 48
c48
K48
$48
d48
a48
`48
x48
348
K48
j48
248
g48
#48
]48
748
w48
k48

48
l48
T48
/48
]48
c48
U48
H48
348
}48
E48
c48
E48
K48
D48
k48
B48
g48
C48
R48
l48
T48
948
r48
b48
148
B48
%48
g48

48
>48
s48
*48
848
.48
:48
J48
948
d48
M48
748
=48
z48
l48
M48
G48
#48
548
448
j48
.48
s48
]48
`48
e48
R48
148
 48
B48
&48
o48
,48
O48
R48
;48
[48
O48
"48
B48
V48
f48
M48
|48
'48
p48
@48
u48
Q48
U48
:48
'48
u48
D48
L48
'48
048
d48
'48
(48
_48
u48
Y48
f48
348
f48
G48
.48
996
[48
k48
448
648
)48
[48
J48
r48
{48
d48
}48
@48
z48
b48
q48
s48
r48
=48
f48
,48
Z48
f48
U48
 48
j48
u48
G48
\48
q48
|48
v48
}48
%48
i48
648
G48
|48
=48
v48
{48
s48
f48
148
(48
J48
j48
)48
F48
a48
848

48
W48
D48
`48
248
k48
E48
_48
[48
V48
#48
b48
h48
N48
148
Z48
s48
/48
\48
A48
f48
s48
x48
D48
:48
{48
r48
g48
Z48
Q48
k48
N48
F48
*48
G48
^48
$48

48
z48
248
b48
X48
{48
z48
E48
g48
D48
t48
448
v48
X48
548
w48
[48
q48
\48
j48
o48
b48
k48
l48
F48
D48
t48
Y48
m48
%48
\48
$48
.48
g48
'96
;48
^48
&48
;48
v48
W48
)48
Y48
/48
?48
*48
k48
e48
:48
[48
F48
A48
P48
*48
L48
T48
l48
e48
k48
Y48
s48
448
'48
,48
448
L48
k48
748
c48

48
k48
]48
+48
^48
`48
e48
g48
D48
d48
R48
,48
148
#48
c48
,48
F48
Q48
k48
r48
B48
#48
&48
448
|48
H48
@48
r48
k48
]48
q48
T48
448
d48
c48
L48
Z48
W48
`48
'48
i48
y48
s48
#48
/48
!48
248
"48
}48
K48
|48
\48
z48
l48
v48
m48
N48
@48
Z48
x48
v48
A48
U48
>48
e48
_48
@48
|48
T48
;48
=48
n48
>48
'48
&48
_48
(48
a48
M48
'48
D48
&48
248
r48
b48
'48
&48
v48
848
w48
'48
N48
%48
M48
@48
 48
848
@48
C48
,48
p48
r48
P48
%48
I48
648
%48
{48
/48
I48
j48
o48
V48
P48

48
<48
K48
/48
)48
[48
Q48
.48
!48
O48
e48
x48
]48
F48
q48
}48
w48
s48
H48
N48
}48
H48
;48
m48
T48
N48
u48
s48
 48
948
|48
L48
b48
X48
x48
<48
z48
v48
X48
x48
E48
D48
>48
|48
n48
Q48

48
=48
s48
V48
<48
q48
I48
,48
k48
:48
W48
U48
F48
=48
x48
>48
A48
-48
[48
+48
l48
348
s48
L48
J48
_48
t48
848
D48
348
^48
T48
f48
#48
648
w48
E48
,48
P48
u48
<48
=48
Q48
?48
i48
 48
248
Y48
,48
!48
-48
[48
k48
c48
s48
W48
Q48
L48
^48
096
348
H48
x48
n48
\48
f48
(48
B48
@48
[48
i48
b48
k48
v48
g48
 48
148
-48
n48
z48
G48
D48
r48
O48
|48
W48
$48
J48
W48
B48
948
N48
-48
!48
u48
>48
I48
:48
Q48
_48
z48
h48
.48
M48
A48
`48
D48
J48
N48
948
:48
F48
\48
;48
148
Z48
D48
p48
i48
]48
448
F48
-48
e48
d48
k48
p48
e48
>48
348
V48
*48
`48
M48
Q48
(48

48
\48
248
w48
C48
X48
948
%48
*48
p48
.48
Y48
048
A48
R48
r48
E48
C48
%48
*48
E48
T48
H48
p48
[48
y48
E48
n48
%48
?48
I48
B48
^48
U48
i48
{48
j48
M48
v48
*48
S48
/48
-48
/48
B48
&48
Z48
648
M48
g48
[48
x48
b48
 48
}48
l48
 48
e48
N48
448
S48
f48
N48
.48
[48
148
{48
_48
'48
k48
C48
@48
a48
<48
%48
k48
]48
Y48
{48
,48
&48
048
m48
548
z48
r48
f48
/48
<48
848
448
B48
'48
S48
,48
q48
j48
a48
p48
<48
"48
y48
+48
o48
;48
/48
P48
#48
D48
a48
=48
,48
Q48
s48
L48
>48
J48
-48
&48
z48
c48
F48
n48
p48
d48
/48
'48
b48

48
M48
Q48
{48
}48
(48
A48
h48

48
s48
548
648
\48
_48
e48
s48
.48
(48
|48
j48
y48
648
@96
#48
%48
U48
K48
.48
848
#48
(48
Z48
A48
T48
$48
748
r48
f48
z48
l48
y48
a48
%48
l48

48
448
y48
:48
S48
d48
v48
n48
348
H48
P48
R48
X48
748
=48
;48
S48
<48
948
V48
D48
#48
'48
+48
\48
N48
&48
W48
A48
$48
Y48
b48
648
m48
548
;48
m48
O48
748
s48
V48
v48
n48
i48
448
n48
k48
j48
!48
)48
h48
K48
t48
u48
'48
r48
X48
e48
$48
{48
w48
}48
z48
M48
)48
.48
]48
B48
W48
H48
R48
@48
?48
q48
[48
&48
R48
k48
V48
r48
n48
:96
W48
*48
.48
S48
+48
y48
$48
A48
)48
/48
P48
/48
V48
=48
j48
\48
A48
i48
s48
V48
>48
648
048
R48
]48
-48
I48
948
648
348
148
[48
=48
M48
R48
\48
w48
f48
548
r48
X48
n48
w48
v48
E48
948
>48
b48
s48
_48
>48
(48
%48
<48
\48
H48
{48
L48
G48
l48
z48
A48
c48
k48
!48
_48
*48
{48
\48
k48
K48
C48
:48
_48
`48
[48
Y48
K48
/48
c48
l48
x48
]48
748
-48
"48
c48
V48
e48
x48
;48
T48
y48
j48
W48
048
148
f48
q48
y48
w48
f48
V48
-48
P48
F48
k48
G48
#48
{48
Y48
I48
n48
r48
{48
m48
J48
p48
@48
c48
;48
J48
*48
;48
E48
^48
748
q48
048
648
T48
t48
[48
z48
w48
C48
>48
I48
[48
'48
b48
a48
h48
q48
M48
j48
G48
048
k48
j48
V48
=48
848
p48
|48
/48
K48
y48
<48
Q48
<48
&48
k48
g48
T48
y48
W48
/48
j48
O48
[48
=48
^48
[48
P48
848
R48
m48
-48
G48
?48
E48
`48
}48
D48
L48
G48
*48
i48
|48
t48
U48
&48
(48
T48
s48
o48
'48
o48
 48
)48
y48
148
\48
448
:48
$48
K48
A48
a48
C48
Q48
N48
n48
"48
g48
m48
,48
H48
K48
A48
K48
E48
d48
v48
R48
848
I48
^48
s48
T48
j48
L48
848
'48
Y48
^48
u48
R48
=48
>48
g48
748
e48
S48
u48
w48
 48
V48
148
f48

48
248
P48
\48
848
{48
.48
F48
:48
Q48
|48
d48
w48
848
>48
q48
w48
q48
C48
q48
s48
I48
b48
c48
C48
'48
B48
i48
b48
/48
-48
U48
g48
c48
X48
;48
B48
,48
t48
T48
748
{48
C48
248
I48
b48
p48
P48
x48
w48
c48
-48
t48
}48
+48
w48
f48
o48
(48
m48
P48
,48
g48
e48
:48
348
I48
Z48
W48
348
048
_48
D48
<48
$48
X48
f48
:48
V48
o48
H48
l48
]48
x48
W48
r48
448
_48
<48
O48
G48
548
!48
548
G48
:48
,48
D48
d48
h48
S48
348
K48
B48
Q48
n48
l48
=48
k48
i48
w48
748
\48
!48
*48
948
j48
K48
748
;48
\48
@48
(48
{48
\48
s48
T48
Q48
o48
948
+48
;48
H48
o48
{48
q48
W48
Y48
[48
-48
t96
F48
448
+48
_48
w48
b48
J48
 48
[48
<48
448
e48

48
s48
]48
U48

48
%48
J48
B48
W48
g48
r48
@48
l48
!48
:48
o48
(48
`48
Y48
_48
u48
#48
Z48
R48
(48
048
&48
{48
+48
%48
l48
w48
848
`48
-48
x48
;48
o48
]48
148
O48
*48
<48
+48
=48
|48
g48
P48
e48
(48
?48
T48
248
e48
,48
X48
248
T48
]48
G48
&48
T48
m48
E48
v48
148
!48
q48
g48
 48
/48
i48
L96
d48
V48
!48
M48
P48
!96
<48
|48
W48
T48
448
$48
|48
)48
m48
248
:48
x48
148
B48
x48
q48
E48
\48
(48
448
k48
U48
548
`48
[48
x48
w48
,48
048
>48
:48
548
Q48
$48
K48
g48
#48
:48
&48
:48
G48
l48
B48
H48
548
t48
U48
Q48
748
 48
A48
J48
P48
`48
P48
d48
%48
$48
I48
=48
*48
n48
#48
}48
g48
-48
l48
w48
n48
A48
s48
<48
g48
748
?48
I48
748
548
/48
w48
j48
+48
;96
q48
^48
N48
p48
I48
548
^48
S48
T48
=48
e48
S48
$48
848
`48
548
648
!48
&48
G48
^48
M48
|48
l48
[48
P96
/48
C48
D48
=48
,48
m48
F48
-48
`48
r48
m48
`48
[48
b48
148
248
K48
M48
I48
448
r48
h48
W48
$48
)48
r48
o48
_48
E48
p48
J48
+48

48
x48
J48
O48
_48
E48
v48
E48
W48
*48
q48
l48
248
648
b48
z48
k48
N48
#48
L48
J48
s48
y48
`48
L48
g48
m48
Z48
K48
;48
r48
x48
k48
b48
048
-48
U48
148
'48
V48
{48
m48
A48
|48
Z48
_48
x48
$48
Q48
N48
d48
048
o48
i48
448
H48
w48
>48
|48
O48
y48
"48
O48
748
o48
t48
 48
;48
K48
G48
g48
-48
=48
e48
c48
G48
M48
W48
<48
w48
 48
t48

48
i48
M48
|48
B48
M48
d48
E48
J48
h48
U48
I48
(48
248
!48
e48
R48
V48
K48
#48
Q96
=48
#48
z48
(48
X48
648
y48
T48
z48
C48
r48
:48
W48
/48
n48
)48
#48
o48
s48
o48
E48
S48
|48
e48
L48
,48
K48
?48
U48
y48
J48
i48
I48
}48
f48
?48
>48
}48
148
^48
*48
@48
N48
Q48
(48
}48
%48
,48
}48
]48
}48
|48
r48
j48
c48
348
648
x48
]48
848
948
048
?48
n48
P48
u48
I48
R48
T48
\48
B48
e48
=48
e48
R48
]48
!48
:48
=48
o48
&48
O48
,48
+48
x48
S48
n48
W48
!48
z48
y48
S48
848
b48
C48
)48
848
f48
?48
p48
T48
P48
;48
=48
V48
m48
D48
$48
[48
o48
;48
c48
w48
Z48
c48
T48
p48
[48
a48
k48
a48
F48
848
I48
f48

48
 48
j48
O48
>48
f48
Y48
j48
q48
d48
648
548
{48
"96
a48
:48
x48
\48
I48
(48
g96
K48
o48
H48
848
y48
?48
x48
|48
W48
M48
)48
T48
F48
@48
`48
v48
e48
d48
>48
m48
.48
P48
V48
&48
W48
Z48
K48
D48
(48
896
C48
I96
M48
/48
948
848
,48
$48
T48
l48
?48
a48
E48
248
%48
N48
s48
&48
V48
%48

48
+48
%48

48
P48
448
m48
g48
p48
V48
$48
W48
[48
`48
 48
648
l48
c48
@48
v48
!48
q48
%48

48
n48
a48
/48
;48
r48
b48
-48
S48
<48
j48
348
"48
\48
B48
v48
'48
k48
o48
x96
^48
'48
w48
248
b48
L48
R48
T48
^48
o48
T48
[48
l48
U48
d48
f48
y48
s48
C48
948
a48
048
B48
w48
*48
<48
m48
j48
]48
h48
w48
Z48
t48
m96
548
:48
B48
I48
J48
!48
=48
"48
148
_48
O48
Z48
v48
+48
J48
X48
Q48
p48
g48
+48
:48
>48
248
N48
(48
%48
;48
y48
A48
M48
p48
c48
.48
g48
:48
J48
M48
A48
J48
)48
z48
M48
U48
C48
@48
A48
o48
Y48
h48
O48
^48
M48
.48
F48
)48
I48
#48
@48
L48
648
H48
)48
348
|48
448

48
748
;48
k48
#48
'48
/48
*48
J48
W48
c48
W48
!48
;48
J48
U48
R48
T48
B48
u48
V48
848
i48
=48
S48
K48
b48
W48
Z48
X48
n48
-48
K48
'48
?48
x48
V48
G48
+48
P48
p48
i48
U48
%48
n48
G48
S48
G48
948
%48
K48
`48
}48
X48
b48
U48
Y48
]48
S48
w48
048
;48
648
<48
H48
G48
P48
$48
t48
J96
*48
d48
"48
*48
448
^48
?48
b48
Z48
L48
?48
X48
T48
f48
v48
 48
:48
c48
<48

48
H48
o48
<48
f48
348
#48
y48
H48
248
e48
Z48
N48
n48
V48
!48
l48
I48

48
F48
L48
248
N48
@48
)48
|48
l48
;48
548
{48
"48
=48
Z48
r48
*48
k48
,48
^48
I48
148
u48
/48
x48
]48
)48
W48
<48
X48
W48
848
n48
w48
)48
T48
d48
u48
@48
d48
o48
u48
E48
[48
L48
k48
R48
E48
r48
#48
u48
748
e48
248
d48
L48
T48
$48
c48
f48
R48
Y48
#48
448
k48
V48
I48
148
*48
{48
U48
E48
b48
c48
t48
948
@48
`48
h48
e48
,48
;48
l48
u48
"48
H48
{48
X48
w48
L48
b48
"48
x48
}48
(48
D48
@48
D48

48
F48
X48
F48
%48
a48
W48
S48
;48
M48
)48
348
>48
T48
X48
A48
V48
b48
K48
B48
e48
D48
C48
348
d48
o48
-48
x48
D48
j48
$48
e48
m48
|48
?48
O48
.48
948
o48
548
g48
 48
b48
948
Z48
(48
l48
}48
i48
Y48
A48
(48
c48
/48
;48
548
M48
a48
>48
.48
u48

48
I48
?48
N48
)48
]48
m48
[48
z48
L48
Z48
f48
W48
]48
,48
F48
Z48
n48
D48
n48
'48
(48
L48
:48
Y48
#48
_48
D48
S48
V48
'48
b48
848
]48
S48
*48
h48
#48
=48
s48
X48
&48
Y48
y48
&48
T48
,48
b48
[48
R48
,48
V48
r48
048
D48
c48
z48
J48
D48
H48
^48
\48
.48
z48
)48
y48
V48
148
:48

48
@48
v48
r48
M48
s48
!48
s48
L48
d48
o48
y48
948
Y48
V48
`48
L48
B48
H48
848
b48
T48
,96
f48
P48
}48
F48
u48
Q48
B48
'48
]48
'48
748
=48
D48
r48
W48
)48
m48
h48
*48
H48
@48
748
848
E48
V48
I48
c48
O48
|48
U48
g48
b48
V48
S96
f48
i48
U48
C48
u48
]48
A48
}48
*48
448
}48
'48
s48
348
C48
@48
B48
m48
r48
o48
?48
D48
848
Y48
N48
[48
/48
K48
S48
%48
248
/48
]48
148
E48
*48
j48
G48
H48
(48
L48
548
N48
=48
348
`48
L48
&48
{48
^48
X48
^48
{48
a48
848
148
D48
e48
J48
j48
I48
C48
)48
@48
]48
%48
O48
P48
248
*48
n48
b48
<48
}48
648
s48
N48
s48
$48
X48
b48
N48
$48
o48
^48
N48
g48
c48
N48
T48
Q48
o48
V48
848
"48
|48
q48

48
q48
u48
Y48
Q48
K48
g48
548
m48
J48
i48
I48
k48
J48
/48
*48
o48
K48
H48

48
D48
Q48
148
f48
!48
{48
\48
!48
548
i48
v48
g48
k48
G48
h48
S48
t48
348
f48
@48
"48
m48
o48
(48
l48
q48
J48
548
I48
 48
y96
'48
P48
r48
s48
-48
N48
I48
%48
#48
'48
n48
z48
[48
g48
O48
&48
r48
R48
X48
_48
S48
y48
I48
c48
>48
=48
.48
r48
>48
y48
448
'48
m48
P48
q48
 48
>48
D48
u48
\48
648
248
%48
148
548
G48
>48
.48
448
848
@48
b48
M48
%48
/48
p48
B48
n48
y48
p48
i48
l48
{48
T48
e48
m48
R48
V48
d48
]48
H48
]48
^48
#48
D48
Z48
n48
@48
l48
;48
&48
^48
"48
s48
A48
:48
R48
d48
;48
$48
,48
048
U48
f48
I48
g48
:48
y48
 48
n48
{48
S48
!48
C48
,48
W48
i48
 48
b48
@48
n48
.48
i48
a48
e48
848
V48
T48
148
S48
r48
n48
@48
W48
$48
@48
148
%48
\48
b48
J48
T48
,48
548
q48
d48
y48
K48
348
f48
048
_48
=48
?48
a48
P48
X48
W48
e48
m48
B48
*48
M48
a48
!48
X48
F48
l48
B48
h48
796
j48
%48
L48
448
a48
648
D48
>48
{48
V48
b48
r48
C48
D48
w48
d48
/96
248
V48
o48
g48
948
/48
-48
Q48
.48
a48
A48
q48
Z48
}96
q48
248
048
#48
_48
z48
F48
{48
}48
N48
J48
x48
-48
E48
g48
c48
]48
-48
C48
q48
t48
G48
j48
'48
i48
o48
$48
y48
C48
p48

48
&48
O48
P48
Y48
C48
@48
r48
]48
,48
]48
=48
#48
,48
b48
[48
!48
D48
 48
a48
c48
U96
w48
L48
148
l48
{48
z48
T48
548
148
n48
a48
g48
A48
i48
q48
r48
*48
]48
v48
\48
$48
=48
)48
:48
;48
{48
N48
\48
A48
I48
*48
%48
\48
n48
S48
{48
)48
r48
W48
t48
P48
"48
L48
H48
X48
a48
@48
A48
@48
f48
v48
$48
e48
b48
i48
s48
148
x48
C48
248
m48
P48
i48
e48
_48
d48
v48
*48
k48
"48
<48
p48
C48
\48
=48
I48
o48
O96
;48
>48
O48
:48
 48
=48
F48
448
A48
Q48
Z48
b48
|48
_48
/48
948
d48
M48
748
248
348
w48
E48
\48
[48
b48
M48
"48
<48
x48
K48
=48
I48
%48
,48
m48
)48
M48
"48
#48
-48
848
^48
L48
S48
d48
<48
248
U48
$48
!48
V48
F48
@48
Z48
M48
K48
G48
>48
g48
:48
D48
_48
z48
<48
648
k48
N48
%48

48
,48
?48
296
748
C48
U48
048
k48
v48
C48
x48
K48
'48
>48
t48
l48
948
c48
{48
|48
g48
h48
[48
D48
R48
048
J48
y48
-48
<48
Z48
c48
@48
_48
:48
m48
f48
E48
\48
F48
*48
$48
.48
k48
#48
,48
448
Q48
/48
Q48
n48
-48
x48
"48
348
K48
S48
P48
R48
\48
O48
>48
d48
L48
<48
m48
E48
!48
e48
L48
y48
]48
I48
{48
>48
F48
}48
j48
!48
:48
z48
O48
h48
]48
$48
(48
E48
)48
 48
q48
W48
448
v48
-48
$48
q48
048
d48
>48
X48
u48
Y48
V48
W48
t48
;48
 48
D48
196
e48
(48
K48
H48
-48
U48
k48
}48
#48
648
/48
-48
948
048
+48
A48
]48
"48
<48
_48
P48
C48
F48
h48
z48
?48
P48
H48
$48
948
648
\48
>48
<48
s48
A48
<48
R48
{48
<48
F48
348
o48
496
l48
s48
T48
:48
M48
e48
r48
M48
W48
-48
n48
I48
s48
H48
[48
F48
D48
.48
\48
|48
i48
/48
C48
b48
n48
k48
%48
[48
948
O48
_48
?48
/48
I48
{48
I48
$48
!48
r48
i48
v48
/48
z48
648
T48
h48
/48
c48
A48
m48
A48
k48
f48
 48
148
#48
u48
y48
748
d48
D48
a48
|48
n48
*48
:48
M48
[48
"48
 48
[48
W48
R48
(48
K48
J48
>48
-48
L48
c48
Q48
L48
x48
?48
R48
t48
N48
848
X48
/48
K48
!48
Z48
,48
Q48
Z48
P48
V48
i48
:48
!48
i48
b48
[48
&48
L48
n48
X48
U48
p48
t48
&48
(48
\48
P48
,48
348
*48

48
,48
U48
'48
h48
848
.48
]48
<48
l48
548
n48
'48
H48
e48
v48
x48
T48
d48
x48
p48
248
%48
U48
d48
l48
D48
/48
548
e48
X48
G48
;48
l48
U48
g48
G48
%48
*48
A48
148
U48
Z48
N48
y48
O48
t48
E48
k48
<48
H48
O48
?48
>48
w48
*48
E48
a48
148
!48
$48
H48
h48
t48
+48
A48
&48
848
P48
_48
748
:48
C48
;48
-48
748
M48
y48
148
-48
#48
b48
n48
/48
m48
L48
)48
h48
B48
\48
d48
748
|48
*48
:48
n48
748
q48
 48
148
948
M48
#48
148
|48
$48
]48
<48
z48
Q48
W48
A48
648
{48
J48
h48
A48
m48
M48
Y48
|48
K48
C48
@48
.48
[48
Y48
b48
|48
248
h48
E48
)48
[48
y48
a48
k48
>48
/48
M48
"48
048
e48
X48
a48
U48
P48
H48
u48
[48
r48
H48
e48
q48
t48
c48
y48
o48
x48
j48
\48
e48
c48
848
y48
t48
-48
Z48
q48
348
648
-48
N48
b48
N48
w48
O48
`48
*48
-48
O48
)48
"48
&48
s48
f48
_48
J48
 48
m48
R48
<48
g48
_48
D48
[48
F48
W48
p48
_48
m48
(48
r48
096
448
=48
@48
+48
r48
248
096
M96
348
L48
k48
648
X48
?48
,48
>48
i48
-48
[48
J48
@48
j48
n48
S48
T48
&48
948
u48
N48
}48

48
F48
!48
c48
@48
f48
B48
e48
@48

48
|48
@48
%48
w48
u48
n48
d48
e48
Q48
,48
}48
^48
.48
:48
P48
l48
W48
248
148
o48
548
|48
/48
[48
j48
]48
t48
e48
t48
?48
848
$48
+48
'48
=96
`48
B48
o48
+48
q48
Q48
O48
^48
K48
848
R48
 48
648
H48
V48
B48
e48
W48
N48
!48
#48
P48
W48
)48
J48
,48
U48
e96
d48
P48
u48
\48
648
t48
r48
048
=48
-48
S48
Y48
648
w48
!48
a48
648
*48
q48
J48
G48
W48
d48
p48
G48
248
C48
=48
)48
z48
n48
e48
648
[48
c48
;48
T48
&48
,48
R48
S48
&48
>48
f48
I48
|48
L48
I48
648
%48
F48
M96
548
F48
p48
848
448
{48
"48
q48
648
v48
748
(48
c48
\48
?48
.48
+48
C48
]48
.48
g48
X48
\48
t48
]48
148
348
J48
D48
248
U48
@48
S96
\48
?48
D48
[48
)48
l48
F48
D48
}48
C48
w48
248
y48
F48
J48
V48
,48
K48
U48

48
C48
E48
$48
{48
I48
r48
q48
{48
G48
!48
A48
848

48
948
e48
?48
c48
<48
Q48
l48
Q48
V48
(48
048
N48
C48
a48
O48
z48
U48
.48
T48
_48
m48
a48
`48
_48
h48
648
?48
)48
f48
 48
x48
Y48
]48
m48
<48
\48
u48
=48
c48
e48

48
848
{48
B48
]48
'48
Y48
W48
&48
E48
048
:48
h48
w48
d48
T48
h48
z48
C48
t48
|48
B48
o48
U48
a48
148
k48
;48
E48
648
048
f48

48
)48
_48
C48
}48
948
]48
m48
e48
848
{48
848
748
!48
R48
m48
y48
c48
?48
w48
448
H48
L48
P48
l48
-48
Q48
b48
p48
S48
]48
<48

48
"48
\48
>48
148
I48
548
-48
W48
M48
c48
-48
`48
w48
h48
<48
x48
E48
&48
848
}48
648
q48
Y48
348
548
:48
{48
s48
[48
!48
R48
W48
b48
048
/48
Y48
+48
g48
w48
548
{48
p48
'48
E48
X48
 48
^48
;48
V48
196
Y48
+48
P48
348
448
F48
*48
@48
,48
;48
`48
q48
|48
E48
B48
<48
_48
`48
G48
J48
Z48
*48
&48
[48
-48
Q48
S48
"48
;48
[48
S48
848
|48
<48
Q48
z48
G48
:48
 48
448
O48
148
a48
q48
x48
<48
;48
#48
}48
S48
%48
?48
f48
L48
K48
148
z48
<48
t48
648
D48
)48
t48
r96
q48
z48
248
:48
d48

48
A48
`48
"48
z48
948
>48
P48
)48
L48
'48
 48
&48
{48
<48
K48
S48
-48
Z48
V48
F48
h48
548
T48
N48
p48
e48
}48
b48
W48
'48
q48
148
;48
048
/48
o48
{48
648
m48
y48
i48
,48
O48
-48
j48
 48
^48
y48
`48
R48
T48
G48
M48
}48
/48
S48
V48
`48
l48
,48
R48
U48
S48
o48
|48
h48
Y48
#48
n48
&48
f48
548
&48
#48
Q48
E48
P48
<48
:48
<48
m48
h48
!48
t48
s48
r48
_48
N48
c48
Z48
'48
748
F48
>48
c48
K48
O48
N48
h48
H48
f48
a48
C48
F48
148
H48
+48
C48
748
Q48
!48
G48
y48
x48
z48
<48
,48
T48
X48
Y48
-48
P48
=48
H48
)48
n48
E48
R48
O48
h96
T48
t48
&48
<48
t48
d48
C48
!48
y48
848
W48
L48
S48
z48
#48
Z48
M96
t48
]48
+48
848
_48
j48
D48
_48
148
d48
x48
|48
N48
!48
M48
n48
?48
[48
q48
,48
/48
%48
U48
v48
E48
Q48
k48
C48
V48
q48
N48
;48
m48
P48
L48
g48
-48
`48
A48
I48
$48
.48
Y48
M48
648
G48
-48
648
<48
*48
-48
=48
&48
Q48
t48
348
$48
{48
n48
448
*48
`48
=48
#48
n48
B48
r48
A48
Y48
?48
048
548
g48
\48
L48
A48
^48
C48
=48
z48
E48
%48
m48
I48
X48
>48
R48
a48
F96
U48
K48
O48
S48
648
p48
348
s48
=48
v48
T48
348
t48
X48
!48
+48
>48
,48
148
A48
N48
D48
!48
E48
G48
248
$96
y48
$48
<48
948
d48
:48
C48
+48
=48
(48
=48
X48
M48
'48
x48
)48
u48
#48
l48
U48
>48
,48
'48
T48
=48
Y48
e48
H48
348
(48
248
c48
)48
E48
R48
'48
>48
;48
=48
J48
b48
F48
_96
048
l48
248
>48
448
T48
f48
V48
248
]48
048
z48
c48
r48
648
\48
t48
A48
{48
^48
,48
148
Y48
948
v48
C48
/48
:48
(48
v48
"48
#48
b48
>48
d48
J48
W48
R48
548
[48
S48
W48
}48
)48
#48
V48
\48
A48
\48
@48
?48
Z48
t48
748
U48
y48
048
\48
J48
{48
k48
Q48
g48
H48
<48
!48
"48
h48
R48
648
g48
M48
B48
V48
i48
u48
z48
C48
c48
,48
Z48
O48
>48
'48
Y48
j48
248
A48
j48
a48
s48
A48
'48
f48
#48
o48
^48
Y48
l48
S48
x48
S48
l48
z48
F48
j48
J48
%48
n48
I48
048
U48
b48
B48

48
F48
248
D48
!48
{48
=48
T48
v48
@48
+48
$48
348
'48
948
548
{48
+48
G48
Y48
[48
E48
f48
L48
V48
$48
&48
/48
l48
y48
V48
z48
648
P48
h48
c48
}48
%48
)48
]48
W48
448
648
E48
=48
"48
548
Y48
R48
O48
q48
R48
{48
l48
o48
\48
A48
<48
Q48
K48
*48
Z48
A48
O48
T48
!48
-48
u48
z48
I48
D48
X48
j48
P48
[48
A48
K48
[48
c48
C48
%48
W48
G48
<48
048
848
z48
|48
a48
l48
|48
I48
B48
448
L48
<48
Z48
U48

48
F48
:48
@48
S48
c48
r48
&48
U48
+48
N48
|48
b48
448
048
248
;48
<48
-48
#48
"48
n48
[48
}48
&48
m48

48
L48
348
[48
{48
948

48
'48
748
h48
+48
,48
-48

48
]48
l48
F48
848
)48
;48
X48
]48
448
z48
f48
I48
Y48

48
 48
T48
}48
e48
z48
S48
148
748
N48
a48
J48
(48
n48
p48
@48
k48
448
u48
%48
}48
s48
T48
f48
'48
.48
V48
R48
j48
K48
@48
C48
`48
v48
D48
l48
a48
448
j48
R48
948
_48
M48
748
r48
X48
F48
l48
F48
k48
648
p48
>48
H48
/48
148
p48
:48
S48
l96
j48
R48
`48
t48
'48
w48
E48
448
W48
_48
r48
F48
-48
948
'48
E48
o48
L48
}48
648
848
b48
u48
Q48
)48
F48
e48
648
<48
648
;48
d48
c48
P48
,48
(48
Y48
;48
v48
A48

48
Z48
K48
*48
{48
W48
.48
#48
v48
;48
]48
K48
|48
W48
'48
j48

48
K48
?48
248
a48
L48
?48
a48
.48
}48
f48
l48
948
N48
!48
&48
m48
X48
v48
448
n48
I48
`48
G48
M48
Z48
u48
y48
E48
(48
?48
H48
-48
A48
348
:48
>48
o48
D48
848

48
Z48
a48
\48
^48
E48
\48
&48
R48
,48
-48
$48
!48
%48
&48
U48
d48
n48
h48
y48
u48
;48
\48
;48
748
,48
D48
X48
548
G48
448
j48
A48
m48
x48
f48
}48
;48
x48
`48
j48
=48
H48
o48

48
*48
y48
=48
348
F48
(48
n48
,48
[48
N48
n48
}48
Z48
848
z48
H48
P48
.48
u48
L48
748
'48
448
J48
w48
H48
}48
X48
J48
)48
v48
P48
648
=48
#48
n48
C48
548
g48
v48
_48
&48
=48
(48
j48
I48
\48
+48
\48
b48
?48
;48
Y48
o48
)48
(48
p48
L48
<48
b48
 48
448
r48
A48
+48
=48
K48
d48
_48
S48
Q48
G48
<48
348
C48
R48
P48
o48
q48
V48
=48
v48
f48
}48
j48
l48

48
p48
[48
m48
-48
^48
h48
s48
U48
:48
e48
|48
T48
<48
n48
Q48
A48
h48
f48
M48
H48
"48
R48
_48
{48
l48
y48
g48
248
348

48
F48
s48
!48
948
M48
s48
%48
.48
{48
&48
'48
A48
H48
i48
$48
%48
y48
X48
+48
Z48
q48
u48
:48
348
U48
w48
X48
Q48
t48
,48
t48
U48
C48
a48
u48
.48
%48
^48
(48
C96
A48
248
e48
l48
a48
k48
w48
Q48
Y48
-48
e48
)48
"48
K48
J48
n48
!48
P48
D48
l48
}48
z48
p48
O48
M48
`48
}48
m48
>48
848
:48
\48
148
?48
948
V48

48
y48
t48

48
c48
x48
E48
?48
B48
V48
!48
/48
n48
848
^48
y48
n48
q48
P48
D48
[48
}48
;48
d48
T48
648
y48
t48
148
|48
h48
\48
h48
V48
%48
L48
x48
{48
!48
*48
.48
O48
J48
648
[48
"48
N48
?48
L48
O48
>48
n48
w48
<48
348
R48
#48
348
C48
348
448
{48
a48
B48
)48
r48
R48
r48
%48
x48
N48
K48
348
+48
F48
B48
m48
J48
v48
048
|48
}48
'48
M48
X48
(48
S48
K48
@48
848
248
>48
}48
O48
k48
G48
748
I48
148
?48
*48
:48
C48
{48
N48
u48
\48
N48
k96
X48
n48
848
l48
/48
 48
A48
u48
n48
048
.48
Y48
:48
@48
q48
-48
i48
J48
!48
H48
@48
C48
T48
448
&48
I48
R48
@48
G48
|48
{48
(48
)48
648

48
U48
}48
f48
@48
y48
<48
 48
Q48
<48
%48
548
%48
$48
W48
/48
348
S48
_48
{48
L48
B48
148
Z48
z48
G48
`48
C48
c48
D48
w48
"48
148
p48
_48
t48
:48
n48
&48
m96
+48
=48
@48
\48
Q48
$48
948
B48
&48
948
"48
\48
.48
`48

48
{48
<48
Z48
d48
F48
'48
-48
<48
o48
)48
b48
348
748
k48
148
P48
B48
u48
[48
x48
G48
448
R48
T48
{48
\48
A48
R48
V48
u48
b48
&48
v48
l48
/48
j48
U48
Y48
s48
648
p48
'48
348
%48
*48
048
I48

48
u48
I48
o48
I48
548
<48
Y48
W48
@48
y48
+48
Z48
|48
g48
B48
v48
B48
$48
048
o48
}48
^48
A48
&48
248
K48
448
-48
w48
q48
V48
%48
548
L48
:48
E48
p48
S48
K48
548
H48
948
m48
_48
<48
I48
p48
\48
648
<48
o48
z48
.48
^48
q48
#48
Y48

48
$48
t48
U48
e48
648
N48
w48
M48
p48
J48
]48
K48
k48
S48
N48
=48
Y48
O48
-48
{48
q48
x48
!48
/48
U48
s48
648
I48
T48
?48
q48
k48
%48
j48
E48
@48
T48
[48
148
V48
F48
748
248
b48
+48
>48
f48
K48
948
G48
648
;48
W48
{48
Y48
d48
g48
X48
748
O48
^48
]48
648
;48
s48
F48
W48
648
}48
{96
948
S48
_48
]48
a48
M48
)48
{48
d48
Q48
d48
Q48
I48
'48
148
:48
148
*48
)48
p48
W48
:48
V48
t48
R48
448
|48
R48
"48
}48
#48
E48
C48
)48
C48
l48
o48
#48
.48
\48
R48
d48
#48
I48
V48
l48
348
h48
N48
e48
748
U48
C48
*48
D48
Z48
>48
U48
i48
u48
-48
u48
=48
248
G48
S48
z48
r48
}48
c48
!48
/48
d48
P48
&48
648
w48
P48
q48
y48
&48
@48
848
G48
u48
C48
B48
A48
_48
M96
a48
$48
D48
"48
U48
q48
W48
n48
@96
t96
j48
H96
^48
-48
648
-48
S48
`48
I48
&48
b48
S48
B48
v48
a48
y48
N48
_48
g48
748
s48
648
H48
k96
548
c48
 48
*48
B48
_48
y48
&48
b48
f48
 48
(48
B48
{48
L48
f48
448
148
-48
$48
T48
748
f48
 48
p48
M48
\48
X48
P48
:48
N48
S48
=48
U48
648
y48
<48
,48
x48
f48
A48
V48
-48
o48
z48
.48
_48
E48
z48
U48
k48
c48
E48
@48
r48
R48
k48
-48
!48
K48
(48
t48
<48
J48
\48
<48
>48
+48
G48
)48
X48
I48
.48
q48
'48
Q48
k48
h48
!48
948
m48
b48
s48
>48
Y48
.48
e48
+48
|48
-48
`48
h48
T48
y48
`48
;48
^48
'48
U48
 48
*48
J48
948
M48
]48
B48
M48
648
t48

48
;48
)48

48
Q48
a48
O48
l48
F48
$48
u48
d48
p48
K48
348
*48
F48
g48
Z48
z48
c48
?48
-48
648
l48
V48
>48
D48
$48
848
^48
E48
k48
548
X48
C48
g96
m48
j48
P96
q48
u96
a48
c48
|48
H48
g48
q48
 48
M48
Q48
{48
548
948
j48
&48
[48
{48
u48
t48
w48
V48
f48
i48
[48
448
e48
z48
?48
648
=48
\48
S48
548
t48
r48
S48
B48
x48
v48
R48
#48
>48
_48
j48
G48
=48
Q48
r48
U48
]48
T48
)48
P48
048
>48
`48
n48
q48
g48
G48
w48
@48
b48
B48
;48
#48
m48
.48
R48
x48
h48
R48
%48
348
u48
"48
148
;48
,48
548
S48
P48
&48
{48
D48
Z48
R48
t48
[48
F48
#48
c48
&48
U48
F48
W48
448
I48
+48
K48
}48
K48
O48
d48
:48
K48
z96
[48
648
k48
"48
S48
g48
a48
x48
h48
^48
a48
p48
o48
@48

48
G48
848
`48
m48
Q48
U48
l48
&48
848
P48
y48
:48
'48
f48
b48
048
Q48
!48
y48
648
(48
d48
%48
Q48
,48
l48
+48
]48
:48
B48
>48
548
]48
I48
`48
J48
L48
P48
d48
W48
&48
v48
}48
c48
948
(48
r48
548
[48
"48
=48
p48
748
:48
P48
f48
s48
&48
u48
z48
?48
z48
v48
M48
`48
e48
048
848
U48
248
'48
w48
S48
O48
Q48
548
|48
S48
248
[48
q48
`48
#48
.48
w48
 48
048
P48
K48
G48
=48
*48
y48
v48
848
h48
V48
T96
[48
548
648
D48
&48
V48
v48
Q48
A48
o48
J48
T48
-48
M48
)48
,48
f48
E48
W48
(48

48
s48
P48
x48
B48
}48
+48
J48
+48
$48
c48
R96
748
*48
R48
L48
448
<48
B48
J48
"48
a48
v48
m48
n48
)48
p48
&48
248
q48
r48
V48
*48
]48
'96
H48
d48
V48
448

48
I48
e48
*48
^48
M48
w48
848
:48
u48
q48
\48
}48
q48
M48
048
N48
%48
f48
!48
o48
(48
Q48
r48
a48
c48
Z48
{48
\48
$48
<48
/48
B48
h48
s48
V48
G48
L48
_48
w48
?48
`48
&48
Z48
S48
n48
P48
,48
Y48
U48
]48
F48
c48
U48
+48
e48
h48
w48
248
n48
B48
/48
;48
q48
T48
g48
i48
&48

48
$48
_48
c48
v48
M48
*48
Z96
I48
Y48
y48
K48
)48
-48
K48
X48
.48
<48
Z48
>48
d48
T48
748
!48
b48
G48
&48
t48
.48
T48
j48
L48
,48
"48
Z48
b48
i48
L48
@48
`48
u48
]48
#48
&48
P48
H48
]48
948
H48
T48
`48
L48
+48
x96
448
g48
%48
548
^48
i48
I48
*48
J48
>48
X48
$48
K48
R48
W48
M48
d48
,48
<48
.48
248
Q48
q48
n48
548
;48
G48
W48
w48
048
V48
848
448
"48
y48
"48
l48
548
q48
]48
(48
P48
o48
=48
c48
m48

48
c48
e48
B48
R48
[48
&48
P48
:48
j48
r48
c48
S48
[48
B48
)48
h48
z48
W48
f48
p48
y48
f48
`48
i48
Q48
q48
H48
a48
U48
(48
248
X48
r48
Y48
`48
u48
.48
l48
}48
e48
"48
]48
548
 48
`48
;48
?48
_48
c48
%48
)48
?48
*48
:48
F48
J48
w48
648
h48
$48
f48
x48
>48
Q48
[48
t48
r48
h48
b48
W48
)48
p48
/48
:48
848
A48
e48
W48
|48
B48
X48
m96
O48

48
X48
g48
-48
C96
m48
!48
i48
M48
-48
E48
`48
@48
348
H48
M48
e48
248
O48
f48
V48
=48
?48
548
N48
j48
E48
z48
l48
d48
t48
q48
M48
u48
%48
<48
*48
S48
!48
948
e48
+48
948
H48
o48
,48
x48
548
Y48
148
'48
M48
+48
J48
|48
(48
248
$48
948
u48
;48
F48
048
B48
n48
B48
l48
T48
948
<48
@48
=48
248
L48
?48
U48
%48
548
#48
,48
^48
h48
Q48
;48
.48
d48
*48
[48
^48
248
b48
E48
r48
t48

48
(48
W48
;48
B48
-48
m48
x48
B48
148
}48
d48
_48
)48
I48
x48
z48
948
a48
/48
"48
u48
X48
p48
P48
/48
D48
Z48
^48
h48
[48
948
x48

48
x48
|48
+48
>48
548
B48
%48
<48
?48
n48
_48
648
448
+48
J48
y48
_48
048
'48
a48
148
u48
U48
948
u48
;48
:48
n48
748
S48
o48
B48
848
O48
v48
148
<48
T48
w48
<48
=48
948
t48
]48
048
x48
G48
648
<48
l48
c48
\48
.48
j48
(48
,48
548
+96
648
|48
`48
648
B48
D48
M48
l48
J48
,48
D96
048
Q48
R48
#48
T48
O48
H48
g48
#48
W48
o48
A48
"48
Q48
c48
s48
W48
y48
;48
)48
'48
F48
"48
]48
A48
u48
M48
*48
648
@48
r48
{48
R48
n48
z48
w48
=48
948
&48
v48
w48
Y48
+96
#48
n48
J48
O48
 48
j48
M48
n48
%48
348
c48
248
X48
'48
t48
448
H48
=48
548
E48
j48
(48
T48
m48
848
e48
R48
s48
x48
h48
l48
m48
r48
s48
j48
!48
W48
E48
948
(48
848
a48

48
k48
'48
n48
X48
548
p48
!48
O48
}48
)48
M48
^48
I48
b48
.48
?48
^48
C48
[48
A48
G48
o48
/48
q48
\48
_48
X48
n48
%48
u48
c48
p48
Y48
v48
s48
$48
g48
;48
148
=48
K48
i48
F48
c48
Q48
T48
H48
.48
|48
r96
#48
m48
.48
^48
`48
O48
Y48
V48
q48
f48
v48
*48
j48
_48
N48
*48
748
!48
T48
v48
J48
=48
%48
j48
P48
v48
J48
a48
!48
/48
K48
m48
[48
v48
#48
K48
v48
u48
;48
$48
U48
P48
A48
@48
&48
U48
g48
u48
\48
948
E96
D48
=48
q48
"48
N48
M48
p48
B48
,48
%48
T48
]48
C48
 48
n48
648
248
a48
548
E48
g48
v48
N48
j48
648
M48
f48
b48
W48
:48
Y48
A48
148
648
?48
:48
E48
K48
:48
/48
048
848
z48
I48
148
f48
q48
'48
^48
h48
c48
Z48
M48
i48
f48
N48
T48
z48
Z96
\48
x48
*48
N48
f48
*48
)48
\48
l48
D48
b48
E48
548
j48
$48
H48
L48
I48
>48
R48
=48
948
O48
748
D48
t48
J48

48
B48
P48
^48
b48
}48
c48
"48
j48
448
[48
f48
"48
H48
N48
Q48
>48
P48
448
;48
R48
H48
%48
,48
u48
l48
248
G48
948
}48
"48
248
O48
M48
,48
248
G48

48
L48
?48
m48
j48
U48
G48
348
N48
;48
{48
N48
B48
r48
x48
n48
p48
S48
[48
848
y48
t48
j48
748
$48
T48
U48
O48
r48
R48
$48
t48
C48
`48
448
{48
(48
z48
R48
<48
(48
u48
"48
m48
I48
[48
}48
D48
A48
l48
L48
248
$48
748
`48
M48
:48
(48
148
C48
i48
|48
648
m48
L48
948
L48
P96
s48
#48
@48
*48
(48
n48
'48
h48
248
e48
"48
248
348
m48
^48
x48
g48
t48
}48
c48
-48
_48
k48
f48
M48
|48
J48
f48
:48
=48
>48
y48
A48
*48
l48
r48
&96
|48
L48
q48
j48
.48
c48
O48
@48
R48
n48
;48
K48
A48
E48
!48
h48
248
/48
348
l48
s48
048
a48
u48
N48
=48
c48
z48
A48
 48
k48
C48
948
]48
348
>48
i48
248
$48
J48
e48
`48
.48
f96
s48
+48
B48
.48
V48
,48
_48
q48
448
248
}48
q48
(48

48
l48
^48
g48

48
b48
L48
(48
'48
 48
948
h48
248
796
@48
i48
V48
s48
g48
948
o48
#48
]48
>48
W96
g48
[48
q48
#48
G48
Q48
;48
y48
K48
y48
"48
D48
J48
n48
,48
H48
,48
748
_48
m48
A48
^48
f48
b48
-48
548
"48
O48
;48
#48
h48
c48
Z48
T48
648
)48
248
148
R48
S48
L48
F48
e48
n48
I48
348
T48
S48
v48
Z48
X48
_48
048
m48
,48
148
f48
I48
%48
e48
&48
 48
/48
+48
K48
o48
R48
'48
k48
.48
{48
 48
Q48
M48
E48
R48
048
;48
d48
,48
:48
J48
y48
u48
{48
m48
/48
748
#48
`48
s48
#48
c48
]48
J96
}48
|48
U48
@48
\48
J48
g48
.48
z48
C48
248
!48
N48
&48
{48
@48
A48
/48
048
C48
748
C48
748
j48
K48
:48
648
\48
S48
b48
}48
'48
*48
}48
g48
M48
A48
\48
$48
'48
-48
d48
v48
A48
z48
-48
048
 48
$48
B48
048
748
448
948
&48
G48
|48
#48
x48
b48
,48
$48
;48
L48
`48
i96
F48
'48
#48
@48
D48
}48
$48
e48
@48
p48
e48
448
148
[48
*48
248
C48
t48
748
X48
J48
k48
v48
$48
f48
\48
y48
w48
_48
M48
p48
o48
{48
T48
648
f48
y48
M48
y48
C48
848
#48
(48
q48
948
U48
Z48
P48
A48
z48
%48
Q48
%48
848
O48
S48
r48
 48
x48
I48
Z48
M48
g48
}48
Z48
#48
.48

48
\48
-48
J48
w48
#48
Y48
+48
h48
%48
u48
x48
Z48
L48
*48
S48
748
<48
648
148
t48
m48
[48
C48
M48
P48
}48
#48
348
-48
y48

48
*48
148
o48
!48
r48
j48
?48
]48
m48
o48
Y48
$48
j48
C48
*48
i48
J48
D48
S48
!48
Y48
%48
K48
e48
Y48
748
{48
p48
m48
W48
`48
&48
G48
Q48
748
f48
-48
H48
j48
-48
o48
248
048
-48
448
M48
O48
$48
048
&48
 48
?48
C48
Z48
I48
t48
248
#48
X48
748
y48
G48
|48
348
z48
.48
B48
548
D48
848
S48
*48
q48
`48
&48

48
/48
j48
k48
#96
I48
248
848
`48
f48
*96
p48
E48
L48
I48
148
|48
t48
248
b48
C48
<48
!48
(48
b48
n48
%48
D48
196
V48
!48
`48
;48
w48
K48
)48
|48
V48
E48
*48
T48
P48
648
N48
u48
_48
848
/48
w48
"48
j48
-48
248
&48
)48
D48
?48
V48
R48
c48
!48
q48
L48
[48
248
M48
z48
]48
c48
{48
B48
h48
=48
]48
S96
P48
o48
p48
B48
248
#48
}48
i48
@48
z48
!48
}48
$48
Q48
'48
^48
%48
`48
L48
748
G48
-48
\48
k48
#48
k48

48
b48
A48
W48
748
<48
/48
@48
R48
C48
\48
m48
448
]48
 48
448
948
c48
d48
`48
248
G48
648
/48
@48
G48
N48
t48
?48
q48

48
&48
I48
i48
 48
S48
d48
<48
d48
x48
J48
C48
+48
048
h48
w48
Z48
348
w48
)48
148
e48
*48
[48
b48
U48
s48
G48
C48
]96
m48
_48
H48
#48
[48
L48
f48
?48
\48
&48
q48
@48
%48
v48
V48
x48
848
Y48
048
x48
O48
V48
j48

48
>48
J48
'48
f48
348
j48
%48
&48
A48
548
r48
[48
;48
j48
E48
G48
L48
848
y48
448
Y48
N48

48
+48
a48
-48
^48
k48
w48
048
E48
\48
448
548
H48
f48
k48
A48
Q48
l48
,48
A48
@48
n48
g48
V48
O48
!48
g48
s48
p48
r48
@48
P48
F48
H48
v48
(48
548
!48
/48
D48
b48
748
$48
G48
B48
a48
Q48
348
n48
e48
<48
'48
v48
p48
@48
E48
H48
}48
A48
C48
<48
L48
G48
K48
>48
_48
N48
e48
548
:48
F48
#48
148
y48
H48
W48
b48
448
P48
H48
<48
848
r48
]48
b48
M48
D48
(48
548
d48
_48
C48
H48
[48
648
z48
#48
}48
#48
t48
Z48
)48
$48
I48
J48
*48
L48
<48
C48
B48
x48
Y48
@48
i48
k48
d48
&48
J48
448
R48
h48

48
M48
-48
548
o48
u48
548
S48
*48
Y48
g48
$48
f48
"48
?48
548
'48
#48
748

48
}48
_48
948
#48
g48
\48
q48
v48
\48
N48
x48
O48
'48
X48
s48
T48
=48
#48
548
248
G48
W48
m48
N48
|96
448
a48
g48

48
@48
]48
f48
&48
s48
348
`48
C48
348
`48
p48
q48
M48
048
$48
u48
$48
o48
R48
x96
A48
N48
z48
v48
T48
l48
K48
L48
z48
q48
)48
`48
P48

48
^48
w48
_48
d48
$48
!48
M48
N48
X48
d48
w48
a48
x48
T48
h48
g48
>48
c48
948
M48
-48
G48
z48
o48
A48
`48
V48
?48
T48
m48
Q48
=48
_48
s48
w48
)48
y48
U48
n48
_48
&48
n48
_48
%48
K48
y48
K48
148
848
948
P48
|48
G48
648
(48
x48
<48
v48
R48
c48

48
B48
{48
S48
p48
]48
"48
-48
W48
,48
N48
548
M48
H48
y48
P48
^48
748
>48
Q48
m48
z48
k48
I48
.48
:48
b48
^48
=48
148
a48
n48
I48
,48
V48
C48
h48
:48
d48
W48
h48
T48
a48
v48
j48
|48
148
848
#48
\48
[48
748
L48
748
/48
g48
t48
d48
R48
n48
[48
C48
Z48
]48
.48
L48
448
f48
d48
E48
s48
'48
\48
,48
%48
D48
"48
z48
A48
Y48
W48
_48
E48
D48
l48
,48
048
M48
448
e48
$48
x48
y48
048
S48
I48
248
;48
V96
\48
M48
|48
}48
@48
f48
p48
d48
748
"48
T48
548
H48
R48
%48
>48
J48
G48
R48
X48
i48
Y48
:48
c48
A48
d48
k48
^48
p48
h48
048
u48
#48
X48
o48
y48
]48
'48
?48
'48
O48
a48
p48
e48
&48
w48
548
r48
*48
E48
p48
B48
Z48
Y48
#48
$48
C48
-48
'48
 48
<48
*48
b48

96
<48
748
v48
U48
)48
/48
048
O48
T48
X48
;48
b48
_48
D48
448
L48
V48
O48
G48
\48
W48
a48
F48
048
)48
248
A48
[48
248
o48
z48
'48
/48
+48
748
648
(48
L48
.48
948

48
p48
748
}48
f48
748
k48
348
J48
i48
y48
n48
%48
&48
348
"48
648
y48
M48
e48
z48
F48
w48
)48
a48
648
l48
$48
\48
)48
\48
N48
x48
s48
448
W48
x48
U48
648
\48
(48
.48
W48
Z48
}48
d48
648
^48
]48
H48
248
<48
U48
&48
q48
X48
M48
/48
H48
"48
t48
.48
K48
b48
f48
j48
?48
G48
Z48
l48
;48

48
f48
i48
+48
m48
+48
|48
T48
g48
o48
M96
o48
=48
>48
!48
h48
'48
v48
]48
>48
@48
K48
}48
>48
[48
K48
,48
848
<48
=48
E48
?48
*48
M48
%48
 48
s48
-48
548
Z48
+48
N48
W48
|48
Q48
/48
,48
n48
!48
/48
W48
I48
$48
R48
V48
^48
348
_48

48
)48
/48
h48
d48
|48
\48
z48
U48
W48
h48
^48
R48
x48
}48
I48
048
s48
W48
Q48
&48
#48
'48
q48
D48
-48
v48

48
]48
648
C48
z48
{48
K48
h48
O48
[48
=48
A48
`48
W48
<48
.48
?48
V48
M48
"48
j48
l48
"48
'48
U48
>48
R48
g48
n48
648
-48
@48
d48
%48
J48
848
"48
Z48
"48
P48
s48
848
-48
'48
Q48
X48
Q48
_48
>48
k48
d48
t48
w48
E48
;48
048
I48
B48
^48
=48
q48
@48
r48
J48
)48
i48
v48
348
848
x48
{48
A48
e48
#48
D48
=48
!48
_48
t48
c48
l48
/48
948
>48
}48
=48
:48
748
_48
Z48
O48
y48
<96
O48
s48
O48
\48
248
K48
j48
G48
048
X48
,48
w48
948
r48
T48
i48
R48
C48
S48
*48
 48
i48
U48
B48
g48
"48
248
v48
@48
'48
[48
n48
548
(48
D48
|48
V48
e48
_48
o48
O48
C48
/48
G48
448
.48
Y48
H48
948
w48
X48
.48
S48
W48
248
A48
L48
448
-48
d48
w96
 48
G48
g48
A48
g48
048
v48
T48
O48
L48
+48
!48
E48
|48
{48
848
q48
N48
&48
H48
u48
/48
G48
+48
T48
w48
r48
D48
$48
'48
&48
c48
n48
k48
&48
Z48
848
v48
I48

48
'48
N48
748
-48
a48
148
h48
m48
[48
G96
a48
*48
+48
/48
p48
748
O48
q48
<48
)48
 48
J48
G48
248
<48
w48
K48
v48
e48
_48
U48
]48
/48
:48
;48
g48
<48
_48
)48
h48
948
W48
Y48
|48
g48
H48
I48
f48
?48
x48
s48
!48
u48
%48
T48
548
f48
[48
X48
@48
,48
S48
848
o48
]48

48
548
S48
!48
w48
{48
l48
g48
.48
(48
|48
m48
;48
e48
048
o48
;48
_48
l48
h48
I48
>48
;48
948
\48
&48
;48
l48
=48
%48
f48
$48
148
748
U48
F48

48
p48
/48
i48
M48
d48
?48
348
[48
S48
n48
A48
J48
y48
M48
748
)48
^48
[48
U48
r48
@48
u48
O48
{48
O48
x48
O48
%48
I48
248
|48
448
k48
a48
&48
v48
k48
D48
z48
U48
"48
048
_48
<48
{48
L48
t48
^48
X48
,48
m48
_48
f48
648
^48
!48
D48
948
p48
Z48
E48
V48
Y48
X48
M48

48
@48
]48
'48
X48
(48
f48
;48
'48
{48
T48
\96
848
496
i48
048
#48
.96
Q48
?48
g48
q48
y48
z48
148
P48
H48
[48
W48
o48
<48
)48
196
x48
L48
*48
348
L48
G48
]48
t48
X48
y48
%48
A48
!48
O48
F96
*48
048
&48
;48
S48
?48
b48
\48
Z48
F48

48
 48
?48
%48
/48
|48
{48
f48
w48

48
,48
(48
g48
k48
w48
D48
C48
u48
148
]48
S48
X48
x48
U48
q48
 48
/48
R48
Z48
`48
Q48
q48
948
d48
x48
348
848
048
x48
.48
348
;48
 48
,48
h48
=48
`48
 48
c48
Q48
.48
W48
|48
t48
P48
U48
a48
M48
%48
'96
^48
f48
C48
y48
N48
r48
p48
N48
A48
E48
%48
}48
P48
.48
,48
k48
L48
e48
K48
F48
"48
=48
{48
U48
m48
_48
,48
}48
u48
s48
448
Y48
!48
N48
b48
y48
)48
\48
,48
*48
|48
i48
[48
c48
g48
m48
<48
K48
*48
a48
*48
C48
548
V48
r48
*48
R48
$48
o48
x48

48
}48
Q48
548
948
h48
X48
q48
F48
+48
Q48
h48
:48
]48
a48
Z48
g48
<48
>48
_48
948
\48
