l2223
O3445
:5162
r4616
i5780
W9961
=180
&8802
X3094
[1498
Z165
G2011
s2499
p739
m1525
V4848
U5672
j8770
e3094
26945
+401
