=2

1
v1
J1
)1
w1
n1
J1
v1
r1
=1
o1
81
u1
;1
i1
:1
@1
:1
T1
$1
C1
!1
91
*1
l1
?1
X1
$1
`1
V1
U1
I1
e1
w1
 1
;1
`1
01
{1
U1
o1
G1
U1
%1
K1
 1
G1
V1
f1
81
<1
/1
U1
l1
!1
l1
+1
_1
!1
g1
:1
32
[1
R1

1
[1
/1
"1
m1
{1
l1
91
s1
(1
p1
91
+1
H1
L1
p1
)1
W1
f1
81
;1
Q1
k1
s1
y1
81
:1
21
]1
C1
a1
'1
31
Y1
>1
S1
w1
=1
81
X1
21
\1
b1
e1
u1
31
w1
41
o1
B1
[1
N1
*1
m2
I1
91
z1
H2
[1
y1
e1
;1
b1
[1
41
f1
i1
F1
U1
L1
m1
Z1
n1
C1
j1
p1
v1
j1
I1
W1
M1
>1
71
P1
:1
?1
c1
-1
G1
f1
31
V1
,1
G2
r1
^1
]1
A1
h1
R1
<1
01
l1
81
31
#1
.1
v1
Q1
M1
a1
o1
A1
N1
j1
11
P1
81
@1
f1
)1
p1
%1
+1
N1
e1
%1
}1
&1
k1
51
`1
q1
(1
/2
|1
a1
o1
C1
?1
,1
J1
'1
91
P1
M1
>1
G1
A1
B1
c1
k1
A1
W1
j1
B1
*1
f1
[1
Z1
L1
A1
N1
m1
}1
31
V1
l1
i1
!1
11
=1
R1
_1
,1
S1
01
a1
l1
o1
91
n1
[1
A1
[2

1
D1
s1
|1
41
L1
(1
_1
f1
\1
]1
o1
51
:1
b1
21
h1
-1
"1
,1
v1
<2
y1
k1
N1
i1
d1
f1
;1
]1
A1

1
F1
x1
e1
y1

1
+1
^1
81
u1
m1
51
l1
.1
41
&1
=1
q1
@1
E1
(1
#1
.1
 1
11
'1
11
{1
V1
91
W1
[1
#1
,2
G1
K1
B2
k1
|1
>1
%1
"1
?1
s1
z1
A1
21
^1
%1
W1
C1
h1
41
o1
>1
W1
61
Y1
p1
f1
w1
A1
c1
L1
q1
.1
_1
S1
,1
F1
D1
o1
>1
o1
&1
|1
>1
:1
v1
a1
71
E1
>1
/1
v1
{1
r1
V1
:1
21
`1
\1
j1
R1
x1
r1
;1
Q1
o1
d1
p2
h1
Y1
21
u1
B1
E1
H1
}1
 1
@1
?1
l1
S1
v1
Q1
.1
|1
H1
t1
d1
I1
o1
?1
L1
[1
C1
11
:1
K1
81
N1
+1
|1
X1
J1
$1
?1
l1
I1
T1
{1
G1
{1
I1
#1
i1
D1
U1
L1

1
p1
/1
j1
z1
w1
W1
d1
g1
'1
71
81
A2
w1
"1
*2
{1
>1
'1
R1
51
v1
G1
)1
<1
,1
y1
K1
C1
l1
+1
W1
x1
M1
'1
w1
r1
#1
S1
r1
J1
z1
"1
31
W1
d1
01
A1
/1
D1
T1
;1
$1
A1
G1
u1
Y1
N1
o1
B1
s1
g1
;1
K1
s1
91
u1
R1
z1
w1
W1
b1
`1
(1
]1
K1
(1
P1
 1
|1
 1
S1
01
91
(1
p1
}1
[1
C1
h1
D1
&1
a1
}1
{1
E1
s1
71
w1
k1

1
41
C1
}1
_1
b1
P1
p1
 1
51
81
P1
s1
.2
(1
g1
71
/1
o1
n1
[1
P1
,1
h1
(1
T1
"1
C1
R1
F2
51
m1
<1
(1
]1
|1
X1
21
81
c1
J1
j1
@1
j1
,1
)1
d1
I1
11
q1
x1
F1
l1
d1
h1
31
:1
K1
R1
:1
K1
l1
U1
P1
N1
,1
F1
21
u1
|1

1
f1
=1
N1
p1
81
Y1
E1
x1
o1
01
r1
C1
Y1
N1
[1
I1
#1
[1
Z1
21
C1
V1
f1
q1
K1
,1
-1
81
 1
(1
w1
R1
r1
)1
b1
#1
.1
(1
B1
71
l1
%1
P1
\1
%1
!1
F1
c1
R1
/1
E1
u1
 1
81
^1
+1
z1
`1
41
G1
W1
,1
j1
.1
`1
?1
c1
N1
31
'1
z1
/1
+1
k1
21
\1
H1
h1
K1
T1
w1
-1
21
m1
;1
w1
V1

1
81
s1
N1
H1
V1
P1
"1
41
}1
J1
;1
K1
D1
M2
s1
>1
v1
`1
N1
=1
w1
71
p1
^1
I1
>1
,1
<1
c1
L1
 1
?1
w1
q1
%1
#2
q1
V1
O1
u1
>1
X1
.1
V1
[1
v1
51
v1
u1
M1
p1
%1
j1
m1
@1
l1
%1
|1
\1
`1
91
}1
Y1
H1
=1
P1
}1
k1
%1
A1
91
E1
P1
t1
f1
n1
 1
-1
D1
s1
Q1
v1
c1
G1
J1
81
>1
o1
)1
11
r1
P1
i1
s1
<1
U1
|1
K1
X1
'1
M1

1
T1
i1
r1
N1
>1
w1
o1
V1
,1
(1
P1
d1
'1
n1
M1
D1
{1
:1
Z1
p1
/1
!1
c1
/1
t1
%1
=1
g1
N1
q1
t1
;1
b1
,1
C1
m1
F1
o1
{1
n1
-1
u1
!1
.1
w1
K1
A1
U1
+1
a1
|1
G1
C1
Q1
&1
M1
l1
]1
 1
@1
V1
)1
I1
p1
x1
,2
N1
n1
.1

1
?1
{1
c1
l1
p1
81
x1
%1
:1
-1
;1
#1
[1
o1
:1
p1
G1
61
51
01
c1
#1
S1
k1
.1
{1
k1
{1
B1
m1
@1
k1
e1
m1
i1
:1
_1
%1
q1
T1
u1
v1
s1
&1
.1
i1
21
<1
D1
 1
)1
^1
11
K1
S1
@1
R1
M1
L1
-1
]1
*1
]1
{1
11
X1
{1
#1
k1
n1
;1
31
$1
>1
p1
W1
D1
u1
^1
}1
>1
D1
M1
V1
q1
V1
`1
.1
@1

1
u1
L1
D1
/1
]1
=1
|1
K1
F1
:1
>1
'1
[1
-1
'1
21
H1
N1
Z1
d1
&1
O1
41
A1
O1
 1
b1
c1
I1
X1
h1
41
51
*1
.1
/1
:1
&1
p1
b1
(1
]1
+1
?1
$1
E1
Y1
%1
:1
w1
g1
u1
41
K1
d2
r1
w1
*1
41
,1
=1
X1
c1
\1
,1
=1
+1
01
@1
g1
L1
p1
f1
i1
u1
Y1
z1
[1
<1
81
R1
B1
J1
g1
{1
v1
/1
B1
}1
r1
91
T1
V1
/1
A1
,1
n1
F1
"1
C1
%1
>1
k1
r1
21
k1
21
{1
P1
N1
/1
k1
R1
#1
i1
)1
T1
Q1
?1
B1
e1
Y1
|1
t1
b1
)1
,1
b1
d1
#1
S1
X1
!1
v1
Y1
j1
=1
`1
t1
q1
Q1
W1
 1
X1
81
p1
l1
u1
O1
G1
!1
L1
T1
W1
L1
i1
U1
.1
O1
61
81
N1
P1
v1
\1
61
v1
-1
91
>1
A1
{1
c1
T1
u1
L1
,1
'1
X1
71
v1
=1
n1
\1
e1
+1
@1
l1
_1
51
C1
\1
p1
&1
I1
%1
P1
&1
r1
s1
R1
t1
_1
>1
81
}1
d1
(1
01
q1
%1
x1
>1
w1
>1
+1
E1
Y1
'1
%1
K1
f1
u1
=1
A1
)1
81
L1
 1
"1
M1
s1
(1
C1
L1
<1
31
m1
=1
71
n1
|1
o1
C1
%1
S1
[1
;1
g1
61
?1
.1
>1
R1
z1
R1
.1
`1
d1
%1
51
#1
'1
X1
71
M1
)1
y1
L1
)1
}1
o1
 1
C1
#1
?1
H1
J1
y1
u1
z1
l1
z1
01
M1
T1
X1
u1
z1
Q1
B1
51
&1
31
d1
61
E1
T1
91
/1
}1
l1
z1
L1
\1
I1
(1
Q1
.1
81
U1
R1
(1
<1
^1
71
b1
u1
\1
d1
e1
m1
Y1
/1
a1
{1
31
l1
#1
(1
h1
d1
h1
a1
r1
,1
21
]1
E1
V1
q1
?1
W1
[1

1
<1
}1
/1

1
<1
S1
81
.1
>1
@1
&1
G1
r1
91
H1
y1
k1
)1

1
X1
l1
L1
+1
V1
I1
>1
"2
j1
m1
b1
H1
41
k1
P1
Y1
i1
l1
.1
B1
;1
t1
u1
11
^1
(1
41
)1
,1
M1
01
G1
w1
,1
H1
I1
-1
{1
^1
b1
;1
i1
T1
G1
I1
E1
_1
91
c1
:1
x1
G2
c1
^1
i1
w1
91
|1
U1
C1
71
v1
T1
S1
<1
B1
01
^1
N1
{1
O1
s1
C1
s1
31
a1
L1
P1
]1
41
91
51
C1
41
)1
n1
S1
l1
[1
]1
*1
51
81
W1
)1
61
{1
01
,1
;1
O1
M1
T1
E1
R1
x1
M1
W1
C1
g1
v1
u1
h1
d1
y1
=1
R1
z1
)1
31
(1
q1
U1
^2
v1
e1
b1
Q1
b1
71
Z1
21
^1
I1
21
p1
m1
j1
d1
"1
e1
D1
z1
81
d1
Z1
 1
_1
u1
?1
t1
c1
(1
f1
!1
X1
,1
B1
+1
{1
P1
31
_1
E1
R1
Q1
/1
d1
r1
<1
61
C1
61
-1
S1
k1
+1
L1
;1
h1
U1
/1
51
#1
%1
c1
&1
T1
f1
I1
?1
Z1
B1
K1
N1
|1
Y1
>1
r1
;1
p1
/1
D1
p1
U1
81
51
<1
 1
,1
(1
T1
P1
?1
g1
S1
=1
_1
y1
l1
K1
.1
_1
.1
T1
v1
s1

1
y1
)1
71
81
u1
e1
j1
o1
g1
