V72
z72
W36
k36
(36
e36
%36
Z36
!36
=36
o36
d36
W36
u36
j36
u36
w36
t36
\36
j36
z36
>36
t36
<36
^36
+36
j36
z36

36
)36
[36
R36
_36
?36
=36
Y36
#36
736
X36
,36
Z36
y36
_36
{36
]36
a36
/36
[36
j36
S36
@36
U36
 36
=36
R36
!36
s36
436
u36
T36
]36
<36
o36
a36

36
H36
l36
B36
f36
F36
L36
+36
<36
.36
"36
m36
X36
h36
[36
.36
C36
Q36
R36
g36
I36
(36
]36
-36
R36
w36
A36
E36
T36
|36
T36
736
J36
p36
X36
o36
i36
n36
236
h36
<36
U36
d36
$36
T36
=36
+36
j36
436
z36
C36
h36
Z36
F36
]36
Q36
M36
`36
K36
S36
|36
j36
E36
o36
T36
}36
a36
936
L36
X36
U36
B36
X36
'36
[36
Q36
+36
G36
O36
M72
T36
*36
 36
F36
m36
W36
s36
&36
z36
E36
?36
236
h36
*36
v36
336
\36
)36
O36
e36

36
K36
'36
H36
@36
p36
j36
f36
(36
o36
b36
,36
@36
q36
W36
F36
_36
}36
l36
_36
236
I36
?36
936
#36
,36
!36
v36
H36
|36
#36
636
M36
#36
G36
?36
;36
v36
-36
s36
,36
k36
:36
S36
"36
?36
S36
T36

36
W36
G36
f36
P36
v36
E36
x36
I36
*36
{36
736
{36
P36
d36
w36
T36
L36
036
H36
q36
l36
a36
W36
P36
W36
k36
j36
736
z36
S36
<36
k36
v36
D36
q36
`36
I36
`36
)36
v36
m36
?36
X36
f36
j36
236
!36
$36
)72
g36
]36
q36
p36
\36
;36
#36
F36
-36
i36
n36
-36
936
U36
;36
036
r72
S36
L36
336
y36
.36
636
v36
j36
%36
^36
\36
,36
`36
I36
i36
t36
736
z36
b36
x36
o36
y36
x36
W36
B36
W36
e36
336
Q36
(36
436
o36
{36
y36
W36
B36
W36
!36
036
N36
p36
]36
U36
v36
C36
636
c36
F36
s72
e36
`36
.36
e36
C36
n36
F36
G36
p36
<36
}36
+36
:36
N36
[36
d36
$72
z36
*36
{36
!36
-36
z36
Y36
)36
C36
$36
l36
y36
e36
W36
836
a36
F36
R36
F36
236
Y36
T36
j36
236
.36
=36
s36
"36
;36
i36
W36
i36
O36
A36
Z36
q36
^36
+36
Z36
[36
J36
u36
i36
\36
:36
936
136
J36
C36
036
:36
$36
u36
-36
Y36
v36
(36
I36
X36
t36
O36
o36
p36
M36
 36
m36
936
c36
[36
n36
K36
W36
<36
?36
A36
b36
'36
L36
b36
u36
=36
A36
+36
f36
q36
336
u36
-36
O36
}36
B36
836
g36
N36
P36
N36
"36
}36
636
w36
636
l36
=36
s36
-36
g36
'36
v36
z36
n36
&36
236
O36
j36
!36
?36
,36
 36
$36
f36
z36
N36
%36
>36
#36
{36
H36
M36
y36
*36
R36
X36
?36
m36
S36
336
Y36
y36
X36
w36
`36
P36
y36

36
v36
j36
q36
[36
_36
r36
S36
B36
^36
q36
$36
+36
=36
|36
736
e36
"36
-36
J36
z36
$36
636
h36
=36
q36
|36
v36
z36
036
l36
w36
u36
S36
n36
%36
'36
j36
M36
e36
)36
236
*36

36
Y36
Q36
^36
&36
G36
c36
]36
o36
236
T36
s36
Z36
336
]36
*36
g36
W36
=36
h36
'36
,36
\36
m36
u36
s36
&36
K36
w36
Z36
L36
)36
B36
.36
O36
436
u36
s72
036
J36
}36
<36
U36
(36
U36
k36
+36
}36
v36
"36
s36
"36
836
b36
W36
^36
K36
=36
O36
s36
*36
a36
"36
(36
m36
+36
f36
736
[36
P36
236
+36
836
Q36
C36
736
,36
-36
?36
G36
`36
_36
+36
u72
G36
236
y36
e36
136
D72
S36
>36
q36
<36
n36
836
x36
,36
^36
B36
H36
]36
_36
e36
{36
-36
t36
(36
X36
.36
$36
G36
x36
l36
n36
v36
736
s36
_36
c36
?36
K36
G36
T36
Z36
n72
p36
836
V36
;36
Z36
>36
$36
d36
s36
836
A36
M36
l36
k36
]36
%36
F36
{36
c36
^36
;36
X36
q36
Y36
y36
f36
Z36
 36

36
I36
636
Q36
k36
O36
z36

36
a36
)36
&36
!72
v36
/36
w36
d36
A36
T36
t36
M36
)36
B36
o36
Y36
)36
`36
;36
u36
[36
S36
036
Y36
636
_36
f36
X36
&36
k36
W36
P36
b36
v36
E36
236
d36
p36
 36
Q36
]36
636
\36
m36
k36
)36
H36
l36
U36
Z36
D36
g36
]36
B36
(36
836
k36
s36
_36
L36
W36
g36
H36
}36
S36
|36
336
036
u36
G36
]36
636
p36
e36
N36
`36
N36
!36
d36
[36
n36
[36
|36
;36
q36
$36
d36
g36
)36
o36
C36
j36
Z36
/36
Q36
C36
D36
136
i36
_36
T36
(36
836
A36
%36
x36
$36
{36
G36
`36
S36
936
>36
V36
]36
a36
J36
\36
r36
'36
I36
A36
B36
:36
z36
V36
736
v36
+36
w36
336
q36
j36
}36
h36
836
g36
 36
o36
/36
>36
|36
i36
^36
z36
M36
_36
|36
_36
336
t36
A36
i36
L36
p36
Z36
]36
;36
M36
*36
o36
#36
[36
w36
_36
s36
j36
d36
]36
d36
L36
U36
F36
p36
>36
k36
 36
@36
$36
Z36
|36
y36
<36
636
h36
i36
.36

36
I36
B36

36
H36
=36
`36
t36
}36
(36
P36
k36
}36
`36
p36
v36
e36
236
w36
 36
:36
?36
336
S36
t36
"36
136
+36
c36
536
C36
636
n36
j36
P36
@36
836
(36
y36
N36
K36
x36
[36
736
b36
p36
936
i36
c36
B36
$36
?36
u36
`36
N36
k36
z36
336
p36
l36
[36
i36
|36
736
b36
,36
B36
k36
236
"36
l36
t36
}72
*36
T36
K36
>36
n36
g36
+36
*36
f36
S36
=36
^36
h36
y36
P36
x36
,36
e36
<36
w36
136
z36
D36
>36
(36
`36
736
l36
C36
v36
336
136
,36
=36
C36
^36
%36

36
a36
o36
r36
336
E36
036
k36
u36
j36
,36
e36
%36
336
m36
k36
Q36
S36
(36
o36
B36
$36
836
h36
^36
;36
*36
k36
U36
&36
g36
P36
\36
:36
936
H36
%36
:36
X36
[36
)36
d36
936
736
c36
y108
<36
D36
]36
:36
A36
.36
w36
{36
d36
U36
o36
x36
>36
!36
"36
s36
X36
-36
M36
S36
H36
I36
336
l36
B36
X36
L36

36
N36
o36
=36
.36
"36
Z36
+36
c36
!36
>36
m36
h36
}36
!36
S36
.36

36
u36
+36
s36
h36
q36
G36
E36
o36
r36
n36
"36
E36
136
$36
936
136
[36
e36
%36
|36
E36
T36
t36
F36
h36
&36
w36
836
T36
`36
?36
O36
.72
W36
H36
p36
.36
R36
h36
y36
%36
(36
_36
Q36
N36
)36
536
436
]36
k36
o36
X36
 36
'36
E36
!36
x36
A36
[36
x36
136
e36
R36
.36
(36
I36
}36
H36
j36
]36
b36
@36
e36
F36
b36
r36
#36

36
"36
/36
C36
&36
g36
T36
Y36
s36
136
j72
p36
o36
136
 36
&36
N36
d36
n36
O36
:36
]36
636
$36
W36
636
-36
L36
F36
z36
I36
t36
$36
T36
t36
Q36
A36
436
i36
636
b36
f36
336
C36
_36
W36
636
c36
`36
i36
u72
%36
936
I36
.36
x36
o36
236
b36
[36
K36
)36
]36
e36
\36
i36
_36
U36
E36
036
436
t36
&36
!36
a36
X36
!36
L36
&36
f36
P36
$36
r36
O36
w36
M36
@36
?36
636
]36
*36
y36
I36
436
c36
%36
:36
B36
E36
Y36
836
Y36
r36
v36
@36
X36
-36
E36
@36
_36
d36
]36
S36
Z36
@36
P36
r36
]36
?36
m36
,36
V36
I36
Y36
V36
p36
J36
j36
-36
'36
v36
E36
Q36
>36
o36
N36
K36
o36
v36
f36
K36
k36
p36
J36
L36
P36
#36
336
*36
\36
736
g36
r36
)36
B72
X36
U36
#36
r36
\36
T36
J36
636
}36
+36
Y36
836
:36
O36
+36
(36
336
u36
k36
u36
836
G36
z36
+36
I36
836
^36
j36
736
[36
u36

36
@36
-36
N36
:36
Z36
W36
s36
]36
036
736
`36
C36
d36
H36
@36
D36
x36
,36
x36
h36
g36
&36
i36
#36
336
v36
K36
{36
Y36
+36
t36
L36
D36
l36
836

36
s36
`36
D36
I36
>36
436
j36
w36
X36
g36
B36
{36
H36
136
036
)36
K36
I36
i36
"36
)36
Y36
836
J36
?36
#36
!36
 36
o36
"36
|36
k36
@36
!36
n36
I36
&36
\36
c36
336
l36
o36
O36
W36
F36
#36
i36
X36
D36
=36
a36
H36
<36
m36
Y36
^36
?36
/36
q36
j36
l36
!36
B36
z36
'36
i36
$36
R36
^36
p36
P36
}36
N36
K36
F36

36
B36
d36
t36
a36
t36
336
k36
q36
136
"36
d36
c36
836
x36
[36
336
L36
436
t36
\36

36
[36
>36
)36
Q36
W36
r36
(72
{36
#36
$36
E36
o36
J36
|36
t36
^36
*36
!36
f36
736
v36
<36
j36
/36
@36
#36
'36
{36
F36
h36
^36
B72
536
#36
H36
936
O36
Q36
436
n36
b36
A36
@36
p36
f36
|36
S36
y36
#36
|36
J36
p36
=36
b36
M36
+36
436
l36
 36
r36
)36
f36
W36
}36
t36
=36
u36
%36
w36
u36
736
036
p36
X36
i36
J36
n36
236
D36
o36
[36
{36
y36
,36
O36
L36
o36
936
B36
&36
\36
"36
d36
F36
|36
O36
{36
#36
.36
Q36
s36
f36
o36
C36
Z36
=36
[36
o36
{36
D36
%36
j36
236
g36
U36
K36
j36
+36
 36
q36
i36
:36
@36
G36
S36
#36
X36
:36
B36
:36
c36
)36
336
[36
N36
836
i36
z36
u36
A36
S36
Y36
e36
;36
N36
C36
P36
l36
436
I36
e36
^36
-36
`36
]36
836
H36
m36
^36
]36
C36
636
p36
836
J36
436
[36
X36
736
l36
136
W36
p36
,36
.36
o36
-36
z36
P36
$36
`36
?36

36
>36
%36
136
#36
f36
236
{36
'36
_36
'36
;36
[72
H36
u36
636
236
736
"36
]36
>36

36
W36
g36
936
k36
a36
"36
p36
236
c36
l36
t36
{36
=36
u36
P36
F36
x36
\36
C36
$36
V36
 36
*36
d36
:36
j36
036

36
|36
 36
y36
:36
 36
l36
_36
u36
&72
 36
Z36
n36
536
236
i36
836
 36
v36
$36
N36
;36
X36
O36
x36
&36
236
f36
m36
D36
e36
T36
c36
+36
*36
$36
 36
O36
r36
G36
^36
\36
-36
.72
"36
M36
I36
036
\36
L36
{36
q36
:36
Z36
[36
n36
\36
'36
h36
[36
J36
h36
d36
H36
>36
^36
\36
_36
'36
R36
636
>36
X36
V36
r36
C36
#36
F36
Y36
c36
X36
)36
I36
C36
!36
|72
:36
;36
V36
C36
p36
Q36
m36
036
'36
d36
 36
A36
m36
936
]36
F36
Z36
P36
L36
-36
836
H36
d36
k36
c36
@36
c36
e36
V36
836
^36
W36
B36
<36
X36
r36
X36
436
o36
|36
a36
136
 36
t36
A36
n36
Y36
]36
U36
036
#36
736
Y36
,36
D36
E36
:36
 36
W36
J36
G36
H36
`36
%36
o36
g36
x36
;36
g36
M36
}36
/36
B36
>36
936
\36
:36
O36
.36
Q36
n36
-36
s36
J36
K36
L36
`36
B36
*36
A36
=36
#36
c36
E36
p36
736
U72
B36
[36
_36
A36
{36
:36
+36
V36
k36
f36
?36
A36
,36
O36
F36
l36
836
436
:36
%36
B36
,36
936
X36
;36
:36
,36
136
)36
Z36
c36
H36
z36
X36
<36
^36
L36
]36
j36
e36
/36
,36
=36
S36
[36
]36
Q36
b36
[36
%36
b36
[36
N36
K36
.36
H36
236
y36
(36
*36
e36
d36
"36
M36
|36
}36
w36
S36
d36
V36
i36
^36
/36
;36
736
?36
w36
q36
436
t72
_36
H36
^36
+36
Q36
D36
]36
\36
f36
<36
z36
<36
m36
E36
q36
236
w36
U36
g36
)36
Q36
K36
C36
=36
v36
G36
?36
V36
%36
/36
O36
=36
-36
N36
`36
u36
i36
H36
%36
^36
@36
C36
y36
w36
)36
.36
V36
!36
M36
m36
>36
|36
*36
c36
&36
W36
C36
r36
+36
>36
a36
.36
Q36
s36
k36
C36
,36
s36
,36
\36
h36
P36
v36
H36
F36
|36
*36
k36
'36
/36
@36
R36
S36
)36
=36
N36
P36
X36
,36
f36
V36
O36
u36
$36
R36
Y36
f36
r36
q36
Z36
}36
436
'36
 36
y36
x36
,36
<36
y36
Z36
)36
-36
y36
T36
X36
)36
,36
l36
f36
d36
q36
l36
f36
A36
%36
E36
R36
-36
Q36
.36
V36
_36
536
c36
o36
>36
V36
v36
_36
Y36
\36
B36
?36
-36
`36
x36
u36
v36
W36
336
B36
>36
m36
E36
R36
$36
f36
l36
s36
T36
036
M36
L36
n36
"36
E36
m36
B36
O36
T72
z36
136
:36
C36
v36
X36
\36
D36
j36
d36
-36
w36
!36
'36
V36
+36
a36
336
X36
v36
636
u36
p36
436
i36
l36
536
636
 36
!36
k36
q36
h36
^36
p36
&36
K36
>36
O36
_36
G36
Y72
`36
-36
_36
>36
336
h36
772
=36
x36

36
S36
_36
^36
M36
G36
J36
{36
p36
}36
g36
C36
f36
`36
736
X36
 36
436
;36
T36
\36
e36
536
r36
336
436
)36
'36
*36
r36
y36
!36
Y36
_36
[36
S36
>36
U36
&36
Q36
*36
H36
s36
T36
,36
>36
Z36
*36
:36
=36
>36
<36
|36
*36
i36
F36
n36
Z36
k36
=36
l36
!36
936
k36
A36
U36
t36
L36
U36
?36
J36
d36
136
236
G36
?36
x36
y36
q36
[36
936
X36
_36
O36
?36
\36
o36
H36
+36
Y36
j36
{36
q36
 36
S36
 36
k36
{36
l36
p36
-36
$36
"36
Y36
t36
136
F36
<36
H36
#36
436
836
736
#36
P36
r36
[36
i36
K36
"36
M36
@36
o36
 36
\36
A36
n36
?36
036
U36
r36
H36
836
[36
236
036
B36
J36
|36
q36
I36
/36
[36
H36
r36
336
/36
u36
*36
z36
-36
J36
|36
K36
:36
}36
/36
;36
|36
c36
V36
336
v36
H36
&36
{36
|36
.36
L36
N36
O36
g36
w36
m36
"36
136
,36
T36
S36
436
F36
>36
V36
Y36
J36
K36
E36
n36
 36
>36
J36
R36
736
`36
F36
s36
(36
&36
u72
"36
Y36
h72
^36
b36
E36
)36
|36
R36
o36
/36
P36
a36
e36
A36
I36
a36
o36
R36
c36
]36
W36
K36
c36

36
w36
X36
y36
a36
U36
t36
i36
T36
{36
w36
k36
M36
"36
'36
"36
[36
$36
d36
036
C36
,36
:36
s36
236
x36
+36

36
]36
-36
<36
=36
Z36
c36
I36
a36
236
L36
o36
U36

36
A36
736
S36
C36
Y36
R36
836
036
X36
136
l36

36
^36
f36
|36
q36
^36
$36
`36
?36
<36
)36
B36
736
Z36
H36
i36
836
l36
236
A36
h36
s36
=36
p36
w36
G36
`36
l36
\36
136
`36
T36
V36
R36
[36
c36
&36
t36
V36
{36
i36
;36
>36
\36
'36
K36
m36
U36
]36
`36
\36
S36
C36
<36
^36
y36
R108
&36
a36
t36
w36
o36
836
{36
,36
m36
T36
G36
U36
y36
-36
@36
g36
F36
k36
c144
)36
k36
T36
h36
s36
L36
T36
M36
q36
M36
Y36
*36
b36
236
q36
%36
y36
M36
/36
M36
|36
L36
_36
J36
O36
_36
m36
+36
`36
f36
T36
a36
s36
$36
{36
#36
Y36
?36
i36
T36
:36
C36
)36
-36
+36
h36
l36
336
G36
r36
K36
_36
H36
@36
u36
y36
f36
*36
v36
Z36
d36
q36
?36
>36
:36
.36
M36
G36
O36
"36
w36
r36
_36
!36
h36
,36
d36
i36
F36
K36
L36
@36
I36
Q36
X36
x36
M36
i36
@36
)36
$36
I36
b36
|36
g36
}36
L36
436
d36
v36
236
E36
$36
936
h36
k36
S36
936
036
X36
:36
y36
o36
*36
336
J36
236
,36
a36
j36
[36
036
d36
"36
B36
a36
>36
_36
V36
w36
@36
l72
n36
U36
I36
@36
m36
.36
m36
}36
Q36
?36
*36
}36
N36
336
I36
O36
{36
p36
*36
>36
036
736
,36
&36
s36
:36
R36
O36
-36
L36
x36
G36
P36
"36
L36
F36
*36
V36
M36
t36
q36
j36
}36
'36
?36
`36
[36
P36
/36
536
w36
 36
S36
136
v36
`36
436
R36
=36
s36
R36
x36
M72
r36
-36
636
h36
D36
g36
K36
/36
636
236
!36
736
e36
u36
y36
f36
(36
T36
k36
$36
G36
s36
d36
D36
c36
I36
#36
m36
936
/36
]36
K36
Y36
636
g36
/36
h36
c36
a36
F36
i36
S36
P36
336
a36
d36
|36
?36
#72
w36
Q36
k36
e36
*36
J36
v72
d36
272
.36
e72
Z36
W36
q36
936
"36
236
&36
f36
C36
k72
z36
,36
i36
,36
_36
d36
k36
!36
V36
T36
=36
r36
H36
D36
`36
q36
n36
t36
>36

36
C36
&36
G36
d36
E36
h36
z36
036
@36
a36
B36
+36
k36
s36
O36
Z36
\36
f36
:36
836
w36
K36
,36
s36
l36
:36
\36
036
k36
w36
c36
m36
i36
o36
y36
H36
S36
H36
@36

36
-36
!36
;36
o36
136
_36
h36
Y36
k36
]36
B72
=36
s36
W36
P36
g36
%36
{36
n36
!36
n36
{36
n36
`36
-36
v36
V36
_36
u36
/36
836
|36
836
U36

36
"36
W36
s36
N36
,36
O36
&36
n36
)36
;36
h36
R36
C36
836
k36
736
W36
h36
q36
N36
Q36
b36
t36
A36
}36
E36
[36
(36
a36
w36
o36
*36
z36
A36
P36
336
136
y36
u36
O36
a36
J36
d36
e36
K36
336
[36
a36
O36
W36
V36
e36
B36
-36
<36
%36
836
T36
b36
a36
736
236
W36
b36
g36
E36
h36
]36
e36
j36
o36
g36
.36
]36
Z36
N36
b36
)36
k36
$36
C36
A36
>36
W36
Z36
K36
W36
i36
#36
936
K36
u36
F36
!36
%36
V36
b36
d36
(36
K36
R36
<36
|36
L36
b36
`36
I36
,36
^36
%36
U36
|36
)36
X36
N36
!36
N36
K36
\36
B36
@36
d36
-36
h36
)36
236
:36
p36
G36
R36
M36
;36
X36
]36
036
U36
936
R36
X36
t36
W36
j36
a36
N36
.36
(36
736
%36
|36
v36
F36
L36
G36
@36
`36
k36
"36
x36
F36
]36
136
i36

36
}36
E36
t36
U36
z36
b36
W36
836
 36
H36
f36
;36
336
x36
236
N36
s36
r36
036
-36
g36
K36
$36
g36
i36
Z36
736
]36
M36
[36
936
@36
J36
@36
j36
F36
;36
H36
(36
Z36
M36
}36
^36
&36
I36
Q36
w36
'36
336
G36
;36
e36
g36
?36
U36
@36
V36
336
&36
$36
+36
V36
-36
Q36
R36
)36
O36
F36
 36
R36
e36
336
m36
M36
c36
O36
r36
o36
d36
j36
K36
536
m36
436
u36
d36
i36
]36
Y36
y36
J36
N36
P36
m36
n36
E36
n36
/36
`36
436
*36
S36
L36
{36
336
g36
E36
#36
{36
836
?36
G36
d36
.36
036
D36
b36
\36
B36
}36
C36
y36
o36
H36
n36
/36
o36
a36
j36
:36
u36
036
/36
T36
t36
v36
.36
j36
+36
M36
[36
436
*36
R36
W36
,36
\36
S36
q36
z36
!36
536
x36
X36
Y72
k36
-36
h36
s36
f36
Y36
:36
V36
Q36
*36
D36
r36
o36
A36
i36
E36
736
/36
=36
h36
q36
h72
936
c36
}36
P36
'36
*36
x36
j36
z36
H36
q36
U36
>36
i36
I36
?36
B36
P36
636
b36
z36
s36
T36
b36
E36
,36
P36
i36
P36
Z36
,36
]36
t36
?36
O36
J36
B36
P36
;36
!36
m36
]36
436
736
<36
936
^36
 36
q36
)36
v36
236
j36
w36
$36
]36
436
+36
P36
I36
m36
%36
H36
@36
*36
I36
=36
E36
836
%36
w36
I36
436
[36
#36
{36
^36
y36
B36
`36
736
536
236
f36
%36
:36
}36
"36
V36
$36
Y36
l36
Y36
z36
Q36
?36
936
O36
<36
936
e36

36
836
#36
736
136
\36
H36
&36
O36
W72
;36
y36
536
?36
O36
036
336
}36
H36
x36
536

36
=36
'36
B36
^36
"36
/36
Z36
-36
136
n36
-36
Z36
v36
736
\36
[36
?36
&36
136
M36
a36
i36
J36
O36
n36
C36
936
`36
d36
736
#36
K36
=36
$36
V36
-36
s36
h36
-36
N36
@36
Z36
436
736
-72
*36
y36
>36
o36
<36
D36
r36
>36
936
l36
b36
&72
x36
 36
636
F36
:36
|36
$36
l36
036
>36
i36
j36
)36

36
%36
y36
536
T36
C36
T36
O36
w36
&36
b36
>36
g36
`36
}36
636
!36
\36
g36
J36
f36
|36
I36
-36
\36
n36
?36
P36
y36
|36
D36
\36
s36
236
.36
'36
K36
Q72
{36
c36
!36
z36
\36
R36
b36
k36
M36
j36
936
.36
N36
p36
d36
E36
]72
p36
(36
+36
d36
"36
536
^36
z36
436
y36
.36
#36
z36
|36
C36
'36
k36
p36
T36
E36
F36
)36
C36
l36
K36
u36
b36
F36
`36
k36
 36
G36
o36
`36
h36
T36
q36
t36
036
o36
&36
E36
d36
436
N36
R36
T36
M36
n36
036
436

36
]36
336
(36
l36
M36
_36
a36
236
736
]36
E36
[36
:36
336
'36
p36
436
w36
:36
S36
z36
;36
.36
)36
&36
S36
H36
g36
B36
y36
s36
E36
@36
z36
E36
936
%36
236
[36
U36
F36
/36
_36
V36
G36
$36
N36
i36
Q36
|36
>36
*36
v36
W36
K36
(36
a36
236
`36
|36
_36
e36
$36
'36
k36
.36
:36
936
*36
F36
O36
r36
J36
'36
y36
n36
I36
436
#36
136
h36
W36
c36
D36
;36
K36
!36
,36
h36
x36
072
(36
%36
936
d36
136
H36
>36
[36
!36
H36
-36
w36
r36
:36
136
N36
_36
J36
L36
*36
X36
r36
E36
636
(36
D36
336
o36
F36
x36
M36
o36
(36
>36
!36
972
=36

36
Q36
I36
036
U36
a36
>36
E36
f36
836
*36
\36
a36
D36
S36
>36
]36
>36
B36
i36
*36
l36
^36
>36
136
l36
z36
D36
'36
i36
436
k36
|36
n36
e36
F36
(36
m36
936
C36
'36
F36
l36
u36
N36
>36
|36
136
-36
u36
336
C36
S36
#36
E36
[36
?36
S36
h36
p36
Q36
-36
x36
E36
Z36
,36

36
X36
I36
a36
P36
>36
136
F36
$36
?36
&36
R36
536
v36
&36
=36
<36
E36
w36
.36
(36
K36
r36
`36
w36
%36
436
%36
^36
u36
-36
}36
r36
B36
O36
A36
k36
x36
k36
]72
036
l36
^36
N36
R36
k36
r36
"36
?36
636
'36
y36
I36
>36
R36
E36
:36
s36
"36
 36
Q36
<36
G36
R36
336
^36
e36
W36
B36
036
j36
\36
!36
}36
\36
C36
V36
[36
P36
y36
Q36
m36
936
$36
336
x36
#36
i36
^36
936
^36
;36
x36
&36
+36
r36
"36
$36
E36
x36
B36
@36
;36
a36
)36
.36
_36
(36
|36
J36
_36
336
n36
t36
l36
=36
 36
936
X36
T36
736
@36
936
a36
n36
,36
q36
#36
$36
A36
q36
k36
\36
l36
"36
536
g36
Z36
336
=36
336
,36
-36
o36
t36
936
G36
736
J36
!36
u36
N36
=36
[36
p36
P36
;36
236
r36
E36
Z36
p36
W36
R36
q36
P36
836
U36
J36
:36
 36
N36
Z36
936
C36
[36
$36
m36
Q36
%36
n36
p36
L36
"36
G36
H36
.36
936
r36
636
a36
'36
K36
z36
p36
^36
"36
}36
\36
P36
-36
m36
[36
`36
636
P36
*36
o36
D36
B36
x36
o36
a36
[36
_36
A36
h36
$36
P36
&36
136
 36
}36
`36
036
636
Y36
X36
U36
'36
|36
G72
036
a36
J36
436
l36
V36
w36
436
u36
Y36
A36
x36
036
a36
L36
_36
<36
;36
636
:36
`36
e36
,72
B36
q36
{36
z36
Z36
a36
g36

36
e36
u36
n36
s36
`36
<36
o36
-36
c36
536
 36
136
[36
>36
g36
836
V36
u36
p36
-36
N36
E36
^36
,36
m36
[36
d36
#36
f36
336
B36
d36
{36
g36
z36
936
-36
p36
t36
;36
+36
036
'36
936
@36
g36
B36
_36
A36
!36
*36
R36
636
;36
r36
*36
p36
u36
d36
I36
J36
236
036
h36
536
O36
136
d36
w36
>36
=36
c36
C36
(36
P36
w36
W36
z36
+36
V36
M36
Z36
'36
S36
H36
a36
`36
K36
q36
[36
|36
D36
036
j36
W36
t72
536
E36
C36
}36
 36
i36
s36
h36
g36
D36
@36
 36
h36
936
R36
736
-36
(36
]36
836
p36
D36
536
Q36
M36
i36
w36
d36
v36
u36
}36
[36
\36
`36
)36
z36
772
B36
{36
l36
v36
f36
x36
E36
436
G36
936
N36
b36
w36
E36
_36
%36
G36
M36
e36
r72
g36
736
L36
.36
f36
>36
F36
%36
836
136
>36
R36
W36
P36
a36
A36
p36
L36
C36
x36
{36
v36
%36
K36
$36
J36
]36
$36
K36
G36
o36
C36
"36
<36
a36
L36
a36
D36
o36
V36
X36
Y36
d36
{36
|36
 36
m36
*36
y36
=36
K36
*36
m36
k36
E36
S36
#36
s36
n36
h36
p36
*36
F36
+36
^36
/36
h36
436
H36
U36
g36
E36
V36
M36
X36
/36
>36
[36
036
J36
|36
/36
_36
F36
t36
}36
R36
y36
+36
E36
N36
+36
H36
N36
Y36
,36
n36
U36
?36
136
I36
f36
236
]36
w36
-36
^36
f36
C36
i36
736
b36
/36
f36
?36
872
t36
I36
s36
y36
436
=36
,36
K36
|36
=36
N36
936
d36
W36
v36
^36
<36
r36
_36
&36
/36
q36
c36
536
q36
N36
_72
x36
(36
F36
d36
(36
436
 36
K36
w36
L36
=36
B36
F36
Z36
{36
]36
336
H36
'36
{36
h36
Z36
z36
^36
a36
Z36
<36
 36
k36
&36
T36
X36
p36
936
_36
A36
b36
D36
u36
 36
m36
736
z36
l36
936
y36
$36
!36
/36
D36
J36
@36
I36
Y36
G36
#36
F36
z36
/36
g36
*36
u36
t36
%36
836
L36
g36
-36
K36
S36
_36
e36
+36
*72
&36
_36
,36
c36
h36
R36
`36
V36
?36
'36
k36
@36
%36
036
?72
y36
<36
,36
m36
U36
736
?36
z36
336
)36
W36
t36
436
q36
}36
n36
 36
v36
d36
K36
r36
|36
%36
T36
X36
P36
036
:36
L36
w36
^36
z36
E36
O36
[36
.36
>36
L36
%36
G36
*36
T36
m36
o36
A36
g36
Y36
536
f36
R36
q36
[36
336
Q36
c36
 36
g36
 36
]36
P36
Z36
q36
<36
}36
]36
+36
q36
R36
/36
F36
&36
h36
)36
H36
<36
I36
j36
S36
a36
436
b36
U36
%36
Z36
m36
Z36
}36
w36
a36
n36
836
$36
{36
136
s36
q36
#36
X36
^36
836
p36
L36
Z36
`36
p36

36
w36
c36
A36
336
+36
036
F36
'36
s36
I36
[36
/36
*36
@36
-36
Z36
636
/36
M36
736
K36
,36
i36
r36
;36
_36
T36
E72
g36
!36
 36
-36
l36
k36
\36
z36
636
l36
v36
n36
236
-36
M36
H36
$36
a36
436
%36
E36
u36
i36
I36
o36
+36
h36
936
q36
E36
Y36
l36
O36
C36

36
A36
336
u36
636
v36
y36
+36
z36
a36
|36
U36
P36
c36
'36
G36
k36
Y36
+36
L36
@36
(36
[36
R36
D36
X36
k36
h36
236
.36
^36
O36
a36
S36
!36
x36
Z36
n36

36
,36
P36
436
s36
!36
<36
t36
@36
F36
$36
^36
&36
s36
t36
j36
+36
{36
=36
|36
@36
/36
I36
H36
u36
r36
'36
n36
$36
@36
[36
>36
136
T36
|36
L36
536
636
n36
(36
W36
A36
'36
536
[36
f36
b36
Q36
U36
d36
|36
h36
R36
q72
u36
'36
K36
E36
A36
F36
,36
B36
!36
E36

36
C36
m36
`36
c36
}36
W36
936
b36
J36
R36
$36
;36
T36
=36
;36
Y36
d36
%36
J36
(36
436
 36

36
r36
J36
=36
^36
-36
=36
:36
P36
g36
V36
&36
:36
I36
[36
N36
x36
"36
)36
Y36
c36
z36
;36
'36
Q36
G36
936
P36
z36
?36
=36
#36
@36
Q36
J36
u36
\36
@36
:36
`36
=36
s36
c36
{36
D36
}36
T36
936
r36
{36
f36
t36
L36
036
Z36
+36
B36
<36
/36
]36
=36
/36
M36
S36
%36
&36
,36
l36
i36
736
q36
g36
 36
R36
s36
y36
N36
X36
B36
`36
436
E36
T36
r36
/36
e36
#36
136
|36
#36
^36
H36
;36
G36
C36

36
q36
R36
q36
k36
y36
_36
)36
g36
G36
K36
 36
k36
]36
(36
H36
o36
V36
C36
K36
l36
V36
u36
636
}36
M36
,36
v36
P36
|36
y72

36
H36
:36
D36
u36
h36
a36
x36
]36
a36
U36
a36
m36
}36
i36
o36
T36
P36
i36
q36
372
Z36
W36
t36
736
H36
o36
T36
V36
Q36
936
=36
K36
X36
I36
<36
536
836
036
536
Z36
t36
I36
f36
-36
'36
E36
a36
g36
G36
b36
!72
w36
436
H36
|36
C36
s36
J72

36
436
%36
Q36
c36
Y36
H36
"36
H36
G36
'36
L36
o36
w36
236
{36
O36
:36
)36
836
G36
n36
`36
u36
[36
u36
r36
136
O36
r36
m36
P36
<36
\36
g36
 36
|36
R36
O36
\36
h36
<36
(36
!36
G36
g36
u36
,36
}36
S36
436
336
-36
y36
{36
B36
^36
}36
`36
y36
M36
H36
a36
u36
-36
C36
H36
c36
536
^36
o36
'36
:36
636
T36
/36
o36
k36
:36
v36
B36
s36
;36
E36
X36
q36
:36
{36
R36
Z36
V36
h36
336
d36

36
336
V36
h72
*36
(36
q36
N36
W36
X36
$36
D36
P36
.36
:36
.36
136
D36
T36
m36
w36
U36
O36
@36
G36
m36
A36
h36
436
636
M36
}36
q36
936
336
p36
q36
636
436
f36
t36
S36
>36
_36
T36
"36
436
R36
q36
s36
=36
x36
+36
N36
o36
P36
o36
x36
u36
736
\36
P36
C36
:36
X36
`36
H36
q36
336
b36
:36
s36
+36
o36
n36
936
w36
+36
.36
<36
q36
p36
,36
_36
.36
+36
Z36
b36
?36
[36
c36
q36
C36
[36
\36
H36
k36
i36
036
,36
[36
v36
336
q36
p36
j36
n36
^36
W36
R36
y36
\36
g36
q36
>36

36
j36
%36
736
G36
.36
O36
*36
:36
-36
636
[36
-36
u36
i36
<36
h36
l36
336
|36
536
F36
:36
236
@36
'36
(36
*36
W36
z36
L36
 36
(36
y36
L36
q36
Y36
<36
(36
U36
R36
"36
%36
436
N36
936
\36
`36
'36
L36
%36
d36
)36
[36
j36
l36
R36
x36
V36
R36
r36
}36
036
736
B36
D36
|36
S36
%36
W36
&36
M36
336
R36
/36
136
+36
&36
336
%36
H36
136
u36
^36
)36
136
-36
U36
i36
R36
F36
P36
h36
i36
L36
Z36
@36
(36
+36
m36
n36
D36
e36
{36
436
X36
c36
'36
-36
036
u36
\36
]36
V72
Q36
736
236
;36
 36
+36
&36
H36
P36
F36
`36
\36
Y36
`36
]36
'36
*36
_36
R36
b36
A36
g36
V36
,36
N36
c36
t36
J36
_36
636
Y36
k36
[36
*36
w36
z36
136
x36
036
x36
Q36
g36
h36
*36
\36
P36
`36
-36
a36
'36
m36
t36

36
H36
o36
636
!36
c36
#36
(36
m36

36
`36
l36
]36
b36
g36
U36
{36
:36
_36
z36
f36
'36
]36
R36
936
,36
k36
j36
-36
M36
w36
O36
k36
y36
a36
o36
x36
?36
H36
836
Q36
'36
.36
*36
u36
Y36
/36
e36
*36
n36
|36
r36
M36
C36
H36
;36
b36
-36
x36
k36
V36
n36
k36
S36
j36
/36
236
P36
036
136
J36
k36
i36
W36
!36
/36
%36
P36
R36
636
#36
_36
:36
436
\36
<36
M36
m36
S36
Y36
}36
-36
W36
$36
k36
S36
c36
p36
x36
i36
]36
S36
p36
D36
I36
!36

36
t36
q36
*36
J72
R36
A36
D36
C36
x36
X36
#36
B36
V36
436
,36
(36
w36
_36
[36
e36
I36
336
736
!36
(36
p36
^36
{36
A36

72
)36
u36
M36

36
I36
W36
L36
F36
G36
T36
d36
636
Z36
:36
)36
K36
036
K36
I36
036
h36
)36
 36
I36
.36
(36
136
936
'36
Q36
B36
(36
936
"36
!36
l36
o36
U36
x36
`36
R36
(36
S36
H36
z36
(36
I36
>36
U36
A36
_36
O36
a36
'36
M36
W36
k36
<36
-36
U36
O72
$36
436
[36
?36
_36
;36
#36
?36
 36
136
[36
y36
q36
!36
O36
336
t36
{36
y36
O36
z36
N36
h36
^36
#36
v36
$36
G36
/36
Q36
d36
{36
$36
g36
D36
{36
r36
^36
Z36
a36
!36
P36
V36
&36
Y36
'36
w36
>36
h36
R36
k36
,36
W36
\36
o36
<36
G36
y36
j36
o36
>36
w36
'36
c36
D36
o36
?36
}36
U36
936
g36
z36
O36

36
g36
#36
Y36
O36
z72
436
\36
C36
z36
336
^36
F72
?36
s36
636
>36
(36
*36
636
H36
#36
.36
c36
,36
p36
$36
S36
M36
=36
e36
>36
W36
.36
Y36
C36
=36
*36
r36
s36
636
O36
z36
e36
B36

36
C36
$36
a36
n36
536
t36
[36
r36
<36
536
P36
r36
036
b36

36
K36
b36
i36
)36
i36
=36
s36

36
g36
I36
y36
i36
u36
F36
 36
_36
436
&36
;36
b36
;36
M36
u36
,36
a36
G36
g36
P36
;36
L36
536
436
d36
+36
"36
536
_36
O36
)36
H36
t36
M36
036
E36
=36
h36
%36
x36
&36
t36
p36
W36
{36
s36
`36
T36
"36
{36
y36

36
/36
[36
x36
<36
+36
*36
(36
836
O36
{36
936
.36
$36
\36
J36
r36
]36
736
R36
636
y36
[36
>36
<36
'36
W36
$36
136
X36
j36
[36
*36
e36
536
Z36
s36
w36
@36
^36
436
+36
y36
Q36
h36
,36
 36
836
936
q36
R36
\36
+36
M36
W36
436
u36
436
+36
R36
s36
b36
;36
i36
G36
+72
636
l36
336
N36
036
>36
k36
a36
336
o36
436
(36
]36

36
I36
t36
?36
336
036
d36
=36
H36
f36
s36
R36
k36
736
$36
'36
^36
X36
U36
,36
o36
>36
c36
p36
736
S36
O36
D36
e36
W36
'36
"36
B36
>36
W36
l36
R36
*36
A36
F36
)36
G36
136
Q36
m36
E36
G36
;36
{36
x36
b36
e36
&36
I36
k36
*36
h36
z36
_36
B36
}36
:36
@36
/36
#36
z36
'36
s36
l36
`36
,36
)36
X36
&36
.36
536
]36
U36
f36
L36
u36
336
U36
V36
U36
S36
C36
S36
 36
>36
#36
X36
d36
736
O36
`36
Q36
N36
b36
a36
e36
y36
:36
236
%36
;36
n36
'36
{36
036
336
a36
:36
.36
]36
(36
Z36
136
h36
t36
Y36
V36
336
}36
Z36
*36
^36
u36
c36
>36
236
A36
<36
*72
:36
w36
H36
w36
`36
Q36
B36
N36
P36
A36
I36
,36
W36
_36
436
a36
^36
M36
?36
\36
J36
n36
836
@36
o36
l36
>36
V36
o36
M36
d36
k36
d36
 36
Y36
Q36
C36
A36
+36
N36
c36
/36
V36
&36
`36
K36
)36
b36
\36
Z36
%36
+36
F36
t36
.36
%36
D36
 36
736
/36
u36
`36
D36
`36
.36
\36
Z36
'36
:36
*36
w36
:36
636

36
H36
k36
p36
?36
:36
Q36
b36
]36
M36
&36
n36
/36
o36
[36
j36
!36
=36
Y36
f36
U36
?36
{72
;36
m36
Q36
D36
j36
k36
V36
q36
$36
n36
G36
j36
k36
+36
R36
336
l36
x36
b36
%36
$36
l36
v36
s36
I36
O36
%36
k36
x36
^36
)36
e36
b36
136
W36
)36
a36
R36
]36
r36
H36
I36
`36
Y36
I36
l36
F36
Q36
k36
=36
X36
Y36
s36
z36
S36
@36
Z36
z36
b36
Q36
Y36
A36
#36
136
g36
e36
_36
>36
m36
.36
@36
]36
!36
]36
{36
m36
S36
#36
x72
k36
F36
N36
#36
!36
436
D36
,36
336
]36
V36
+36
I36
P36
!36
:36
136
-36
H36
S36
)36
F36
736
%36
*36
U36
536
{36
j36
*36
l36
M36
O36
336
X36
o36
,36
h36
H36
t36
l36
936
f36
j36
 36
836
`36
=36
B36
436
y72
Y36
[36
y36
I36
936
#36
H36
m36
836
U36
536
E36
?36
z36
:36
E36
h36
M36
936
j72
z36
H36
Q36
L36

36
P36
R36
+36
936
m36
k36
&36
b36
/36
=36
o36
C36
w36
?36
R36
x36
z36
A36
E36
S36
m36
s36
636
q36
u36
L36
R36
%36
L36
R36
f36
"36
]36
i36
U36
h36
636
Z36
e36
'36
\36
z36
a36
u36
c36
;36
_36
'36
h36
j36
f36
p36
=36
t36
=36
S36
636

36
936
136
$36
>36
`36
W36
L36
436
w36
]36
&36
;36
I36
E36
X36
"36
+36
=36
$36
036
}72
I36
X36
s36
K36
v36
K36
|36
>36
c36
.36
636
i36
!36
i36
436
T36
q36
M36
s36

36
J36
Q36
D36
536
g36
d36
@36
\36
p36
036
[36
h36
;36
v36
$36
W36
X36
P36
W36
}36
|36
R36
v36
D36
q36
236
H36
Y36
\36
B36
O36
+72
'36
M36
&36
-36
H36
%36
436
e36
k36
z36
?36
v36
+36
@36
;36
-36
Y36
k36
E36
q36
?36
M36
r36
j36
?36
B36
936
K36
936
{36
C36
s36
V36
-36

36
g36
H36
:36
Q36
L36
r36
136
G36
m36
f36
^36
e36
E36
g36
636
336
r36
n36
P36
}36
[36
'36
-36
s36
^36
b36
U36
t36
l36
,36
/36
t36
V36
j36
w36
`36
036
F36
136
n36
y36
.36
p36
A36
F36
`36
Z36
a36
&36
!36
.36
y36
436
j36
P36
h36
T36
M72
D36
\36
T36
B36
X36
t36
j36
m36
R36
f36
536
^36
<36
g36
836
@36
N36
:36
q36
D36
Y36
k36

36
a36
v36
_36
j36
G36
_36
j36
y36
g36
(36
v36
o36
-36
!36
}36
/36
W36
M36
(36
Z36
536
w36
S36
Z36
236
n36
\36
^36
q36
=36
b36
\36
=36
w36
236
l36
_36
m36
'36
J36
 36
o36
p36
 36
p36
n36
g36
S36
036
136
>36
O36
g36
=36
{36
O36
=36
h36
z36
#36
i36
(36
b36
o36
236
M36
h36
-36
^36
(36
z36
o36
y36
v36
Z36
836
636
<36
D36
(36
t36
]36
`36
[36
{36
`36
%36
!36
"36
s36
U36
n36
i36
D36
\36
;36
k36
$36
G36
>36
X36
y36
p36
h36
j36
$36
>36
/36
#36
936
836
I36
#36
!36
w36
L36
736
^36
536
|36
l36
Q36
636
?36
)36
N36
I36
x36

36
'36
136
y36
m36
.36
i36
G36
l36
'36
t36
;72
.36
X36
h36
$36
}36
Y36
|36
672
e36
m36
+36
f36
K36
?36
^36
[36
{36
O36
%72
|36
T36
E36
D36
M36
?36
O36
L36
536
O36
(36
]36
_36
*36
K36
a36
y36
 36
736
p36
436
W36
e36
i36
@36
`36
,36
D36
{36
136
936
A36
%36
A36
g72
`36
A36
b36
L36
=36
736
[36
V36
#36
`36
M36
a36
h36
Z36

36
Q36
:36
S36
}36
"36
#36
u36
)36
x36
'36

36
-36
136
636
P36

36
>36
B36
?36
@36
n36
%36
l36
;36
@36
w36
P36
S36
H36
736
X36
F36
\36
Y36
/36
336
o36
H36
A36
;36
y36
z36
D36
{36
v36
M36
p36
#36
*36
a36
<36
!36
_36
$36
M36
q36
&36
{72
i36
Q36
N36
g36
O36
y36
`36
^36
c36
K36
"36
y36
V36
:36

36
$36
q36
F36
h36
H36
N36
q36
l36
P36
(36
O36
i36
K36
S36
A36
