j82
/82
K82
,82
c82
N82
m82
M82
082
982
z82
L82
-82
K82
I82
c82

82
O82
Z82
`82
w82
O82
 82
z82
f82
D82
<82
t82
d82
_82
F82
U82
382
782
|82
U82
382
g82
U82
&82
l82
G82
.82
#82
s82
(82
J82
T82
f82
>82
C82
>82
K82
E82
\82
I82
/82
(82
O82
082
L82
682
d82
Z82
e82
<82
]82
N82
H82
#82
;82
z82
!82
v82
G82
$82
*82
B82
l82
v82
d82
?82
e82
382
j82
c82
;82
=82
H82
{82
:82
`82
c82
}82
882
W82
I82
b82
582
#82
?82
W82
882
y82
Z82
-82
382
F82
P82

82
782
c82
I82
,82
\164
|82
!82
K82
G82
w82
 82
C82
h82
z82
=82
>82
R82
H82
u82
t82
g82
q82
v82
<82
G82
j82
g82
B82
>82
 82
#82
i82
d82
$82
H82
t82
a82
?82
S82
382
y82
P82
d82
}82
p82
G82
682
b82
382
X82
W82
S82
B82
.82
]82

82
=82
A82
]82
'82
$82
.82
[82
082
.82
<82
p82
H82
G82
E82
/82
[82
V82
|82
<82
p82
f82
p82
Q82
!82
o82
Y82
;82
p82
"82
b82
|82
v82
u82
d82
g82
*82
B82
y82
x82
:82
e82
882
|82
]82
P82
F82
:82
y82
'82
Q82
*82
s82
'82
o82
a82
<82
O82
r82
<82
&82
t82
q82
o82
J82
O82
+82
}82
f82
}82
:82
682
:82
682
}82
F82
.82
?82
K82
O82
`82
>82
!82
X82
a82
K82
?82
v82
c82
m82
j82
]82
S82
\82
,82
;82
482
v82
G82
Q82
N82
_82
?82
982
&82
k82
!82
^82
%82
.82
w82
Z82
\82
{82
(82
782
k82
Q82
P82
!82
g82
)82
u82
$82
_82
v82
582
!82
s82
@82
U82
K82
Z82
582
w82
Y82
s82
I82
r82
)82
}82
K82
F82
^82
p82
[82
'82
(82
 82
!82
|82
i82
,82
.82
k82
F82
<82
 82
,82
e82
&82
A82
G82
l82
}164
S82
q82
W82
K82
>164
x82
w82
D82
B82
+164
b82
y82
k82
482
I82
A82
_82
l82
g82
:82
a82
u82
s82
!82
[82
{82
P82
>82
]82
:82
J82
>82
\82
%82
;82
B82
*82
h82
a82
v82
$82
582
982
]82
782
A82
N82
B82
}82
F82
E82
@82
b82
182
t82
282
y82
N82
J82
c82
Y82
b82
[82
482
;82
s82
#82
K82
b82
C82
!82
M82
{82
I82
W82
{82
u82
k82
`82
c82
w82
O82
S82
_82
u82
"82
+82
^82
l82
w82
K82
p82
i82
\82
]82
k82
;82
>82
C82
?82
k82
a82
H82
e82
p82
*82
<82
)82
^82
282
y82
I82
382
=82
S82
J82
&82
c82
182
-82
A82
382
582
;82
+82
082
Z82
Y82
I82
 82
l82
X82
n82
w82
t82
<82
W82
A82
F82
a82
-82
]82
E82
{82
W82
b82
_82
882
'82
&82

82
+82
$82
d82
Y82
p82
I82
h82
?82
k82
I82
x82
!82
:82
M82
482
'82

82
C82
H82
482
p82
|82
o82
!82
f82
<82
>82
i82
Y82
k82
c82
x82
|82
*82
382
v82
O82
r82
%164
t82
o82
M82
Y82
!82
r164
;82
382
W82
D82
Q82
182
C82
B82
r82
M82
|82
E82
!82
g82
A82
,82
w82
"82
{82
t82
-82
E82
682
(82
;82
582
P82
282
Z82
(82
!82
l82

82
M82
+82
K82
f82
"82
S82
>82
t82
682
g82
i82
982
!82
R82
o82
Y82
A82
}82
\82
m82
O82
782
z82
M82
@82
B82
>82

82
j82
u82
A82
w82
#82
L82
,82
X82
$82
v82
R82
a82
982
?82
N82
U82
n82
z82
h82
d82
W82
r82
_82
e82
$82
=82
v82
h82
C82
(82
A82
382
D82
j82
t82
h82
D82
x82
=164
Z82
]82
H82
>82
p82
882
I82
4164

82
"82
182
/82
i82
\82
Z82
a82
M82
q82
,82
P82
Q82
u82
f82
282
N82
q82
m82
"82
g82
z82
%82
G82
882
O82
t82
J82
L82
P82
982
J82
_82
>82
682
i82
u82
;82
D82
x82
&82
z82
&82
L82
B82
i82
!82
k82
^82
"82
Y82
,82
G82
 82
[82
382
w82
d82
y82
t82
982
q82
'82
c82
 82
f82
w82
"82
l82
u82
O82
l164
D82
:82
h82
q82
H82
E82
882
P82
s82
Z82
?82
e82
f82
r82
682
}82
]82
Z82
782
182
O82
282
R82
;82
682
#82
R82
p82
H82
b82
882
(82
Y82
H82
=82
W82
482
782
Q82
I82
F82
<82
S82
?82
J82
182
F82
*82
082
.82
B82
@82
s82
x82
U82
]82
y82
M82
v82
J82
y82
{82
>164
Q82
x82
$82
I82
j82
_82
`82
f82
I82
N82
382
582
+82
=82
 82
B82
 82
s82
*82
g82

82
V82
$82
w82
L82
g82
Q82
&82
n82
}82
k82
;82
W82
982
382
*82
.82
V82
H82
l82
682
x82
(82
F82
X82
T82
)82
H82
x82
O82
g82
H82
-82
v82
'82
*82
I82
v82
O82
U82
F82
&82
I82
r82
a82
&82
Q82
v82
V82
}82
`82
P82
w82
Q82
P82
C82
'82
Q82
z82
R82
V82
T82
 82
,82
i82
]82
>82
z82
$82
;82
Y82
I82
L82
/82
^82
e82
=82
$82
s82
o82
482
L82
H82
i82
U82
v82
z82
e82
z82
w82
,82
T82
582
h82
U82
d82
382
|82
>82
+82
l82
G82
L82
l82
x82
Q82
o82
V82
l82
r82
882
#82
s82
N82
O82
}82
d82
K82
i82
"82
L82
y82
t82
y82
,82
F82
l82
L82
a82
>82
K82
U82
}82
_82
@82
v82
e82
Y82
-82
Q82
+82
%164
d82
J82
/82
k82
382
o82
@82
k82
l82
,82
h82
+82
s82
B82
;82
V82
H82
=82
M82
P82
[82
m82
,82
782
o82
}82
!82
r82
A82
T82
'82
?82
j82
n82
J82
N82
c82
Y82
@82
782
g82
;82
@82
282
.82
n82
@82
}82
L82
k82
982
z82
?82
B82
E82
e82
R82

82
Y82
s82
G82
382
K82
o82
`82
P82
682
)82
o82
N82
*82
#82
R82
882
482
B82
^82
C82
@82
d82
682
G82
-82
n82
H82
;82
S82
+82
r82

82
R82
682
B82
e82
V82
D82
d82
+82
>82
=82
\82
782
Q82
W82
c82
%82
p82
y82
M82
P82
K82
Y82
q82
A82
i82
U82
>82
U82
c82
082
 82
)82
|82
g82
b82
U82
n82
k82
Y82
%82
[82
N82
+82
A82
R82
C82
p82
@82
F82
z82
%82
d82
}82
j82
d82
:82
482
`82
=82
:82
)82
B82
=82
$82
f82
P82
v82
u82
+82
G82
k82
s82
I82
+82
#82
I82
682
Q82
-82
T82
L82
+82
v82
/82
*82
&82
Q82
x82
*82
M82
582
C82
X82
|82
i82
c82
x82
O82
_82
u82
+82
O82
X82
#82
%82
C82
l82
L82
082
 82
882
382
T82
B82
z82
,82
Y82
t82
}82
%82
H82
'82
N82
=82
*82
@82
W82
/82
C82
|82
582
K82
}82
Q82
J82
<82
y82
-82
982
&82
:82
o82
s82
h82
>82
`82
n82
V82
Z82
N82
j82
*82
`82
882
'82
\82
982
R82
/82
*82
482
J82
'82
L82
Y82
m82
L82
q82
H82
J82
/82
 82
R82
s82
B82
l82
*82
v82
N82
x82
z82
o82
j82
t82
g82
<82
m82
^82
:82
O82
 82
]82
w82
X82
[82
t82
=82
g82
X82
P82
V82
382
j82
b82
'82
A82
!82
A82
Z82
^82
.82
@82
:82
i82
&82
p82
M82
g82
[82
:82
?82
`82
V82
T82
c82
W82
R82
J82
t82
M82
-82
z82
682
u82
V82
"82
o82
e164
}82
;82
p82
}82
]82
:82
y82
p82
D82
Z82
-82
V82
i82
a82
n82
v164
%82
682
e82
y82
J82
m82
i82
?82
z82
+82
482
s82
i82
E82
F82
&82
D82
z164
c82
-82
&82
'82
%82
j82
z82
I82
n82
k82
g82
]82
J82
982

82
282
=82
Q82
X82
n82
&82
u82
A82
=82
'82
B82
C82
K82
G82
982
u82
982
"82
n82
L82
@82
v82
p82
\82
(82
$82
/82
"82
[82
_82
n82
X82
[82
{82
/82
v82
I82
O82
f82
@82
T82
*82
Q82
F82
_82
682
%82
,82
 82
-82
"82
B82
?82
D82
Q82
a82
982
b82
 82
n82
382
q82
i82
_82
s82
w82
n82
G82
K82
;82
P82
M82
-82
,82
R82
i82
482
U82
i82
X82
o82
Q82
C82
582
a82
n82
082
E82
;82
W82
f82
t82
J82
^82
x82
B82
-82
082
j82
&82
A82
d82
182
r82
E82
z82
@82
"82
j82
X82
`82
M82
x82
$82
,82
z82
|82
082
g82
{82
:82
h82
I82
.82
b82
}82
s82
t82
%82
p82
v82
282
O82

82
p82
 82
{82
M82
q82
V82
'82
y82
j82
'82
}82
282
x82
!82
 82
`82
t82
"82

82
\82
N82
e82
k82
Z82
582
,82
+82
g82
)82
p82
182
h82
.82
V82
j82
n82
S82
582
;82
Z82
&82
782
y82
.82
982
F82
}82
`82
982
.82
W82
(82
E82
l82
[82
]82
P82
t82
,82
_82
+82
Z82
)82
!82
482
!82
o82
Q82
a82
o82
182
D82
o82
]82
?82
C82
*82
l82
082
@82
f82
&82
k82
882
>82
'82
I82
*82
]82
l82
#82
R82
U82
J82
782
/82
g82
F82
B164
M82
r82
f82
682
*82
$82
582
e82
T82
882
q82
282
082
_82
b82
_82
%82
w82
C82
f82
Q164
c82
t82
w82
`82
n82
782
Z82
@82
;82
X82
'82
.82
882
*82
F82
H82
182
{82
982
T82
^82
+82
b82
982
]82
\82
K82
F82
f82
%82
c82
=82
/82
c82
=82
X82
N82
t82
)82

82
/82
$82
T82
H82
l164
V82
b82
G82
-82
Y82
&82
p82
482
&82
282
W82
s82
y82
Q82
182
K82
k82
\82
r82
P82
082
482
T82
m82
?82
^82
{82
482
E82
s82
h164
 82
_164
w82
o82
y82

164
<82
}82
b82

82
E82
u82
Q82
'82
e82
T82
&82
482
f82
082
O82
U82
>82
582
=82
#82
 82
G82
,82
?82
Q82
H82
T82
B82
^82
f82
382
o82
R82
r82
/82
p82
T82
J82
,82
+82
182
 82
982
v82
w82
c82
d82
-82
]82
(82
[82
W82
$82
'82
,82
H164
^82
W82
\82
s82
w82
 82
=82
B82
X82
:82
582
.82
=82
^82
P82
N82
582
'82
582
N82

82
582
M82
W82
y82
U82
182
.82
W82
'82
{82
A82
W82
t82
V82
X82
q82
%82
b82
H82
t82
r82
Q82
H82
J82
182
J82
&82
(82
G82
{82
.82
882
!82
%82
<82
K82
u82
Y82
C82
u82
\82
&82
z82
V82
>82
d82
g82
O82
a82
(82
S82
D82
s82
A82
&164
!82
B82
982
{82
h82
(82
F82
482
:82
>82
n82
q82
-82
L82
682
-82
)82
}82
v82
T82
J82
Z82
,82
[82
a82
Y82
G82
^82
Y82
C82
k82
>82
X82
c82
o82
p82
V82
782
?82
/82
%82
$82
G82
]82
482
b82
]82
L82
R82
+82
l82
+82
L82
*82
[82
282
[82
E82
w82
i82
a82
f82
I82
Y82
H82
p82
u82
m82
+82
<82
]82
[82
a82
.82
n82
 82
`82
H82
^82
o82
S82
g82
;82
q82
[82
?82
882
=82
m82
 82
882
A82
_82
C82
D82
882
_82
>82
@82
U82
?82
w82
i82

82
"82
w82
&82
k82
)82
T82
s82
y82
S82
X82
>82
B82
`82
d82
A82
N82
P82
w82
N82
-82
:82
i82
'82
g82
+82
:82
282
k82
S82
J82
/82
*82
U82
y82
)82
r82
>82
Q82
i82
\82

82
.82
h82
!82
x82
T82
b82
[82
V82
.82
e82
n164
382
782
Z82
9164
r82
a82
@82
v82
!82
V82
$82
i82
w82
B82
:82
<82
T82
k82
O82
i82
D82
w82
r82
L82
`82
782
A82
d82
y82
l82
^82
$82
}82
N82
.82
t82
a82
T82
`82
t82
Y82
\82
k82
;82
G82

82
>82
H82
682
S82
v82
w82
B82

82
*82
r82
v82
)82
x82
A82
]82
[82
q82
C82
#82
782
-82
p82
-82
v82
Z164
882
j82
?82
p82
R82
a82
782
^82
b82
,82
{82
k82
)82
+82
D82
:82
B82
L82
i82
p164
X82
y82
p82
-82
$82
+82
u82
.82
p82
D82
;82
^82
C82
B82
i82

82
[82
)82
W82
g82
k82
F82
X82
>82
n82
{82
t82
k82
982
*82
P82
(82
D82
=82
O82
h82
=82
^82
)82
d82
-82

82
{82
082
:82
F82
D82
]82
782
$82
S82
-82
682
B82
X82
y82
082
j82
W82
y82
M82
L82
w82
Q82
o82
j82
082
o82
m82
l82
282
<82
T82
W82
_82
)82
V82
q82
C82
#82

82
g82
Z82
t82
z82
g82
s82
*82
#82
082
^82
782
h82
o82
T82
A82
>82
482
r82
V82
c82
W82
I82
D82
!82
j82
d82
i82
S82
j82
U82
W82
y82
D82
n82
e82
{82
382
_82
s82
J82
;164
\82
+82
982
K82
@82
n82
l164
882
{82
u82
C82
"82
082
:82
&82
$82
/82
;82
$82
682
(82
p82
j82
'82
Y82
882
i82
n82
q82
V164
{82
[82
H82
,82
\82
u82
H82
j82
S82
(82
A82
[82
282
W82
@82
T82
-82
A82
Y82
R82
482
X82
M82
182
m82
d82
|82
:82
J82
382
_82
B82
k82
482
s82
>82
082
}82
182
>82
882
H82
l82
;82
_82
382
k82
F82
;82
'82
L82
"82
h82
n82
g82
e82
-82

82
o82
P82
n82
U82
Q82
n82
X82
c82
p82
/82
H82
:82
H82
S82
Q82
582
082
/82
B82
`82
D82
>82
@82
;82
K82
M82
w82
[82
D82
c82
%82
*82
582
e82
n82
f82
k82
782
M82
G82
K82
'82
M82
V82
T82
k82
y82
^82
T82
'82
.82
482
N82
]82
I82
;82
u82
B82
282
+82
V82
T82
Q82
l164
982
m82
.82
B82
i82
z82
182
p82
v82
882
{82
k82
=82
J82
M82

82
!82
^82
w82
782
O82
]82
x82
y82
X82
R82
I82
r82
h82
x82
@82
582
*82
.82
;82
B82
{82
|82
o82
e82
;82
|82
R82
s82
F82
U82
m82
:82
>82
182
>82
f82
Y82
a82
`82
M82
y82
682
N82
m82
U82
982
F82
:82
.82
X82
j82
+82
'82
b82
}82
b82
h82
I82
]82
D82
M82
r82
v82
x82
<82
G82
N82
m82
982
[82
-82
t82
e82
882
&82
>82
782
V82
E82
N82
r82
v82
282
j82
U82
m82
Y82

82
z82
*82
Y82
L82
@82
582
I82
282
&82
K82
k82
p82
.164
@82
u82
]82
u82
 82
H82
?82
o82
@82
S82
]82
,82
c82
P82
F82
:82
M82
B82
d82
h82
D82
-82
 82
i82
]82
.82
"82
M82
?82
v82
 82
G82
782
F82
A82
}82
W82
S82
082
T82
?82
C82
S82
N82
v82
a82
182
K82
r82
`82
A82
q82
V164
u82
z82
=82
U82
[82
t82
;82
P82
(82
:164
;82
]82
U82
P82
482
D82
c82
p82
J82
^82
u82
682
e82
}82
h82
m82
*82
582
p82
l82
M82
L82
I82
L82
+82
w82
K82
d82
v82
L82
U164
'82
782
e82
S82
e82
]82
c82
[82
e82
M82
&82
k82
|82
P82
z82
`82
Y82
282
b82
q82
^82
z82
I82
l82
<82
182
T82
|82
+82
182
D82
L82
B82
/82
882
|82
G82
z82
T82
(82
F82
?82
d82
-82
'82
_82
v82
A82
^82
u82
e82
b82
|82
]82
C82
/82
382
v82
"82
v82
B82
x82
082
 82
%82
h82
`82
z82
q82
N82
$82
q82
%82
*82
v82
M82
S82
982
/82
182
C82
D82
E82
!82
=82
x82
L82
c82
$82
u82
}82
V82
L82
u82
`82
g82
v82
K82
n82
w82
t82
J82
E82
r82
z82
K82
x82
:82
'82

82
?82
Z164
`82
F82
}82
)82
{82
w82
o82
x82
582
s82
[82
Q82
182
r82
@82
'82
l82
582
v82
U82
z82
k82
@82
#82
B82
u82
m82
y82
H82
V82
\82
382
/82
Q82
%82
B82
#82
Q82
982
882
j82
e82
E82
V82
982
T82
 82
p82
h82
F82
>82
;82
k82
b82
+82
K82
$82
q82
R82
N82
.82
[82

82
u82
(82
982
*82
h82
182
h82
O82
n82

82
+82
N82
#82
182
U82
|82
+82
A82
Z82
282
$82
182
982
[82
Z82
:82
I82
K82

82
@82
(82
T82
v82
g82
*82
}82
n164
O82
=82
m82
`82
782
f82
^82
m82
r82
n82
@82
}82
@82
u82
282
682
M82
Q82
F82
282
"82
S82
l82
M82
A82
D82
282
t82
!82
T82
/82
K82
N82
.82
B82
N82
i82
J82
>82
L82
+82
V82
%82
(82
z82
n82
s82
882
.82
X82
-82
O82
<82
t82
H82
q82
?82
d82
s82
w82
X82
582
i82
I82
@82
582
?82
582
a82
^82
&82
M82
R82
,82
R82
G82
:82
H82
%82
 82
D82
V82
`82
J82
y82
182
i82
,82
182
Q82
I82
182
K82
)82
p82
Y82
(82
%82
\82
t82
482
I82
"82
c82
682
V82
%82
y82
$82
]82
B82
|82
F82
282
m82
Q82
g82
t82
M82
L82
H82
u82
k82
+82
N82
<82
682
:82
%82
G82
882
x82
b82
'82
C82
*82
x164
X82
{82
o164
282
!82
R82
x82
z82
v82
}82
*82
l82
i82
*82
M82
e82
H82
582
N82
)82
_82
=82
r82
k82
.82
*82
-82
m82
Z82
|82
t82
#82
882
_82
O82
!82
H82
*82
482
j82
q82
U82
982
C82
N82
x82
U82
v82
"82
W82
z82
582
H82
T82
982
l82
G82
:82
c82
+82
*82
<82
f82
'82
j82
\82
-82
z82
@82
*82
O82
n82
J82
%82
L82
^82
R82
g82
l82
"82
h82
>82
082
682
W82
^82
]82
582
K82
,82
Q82
D82
!82
%82
v82
g82
>82
b82
K82
|82
,82
d82
082
V82
K82
 82
J82
U82
u82
s82
682
,82
.82
N82
r82
=82
H82
&82
282
(82
k82
082
G82
-82
!82
I82
582
C82
`82
982
U82
m82
T82
Z82
\82
r82
D82
Z82
682
z82
D82
!82
>82
/82
P82
682
H82
Q82
@82
U82
b82
o82
W82
=82
 82
g82
@82
*82
(82
182
282
l82
882
Q82
)82
.82
v82
Q82
#82
J82
S82
p82
o82
t82
?82
u82
t82
a82

82
Q82
S82
o82
k82
}82
982
n82
m82
{82
|82
H82
C82
D82

82
Q82
482
p82
\82
h82
T82
*82
g82
H82
D82
o82
U82
_82
@82
"82
A82
e82
Z82
(82
 82
E82
=82
.82
T82
r82
o82
I164
<82
\82
{82
282
/82
D82
k82
(82
c82
O82
482
N82
l82
182
X82
v82
"82
<82
U82
#82
q82
%82
J82
{82
\82
z82
"82
$82
!82
N82
D82
082
}82
D82
V82
R82
q82
(82
882
W82
=82
`82
-82
|82
`82
%82
!82
X82
,82
g82
m82
@82
_82
L82
S82
!82
%82

82
W82
M82
=82
\82
{82
`82
c82
082
{82
T82
(82
/82
z82
v82
082
582
Y82
\82
&82
e82
Q82
W82
Q82
j82
J82
#82
.82
L82
282
V82
D82
)82
U82
E82
e82
)82
/82
]82
r82
$82
j82
Y82
R82
"82
P82
#82
482
W82
682
]82
H82
v82
V82
!82
X82
S82
682
<82
582
A82
L82
u82
E82
h82
f82
@82
D82
!82
-82
.82
Y82
,82
o82
>82
J82
C82
P82
:82
_82
w82
P82
n82
 82
_82
=82
!82
j82
;82
682
l82
y82
h82
A82
N82
u82
b82
i82
/82
582
u82
U82
=82
x82
282
s82
e82
K82
f82
U82
Y82
Q82
u82
882
i82
-82
|82
v82
a82
,82
?82
V82
N82
w82
#82
{82
@82
V82
[82
P82
q82
X82
>82
O82
U82
p82
n82
^82
X82
682
*82
{82
(82
N82
-82
482
K164
!82
*82
j82
i82
n82
h82
K82
l82
j82
682
M82
?82
e82
F82
j82
y82
j82
o82
S82
E82
/82

82
)82
b82
]82
582
,82
F82
A82
m82
w82
,82
982
-82
+82
'82
F82
%82
d82
]82
u82
(82
!82

82
k82
"82
E82
N82
f82
082
A82
[82

82
!82
f82
X82
h82
C82
.82
482
=82
$82
f82
s82
w82
I82
682
!82
I82
Z82
^82
v82
Q82
o82
w82
k82
,82
N82
s82
g82
B82
>82
"82
g82
?82
k82
N82
O82
382
L82
F82
-82
@82
p82
]82
682
y82
082
-82
)82
*82
w82

82
n82
{82
X82
%82
P82
t82
582
?82
Q82
!82
?82
k82
h82
H82
}82
o82
S82
"82
<82
Y82
^82
Z82
r82
I82
G82
+82
682
Y82
r82
X82
U82
'82
!82
582
g82
@82
a82
h82
O82
T82
]82
:82
982
;82
@82
d82
>82
o82
O82
U82
982
!82
/82
w82
M82
N82
%82
E82
M82
o82
;82
"82
|82
#82
z82
l82
u82
z82
K82
(82

82
282
'82
s82
J82
:82
i82
@82
/82
J82
,82
/82
B82
z82
982
)82
;82
L82
b82
W82
U82
}82
C82
*82
{82
/82
o82
S82
 82
A82
l82
+82
|82
Z82
}82
[82
]82
582
k82
`82
)82
G82
V82
682
H82
=82
w82
N82
a82
R82
E82
y82
f82
Q82

82
[82
%82
W82
,82
/82
R82
A82
t82
482
.82
<82
e82
982
x82
E82
d82
E82
382
(82
r82
d82
X82
B82
*82
O82
u82
z82
Y82
L164
Y82
U82
@82
h82
H82
782
r82
:82
082
"82
282
$82
282
R82
c82
082
A82
,82
e82
582
K82
c82
.82
`82
 82
z82
D82
A82
p82
G82
+82
y82
}82
D82
o82
m82
%82
582
=82
E82
m82
]82
x82
o82
u82
Y82
382
N82
F82
=82
j82
&82
(82
:82
m82
r82
K82
U82
:82
=82
g82
l82
|82
u82
h82
H82
:82
|82
I82
y82
K82
o82
/82
f82
z82
t82
382
L82
#82
<82
.82
=82
(82
f82
W82
982
z82
>82
D82
k82
U82
\164
X82
<82
^82
082
|82
 82
j82
S82
182
(82
182
Y82
k82
o82
*82
[82
f82
x82
(82
<82
a82
Q82
p82
682
}82
"82
y82
482
Q82
n82
N82
z82
_82
E82
[82
382
x82
282
<82
?164
{82
-82
w82
T82
_82
O82
#82
m82
p82
082
!82
/82
v82
>82
_82
@82
282
c82
X82
x82
)82
a82
e82
682
a82
B82
382
\82
L82
t82
j82
982
.82
n82
-82
`82
g82
P82
&82
D82
U82
!82
U82
J82
F82
*82
882
382
M82
@82
U82
W82
E82
W82
I82
<82
X82
982
P82
&82
z82
.82
@82
682
^82
x82
q82
Z82
u82
*82
d82
182
-82
p82
"82
S82
K82
H82
\82
f82
)82
k82
182
o82
/82
;82
%82
g82
P82
H82
=82
X82
i82
h82
)82
m82

82
p82
`164
}82
{82
+82
P82
{164
q82
V82
W82
J82
.82
|82
B82
182
|82
-82
|82
C82
?82
]82
%82
N82
q82
V82
C82
482
=82
082
+82
t82
o82
b82
l82
c82
(82
.82
]82
182
N82
K82
y82
|82
y82
o82
d82
L82
R82
:82
l82
D82
p82
w82
l82
G82
r82
P82
n82
E82
M82
E82
<82
x82
S82
}82
S82
m82
\82
D82
(82
q82

82
482
<82
C82
482
M82
$82
(82
z82
j82
982
382
}82
682
c82
n82
{82
982
C82
*82
B82
"82
U82
C82
{82
H82
P82
y82
d82
\82
j82
}82
&82
T82
d82
c82
X82
!82
|82
`82
782
;82
!82
>82
o82
,82
'82
`82
282

82
$82
R82
/82

82
$82
x82
D82
-82
"82
g82
982
q82
M82
782
g82
w82
o82
\82
'82
s82
'82
@82
W82
[82
}82
$82
o82
p82
U82
q82
{82
!82
 82
}82
382
>82
?82
582
}82
g82
x82
V82
F82
)82
>82
k82
_82
 82
682
M82
182
782
i82
g82
H82
b82
Y82
&82
/82
@82
H82
I82
n82
O82
+82
O82
Q82
x82
(82
h82
C82
*82
282
e82
982
Q82
!82
682
182
x82
Z82
782
}82
|82
{82
U82
I82
:82
\82
&82
q82
r82
T82

82
&82
V82
,82
u82
)82
{82
r82
882
F82
B82
"82
@82
w82
182
X82
Q82
L82
 82
V82
v82
^82
682
a82
X82
n82
@82
X82
+82
G82
p82
N82
V82
k82
g82
b82
q82
I82
t82
782
*82
y82
%82
}82
*82
e82
#82
U164
R82
+82
M82
t82
v82
.82
^82
%82
e82
#82
x82
-82
W82
s82
282
O82
982
`82
682
t82
"82
m82
$82
)82
U82
g82
X82
t82
_82
x82
Q82
g82
$82
:82
O82
`82
q82
s82
$82
}82
382
c82
u82
`82
&82
"82
$82
982
@82
=82
s82
N82
Z82
/82
H82
F82
g82
S82
l82
$82
=82
m82
e82
c82
+82
j82
'82
L82
?82
s82
+82
{82
"82
j82
A82
n82
482
I82
w82
p82
-82
w82
182
(82
o82
i82
d82
S82
d82
p82
R82
'82
082
=82
Y82
C82
c82
t82
,82
(82
r82
)82
q82
p82
N82
a82
F82
X82
"82
c82
Y82
?82
P82
t82
\82
!82
o82
 82
a82
]82
 82
h82
%82
<82
/82
q82
(82
982
{82
y82
)82
$82

164
782
)82
882
"82
%82
<82
J82
T82
{82
E82
=82
n82
e82
$82
x82
;82
482
(82
R82
o82
982
'82
f82
>82
H82
G82
$82
H82
,82
'82
#82
=82
)82
B82
S82
P82
h82

82
:82
a82
P82
N82
 82
)82
}82
T82
d82
+82
g82
o82
l82
C82
v82
/82
382
g82
o82
f82
-82
{82
!82
h82
b82
r82
G82

82
V82
<82
l82
e82
n82
e82
>82
A82
|82
x82
 82
282
\82
.82
p82
f82
X82
582
 82
r82
882
b82
q82
382
"82
b82
T82
982
|82
P82
B82
\82
M82
382
`82
/82
Z82
A82
V82
082
382
U82
*82
e82
#82
O82
Z82
E82
682
582
682
K82
p82
^82
+82
y82
e82
i164
]82
&82
M82
O82
?82
882
f82
u82
H82
]82
Y82
$82
g82
882
%82
P82
382
Y82
e82
m82
e82
282
z82
c82
C82
N82
]82
%82
?82
z82
%82
[82
U82
H82
"82
i82

82
(82
r82
t82
882
H82
X82
982
c82
a82
#82
S82
L82
;82
q82
n82
a82
]82
I82
S82
&82
582
n82
]82
382
482
)82
:82
$82
+82
a82
e82
582
B82
q82
h82
Q82
@82
'82
q82
l82
M82
W82
x82
'82

82
]82
+82
`82
V82
K82
h82
x82
682
r82
F82
D82
R82
?82
a82
|82
M82
g82
f82
"82
D82
&82
 82
682
e82
%82
*82
[82
;82
T82
n82
882
\82
c82
A82
+82
t82
Z82
I82
{82
982
,82
a82
w82
u82
'82
H82
^82
082
Z82
*82
!82
k82
^82
y82
t82
,82
L82
k82
g82
:82
a82
K82
&82
;82
e82
o82
U82
^82
482
l82
]82
282
Z82
e82
@82
`82
n82
h82
"82
*82
<82
&82
q82
|82
U82
L82
182
G82
g82
U82
h164
#82
 82
Z82
f82
w82
<82
+82
v82
Y82
e82
V82
H82
982
=82
h82
L82
r82
q82
882
Q82
'82
!82
V82
@82
&82
L82
^82
h82
082
m82
K82
<82
t82
}82
{82
U82
!82
482
#82
C82
 82
O82
@82
b82
882
H82
u82
s82
U82
{82
F82
g82
/82
I82
]82
782
$82
@82
782
+82
%82
G82
K82
$82
182
W82
F82
682
S82
s82
082
282
n82
!82
J82
_82
R82
P82
*82
)82
C82
w82
C82
382
e82
-82
B82
k82
/82
[82
882
B82
J82
V82
'82
382
182
u82
d82
R82
l82
]82
E82
g82
482
Y82
`82
682
}82
C82
782
!82
282
W82
Z82
O82
\82
G82
p82
L82
G82
c82
V82
%82
082
%82
.82
@82
u82
|82
-82
*82
y82
O82
w82
#82
K82
W82
q82
m82
W82
h82
$82
R82
r82
F82
882
S82
=82
/82
g82
%82
C82
_82
682
N82
L82
H82
,82
;82
I82
^82
282
482
L82
i82
[82
f82
T164
a82
Z82
H82
#82
O82
s82
N82
V82
/82
382
i82
u82
X82
\82
]82
s82
582
|82
Z82
u82
V82
w82
R82
\82
]82
/82
^82
Z82
}82
D82
]82
-82
&82
'82
U82
[82
=82
/82
582
^82
S82
;82
g82
n82
782
A82
S82
|82
]82
r82
W82
%82
N82
682
h82
g82
482
`82
O82
*82
d82
j82
{82
s82
^82
O82
Q82
182
k82
[82
\82
r82
782
182
*82
d82
H82
-82
^82
?82
M82
x82
f82
e82
D82
)82
382
b82
f82
.82
282
j82
{82
%82
=82
&82
S82
p82
-82
882
]82
{82
}82
K82
X82
j82
v82
982
%82
K82
+82
o82
(82
Y82
=82
q82
i82
L82
:82
E82
n164
E82
:82
Y82
I82
!82
_82
+82
^82
)82
Q82
#82
t82
l82
382
U82
"82
k82
_82
582
l82
382
b82
:82
j82
W82
x82
@82
l82
C82
e82
,82
>82
q82
o82
h82
v82
m82
R82
T82
V82
F82
*82
y82
_82
E82
Y82
O82
"82
082
k82
 82
e82
C82
(82
n82
G82
D82

82
}82
;82
)82
W82
r82
<82
282
P82
-82
382
]82
B82
\82
l82
P82
382
_82
@82
D82
O82
G82
'82
N82
b82
E82
W82
582
e82
482
W82
q82

82
z82
X82
L82
C82
\82
F82
g82
.82
J82
[82
}82
-82
x82
C82
U82
b82
>82
\82
z82
Q82
[82
i82

82
{82
R82
:82
]82
E82
r82
N82
"82
*82
682
-82
$82
F82
D82
482
T82
!82
I82
D82
*82
t82
d82
S82
g82
U82
[82
.82
F82
z82
'82
L82
 82
$82
K82
g82
X82
B82
`82
T82
?82
=82
n82
P82
O82
-82
P82
:82
]82
c82
j82
382
J82
n82
X82
m82
'82
f82
i82
#82
z82
q82
_82
782
Z82
J82
=82
[82
b82
x82
.82
m82
s82
.82
482

82
e82
q82
d82
@82
A82
u82
&82
^82
_82
782
w82
G82
#82
682
@82
082
`82
j82
:82
^82
'82
^82
W82
382
/82
L82
682
O82
o82
X82
E82
+82
f82
"82
?82
Q82
S82
K82
j82
{164
C82
G82
W82
$82
b82
K82
!82
L82
i82
V82
W82
k82
q82
o82
#82
 82
N82
l82
Y82
]82
Z82
W82
r82
,82
u82
g82
l82
u82
N82
?82
/82
$82
y82
"82
k82
\82
t82
b82
!82
P82
c82
J82
`82
D82
C82
}82
C82
/82
982
(82
Y82
;82
j82
%82
682
H82
(82
d82
z82
f82
882
G82
=82
)82
K82
!82
'82
I82
$82
U82
g82
T82
u82
w82
\82
282
z82
}82
B82
a82
`82
l82
`82
#82
P82
-82
682
J82
O82
v82
:82
U82
,82
G82
082
J82
Y82
*82
X82
%82
782
M82
782
a82
|82
;82
?82
B82
u82
r82
f82
d82
`82

82
E82
>82
d82
g82
$82
K82
'82
U82
K82
M82
682
u82
282
c82
.82
:82
{82
882
n82
382
\82
$82
282
c82
i82
(82
L82
e82
}82
e82
h82
982
n82
082
y82
@82
:82
r82
d82
V82
s82
d82
z82
+82
D82
w82
}82
.82
i82
A164
T82
w82
m82
|82
382
`82
w82
]82
}82
j82
982
[82
)82
"82
082
U82
y82
S82
i82
Q82

82
N82
%82
o82
382
=82
+82
E82
[82
182
?82
k82
`82
k82
m82
%82
282
I82
x82
U82
:82
q82
[82
y82
#82
L82

164
h82
,82
{82
m82
I82
282
*82
Q82
[82
 82
b82
m82
p82
k82
#82
\82
H82
r82
C82
682
O82
S82
G82
;82
682
E82
[82
d82
>82
!82
v82
B82
O82
}82
)82
<82
O82
"82
,82
c82
A82
x82
;82
t82
J82
982

82
]82
h82
T82
P82
j82
Z82
482
]82
n82
h82
 82
U82
w82
Q82
082
C82
W82
l82
a82
282
J82
*82
s82
A82
582
682
a82
v82
#82
)82
*82
-82
q82
J82
A82
Q82
"82
)82
*82
P82
*82
>82
y82
u82
082
#82
182
q82
s82
.82
n82
182
X82
N82
[82
S82
R82
<82
H82
@82
C82
`82
|82
t82
T82
L82
?82
D82
-82
}82
j82
,82
!82
K82
E82
v82
p82
]82
^82
\82
582
$82
)82
K82
i82
882
 82
)82
U82
 82
{82
Z82
Q82
Y82
r82
|82
L82
=82
s82
S164
[82
n82
=82
|82
882
X82
382
982
I82
E82
082
n82
*82
B82
I82
v82
r82
[82
B82
c82
T82
Y82
882
$82
I82
582
m82
`82
(82
482

82
I82
P82
Z82
v82
(82
O82
&82
D82
p82
(82
[82
g82
582
t82
@82
)82
|82
782
[82
/82
>82
!82
m82
682
[82
/82
a82
)82
G82
<82
#82
l82
U82
{82
082
|82
382
{82
X82
m82
h82
(82
$82
c82
h82
R82
C82
s82
R82
m82
V82
e82
E82
F82
E82
R82
l82
i82
c82
A82
m82
o82
I82
O82
582
:82
E82
e82

82
=82
Q82
w82
"164
$82
`82
E82
t82
_82
r82
c82
;82
p82
282
o82
482
w82
]82
_82
v82
u164
$82
s82
?82
;82
y82
 82
482
B82
q82
 82
'82
p82
c82
i82
{82
I82
s82
482
 82
|82
p82
r82
l82
S82
Z82
$82
Y82
982
 82
A82
v82
 82
H82
182
D82
@82
x82
/82
-82
^82
u82
(82
+82
>82
K82
W82
382
{82
*82
)82
a82
C82
e82
}82
E82
V82
]82
V82
_82
,82
)82
182
@82
O82
[82
M82
k82
482
:82
A82
O82
S82
z82
E82
s82
<82
{82
=82
<82
S82
,82
y82
d82
$82
=82
k82
M82
;82
A82
q82
 82
P82
t82
,82
_82
,82
 82
<82
J82
+82
]82
C82
.82
?82
g82
W82
"82
c82
#82
}82
882
i82
a82
@82
Z82
H82
:82
i82
F82
v82
|82
=82
_82
882
*82
482
q82
_82
:82
 82
\82
782
|82
(82
C82
x82

82
c82
#82
X82
C82
G82
 82
U82
d82
W82
a82
D82
t82
'82
p82
d82
^82

82
J82
V82
 82
?82
882
,82
{82
F82
s82
082
i82
L82
882
Q82
:82
<82
p82
182
"82
+82
W82
882
<82
#82
x82
o82
&82
*82
B82
382
582
J82
582
R82
?82
X82
B82
i82
 82
=82
I82
w82
H82
C82
%82
k82
h82
{82
p82
'82
z82
y82
s82
\82
l82
@82
{82
182
]82
q82
I82
>82
Z82
982
#82
&82
"82
$82
A82
N82
+82
482
`82
<82
,82
^82
P82
Z82
|82
,82
p82
q82
%82
m82
E82
a82
C82
y82
d82
T82
b82
q82
i82
M82
-82
y82
`82
$82
M82
#82
.82
c82

82
"82
Z82
`82
B82
D82
,82
682
w82
O82
_82
l82
a82
/82
U82
>82
A82
B82
C82
$82
z82
f82
P82
}82
h82
d82
&82
A82
r164
882
Z82
E82

82
!82
D82
:82
 82
x82
|82
]82
V82
s82
%82
282
^82
?82
V82
t82
s82
:82
L82
F82
|164
p82

82
L82
]82
%82
>82
@82
382
182
T82
B82
=82
R82
}82
S82
+82
#82
V82
r82
'82
=82
Z82
3164
z82
Q82
i82
W82
m82
182
U82
E82
A82
K82
\82
G82
"82
=82
I82
582
P82
U82
#82
s82
+82
082
N82
v82
T82
f82
!82
-82
_82
v82
;82
882
.82
i82
"82
Y82
b82
w82
'82
x82
o82
M82

82
}82
782
h82
682
N82
)82
K82
#82
S82
382
K82
N82
c82
U82
X82
/82
i82
T82
*82
482

82
982
&164
882
M82
x82
582
V82
 246
-82
|82
;82
/82
c82
.82
&82
T82
e82
D82

82
j82
Q82
d82
J82
}82
H82
Y82
u82
e82
-82
%82

82
#82
+82
K82
:82
'82
682
[82
X82
,82
"82
[82
-82
_82
\82
582
G82
082
v82
-82
b82
N82
h82
182
R82
?82
[82
t82
582
u82
U82
L82
(82
-82
V82
q82
t82
,82
*82
z82
a82
c82
C82
U82
<82
+82
m82
N82
,82
@82
M82
*82
p82
\82
o82
:82
582
782
G82
U82
082

82
>82
Z82
t82
e82
982
N82
P82
/82
X82
682
W82
l82
c82
e82
@82
n82
$82
k82
H82
>82
g82
382
>82
S82
t82
/82
^82
Y82
(82
d82
M82
Y82
j82
.82
h82
b82
t82
N82
482
H82
/82
H82
L82
K82
"82
=82
)164
C82
r82
x82
!82
g82
j82
?82
-82
T82
H82
D82
V82
+82
?82
a82
]82
b82
_82
S82
/82
H82
-82
582
y82
l82
X82
j82
A82
"82
z164
N82
%82
f82
*82
w164
082
N82
c82
Y82
i82
V82
n82
i82
t82
,82
g82
e82
J82
=82
x82
"82
,82
Q82
O82
!82
S82
'82
n82
`82
x82
!82
k82
F82
;82
382
o82
l82
.82
J82
;82
Q82
y82
h82
P82
i82
m82

82
-82
%82
^82
y82
i82
182
X82
&82
I82
!82
v82
B82

82
#82
z82
P82
L82
-82
D82
^82
o82
-82
T82
P82
u82
P82
p82
Q82
h82
)82
!82
{82
]82
x82
'82
M82
$82
'82
J82
Y82
t82
[82
m82
V82
+82
\82
C82
o82
782
L82
+82
*82
B82
482
L82
|82
>82
^82
f82
g82
[82
;82
%82
 82
+82
^82
S82
<82
082
C82
L82
282
}82
y82
K82
982
t82
H82
+82
@82
B82
 82
382
Z82
B82
G82
F82
=82
g82
782
]82
'82
082
982
d82
l82
=82
682
?82
v82
482

82
,82
I82
g82
o82
D82
082
{82
}82
H82
882
D82
d82
o82
U82
D82
i82
{82
p82
982
782
/82
482
H82
p82
s82
182
N82
l82
/82
`82
*82
p82
682
B82
w82
l82
g82
V82
%82
i82
;82
782
_82
k82
}82
/82
 82
k82
_82
S82
Q82
C82
)82
482
V82
,82
?82
n164
Y82
r82
e82
(82
882
(82
`82
h82
C82
*82
Y82
782
b82
p82
)82
S82
082
@82
082
*82
[82
`82
v82
>82
;82
o82
-82
s82
h82
A82
'82
Z82
t82
`82
{82
p82
u82
o82
982
"82
G82
 82
a82
Q82
G82
d82
T82
*82
782
{82
V82
H82
>82
m82
"82
I82
|82
%82
982
J82
\82
/82
582
s82
G82
]82
X82
l82
Z82
F82
r82
j82
h82
&164
d82
l82
?82
.82
+82
A82
^82

82
]82
X82
,82
G82
V82
!82
