r1
K1
j1
v1
*1
>1
|1
$1
`1
(1
 1
91

1
c1
)1
e2
Q1
a1
*1
Y1
;1
w1
y1
B1
61
_1
l1
$1
W1
r2
*1
f1
a1
\1
|1
z1
s1
z1
u1
>1
]1
@1
V1
n1
51
#1
s1
/1
Y1
X1
E1
T1
62
p1
Y2
i1
.1
a1
e1
%1
O1
a1
*1
/1
91
C2
r1
b1
F1
p1
41
+1
p1
y1
71
=1
j1
)1
O1
l1
U1
$1
e1
<2
l1
!1
z1
i1
[1
(1
02
,1
p1
^1
,1
q1
&1
I1
[1
_1
u1
.1
/1
01
+1
L1
01
Y1
^1
B1
:1
;1
[1
 1
!1
U1
y1
81
g1
X1
B1
&1
-1
t1
d1
 1
91
:1
Y1
c1
;1
I1
.1
d1
p1
j1
h2
g1
c1
?1
I1
H1
01
V1
F1
m1
D1
61
^1
?1
>1
<1
)1
V1
F1
G1
C1

1
q1
H1
F1
`1
L1
z1
#1
}1
O1
71
B1
C1
H1
J1
c1
a1
;1
G1
L1
w1
31
y1
@1
I1
s1
k1
\1
?1
!1
+1
D1
@1
"1
C1
M1
j1
L1
21
31
I1
91
M1
'1
G1
_1
o1
*1
_1
X1
D1
:1
h1
Y1
,1
n1
91
X1
b1
g1
t1

1
+1
i1
\1
.1
)1
31
21
t1
[1
*1
91
D1
91
S1
g1
Z1
{1
Y1
^1
b1
N1
F1
M1
D1
(1
.1
E1
m1
h1
01
a1
d1
71
(1
81
w1
&1
"1
/1
v1
!1
*1
e1
r1
.1
h1
b1
"1
y1
/1
a1
C1
61
"1
?1
:1
Y1
)1
Y1
#1
*1
/1
E1
(1
;1
[1
B1
31
G1
i1
;1
$1
#1
u1
G1
@1
K1
a1
O1
/1
+1
j1
A1
11
V1
H1
.1
l1
<1
V1
=1
+1
31
#1
91
M1
"1
Z1

1
b1
[1
.1
s1
}1
81
^1
!1
I1
q1
A1
]1
U1
)1
U1
n1
;1
v1
Q1
'2
11
=1
H1
'1
y1
c1
\1
-1
;1
d1
Q1
/1
<1
w1
s1
@1
\1
71
C1
&1
p1
A1
11
)1
$1
d1
z1
31
I1
91
D1
O1
t1
h1
I1
r1
%1
=1
N1
61
d1
X1
-1
e1
<1
H1
}1
41
t1
b1
i1
{1
!1
o1
O1
_1
n1
x1
Z1
,1
N1
f1
01
P1
q1
i1
'1
T1
Z1
y1
!1
n1
,1
e1
41
X1
}1
 1
*1
%1
C1
q1
U1
W1
N1
y1
I1
91
&1
[1
C1
m1
11
N1
51
g1
Q1
&1
t1
61
J1
#1
)1
 1
#1
!1
[1
t1
O1
51
41
N1
n1
!1
J1
q1
S1

1
w1
41
]1
31
{1
G1
@1
t1
