264
j64
w64
n64
E64
F64
t64
E64
:64
;64
,64
764
-64
]64
064
O64
k64
S64
764
M64
r64
n64
\64
e64
664
b64
764
664
!64
'64
J64
[64
"64
S64
264
?64
n64
R64
m64
r64
P64
=64
R64
q64
]64
r64
U64
b64
)64
_64
664
F64
B64
f64
[64
|64
l64
264
o64
P64
#64
N64
l64
=64
i64

64
#64
v64
064
!64
A64
O64
j64
L64
F64
o64
?64
o64
R64
/64
_64
964
T64
.64
r64
(64
x64
m64
X64
\64
*64
.64
t64
064
S64
G64
Y64
y64
w64
464
!64
V64
!64
H64
M64
l64
*64
864
;64
>64
H64

64
*64
b64
!64
P64
:64
l64
D64
_64
$64
v64
964
#64
R64
P64
M64
=64
d64
&64
_64
h64
t64
j64
464
t64
{64
@64
S64
z64
(64
:64
a64
m64
;64
w64
$64
+64
]64
y64
.64
*64
K64
L64
m64
 64
k64
h64
<64
R64
964
064
q64
r64
P64
"64
E64
?64
F64
C64
{64
"64
W64
.64
V64
464
F64
264
]64
p64
A64
.64
&64
Q64
E64
|64
b64
u64
m64
N64
V64
764
U64
264
:64
764
R64
i64
W64
V64
)64
g64
764
964
t64
u64
.64
C64
b64
$64
*64
764
=64
)64
G64
L64
)64
m64
y64
X64
V64
)64
,64
O64
(64
H64
%64
564
E64
Y64
q64
F64
n64
b64
V64
l64
G64
Y64
464
L64
264
K64
G64
p64
?64
E64
F64
A64
964
(64
F64
l64
k64
B64
.64
964
B64
=64
M64
R64
/64
864
k64
!64
 64
=64
|64
$64
264
_64
Q64
?64
564
%64
)64
T64
c64
v64
864

64
n64
B64
<64
\64
H64
C64
a64
X64
 64
n64
j64
"64
S64
C64
#64
c64
:64
i64
\64
064
v64
]64
x64
264
L64
X64
p64
B64
d64
@64
%64
H64
M64
H64
/64
W64
;64
_64
k64
B64
?64
C64
i64
g64
}64
=64
:64
J64
B64
O64
f64
m64
}64
.64
[64
(64
W64
|64
^64
;64
'64
n64
)64
I64
y64
^64
,64
H64
*64
g64
`64
D64
$64
'64
J64
+64
"64

64
b128
n64
;64
J64
q64
%64
{64
W64
V64
i64
&64
H64
T64
U64
!64
Z64
o64
k64
]64
E64
G64
T64
}64
V64
E64
m64
:64
P64
]64
t64
y64
764
v64
{64
a64
Z64
E64
g64
_64
964
*64
X64
*64
a64
d64
$64
-64
s64
j64
y64
F64
 64
.64
V64
I64
}64
p64
]64
V64
#64
i64
g64
O64
-64
X64
G64
z64
864
c64
D64
N64
^64
e64
}64
L64
U64
`64
*64
y64
x64
!64
k64
P64
464
c64
z64
H64
[64
:64
L64
`64
|64
[64
L64
u64
164
P64
%64
+64
664
t64
|64

64
s64
d64
\64
O64
P64
G64
:64
l64
W64
p64
`64
f64
I64
.64
z64
t64
L64
)64
J64
p64
 64
{64
464
%64
C64
^64
?64
\64
K64
_64
.64
%64
r64
$64
X64
364
.64
L64
064
p64
^64
664
r64
264
q64
A64
M64
#64
a64
f64
664
v64
264
864
z64
u64
f64
r64
-64
^64
E64
S64
$64
\64
664
864
K64
c64
I64
j64
K64
C64
964
S64
Y64
w64
G64
664
a64
_64
M64
Z64
+64
V64
464
/64
d64
D64
m128
k64
X64
+64
g64
Y64
q64
B64
x64
]64
L64
664
*64
)64
f64
%64
]64

64
V64
.64
w64
;64
f64
w64
p64
j64
|64
864
F64
:64
^64
&64
964
y64
]64
A64
{64
c64
064
[64
\64
%64
A64
L64
a64
964
F64
564
D64
O64
`64
K64
T64
V64
"64
^64
364
-64
564
f64
564
n64
N64
864
664
^64
\64
?64
W64
G64
^64
A64
v64
K64
y64
}64
t64
&64
e64
z64
R64
%64
/64
064
r64
H64
;64
M64
o64
I64
}64
W64
Q64
Z64
n64
!64
964

64
[64
f64
B64
T64
@64
r64
564
X64
}64
K64
'64
)64
H64
O64
$64
(64
?64
=64
W64
,64
d64
S64
864
A64
I64
q64
,64
l64
X64
a64
I64
064
p64
%64
J64
\64
d64
}64
%64
I64
K64
U64
\64
/64
x64
L64
264
I64
!64
i64
$64
y64
H64
d64
+64
O64
|64
B64
F64
P64
C64
M64
>64
664
164
H64
W64
J64
Z64
i64
!64
"64
<64
^128
G64
964
464
[128
664
W64
$64
X64
!64
G64
:64
I64
&64
\64
'64
,64
#64
"64
D64
s64
G64
464
Z64
V64
Y64
%64
M64
1128
564
<64
w64
464
A64
w64
764
(64
Y64
\64
 64
.64
_64
O64
o64
{64
 64
o64
I64
464
i64
/64
N64
`64
j64
664
x64
Z64
<64
U64
@64
'64
N64
864
l64
g64
l64
Q64
 64
.64
:64
X64
P64
z64
 64
_64
064
q64
R64
`64
{64
864
;64
e64
d64
S64
v64
\64
|64
L64
e64
.64
c64
+64
z64
C64
$64
R64
b64
O64
V64
H64
.64
I64
=64
A64
c64
q64
@64
r64
)64
R64
=64
x64
Z64
T64
z64
q64
y64
F64
%64
$64
064
*64
-64
d64
T64
%64
r64
]64
J64
e64
]64
u64
!64
.64
q128
Y64
964

64
J64
o64
B64
 64
v64
Y64
o64
u64
\64
|64
{64
k64
O64
 64
k64
R64
s64
864
|64
964
&64
/64
x64
W64
U64
:64
{64
W64
]64
-64
:64
u64
264
\64
m64
@64
W64
V64
W64
f64
A64
$64
3128
q64
W64
d64
)64
/64
D64
*64
D64
&64
=64
R64
[64
W64
O64
Q64
>64
[64
y64
+64
N64
*64
N64
{64
?64
T64
N128
M64
'64
A64
z64
%64
W64
z64
K64
@64
Y64
g64
L64
S64
{64
664
:64
C64
V64
q64
-64
864
x64
J64
x64
M64
W64
(64
964
J64
_64
I64
z64
164
t64
H64
h64
[64
D64
s64
564
l64
c64
D64
l64
i64
964
164
p64
Q64
*64
P64
)64
e64
864
<64
C64
+64
664

64
F64
}64
Z64
i64
F64
y64
R64
c64
(64
q64
'64
T64
H64
@64
Z64
C64
,64
s64
864
,64
b64
Q64
S64
?64

64
564
a64
'64
o64
)64
-64
s64
a64
j64
264
364
q64
P64
:64
764
n64
?64
W64
m64
@64
x64
|64
Q64
|128
#64
M64
[64
w64
+64
764
(64
T64
C64
T64
'64
,64
!64
364
\64
X64
?64
W64
K64
"64
W64
.64
y64
F128
V64
f64
*64
;64
L64
s64
h64
O64
&64
U64
q64
;64
564
F64
h64
464
364
D64
E64
`64
y64
r64
X64
x64
Y64
v64
[64
P64
K64
z64
[64
5128
V64
{64
e64
w64
064
;64
K64
w64
a64
&64
664
}64
j64
b64
P64
t64
;64
Z64
a64
`64
p64
@64
e64
j64
q64
l64
864
\64
[64
u64
464
.64
+64
Q64
B64
164
v64
y64
^64
U64
@64
'64
C64
}128
y64
q64
$64
E64
l64
y64
q64
!64
M64
L64
f64
Y64
164
{64
|64
A64
k64
x64
?64
l64
t64
$64
s64
:64
464
=64
x64
o64
F64
#64
o64
C64
664
E64
N64
>64
=64
r64
#64
564
i64
V64
!64
(64
u64
M64
)64
X64
v64
p64
|64
<64
264
G64
,64
m64
h64
^64
x64
P64
o64
[64
v64
l64
N64
;64
Y64
}64
X64
l64
h64
m64
"64
u64
'64
e64
x64
H64
R64
,64
/64
H64
)64
p64
I64
"64
364
w64
@64
[64
@64
<64
`64
T64
Y64
o64
Z64
S64
P64
T64
E64
864
464
(64
W64
i64
[64
O64
V64
264
-64

64
 64
/64
&64
O64
n64
z64
f64
y64
'64
f64
a64
W64
#64
364
`64
S64
e64
x64

64
#64
o64
|64
i64
-64
L64
S64
f64
G64
d64
f64
164
i64
u64
764
364
O64
?64
064
864
d64
q64
G64
^64
464
i64
n64
!64
k64
r64
Q64
]64
-64
)64
+64
V64
A64
O64
l64
O64
y64
W64
+64
v64
X64
t64
.64
w64
D64
t64
p64
C64
R64
964
D64
E64
C64
*64
"64
.64
n64
g64
z64
 64
E64
V64
M64
y64
u64
e64
F64
E64
364
"64
[64
v64
r64
h64
V64
n64
^64
K64
D64
]64
L64
p64
<64
764
Z64
q64
E64
564
w64
t64
a64
Q64
6128
<64
F64
w64
764
a64
r64
#64
'64
M64
X64
e64
U64
764
U64
+64
l64
}64
]64
C64
a64
I64
w64
W64
264
<64
064
j64
764
]64
j64
i64
v64
@128
\64
s64

64
_64
b64
M64
+64
y64
M64
r64
;64
_64
464
X64
i64
r64
j64
L64
U64
'64
E64
364
u64
P64
v64
{64
u64
:64
Q64
]64
i64
u64
K64
Y64
164
Q64
b64
'64
564
^64
d64
z64
764
$64
x64
b64
064
;64
864
G64
C64
,64
!64
j64
,64
z64
=64
064
y64
X64
r64
=64
/64
p64
K64
#64
n64
]64
'64
y64
S64
z64
T64
X64
]64
9128
;64
.64
=64
k64
|64
"64
!64
H64
]64
y64
v64
B64
O64
B64
/64
d64
T64
w64
"64
B64
"64
;64
m64
w64
>64
$64
.64
h64
]64
a64
*64
b64
=64
(64
 64
i64
M64
W64
A64
E64
F64
C64
:64
)64
S64
/64
<64
s64
"64
V64
"64
y64
(64
064
464
t64
D64
(64
 64
_64
@64
T64
#64
964
 64
U64
464
"64
C64
j64
E64
R64
w64
664
Y64
964
L64
_64
t64
A64
I64
864
R64
k64
.64
u64
764
[64
K128
164
D64
e64
{64
`64
"64
&64
B64
+64
c64
064
D64
'64
864
<64
964
/64
N64
,64
!64
j64
A64
U64
G64
S64
|64
E64
T64
>64
B64
(64
u64
Y64
g64
I64
W64
$64
"64
964
V64
s64
564
A64
_64
'64
%64
L64
E64
.64
Y64
J64
_64
>64
I64
Q64
@64
C64
O64
J64
164
,64
`64
n64
u64
964
 64
i64
e64
K64
N64
i64
M64
<64
764
*64
Y64
364
n64
|64
D64
m64
j64
[64
n64
764
i64
;64
v64
B64
n64
z64
864
.64
Y64
b64
!64
F64
m64
[64
/64
k64
}64
k64
F64
l64
s64
Q64
264
I64
564
v64
064
]64
S64
J64
864
F64
o64
u64
f64
*64
764
Y64
P64
X64
E64
|64
t64
?64
_64
Z64
364
+64
z64
d64
O64
064
`64
h64
_64
i64
w64
x64
{64
F64
t64
764
[64
464
y64
964
E64
}64
"64
:64
[64
364
=64

64
J64

64
564
164

64
f64
{64
&64
'64
,64
K64
A64
Y64
d64
864
}64
=64
]64
s64
764
J64
(64
g64
n64
a64
A64
Z64
y64
064
b64
;64
=64
(64
U64
764
e64
l64
#64
|64
Q64
p64
/64
164
"64
 64
g64
d64
{64
]64
w64
564

64
)64
a64
$64
F64
Y64
H64
O64
}64
h64
O64
(64
K64
j64
664
=64
s64
u64
%64
F64
|64
564
@64
 64
m64
<64
!64
"64
i64
C64

64
^64
[64
x64
U64
364
Z64
;64
b64
-64
A64
i64
C64
r128
:64
[64
B64
F64
,64
R64
t64
P64
%64
\64
/64
;64
%64
^64
;64
Y64
w64
*64
464
8128
`64
*64
\64
/64
j64
g64
F64
w64
f64
d64
D64
:64
l64
U64
E64
%64
O64
`64
\64
C64
G64
}64
f64
v64
G64
T64
^64
|64
G64
c64
=64
s64
J64
e64
{64
/64
464
l64
H64
q64
A64
q64
S64
`64
w64
S64
r64
 64
M64
[64
}64
W64
N64
:64
x64
l64
d64
Q64
i64
#64

64
z64
V64
\64
l64
164
p64
j64
I64
i64
v64
*64
364
p64
e64
664
W64
 64
^64
>64
x64
[64
C64
P64
_64
.128
364
r64
z64
i64
664
I64
]64
N64
D64
?64
664
a64
S64
X64
P64
c64
t64
064
3128
Z64

64
Y64
\64
N64
W64
n64
'64
@64

64
l64
[64
P64
D64
|64
i64
%64
B64
z64
h64
U64
n64
r64
{64
>64
X64

64
864
"64
_64
t64
364
d64
j64
0128
.64
Z64
^64
:64
O128
U64
Q64
864
x64
%64
C64
.64
164
J64
[64
+64
J64
)64
-64
i64
@64
564
?64
564
W64
f64
[64
H64
t64
G64
A64
s64
w64
]64
y64
D64
;64
*64
\64
P64
,64
 64
<64
X64
K64
!64
A64
n64
f64
m64
&64
z64
]64
G64
{64
G64
f64
d64
O64
E64
s64
864
&64
.64
)64

64
U64
-64

64
Z64
j64
b64
T64
O64
u64
L64
.64
,64
164
-64
*64
#64
H64
364
464
g64
x64
564
F64
:64
O64
\64
E64
I64
N64
<64
W64
-64
L64
N64
E64
$64
!64
964
N64
@64
K64
Q64
f64
I64
o64
q64
Q64
!64
I64
964
G64
m64
Z64
M64
.64
j64
E64
W64
C64
H64
,64
%64
664
<64
f64
Z64
w64
J64
%64
H64
I64
Q64
{64
a64
064
+64
s64
_64
Y64
+64
g64
S64
d64
@64
?64
q64
I64
`64
n64
q64
M64
$64
)64
-64
C64
464
R64
;64
+64
"64
C64
P64
!64
g64
B64
264
P64
?64
U64
r64
k64
c64
B64
W64
K64
\64
L64
'64
G64
564
r64
v64
!64
C64
f64
_64
U64
:64
d64
v64
G64
/64
G64
l64

64
&64
;64
T64
Q64
164
464
|64
P64
464
N64
^64
?64
+64
264
E64
M64
;64
y64
264
K64
O64
<64
A64
[64
864
764
I64
%64
E64
n64
?64
P64
V64
k64
^64
H64
t64
364

64
u64
"64
e128
b64
#64
264
464
o64
W64
C64
 64
%64
h64
#64
[64
Z64
064
s64
[64
K64
y64
\64
T64
h64
d64
*64
c64
264
z64
+64
a64
x64
e64
+64
s64
h64
Z64
l64
R64
h64
f64
K64
Q64
M64
:64
H64
*64
u64
-64
G64
p64
U64
K64
364
u64
 64
X64
-64
B64
p64
w64
N64
=64
'64
H64
|64
]64
V64
^64
;64
R64
864
L64
564
h64
f64
F64
164
(64
R64
c64
|64
Q64
/64
}64
(64
-64
&128
o64
#64
]64
)64
#64
s64
.64
@64
264
e64
q64
+64
l64
W64
^64
 64
h64
O64
d64
>64
v64
A64
\64
T64
(64
>64
x64
C64
I64
F64
O64
X64
164
)64
T64
g64
R64
S64
P64
O64
q64
X64
W64
)64
I64
=64
q64
364
V64
[64
364
n64
K64
N64
c64
C64
$64
364
{64
q64
064
p64
B64
o64
u64
A64
g64
564
w64
m64
l64
s64
_64
Z64
P64
;64
664
q64
w64
c64
u64
F64
p64
e64
b64
;64
b64
_64
o64
}64
O64
`64
B64
064
u64
U64
C64
b64
 64
\64
E128
B64
H64
.64
W64
I64
y64
Z64
-64
W64
A64
U64
u64
]64
d64
[64
O64
>64
H64
X64
?64
>64
:64
Y128
k64
V64
D64
P64
864
a64
M64
F64
*64
U64
 64
B64
e64
764
c64
H64
A64
%64
y64
a64
>64
(64
U64
(64
O64
R64
c64
464
Y64
_64
?64
464
Y64
f64
J64
'64
p64
h64
L64
[64
z64
;64
064
`64
F64
R64
U64
t64
j64
-64
f64
T64
d64
\64
^64
#64
M64
Y64
.64
j64
z64
(64
164
@64
}64
>64
[64
E64
364
/64
764
Z64
164
!64
K64
w64
b64
864
P64
n64
a64
\64
E64
 64
w64
a64
M64
i64
;64
T64
$64
]64
E64
C64
H64
Q64
\64
y128
'64
Q64
|64
/64
l64
h64
f64
-64
b64
c64
}64
Q64
"64
N64
M64
l64
+64
064
t64
R64
G64
o64
C64
y64
.64
864
e64
^64
"64
)64
464
x64
q64
664
I64
u64
 64
D64
w64
?64
364
u64
N64
b64
t64
z64
*64
p64
M64
^64
W64
K64
664
q64
864
;64
%64
!64
]64
864
u64
Z64
z64
+64
164
(64
964
J64
%64
)64
`64
s64
=64
a64
W64
>64
F64
{64
<64
J64
,64
!64
M64
B64
564
964
_64
;64
r64
D64
g64
p64
T64
u64
_64
^64
]64
R64
l64
"64
#64
?64
A64
U64
c64
j64
s64
K64
z64
%64
;64
P64
T64
/64
a64
F64
i64
h64
x64
$64
}64
*64
[64
}64
/64
)64
A64
?64
j64
q64
=64
864
Q64
964
;64
N64
i64
P64
-64

64
!64
P64
B64
-64
<64
$64
h64
n64
/64
664
l64
G64
<64
p64
+64
064
=64
B64
C64
X64
S64
f64
<64
d64
[64
j64
]64
T64
t64
"64
i64
664
.64
464
+64
R64
764
064
?64
&64
j64
364
q64
564
c64
<64
j64
,64
"64
J64
|64
S64
[64
E64
_64
t64
v64
l64
Q64
O64
p64
^64
b64
I64
m64
164
G64
764
n64
:64

64
.64
464
f64

64
a64
K64
^64
,64
J64
@64
z64
n64
464
t64
}64
:64
N64
,64
Q64
U64
$64
N64
H64
N64
#64

64
`64
'64
K64
j64
\64
O64
464
+64
z64
s64
`64
a64
B64
t64

64
i64
y64
q64
'64
(64
Z64
L64
m64
764
V64
k64
d64
(64
*64
^64
<64
f64
E64
m64
K64
864
^64
Y64
#64
/64
`64
?64
"64
y64
Z64
w64
-64
Q64
`64
(64
464
'64
v64
}64
>64
L64
@64
C64
Q64
R64
 64
N64
:64
P64
Q64
,64
i64
t64
/64
E64
{64
k64
Y64
q64
V64
!64
O64
y64
H64
s64
i64
o64
464
z64
`64
x64
564
`64
F64
!64
T64
w64
'64
R64
$64
p64
X64
(64
E64
/64
"64
!64
I64
F64
Z64
>64
J64
u64
v64
Z64
f64
e64
_64
f64
#64
]64
m64
c64
K64
R64
Y64
R64
c64
e64
264
A64
?64
)64
I64
W64
b64
[64
^64
)64
264
y64
364
C64
[64
F64
Z64
N64
+64
364
,64
R64
764
+64
164
@64
q64
|64
164
664

64
f64
j64
<64
K128
964
u64
l64
\64
$64
-64
i64
c64
e64
_64
<64
>64
Z64
j64
'64
Z64
?64
t64
e64
Q64
]64
t64
364
x64
&64
x64
V64
[64
p64
164
_64
&64
i64
n64
}64
!64
T64
864
)64
464
$64
]64
 64
H64
"64
m64
"64
:64
l64
#64
y64
|64
664
L64
Y64
P64
O64
064
Z64
<64

64
>64
964
P64
c64
|64
R64
z64
764
v64
W64
t64
564
W64
564
}64
\64
v64
s64
e64
B64
-64
364
E64
\64
<64
e64
P64
O64
464
+64
#64
^64
T64
W64
>64
U64
K64
364
D64
l64
S64
{64
h64
V64
W64
_64
@64
n64
M64
s64
Y64
A64
|64
?64
s64
Z64
964
564
M64
[64

64
]128
y64
+64
z64
A64
=64
K64
d64
U64
;64
'64
B64
w64
.64
i64
464
=64
664
564
V64
-64
w64
<64
i64
A64
t64
`64
F64
464
N64
M64
m64
y64
e64
&64
b64
q64
i64
g64
;64
i64
S64
j64
Q64
M64
]64
A64
@64
c64
B64
264
J64
564
w64
x64
J64
t64
"64
:64
^64
}64
w64
m64
.64
w64
d64
+64
m64
<64
?64
w64
164
"64
V64
p64
164
.64
j64
+64
T64
(64
a64
w64
964
}64
K128
C64
N64
r64
,64
l64
q64
P64
)64
E64
"64
864
m64
l64
d64
F64
764
264
X64
)64
764
v64
k64
\64
Q64
C64
<64
q64
;64
Y64
W64
M64
f64
M64
864
i64
Q64
!64
D64
 128
Z64
r64
n64
U64
q64
Q64
l64
%64
q64
+64
%64
x64
@64
064
e64
d64
a64
z64
i64
"64
W64
_64
D64
T64
d64
U64
-64
<64
F64
P64
764
864

64
T64
q64
T64
#64
G64
+64
Z64
j64
h64
^64
%64
h64
\64
264
&64
D64
P64
n64
-64
a64
Z64
W64
=64
B64
!64
364
/64
364
!64
l64
y64
j64
}64
|64
C64
364
}64
d64
464
{64
@64
}64
D64
$64
:64
Y64
E64
T64
N128
664
c64

64
/64
F64
X64
<64
l64
r64
.64
J64
K64
`64
%64
764
u64
y64
q64
Q64
064
>64
e64
[64
i64
d64
m64
/64
h64
v64
l64
c64
u64
j64
?64
U64
o64
|64
M64
m64
Z64
'64
x64
=64
_64
r64
T64
j64
N64
+64
n64
z64
_128
I64
?64
m64
164
?64
V128
T64
!64
[64
q64
j64
`64
b64
"64
e64
-64
u64
764
Q64
h64
N64
k64
@64
U64
{64
#64
@64
Z64
,64
m64
864
-64
G64
7128
@64
164
y64
364
E64
164
J64
864
764
664
[64
i64
b64
f64
M64
w64
h64
K64
<64
964
Z64

64
m64
L64
,64
964
#64
764
R64
$64
W64
v64
a64
'64
A64
364
$64
d64
_64
&64
v64
p64
m64
.64
D64
Q64
F64
)64
w64
,64
:64
J64
[64
Z64
164
y64
b64
t64
-64
i64
"64
964
v64
"64
564
S64
;64
264
464
q64
K64
L64
;64
g64
!64
O64
M64
q64
;64
z64
F64
h64
-64
n64
%64
i64
#64
+64
i64
W64
H64
A64
164
z64
r64
 64
/64
m64
_64
n64
y64
n64
a64
"64
,64
h64
H64
v64
[64
^64
764
W64
:64
S64
L64
664
b64
t64
o64
:64
Z64
)64
x64
\64
$64
_64
%64
(64
H64
|64
S64
y64
n64
p64
$64
Y64
N64
J128
=64
#64
z64
}64
#64
Y64
A64
N64
m64
y64
_64
c64
t64
`64
"64
,64
164
R64
!64
Q64
n64
x64
/64
x64
L64
\64
/64
:64
j64
'64
v64
j64
@64
<64
@64

64
i64
l64
Z64
|64
d64
-64
F64
E64
[64
264
%64
{64
&64
h64
 64
n128
m64
T64
G64
664
p64
a64
264
@64
C64
!64
&64
?64
m128
y64
i64
.64
c64
%64
S64
 64
'64
=64
i64
g64
Y64
A64
'64
g64
U64
}64
a64
p64
<64
c64
P64
C64
@64
>64
.64
*64
g64
X64
\64
?64
^64
&64
W64
f64
164
764
O64
064
R64
/64
f64
P64
I64
K64
-64
m64
E64
Q64
e64
I128
K64
E64
 64
_64
A64
\64
?64
e64
m64
)64
C64
K64
o64
p64
|64
E64
264
}64
Y64
!64
(64
364
M64
e64
164
C64
|64
K64
Y64
g64
-64
B64
j64
'64
|64
p64
564
164
<64
f64
Z64
:64
S64
s64
'64
u64
g64
U64
j64
Q64
#64
W64
H64
864
i64
>64
<64
R64
E64
q64
g64
C64
l64

64
.64
)64
^64
D64
%64
I64
#64
\64
Q64
364
{64
@64
564
p64
:64
D64
a64
m64
464
M64
>64
564
a64
t64
y64
T64
l64
p64
564
D64
@64
W64
y64
#64
[64
p64
P64
j64
l64
a64
S64
>64
^64
K64
|64
064
264
W64
H64
p64
A64
h64
J64
C64
064
O64
_64
V64
.64
564
Q64
,64
T64
h64
W64
^64
Y64
#64
}64
964
F64
R64
O64
>64
U64

64
O64
564
f64
j64
J64
364
:64
|64
G64
S64
M64
;64
!64
c64
/64
O64
f64
264
?64
Y64
!64
U64
&64
q64
@64
+64
964
,64
>64
S64
'128
p64
564
664
564
=64
i64
n64
"64
=64
>64
564
$64
C64
864
t64
a64
:64
`64
064
P64
n64
k64
m64
}64
\64
i64
t64
#64
(64
c64
z64
+64
R64
)64
C64
264
;64

64
H64
064
K64
&64
664
f64
364
U64
;64
$64
:64
d64
564
Y64
.64
"64
P64
364
W64
J64
a64
E64
$64
E64
Y64
J128
I64
Y64
{64
564
N64
{64
F64
@64
w64
_64
a64
g64
z64
#64
n64
r64
U64
P64
X64
f64
R64
i64
x64
Y64
z64
o64

64
164
T64
Q64
i64
?64
E64
R64
B64
364
r64
.64
K64
A64

64
z64
"64
d64
?64
_64
0128
v64
=64
P64
&64
564
y64
x64
L64
f64
&64
#64
U64
S64
.64
r64
\64
l64
&64
#64
C64
E64
v64
%64
l64
>64
e64
$64
c64
I64
m64
q64
]64
?64
v64
g64
u64
=64
s64
C64
d64
J64
s64
e64
:64
M64
<64
N64
!64
S64
+64
=64
N64
C64
b64
G64
B64
T64
>64
^64
(64
L64

64
*64
;64
F64
_64
,64
X64
E64
s64
064
-64
/64
a64
Q64
C64
g64
*64
\64
"64
o64
664
N64
=64
a64
:64
'64
E64
W64
S64
d64
L64
v64
t64
:64
N64
!64
C64
h64
e64
;64
D64
^64
K64
O64
+64
.64
O64
A64
^64
A64
o64
K64
A64
M64
_64
?64
G64
S64
l64
z64
.64
k64
i64
(64
f64
k64
`64
+64
@64
M64
c64
Z64

64
Q64
i64
n64
r64
X64
k64
g64
I64
F64
f64
/64
864
-64
=64
p64
^64
E64
{64
+64
p64
,64
"64
g64
264
364
d64
C64
N64
R64
*64
j64
464
c64
P64
@64
_64
"64
P64
/64
464
r64
*64
G64
464
664
n64
Y64
s64
b64
%64
z64
/64
,64
\64
764
@64
\64
764
<64
#128
?64
M64
m64
[64
t64
s64
)64
k64
!64
O64
,64
#64
j64
$64
/64
.64
Y64
:64
E64
"64

64
"64
s64
|64
z64
Q64
U64
l64
G64
464
'64
G64
W64
164
l128
A64
.64
%64
T64
c64
#64
)64
'64
<64
N64
A128
L64
f64
`64
?64
M64
t64
r64
h64
{64
m64
J64
#64
a64
z64
k64
^64
x64
!64
964
@64
>64
}64
g64
564
X64
Z64
864
U64
M64
x64
,64
P64
V64
M64
064
V64
164
W64
x64
O64
b64
864
;64
264
V64
Z64
*64
a64
|64
C64
d64
h64
H64
b64
+64
)64
J64
_64
z64
Y64
M64
164
C64
D64

64
%64
b64
x192
n64
$64
`64
%64
t64
X64
E64
e64
B64
M64
m64
964
064
q64
 64
v64
n64
!64
)64
o64
W64
[64
$64
.64
a64
K64
-64
+64
464
D64
o64
Z64
l64
X64
664
y64
R64
N64
q64
564
@64
W64
.64
^64
<64
164
j64
264
U64
B64
)64
L64
.64
t64
M64
#64
a64
\64
h64
L64
v64
t64
 64
y64
a64
464
364
o64
d64
O64
,64
*64
l64
064
)64
@64
g64
J64
_64
864
b64
X128
m64
X64
e64
k64
x64
164
u64
464
A64
d64
]64
*64
P64
u64
764
Y64
(64
q64
c64
764
&64
464
;64

64
b64
$64
(64
364
`64
{64
164
e64
^64
)64
W64
]64
564
764
!64
c64
'64
v64
V64
S64
!64
x64
^64
j64
u64
R64
H64
N64
E64
s64
m64
)64
E64
b64
864
.64
Q64
c64
W64
U64
-64
U64
p64
s64
u64
a64
V64
;64
_64
{64
#64
r64
764
}64
)64
N64
+64
Y64
*64
v64
W64
564
'64
E64
A64
*64
t64
d64
'64
A64
=64
R64
e64
564
I64
Q64
:64
j64
w64
964
^64
M64

64
U64
064
}64
N64
;64
T64
^64
964
l64
n64
S64
k64
G64
664
?64
S64
)64
364
$64
v64
&64
A64
v64
"64
s64
J64
864
>64
264
L64
,64
264
*64
z64
P64
N64
664
^64
]64
<64
I64
d64
!64
+64
s64
l64
N64
'64
864
Q64
%64
q64
564
164
W64
k64
$64
c64
n64
v128
l64
;64
p64
O64
F64
,64
c64
Q64
$64
"64
X64
@64
]64
C64
f64
.64
Q64
j64
c64
N64
:64
/64
g64
c64
164
A64
r64
:64
[64
.64
c64

64
g64
Q64
;64
c64
T64
964
Y64
W64
h64
)64
y64
{64
%64
264
h128
464
i64
'64
z64
j64
\64
k64
r64
+64

64
>64
064
*64
X64
+64
B64
164
L64
U64
264
t64
F64
.64
U64
|64
#64
q64
s64
n64
K64
V64
M64
/64
}64
A64
N64
 64
b64
164
E64
_64
664
i64
364
Y64
o64
[64
|64
X64
964
g64
864
?64
264
%64
H64
-64
d64
'64
]64
 64
@64
G64
264
u64
d64
[64
@64
;64
"64
]64
x64
A64
864
764
C64
M64
964
>64
k64
)64
y64
.64
s64
C64
#64
&64
864
S64
w64
k64
K64
 64

64
B64
)64
h192
@64
,64
@64
O64
}64
i64
Z64
S64
$64
z64
T64
r64
w64
q64
]64
@64
&64
u64
e64
\64
'64
Y64
564
I64
s64
*64
=64
b64

64
#64
.64
564
_64
S64
e64
z64
#64
 64
T64
864
464
(64
x64
#64
m64
264
[64
664
P64
[64
V128
+64
g64
|64
/64
z64
-64
K64
M64
>64
l64
564
^64
Q64
 64
]64
<64
[64
&64
J64
k64
(64
164
B64
U64
E64
/64
\64
)64
664
v64
+64
{64
)64
464
K64
"64
J64
&64
\64
L64
z64
*64
o64
_64
=64
+64
v64
?64
264
A64
c64
*64
t64
K64
O64
b64
x64
264
?64
K64
(64
Q64
f64
N64
<64
D64
#64
864
264
h64
u64
U64
j64
%64
/64
+64
$64
n64
\64
P64
k64
264
w64
764
364
`64
_64
E64
&64
p64
&64
#64
564
h64
F64
t64
r64
m64
_64
*64
364
$64
\64
p64
(64
"64
d64
g64
i64
@64
q64
k64
O64
q64
P64
-64
q64
'64
c64
P64
964
164
064
r64
U64
564
P64
i64
Y64
+64
J64
g64
l64
(64
=64
S64

64
I64
-64
}64
@64
U64
&64
B64
y64
(64
D64
.64
>64
9128
.64
n64
z64
664
:64
k64
Q64
b64
W64
464
 64
\64
 64
J64
R64
"64
d64
>64
I64
+128
364
764
e64
Y64
'64
464
B64
}64
w64
l64
E64
Z64
K64
$64
I64
>64
B64
664
V64
n64
264
)64
Q64
(64
:64
(64
}64
>64
C64
l64
M64
-64
]64
N64
x64
,64
}64
,64
w64
i64
.64
x64
-64
N64
r64
s64
r64
f64
n64
a64
!64
n64
[64
Q64
L64
i64
!64
x64
K64
+64
T64
Z64
,64
t64
L64
n64
N64
_64
B64
c64
864
<128
]64
p64
_64
>64
L64
b64
J64
$64
=64
a64
m64
c64
J64
"64
664
*64
