^1
11
i1
>1
'1
[1
'1
z1
m1
|1
/1
$1
q1
V2
l1
G1
C1
m1
T1
E1
'1
k1
i1
Q1
]1
W1
h1
|2
?1
}1
<1
#1
/1
61
e1
Q1
#1
m1
N1
U1
41
B2
.1
*1
71
W1
*1
H1
{1
C1
T1
{1
l1
P1
q1
Z1
e1
*1
]1
J1
)1
e1
n1
,1
+1
n1
Q1
<1
v1
S1
b1
y1
$1
:1
+1
f1
"1
K1
J1
!1
k1
T1
"1
B1
,1
)1
>1
Z1
J1
y1
!1
61
]1
)1
31
c1
P1
I1
E1
-1
,1
71
61
h1
H1
#1
o1
?1
k1
d1
,1
W1
R1
v1
g1
R1
<1
u1
?2
u1
:1
W1
U1
91
31
41
n2
91
J1
G1
 1
h1
{1
h1
41
g1
p1
61
N1
g1
$1
 1
c1
#1
Q1
}1
/1
j1
L1
Y1
*1
!1
<1
81
:1
"1
S1
T1
|1
z1
<1
T2
j1
c1
#1
:1
Z1
I1
l1
*1
|1
A1
}1
{1
C1
q1
j1
h1
o1
=1
31
X1
81
f1
A1
V1
M1
h1
q1
c1
t1
}1
]1
-1
H1
<1
X1
N1
j1
v1
H1
;1
i1
e1
*1
]1
K1
@1
%1
h1
?1
j1
?1
O1
i1
a1
m1
j1
%1
Y1
_1
.1
y1
%1
P1
01
_2
;1
01
51
;1
 1
S1
Y1
$1
O1
]1
a1
q2
$1
s1
E2
^1
61
C1
+1
A1
K1
,1
/1
31
i1
91
i1
F1
<1
`1
R1
p1
|1
l1
Q1
C1
f1
A1
|1
21
j1
O1
91
P1
E1
^1
N1
41
}1
V1
|1
e1
w1
i1
w1
#1
_1
q1
71
@1
81
B1
<1
F1
&1
\1
<2
*1
z1
V1

1
m1
u1
11
01
g1
R1
]1
p1
91

1
|1
I1
:1
l1
@1
(1
s1
?1
r1
'1
@1
41
G1
F1
v1
d1
H1
j1
41
\1
`1
!1
^1
I1
Y1
R1
O1
S1
]1
k1
71
Z1
|1
71
z1
\1
]1
Z2
K1
T1
%1
v1
N1
j1
g1
y1
W1
+1
l1
51
&1
T1
s1

1
u1
]1
_1
O1
'1
z1
*1
_1

1
X1
{1
]1
O1
K1
t1
T1
e1
01
n1
w1
X1
e1
q1
"1
[1
N1
{1
K1
"1
i1
=1
D1
C1
L1
}1
G1
z1
Q1
B1
a1
W1
)1
F1
 2
a1
)1
"1
g1
h1
F1
B1
}1
[1
u1
(1
F1
O1
81
\1
)1
w1
T1
w1
u1
;1
`1
)1
G1
B1
Y1
w2
C1
e1
r1
|1
#1
Y1
91
[1
l2
Z1
*1
[1
i1
 1
{1
H1
e1
v1
'1
{1
}1
&1
C1
"1
31
?1
|1
u1
D2
61
r1
z1
j1
!1
M1
I1
u1
v1
V1
t1
,1
G1
L1
r1
71
c1
,1
d1
71
W1
U1
t1
x1
h1
v1
"1
y1
R1
f1
81
u1
h1
H1
m1
j1
"1
*1
y1
.1
O1
!1
^1
&1
01
?1
31
K1
w1
B1
 1
p1
=1
#1
L1
h1
,1
 1
N1
,1
F1
>1
l1
e1
,1
"1
;1
\1
^1
+1
}1
[1
U1
&1
Y1
e1
K1
c1
k1
;1
Z1
z1
V1
l1
A1
T1
L1
E1
"1
$1
Y1
x1
s1
g1
p1
-1
m1
`1
\1
81
#1
K1
/1
%1
F1
41
/1
)1
 1
^1
T1
g1
A1
s1
|1
(1
K1
|1
b1
I1
R1
m1
>1
,1
O1
q1
)1
u1
G1
L1
q1
S1
!1
:1
Q1
$1
p1
b1
^1
U1
 1
W1
%1

1
"1
G1
21
}1
X1
O1
G1
T1
u1
`1
:1
f1
)1
/1
*1
E1
_1
e1
/1
51
B1
51
11
J1
91
o1
+1
[1
S1
|1
'1
I1
g1
Q1
z1
n1
_1
=1
!1
U1
E1
/1
.1
t1
N1
71
41
B1
#1
b1
91
}1
F1
41
r1
R1
01
K1

1
!1
 1
i1
c1
/1
^1
;1
B1
)1
d1
^1
\1
81
71
f1
P1
F1
P1
I1
Z1
h1
)1
 1
l1
Z1
<1
=1
c1
V1
S1
W1
81
?1
z1
P1
]1
C1
\1
o1
q1
`1
O1
#1
S1
+1
M1
W1
o1
#1
-1
J1
41
!1
M1
l1
>1
11
?1

1
V1
W1
>1
H1
P1
h1
71
a1
k1
V1
t1
H1
|1
71
Y1
t1
#1
u1
;1
i1
Y1
51
;1
V1
v1
X1
r1
F1
@1
81
X1

1
u1
s1
G1
h1
 1
21
\1
j1
u1
{1
T1
`1
d1
U1
r1
Y1
/1
,1
H1
Y1
#1
-1
Y1
e1
/1
 1
n1
21
n1
F1
;1
01
m1
>1
m1
V1
H1
o1
\1
S1
^1
Q1
"1
?1
C1
p1
i1
M1
?1
z1
f1
Z1
L1
Z1
)1
X1
n1
A1
q1

1
f1
 1
X1
-1
C1
E1
v1
.1
p1
21
S1
@1
p1
31
51
l1
61
G1
F1
n1
(1
q1
]1
.1
k1
Q1
g1
#1
M1
u1
l1
S1
/1
41
z1
V1
g1
S1
|1
t1
|1
_1
o1
.1
v1
<1
]1
31
K1
Y1
 1
a1
!1
61
}1
V1
m1
+1
F1
E1
e1
v1
C1
i1
=2
W1
f1
p1
}1
O1
}1
C1
\2
(1
A1
f1
,1
M1
^1
S1
T1
S1
i1
l1
o1
O1
b1
T1
M1
q1
@1
C1
\1
X1
A1
D1
)1
t1
p1
]1
G1
!1
`1
C1
b1
e1
q1
V1
l1
?1
r1
|1
<1
Z1
k1
91
>1
T1
C1
91
u1
}1
H1
*1
h1
q1
'1
71
=1
o1
]1
X1
)1
;1
E1
j1
&1
Y1
O1
e1
h1
A1
?1
g1
b1
B1
u1
>1
%1
71
|1
J1
#2
X1
T1
C1
#1
P1
Z1
R1
F1
:1
&1
E1
f1
$1
_1
l1
01
J1
d1
P1
 1
=1
G1
Z1
21
G1
h1
R1
)1
}1
f1
z1
;1
W1
"1
I1
y1
V1
l1
%1
l1
r1
X1
i1

1
H2
C1
|1
@1
e1
h1
+1
'1
T1
.1
41
A1
01
\1
91
S1
i1
y1
P1
k1
;1
(1
m1
e1
@1
