X1
c1
S1
K1
t1
B1
71
X1
+1
O1
@1
[1
d1
N1
61
?1
y1
i1
\1
m1
h1
<1
A1
51
X1
-1
/1
J1
&1
G1
U1
*1
K1
}1
H1
U1
x1
71

1
\1
s1
 1
>1
 1
`1
%1
{2
a1
B1
N1
#1

1
=1
B1
t1
<1
i1
Y1
11
/1
R1
@1
V1
(1
e1
Y1
@1
C1
Z1
,1
f1
M1
K1
{1
w1
Z1
A1
T1
b1
K1
-1
m1
w1
51
n1
M2
G1
W1
_1
b1
41
@1
O1
e1
G1
p1
51
J1
01
-1
c1
=1
R1
^1
A1
 1
41
_1
i1
c1
B1
#1
u2
<1
U1
I1
\1
(1
P1
\1
=1
@1
?1
k1
:1
q1
U1
Y1
T1
Z1
o1
61
F1
R1
T1
a1
]1
81
q1
:1
<1
(1
V1
@1
k1
81
x1
G1
?1
71
:1
=1
C1
j1
)1
d1
K1

1
X1
c1
m1
V1
N1
|1
E1
z1
U1
?1
W1
v1
41
g1
j1
`1
#1
?1
x1
11
J1
81
j1
\1
M1
U1
?1
]1
m1
U1
91
Y1
m1
y1
41
&2
^1
T1
G1
#1
m1
61
*1
d1
C1
s1
{1
P1
A1
51
a1
X1
}1
J1
h1
{1
K1
x1
Q1
L1
J1
Z1
>1
g1
S1
[1
@1
c1
41
_1
}1
#1
K1
V1
C1
01
I1
#1
g1
/1
Z1
J1
01
=1
;1
r1
d1
X1
{1
[1
(1
+1
-1
:1

1
V1
{1
<1
o1
b1
O1
"1
V1
a1
X1
u1
D1
?1
_1
]1
F1
v1
`1
z1
&1
b1
01
@1
+1
n1
@1
"1
C1
81
&1
U1
m1
^1
e1
V1
{1
F1
X1
'1
j1
a1
O1
#1
S1
?1
C1
e1
D1
|1
*1
:1
@1
E2
_1
s1
A1
&1
h1
X1
p1
;1
 1
Z1
$1
_1
T1
k1
01
-1
,1

1
&1
A1
,1
U1
;1
*1
51
R1
91
U1
v1
x1
g1
Y1
H1
W1
P1
o1
91
%1
r1
S1
?1
Q1
o1
l1
"1
#2
n1
O1
A1
.1
e1
Y1
V1
U1
(1
e1
I1
>1
'1
61
q1
G1
l1
B1
[1
T1
K1
w1
G1
K1
U1
01
`1
71
11
X1
!2
B1
i1
e1
q1
C1
 1
D1
}1
Y1
o1
A1
^1
w1
11
q1
&1
01
i1
P1
x1
U1
&1
N1
@1
x1
y1
w1
b1
o1
:1
}1
A1
*1
r1
|1
v1
L1
z1
|1
J1
!1
$1

1
x1
O1
a1
(1
P1
01
Q1
A1
31
e1
E1
r1
+1
[1
61
x1
/1
u1
#1
 1
,1
a1
j1
e1
S1
|1
?1
T1
c1
d1
{1
N1
U1
)1
$1
q1
71
g1
}1
C1
n1
 1
h1
{1
.1
r1
I1
C1
Y1
`1
.1
n1
w1
X1
`1
71
R1
E1
F1
h1
/1
U1
<1
-1
}1
51
(1
A1
#1
<1
A1
 1
|1
S1
'1
q1
c1
Z1
i1
@1
O1
v1
]1
U1
21
;1
)1
51
g1
31
?1
x1
u1
d1
e1
T1
V1
t1
91
#1
 1
@1
L1
C1
W1
a1
i1
<1
01
41
o1
C1
@1
B1
o1
r1
$1
B1
"1
f1
]1
61
-1
o1
=1
x1
h1
B1
U1
51
?1
Y1
51
"1
m1
e2
c1
)1
%1
A1
51
M1
w1
d1
t1
A1

1
"1
I1
b1
S1
g1
S1
&1
|1
`1
>1
(1
<1
i1
^1
R1
s1
k1
R1
T1
.1
C1
b1
m1
}1
J1
K1
,1
d1
/1
91
r1
01
51
Y1
N1
81
\1
81

1
^1
S1
71
#1
y1
|1
51
h1
21
q1
<1
81
W1
M1
f1
u1
|1
%1
p1
41
M1
f1
n1
71
]1
O1
51
k1
81

1
l1
M1
b1
U1
)1
-1
91
G1
>1
Q1
j1
+1
51
Q1
X1
u1
m1
S1
B1
41
x1
e1
n1
p1
W1
M1
{1
i1
]1
11
w1
b1
]1
@1
i1
I1
F1
t1
T1
L1
e1
^1
{1
M1
y1
E1
T1
y1
j1
*1
31
41
*1
a1
.1
V1
P1
|1
v1
21
11
}1
T1
E1
J1
u1
_1
M1
j1
\1
n1
o1
n1
d1

1
e1
#1
71
>1
11
*1
j1
#1
31

1
F1
 1
|1
