O8307
o9529
]1961
r5773
o9082
/2792
X853
e8601
33330
$749
_9411
J13
?3189
G162
?8060
H4897
[3449
;488
v6951
21644
77916
.6568
p4222
/6737
h1259
x8515
#567
83952
92976
D4725
06309
y3087
Y2896
B4405
g5383
E7882
*1619
]8347
b3545
k3860
i6197
y6831
s5695
14449
?2594
:5556
\6249
c2720
C8461
:8765
T5624
g4138
e5154
 981
