n6425
r6425
h6425
Z6425
 6425
36425
@6425
u6425
[6425
i6425
c6425
$6425
@6425
:6425
h6425
P6425
46425
h6425
^6425
m6425
k6425
96425
36425
76425
Q6425
h6425
M6425
<6425
S6425
^6425
w6425
a6425
e6425
X6425
<6425
&6425
R6425
>6425
+6425
46425
Q6425
T6425
X6425
v6425
b6425
t6425

6425
X6425
J6425
}6425
p6425
]6425
46425
