'883
G7774
*7337
67230
i3026
a705
O2796
\4588
c539
{7899
#8180
F1818
>6116
*877
E589
i8573
k5520
0257
r881
06276
/2016
<49
m7378
p5008
#4586
k1389
678
/2692
C4964
e2660
z8999
t8925
;7259
"3671
;1850
o9731
B5849
!3026
59939
92795
#514
2820
Y434
N5639
#6679
<5282
^7889
,4633
&7542
92322
:2535
e5005
S6485
F6663
c5037
r6205
E5559
-7295
D2592
p6705
x3810
]8045
g3665
e3774
}4362

9693
?1318
T420
m7192
]4517
i9574
y1151
a6460
?3740
y1690
X2216
G2205
^8725
\9624
Y8108
z7158
H10598
=5533
D197
"7849
T6456
[1286
Q9036
