q4206
{4206
/4206
U4206
\4206
x4206
V4206
64206
'4206
e4206
x4206
k4206
t4206
?4206
}4206
#4206
!4206
:4206
b4206
V4206
W4206
}4206
n4206
z4206
}4206
74206
34206
y4206
Z4206
S4206
%4206
`4206
h4206
,4206
D4206
,4206
;4206
"4206
x4206
"4206
&4206
j4206
04206
`4206

4206
Z4206
d4206
(4206
c4206
/4206
r4206
p4206
|4206
G4206
;4206
p4206
k4206
54206
'4206
C4206
/4206
D4206
^4206
64206
x4206
j4206
-4206
}4206
