V4607
s4607
64607
J4607
v4607
84607
34607
P4607
w4607
"4607
,4607
K4607
T4607
-4607
S4607
h4607
H4607
64607
}4607
64607
 4607
p4607
n4607
,4607
;4607
t4607
)4607
?4607
]4607
n4607
Z4607
Q4607
g4607
M4607
g4607
>4607
#4607
,4607
V4607
L4607
X4607
J4607
y4607
 4607
M4607
(4607
J4607
e4607
+4607
N4607
X4607
84607
44607
[4607
o4607
T4607
I4607
j4607
r4607
i4607
M4607
=4607
*4607
e4607
d4607
B4607
54607
v4607
Z4607
M4607
