,32
I32
H32
-32
v32
P32
)32
/32
n32
*32
<32
B32
"32
232
932
X32
J32
x32
`32
'32
(32
N32
|32
y32
j32
 32
D32
632
L32
f32
R32
T32
732
@32
H32
!32
?32
-32
532
B32
i32
{32
T32
O32
J32
w32
X64
b32
F32
A32
^32
$32
932
Q32
Y32
|32
;32
D32
S32
@32
$32
u32
}32
J32
^32
g32
332
)32
C32
u32
c32
j32
^32
R32
@32
W32
=32
a32
:32
H32
|32
"32
;32
A32
R32
n32
$32
n32
d32
>32
N32
T32
z32
S32
O32
C32
W32
z32
\32
;32
832
F32
 32
Q32
k32
-32
n32
?32
S32
>32
;32
132
n32
J32
-32
132
J32
G32
732
S32
932
j32
\32
K32
632
}32
Y32
P32
+32
a32
g32
k32
Q32
>32
Y32
932
D32
a32
x32
r32
b32
$32
Y32
/32
W32
/32
l32
U32
B32
^32
;32
>32
}32
p32
S32
e32
332
a32
F32
;32
 32
n32
s32
q32
532
C32
y32
k32
!32
{32
X32
e32
932
%32
^32
632
m32
 32
c32
F32
B32
A32
B32
X32
#32
H32
\32
:64
r32
-32
b32
(32
a32
p32
q32
P32
x32
i32
z32
<32
\32
;32
?32
&32
C32
B32
a32
[32
?32
J32
|32
;32
 32
*32
<32
t32
f32
Q32
832
l32
W32
E32
#32
V32
 32
d32
a32
364
%32
|32
]32
o32
{32
>32
N32
C32
/32
E32
o64
Q32
k32
b32
r32
E32
B32
532
"32
W32
_32
T32
m32
x32
432
E32
?32
O32
N32
M32
Y32
.32
o32
u32
\32
T32
e32
u32
D32
j32
X32
k32
K32
z32
X32
!32
532
S32
Z32
l32
y32
932
V32
Z32
232
]32
O32
932
v32
#32
A32
j32
V32
f32
L32
*32
`32
R32
U32
O32
a32
o32
c32
432
r32
x32
V32
d32
[32
}32

32
v32
L32
I32
h32
v32
h32
?32
c32
V32
_32
e32
$32
-32

32
K32
(32
X32
t32
n32
T32
b32
*32
I32
K32

32
e32
832
s32
k32
932
|32
s32
i32
532
U32
n32

32
T32
p32
J32
X32
[32
`32
!32
a32
&32
U32
]32
,32
o32
g32
;32
z32
U32
;32
S32
L32
932
M32
N32
/32
732
164
g32
B32
Z32
D32
"32
.32
v32
J32
432
.32
932
J32
[32
E32
%32
Z32
T32
h32
e32
]32

32
q32
y32
M32
h32
%32
f32
N32
\32
332
s32
{32
B32
w32
b32
832
732
Y32
K32
g32
P32
{32
Q32
H32
O32
+32
332
v32
<32
^32
{32
832
V32
$32
C32
s32
i32
%32
T32

32
632
a32
]32

32
s32
832
S32
`32
E32
+32
)32
632
C32
Z32
}32
q32
632
h32
&32
"32
t32
M32
+32
q32
:32
-32
x32
732
*32
532
832
Y32
V32
d32
]32
"32
E32
r32
S32
$32
V32
Z32
Y32
J32
W32
'32
_32
"32
G32
032
G32
T32
H64

32
[32
,32
>32
"32
L32
O32
}32
;32
#32
h32
?32
'32
=32
.32
332
(32
n32
f32
q32
>32
U32
332
q32
%32
r32
?32
n32
k32
,32
K32
G32
m32
Q32
&32
O32
T32
x32
`32
O32
$32
j32
(32
I32
c32
|32

32
=32
n32
j32
a32
d32
q32
D32
?32
M32
*32
V32
S32
a32
J32
}64
432
"32
i32
;64
u32
r32
Q32
z32
M32
e32
(32
T32
)32
U32
>32
{32
A32
 32
W32
.32
`32
732
v32
432
X32
#32
732
j32
q32
%32
x32
p32
K32
c32
U32
932
M32
/32
m32
j32
+32
)32
o32
B32
m32
f32
X32
)32
+32
132
+32
U32
h32
732
]32
932
)32
*32
z32
@32
&32
$32
)32
!32
?32
R32
'32
Q32
b32
A32
C32

32
@32
<32
|32
_32
732
j32
H32
^32
|32
=32
632
@64
832
C32
%32
132
!32
{32
e32
G32
L32
n32
132
F32
q32
u32
y32
o32
732
v32
A32
432
'32
G32
K32
T32
p32
(32
d32
L32
%32
q32
}32
E32
T32
>32
m32
:32

32
F32
X32
B32
`32
732
932
b32
$32
Q32
(32
T32
A32
232
v32
332
^32
W32
232
f32
N32
!32
G32
l32
j32
=32

32
632
%32
w32
{32
632
M32
.32
?32
>32
}32
Q32
.32
E32
?32
P32
a32
c32
m32
>32
632
)32
M32
J32
Q32
G32
o32
l32
y32
`32
232
j32
G32
Z32
y32
@32
?32
A32
632
W32
j32
k32
Q32
%32
/32
*32
N32
D32
[32
'32
d32
z32
L32
O32
]64
<32
,32
N32
v32
<32
632
Z32
G32
x32
u32
V32
o32
"32
E32
S32
r32
p32
X32
z32
F32
232
S32
z32
:32
Z32
o32
|32
_32
n32
a32
r32
f32
'32
I32
V32
e32
&32
:32
532

32
<32
h32
$32
K32
A32
b32
=32
>32
g32
K32
>32
u32
S32
=32
R32
o32
]32
y32
;32
U32
 32
&64
M32
[32
e32
y32
,32
G32
i32
U32
"32
n32
k32
&32
J32
z32

32
o32
i32
|32
<32
H32
 32
P32
|32
N32
e32
R32
m32
|32
r32
K32
f32
m32
z32
G32
W32
+32
A32
b32
t32
x32
a32
&32
T32
Q32
@32
N32
I32
q32
}32
+32
?32
832
*32
P32
,32
]32
;32
O32
Y32
l32
b32
}32
!32

32
B32
V32
S32
r32
w32
 32
k32
}32
532
{32
E32
332
\32
R32
C32
[32
U32
$32
732
/32
G32
*32
j32
(32
z32
132
c32
[32
E32
S32
-32
432
\32
W32
<32
o32
'32
?32
G32
`32
X32
o32
132
I32
H32
L32
"32
&32
n32
[32
T32
C32
;32
S32
{32
;32
532
j32
A32
>32
|32
O32
x32
+32
$32
W32
.32
\32
132
L32
R32
?32
i32
#32
G32
U32
>32
=32
{32
X32
_32
,32
T32
q32
H32
k32
)32
=32
E32
932
h32
R32
732
G32
W32
;32
632
>32
y32
'32
V32
#32
>32
S32
532
"32
>32
v32
q32
}32
 32
g32
A32
V32
532
D32
h32
{32
/32
132
832
V32
y32
R32
i32
432
.32
032
y32
432
g32
632
/32
,32
Y32
o32
s32
%32
f32
u32
V32
r32
*32
932
d32
V32
r32
%32
332
Y32
|32
B32
|32
$32
a32
Z32
"32
Z32
\32
r32
e32
"32
@32
g32
Q32
032
q32
d32
>32
d32
L32
D32
"32
k32
J32
s32
m32
#32
032
W32
v32
f32
x32
+32
s32
532
*32
i32
y32
432
A32
732
O32
;32
i32

32
q32
i32
N32
n32
032
}32
:32
q32
`32
P32
]32
?32
W32
n32
Z32
?32
A32
 32
=32
]32
x32
S32
j32
Y32
l32
|32
t32
%32
h32
`32
132
<32
%32
!32
{32
!32
L32
n32
(32
!32
j32
i32
A32
{32
l32
932
@32
C32
i32
x32
-32
n32
/32
D32
)32
|32
332
H32
>32
R32
;32
+32
y32
b32
232
^32
]32
z32
H32
{32
732
w32
`32
*32
j32
e32
032
A32
h32
M32
\32
}32
g32
332
$32
`32
n32
832
d32
#32
]32
k32
232
Q32
u32
H32
N32
#32
l32
232
832
J32
d32
V32
f32
-32
T32
}32
'32
d32
732
;32
&32
732
032
p32
I32
U32
'32
f32
!32
m32
K32
}32
x32
T32
x32
&32
332
F32
G32
[32
332
D32
'32
J32
}32
d32
V32
T32
P32
J32
f32
R32
Y32
z32
#32
332
o32
R32
h32
]32
w32
J32
532
%32
l32
P32
X32
w32
c32
A32

32
[32
%32
k32
P32
c32
b32
%32
"32
332
d32
}32
;32
i32
v32
E32
#32
y32
*32
R32
?32
f32
Q64
F32
g32
X32
H32
`32
[32
R32
C32
i32
I32
G32
-32
&32
J32
Y32
{32
[32
W32
l32
h32
C32
732
o32
=32
v32
g32
[32
932
@32
]32
{32
(32
Q32
H32
|32
z32
C32
k32
?32
132
"32
B32
c32
x32
z32
G32
j32
"32
s32
832
C32
h32
032
I32
=32
+32
$32
#32
a32
732
R32
x32
o32
R32
A32
*32
532
x32
O32
H32
B32
832
l32
/64
>32
=32
732
I32
e32
Z32
`32
y32
s32
z32
N32
R32
332
$32
D32
U32
?64
)32
E32
#32
 32
T32
o32
Z32
?32
:32
Y32
<32
[32
B32
b32
B32
f32
W32
(32
.32

32
L32
w32
a32
^32
k32
u32
H32
032
|32
X32
^32
F32
B32
k32
|32
X32
032
?32
q32
N32
 32
q32
B32
:32
 32
v32
\32
S32
_32
032
+32
I32
[32
-32
"32
#32
 32
y32
d32
l32
K32
232
&64
W32
Q32
i32
S32
332
^32
Q32
]32
o64
(32
H32
[32
\32
J32
A32
032
(32
a64
y32
=32
R32
632
b32
e32
^32
P32
I32
!32
832
V32
F32
z32
%32
132
,32
=32
G32
p32
Q32
=32
q32
S32
}32
x32
V32
032
N32
)32
X32
d32
032
}32
{32
\32
i32
u32
v32
.32
O32
#32
l32
>32
?32
532
@32
N32
P32
j32
D32
632
n32
y32
\32
g32
J32
U32
=32
W32
V32
632
|32
X32
Q32
b32
W32
u32
+32
S32
s32
f32
R32
<32
V32
d32
b32
N32
;32
%32
s32
932
\32
H32
h32
P32
{32
H32
A32
f32
E32
\32
}32
c32
432
|32
l32
_32
$32
y32
D32
,32
+32
]32
m32
+32
632
y32
S32
)32
532
`32
+32

32
P32

32
P32
q32
x32
=32
!32
T32
q32
732
E32
%32
?32
|32
>32
d32
?32
%32
,32
}32
032
"32
,32
j32
Q32
>32
y64
w32
{32
S32
=32
:32
332
J32
)32
*32
J32
#32
%32
V32
h32
932
s32
w32
t32
n32
P32
332
q32
l32
=32
A32
?32
#32
.32
U32
Z32
`32
&32
*32
A32
n32
532
$32
U32
]32
u32
!32
K32
X32
H32
E32
'32
l32
u32
W32
-32
<32
E32
V32
-32
G32
T32
>32
S32
h32
_32
T32
}32
g32
&32
:32
C32
]32
\32
732

32
a32
G32
332
:32
R32
032
]32
n32
232
_32
i32
S32
#32
i32
G32
&32
D32
k32
432
H32
S32
M32
"32
&32
532
%32
!32
=32
v64
$32
_32
c32
=32
<32
u32
-32
u32
`32
D32
=32
&32
I32
i32
$32
m32
t32
E32
&32
R32

32
\32
F32
C32
532
"32
$32
D32
{32
"32
k32
c32
N32
)32
]32
{32
z32
O32
'32
B32
m32
c32
k32
M32
V32
a32
o32
D32
^32
-32
F32
d32
p32
d32
Y32
%32
#32
@32
`32
#32
=32
F32
/32
\32
$32
p32
o32
 32
H32
-32
_32
832
<32
=32
q32
'32
r32
@32
 32
632
N32
"32
}32
i32
N32
!32
T32
932
\32
w32
/32
h32
G32
B32
/32
l32
E32
-32
V32
M32
-32
r32
532
{32
_32
K32
232
M32
k32
B32
232
}32
[32
N32
y32
s32

32
=32
X32
832
X32
/32
532
T32
:32
k32
a32
Y32
g32
132
^32
v32
%32
e32
H32
`32
H32
U32
+32
w32
R32
L32
t32
V32
p32
u32
Q32
u32
"32
e32
=32
_32
s32
!32
U32
H32
Y32
A32
)32
^32
g32
i32
/32
'32
^32
S32
.32
b32
*32
032
I32
332
032
d32
`32
#32

32
]32
332
d32
,32
K32
?32
{32
`32
-32
 32
P32
{32
P32
^32
Y32
{32
<32
y32
+32
L32
T32
_64
U32
V32
*32
=32
y32
v32
^32
t32
i32
[32
M32
)32
i32
I32
a32
V32
!32
D32
"32
r32
X32
c32
r32
V32
132
L32
k32
O32
P32
m32
j32
.32
C32
]32
y32
h32
W32
,32
i32
Z32
C32
+32
M32
@32
p32
.32
"32
-32
G32
d32
p32
832
@32
I32
132
f32
_32
D32
832
S32
O32
032
\32
;32
]32
E32
i32
>32
a32
Q32
O32
|32
m32
u32
432
"32
D32
e32
632
N32
X32
332
D32
p32
S32
-32
s32
A32
}32

32
A32
!32
*32
.32
#32
432
K32
S64
k32
532
M32
Q32
g32
B32
O32
$32
)32
%32
D32
132
!32
(32
C32
)32
q32
"32
r32
B32
e32
S32
F32
,32
D32
u32
*32
?32
H32
\32
932
'32
$32
232
h32
v32
|32
W32
T32
y32
.32
B32
e32
k32
#32
s32
E32
632
x32
d32
$32
d32
D32
T32
<32
b32
@32
j32
B32
z32
]32
Y32
{32
k32
_32
J32
*32
;32
_32
R32
K32
I32
>32
A64
l32
m32
(32
B32
s32
t32
Y32
{32
t32
X32
}32
v32
g32
732
`32
v32
l32
,32
n32
T32
r32
M32
732
v32
!32
|32
132
U32
732
D32
:32
s32
:32
,32
C32
[32
/32
Z32
T32
X32
_32
832
A32
\32
432
G32
N32
K32
i32
-32
<32
I32
o32
B32
$32
Z32
D32
s32
K32
q32
732
#32
c32
w32
Y32
n32
h32
332
.32
532
(32
,32
v32
 32
_32
s32
f32

32
n32
h32
Y32
 32
C32
/32
&32
A32
x32
{32
b32
u32
+32
;32
?32
s32
P32
]32
732
;32
032
v32
K32
732
032
$32
:32
z32
h32
b32
q32
 32
z64
^32
I32
C32
532
W32
:32
B32
 32
x32
\32
^64
 32
B32
t32
]32
p32
*32
!32
-32
h32
q32
a32
G32
&32
K32
 32
i32
Y32
i32
o32
532
 32
J32
@32
P32
K32
n32
=32
l32
"32
<32
d32
H32
T32
y32
432
G32
&32
[32
T32
S32
n32
s32
*32
Q32
D32
n32
b32
x32
]32
D32
v32
/32
r32
Z32
L32
(32
j32
[32
-32
<32
c32
_32
#32
132
j32
w32
S32
L32
632
.32
{32
$32
r32
@32
v32
*32
G32
K32
:32
r32
W32
p32
932
@32
332
&32
d32
'32
O32
v32
U32
z32
732
232
 32
132
732
F32
>32
{32
K32
L32
j32
"32
o32
Z32
$32
>32
X32
`32
;32
-32
D32
A32
+32
"32
#32
L32
!32
k32
G32
:32
 32
932
P32
w32
`32
k32
S32
C32
I32
&32
A32
 32
r32
w32
D32
R32
/32
l32
L32
!32
%32
'32
232
K32
632
'32
&32
V32
e32
q32
j32
 32
m32
W32
Z32
}32
U32
-32

32
#32
n32
<32
764
032
{32
P32
232
e32
l32
S32
>32
w32
732
m32
r32
,32
c32
!32
|32
)32
}32
`32
}32
G32
<32
V32
r32
v32
*32
&32
a32
L32
F32
z32
y32
T32
\32
W32
]32
t32
/32
i32
)32
$32

32
T32
+32
032
J32
O32
U32
j32
G32
d32
u32
n32
"32
B32
@32
>32
(32
v32
{32
-32
B32
_32
D32
r32
q32
u32
032
a32
T32
n32
:32
&32
f32
+32
D32
[32
/32
Y32
,32
Y32
j32
+32
k32
532
^32
I32
|32
M32
=32
n32
"32
f32
w32
P32
j32
?32
h32
@32
V32
`32
J32
q32
R32
^32
b32
N32
Y32
d32
Z32
U32
{32
$32
!32
W32
732
y32
%32
932
.32
!32
|32
V32
p32
732
[32
y32
b32
\32
s32
R32
.32
-32
q32
N32
l32
m32
#32
k32
n32
u32
o32
Y32
r32
B32
<32
f32
'32
O32
v32
[32
432
u32
[32
"32
}32
,32
H32
(32
B32
;32
332
)32
^32
&32
$32
+32
}32
#32
C32
M32
n32
D32
X32
R32
k32
E32
l32
f32
Y32
D32
'32
#32
132
*32
L32
!32
{32
'32
{32
C32
T32
n32
p32
%32
932
;32
'32
c32
U32
^32
z32
h32
032
%32
[32
.32
b32
{32
732
n32
U32
W32
f32
K32
F32
S32
=32
$32
032
w32
+32
^32
w32
732
H32
A32
.32
K32
|32
e32
;32
_32
O32
%32
B32
=32
}32
432
d32
j32
E32
^32
=32
m32
-32
<32
Y32
332
N32
-32
|32
>32
p32
-32
z32
D32
232
F32
832
w32
-32
#32
(32
P32
A32
T32
n32
)32
J32
D32
F32
$32
B32
f32
i32
"32
;32
g32
432
{32
j32

32
.32
432
+32
x32
p32
232
H32
E32
u32
_32
032
332
t32
d32
S32
x32
t32
z32
J32
v32
032
Y32
H32
Y32
q32
f32
d32
B32
H32
y32
\32
q32
"32
q32
T32
(32
K32
R32
 32
d32
B32
A32
Y32
.32
v32
"32
Q32
Z32
C32
F32
_32
n32
232
c32
<32
U32
:32
D32
 32
W64
:32
 32
]32
F32
@32
!32
;32
832
_32
)32
-32
J32
k32
L32
732
S32
K32
y32
+32
u32
432
-32
332
_32
o32
f32
e32
N32
w32
V32
F32
 32
M32
T32
>32
M32
P32
U32
#32
|32
832
t32
$64
<32
R32
A32
 32
C32
.32
F32
Y32
M32
c32
x32

32
632
432
932
h32
A32
v32

32
732
"32
332
W32
!32
;32
t32
D32
$32
G32
Y32
U32
O32
^32
I32
.32
i32
-32
.32
B32
\32
y32
N32
b32
q32
"32
s32
E32
X32
732
+32
(32
=32
;32
832
f32
C32
D32
+32
S32
Q32
}32

32
V32
O32
(32
#32
]32
&32
K32
932
N32
i32
H32
632
u32
D32
M32
 32
A32
D32
"32
U32
832
Z32
932
c32
^32
m32
D32
.32
Q32
b32
E32
=32
u32
o32
532
(32
;32
@32
#32
832
M32

32
`32
(32
$32
{32
d32
;32
C32
@32
g32
z32
&32
-32
032
b32
232
?32
'32
N32
032
]32
_32
132
732
v32
M32
'32
?32
e32
x32
:32
V32
L32
932
g32
x32
g32
`32
y64
s32
R32
c32
!32
z32
Q32
;32
=32
h32
#32
r32
P32
]32
B32
f32
X32
432
o32
i32

32
j32
@32
232
532
p32
b32
z32
932
o32
d32
,32
E32
G32
K32
|32
l32
=32
q32
e32
a32
Q32
l32
H32
h32
%32
w32
L32
E32
Y32
j32
-32

32
.32
i32
A32
x32
932
G32
s32
%32
g32
=32
-32
i32
}32
g32
a32
Y32
Z32
l32
m32
Y32
L32
S32
@32
J32
q32
v32
232
*32
s32
m32
W32
y32
]32
w32
A32
032
@32
:32
\32
E32
Z32
832
R32
!32
w32
i32
o32
d32
s32
i32
832
O32
|32
I32
T32
g32
m32
s32
,32
C32
L32
V32
q32
 32
P32
n32
w32
-32
+32
X32
E32
/32
032
 32
j32
r32
k32
f32
G32
l32
264
"32
x32
H32
332
a32
'32
#32
Q32
q32
'32
T32
<32
.32
|32
q32
;32
t32
a32
G32
r32
432
X64
:32
N32
132
@32
^32
l32
X32
e32
X32
=32
F32
i32
$32
t32
632
q32
y32
]32
>32
W32
&32
M32
L32
@32
b32
M32
<32
b32
m32
$32
n32
L32
+32
p32
W32
K32
&32
232
T32
}32
%32
o32
B32

32
M32
^32
>32
Q32
.32
'32
D32
Z32
732
*32
s32
u32
i32
.32
>32
<64
W32
*32
o32
532
e32
532
Z32
p32
.32
%32
s32
,32
I32
]32
(32
632
$32
n32
t32
932
Z32
I32
J32
 32
a32
_32
e32
]32
u32
`32
/32
v32
'32
032
632
/32
}32
K32
l32
e32
332
h32
,32
\32
P32
832
:32
^32
U32
O32
l32
y32
S64
o32
k32
432
+32
w32
}32
^32
o32
p32
V32
)32
u32
'32
g32
N32
132
I32
v32
p64
432
}32
Y32
!32
:32
s32
532
;32
$32
h32
a32
332
:32
U32
.32
332
432
l32
X32
{32
c32
D32
x32
Q32
c32
K32
232
R32
=32
e32
K32
y32
W32
832
<32
Z32
F32
;32
+32
U32
c32
x32
132
/32
P32
"32
@32
M32
e32
F64
a32
i32
"32
W32
Q32
y32
|32
z32
>32
'32
F32
&32
|32
a32
e32
d32
632
^32
J32
'32
532
732
232
Z32
232
h32
`32
g32
832
!32
n32
b32
R32
x32
X32
}32
i32
K32
d32
w32
K32
Q32
l32
>32
%32
r32
D32
?32
I32
r32
F32
E32
^32
{32
s32
T32
732
M32
m32
a32
*32
o32
X64
s32
O32
J32
132
K32
X32
c32
H32
?32
y32
{32
v32
332
(32
K32
j32

32
C32
@32
u32
A32
?32
g32
v32
-32
E32
|32
l32
932
w32
S32
M32
a32
f32
r32
?32
p32
_32
^32
J32
(32
R32

32
V32
p32
y32
g32
|32
:32
732
_32
P32
k64
:32
{32
U32
l32
H32
732
[32
u32
`32
G32
T32
s32
,32
j32
m32
Y32
|64
k32
+32
N32
,32
O32
G32
m32
532
432
_32
832
X32
r32
'32
P32
;32
/32
432
&32
F32
032
P32
Z32
k32
o32
032
G32
832
=32
;32
m32
x32
g32
>32
<32
J32
332
-32
d32
(32
l32
\32
v32
D32
>32
)32
n32
)32
]32
J32
?32
t32
H32
@32
i32
D32
k32
j32
;32
?32
)32
o32
632
)32
'32
m32
#32
K32
U32
O32
=32
P32
r32
Y32
O32
)32
N32
L32
;32
B32
S32
i32
+32
432
@32
w32
'32
E32
^32
q32
832
P32
+32
932
L32
)32
o32
k32
W32
B32
I32
#32
332
.32
X32
%32
>32
<32
K32
$32
s32
*32
/32
T32
^32
632
G32
,32
}32
G32
>32
832
Q32
/32
m32
W32
|32
 32
Z32
R32
p32
I32
h32
U32
{32
232
w32
R32
r32
q32
L32
!32
Y32
J32
a32
D32
b32
@32
_32
i32
)32
J32
P32
k32
?32
w32
Q32
+32
l32
b32
R32
i32
t32
Z32
532
+32
 32
x32
 32
)32
"32
p32
f32
:32
 32
#32
[32
?32
#32
,32
|32
l32
.32
!32
/32
032
B32
m32
a32
}32
s32
>32
D32
O32
/32
132
,32
G32
H32
]32
b32
Q32
*32
A32
Y32
V32
G32
x32
+32
J32
M32
I32
p32
)32
532
J32
m32
N32
y32
632
832
N32
y32
+32
r32
m32
S32
Z32
*32
:32
l64
?32
z32
{32
c32
<32
I32
=32
\32
832
s32
l32
:32
.32
M32
:32
F32
K32
b32
"32
732
}32
{32
R32
'32
j32
y32
?32
S32
a32
I32
(32
+32
P32
(32
{32
K32
332
&32
432
#32
X32
@32
D32
z32
332
)32
C32
;32
N32
S32
w32
b32
M32
n32
a32
B32
:32
K32
i32
c32
s32
p32
s32
o32
>32
a32
)32
;32
z32
O32
^32
T32
a32
X32
P32
`32
Q32
p32
T32
432
332
[32
632
&32
m32
R32
@32
332
e32
J32
>32
(32
G32
x32
v32
E32
}32
!32
)32
d32
U32
n32
/32
t32
032
N32
332
g32
R32
/32
X32
|32
[32
l32
|32
C32
{32
u32
z32
H32
{32
F32
\32
R32
)32
r32
e32
D32
v32
<32
W32
l32
432
X32
|32
d32
232
B32
132
532
D32
w32
H32
:32
a32
x32
R32
g32
A32
B32
s32
/32
<32
_32
F32
l32
<32
D32
e32
^32
!32
p32
t32
E32
T32
732
532
832
U32
g32
f32
K32
l32
@32
 32
=32
"32
f32
M32
v32
F32
p32
F32
632
}32
{32
132
t64
+32
>32
H32
w32
332
'32
e32
b32
c32
^32
s32
a32
;32
\32
U32
]32
D32
c32
<32
J32
R32
;32
d32
<32
v32
j32
y32
<32
d32
+32
m32
132
b32
032
H32
+32
i32
!32
D32
i32
632
S32
r32
=32
p32
r32
632
s32
J32
,32
}32
W32
R32
232
k32
T32
j32
u32
S32
332
$32
C32
>32
532
O32
K32
v32
d32
/32
s32
G32
132
032
>32
K32
)32
^32
232
O32
<32
/32
[32
g32
i32
|32
l32
M32
H32
832
/32
l32
:32
c32
)32
?32
)32
*32
d32
D32
E32
S32
C32
r32
)32
"32
Q32
+32
v32
k32
T32
_32
$32
H32
432
O32
132
A32
.32
432
}32
c32
C32
)32
t32
W32
b32
r32
S32
r32
l32
{32
l32
A32
B32
o32
 32
<32
Q32
i32
[32
p64
:32
R32
/32
G32
t32
g32
N32
_32
x32
[32
|32
L32
832
532
B32
*32
?32
032
364
w32
I32
E32
d32
D32
332
w32
k32
G32
u32
532
+32
,32
l32
r32
X32
Z32
R32
Z32
U32
`32
=32
'32
m32
D32
032
632
!32
Z32
V32
!32
H32
+32
>32
#32
>32
X32
k32
W32
q32
Z32
\32
f32
X32
Z32
e32
}32
\32
{32
U32
&32
:32
/32
d32
_32
E32
a32
232
(32
`32
K32
D32
332
u32
632
732
_32
,32
G32
y32
-32
"32
C32
_32
z32
>32
432
G32
a32
X32
B32
=32
F32
132
H32
n32
832
>32
932
c32
!32
B32
Y32
.32
p32
y32
232
432
+32
S32
T32

32
P32
a32
_32
/32
K32
S32
C32
T32
/32
'32
H32
I32
F32
a32
?32
632
b32
_32
332
w32
d32
x32
\32
X32
232
M32
*32
=32
032
N32
T32
I32
=32
c32
<32
W32
z32
;32
L32
a32
"32
<32
C32
-32
H32
!32
v32
&32
M32
764
#32
=32
R32
&32
I32
u32
>32
j32
}32
&32
w32
q32
B32

32
832
\32
x32
132
#32
C32
b32
<32
l32
I32
;32
&32
X32
y32
]32
832
x32
^32
/32
]32
K32
p32
b32
g32
 32
.32
s32
R32
I32
`32
E32
P32
.32
N32
432
I32
g32
I32
n32
&32
O32
W32
/32
Z32
b32
K32
#32
p32
a32
j32
}32
x32
q32
^32
r32
B32
!32
\32
q32
o32
f32
332
%32
<32
a32
{32
b32

32
&32
a32
%32
=32
t32
I32
)32
}32
m32
I32
/32
{32
Z32
y32
^32
132
s32
j32
}32
E32
D32
b32
g32
l32
U32
w32
z32
^32
f32
y32
V32
?32
f32
>32
f32
z32
132
;32
=32
X32
H32
K32
`32
S32
m32
x32
\32
O32
"32
L32
s32
z32
932
f32
(32
{32
E32
 32
m32

32
(32
t32
532
E32

32
;32
m32
=32
;32
M32
p32
332
232
p32
:32
-32
V32
O32
v32
=32
732
q32
P32
:32
864
332
e32
N32
D32
G32
|32
932
y32
I32
D32
Y32
s64
J32
o32
J32
Z32
E32
n32
b32
E32
g32
k32
/32
u32
A32
V32
U32
|32
P32
!32
`32
E32
(32
<32
+32
-32
x32
&32
R32
q32

32
*32
P32
:32
d32
:32
D32
732
P32
]32
M32
W32
E32
232
}32
V32
t32
832
G32
Z32
+32
|32
%32
Z32
k32
p32
n32
[32
k32
Y32
e32
/32
S32
X32
y32
/32
k32
[32
Z32
%32
I32
P32
I32
.32
L32
f32
=32
z32
x32
I32
`32
'32
@32
"32
}64
532
x32
G32
$64
F32
^32
X32
232
|32
S32
+32
=32
b32
a32
B32
u32
U32
'32

32
X32
,32
@32
632
x32
|32
R32
:32
n32
j32
X32
h32
!32
V32
A32
_32
T32
*32
o32
)32
d32
<32
!32
/32
=32
N32
n32
=32
%32
w32
K32
$32
n32
732
P32
W32
x32
V32
632
.32
Y32
F32
u32
B32
X32
S32
H32
n32
l32
`32
%32

32
U32
I32
y32
u32
o32
d32
F32
Z32
j32
u32
432
x32
\32
?32
-32
^32
x32
Y32
K32
<32
C32
132
#32
"32
M32
}32
C32
}32
R32
p32
@32
i32
#32
o32
{32
`32
X32
t32
N32
C32
R32
W32
h32
]32
y32
L32
c32
&32
}32
F32
%32
`32

32
932
V32
b32
:32
832
!32
b32
K32
M32
K32
W32
l32
N32
>32
f32
.32
232
_32
632
*32
t32
}32
k32
E32
232
f32
.32
732
}32
d32
B32
e32
u32
932
132
H32
332
/32
L32
R32
 32
(32
Y32
m32
j32
;32
D32
q32
`32
N32
Q32
"32
<32
'32
$32
[32

32
;32
c32

32
>32
!32
h32
532
)32
c32
x32
$32
a32
P32
b32
#32
D32
&32
P32
{32

32
c32
n32
,32
i32
H32
 32
(32
J32
n32
h32
H32
*32
832
032
t32
*32
T32
"32
032
;32
%32
s32
.32
m32
$32
.32
t32
L32
^32
.32
z32
p32
`32
U32
"32
M32
z32
e32
S32
u32
^32
i32
K32
O32
h32
g32
Y32
z32
q32
g32
732
N32
J32
q32
'32
932
p32
+32
r32
O32
N32
632
>32
v32
y32
W32
332
F32
j32
P32
'32
132
832
o32
k32
X32
:32
532
)32
?32
M32
A32
t32
r32
Z32
+32
'64
P32
932
C32
532
!32
D32
G32
P32
$32
Z32
*32
G32
O32
832
V32
x32
#32
$32
"32
!32
;32
a32
S32
@32
S32
}32
s32
u32
U32
&32
e32
*32
032
B32
?32
Z32
@32
+32
c32
 32
Z32
L32
732
<32
Q32
X32
p32
$32
#32
X32
 32
832
m32
<32
 32
)32
M32
K32
N32
q32
D32
732
U32
.32
I32
a32
u32
A32
$32
o32
+32
D32
_32
|32
w32
[32
464
I32
e32
232
U32
q32
,32
?32
t32
L32
?32
*32
.32
032
y32
(32
!32
v32
M32
%32
c32
732
(32
{32
-32
%32
<32
:32
t32
H64
N32
e32
)32
I32
P32
j32
>32
R32
=32
O32
w32
x32
l32
s32
g32
i32
/32
E32
T32
c32
b32
n32
Q32
N32
$32
A32
M32
"32
|32
C32
N32
r32
a32
632
U32
C32
\32
432
@32
732
g32
|32
?32
y32
j32
!32
B32
T32

32
_32
!32
K32
l32
-32
 32
032
d32
'32
@32
I32
,32
&32
}32
[32
-32
J32
(32
532
l32
e32
*32
(32
;32
c32
e32
x32
V32
k32
l32
v32
X32
S32
 32
532
O32
V32
>32
932
832
y32
o32
=32
.32
y32
+32
|32
t32
c32
#32
 32
232
=32
q32
<32
z32
t32
<32
H32
532
q32
c32
(32
r32
332
D32
c32
U32
x32
032
'32
 32

32
i32
M32
E32
332
l32
232
\32
"32
r32
}32
M32
632
X32
132
(32
$32
R32
Z32
[32
232

32
332
C32
=32
B32
a32
%32
`32
f32
332
232
w32
`32
S32
I32
432
Y32

32
s32
)32
;32
D32
+32
[32
!32
a32
=32
S32
D32
G32
N32
$32
i32
c32
R32
E32
#32
h32
e32
t32
m32
_32
,32
632
832
!32
A32
p32
532
-32
432
;32
H32
{32
332
o32
>32
I32
 32
.32
e32
k32
?32
-32
?32
!32
U32
T32
h32
r32
=64
>32
k32
.32
;32
x32
232
H32
'32
!32
U32
S32
O32
Q32
/32
W32
>32
=32
]32
o32
p32
}32
\32
Y32
x32
Q32
]32
G32
d32
?32
632
,32
X32
s32
.32
s32
(32
e32
J32
{32
i32
c32
u32
y32
z32
a32
t32
h32
A32
@32
,32
632
V32
532
O32
f32
,32
F32
532
t32
h32
+32
f32
D32
+32
x32
O32
l32
332
#32
Q32
B32
@32
B32
332
r32
j32
B32
T32
?32
b32
t32
|32
T32
W32
@32
W32

32
Y32
232
?32
s32
i32
?32
s32
l32
_32
b32
H32
r32
_32
$32
)32
[32
T32
032
L32
A32
232
832
r32
@32
G32
x32
T32

32
M32
n32
432
<64
w32
s32
l32
h32
;32

32
{32
q32
_32
o32
_32
K32
N32
l32
W32
832
<32
s32
:32
832
r32
K32
f32
!64
.32
X32
132
Z32
332
'32
B32
a32
I32
'32
632
(32
I32
n32
532
<32
$32
N32
U32
[32
;32
432
$32
p32
A32
U32
<32
m32
932
F32
T32
h32
:32
}32
n32
,32
a32
C32
K32
w32
u32
l32
+32
=32
632
#32
732
x32
w32
832
Q32
"32
V32
 32
R32
732
k32
\32
!32
n32
132
X32
L32
@32
^32
s32
%32
J32
z32
732
G32
Z32
E32
]32
,32
_32
832
+32
b32
R32
132
K32
132
h32
-32
/32
t32
P32
232

32
<32
f32
=32
V32
+32
S32
N32
W32
632
r32
C32
=32
D32
)32
,32
`32
e32
q32
u32
B32
g32
M32
m32
 32
|32
V32
!32
&32
k32
$32
f32
c32
q32
%32
{32
 32
K32
I32
v32

32
732
#32
W32
^32
<32
W32
{32
>32
:32
R32
q32
U32
Q32
S32
<32
'32
I32
J32
`32
832
:32
?32
832
[32
C32
h32
932
332
L32
(32
s32
}32
'32
>32
$32
332
m32
F32
,32
K32
.32
V32
K32
!32
y32
x32
^32
>32
u32
Y32
=32
%32
h32
G32
Q32
.32
P32
N64
U32
o32
|32
*32
f32
J32
332
?32
K32
z32
h32
_32
F32
(32
;32
`32
b32
H32
t32
S32
A32
}32
j32
I32
n32
U32
F32
032
)32
@32
932
S32
n32
)32
[32
c32
k32
832
f32
n32
$32
I32
:32
^32
K32
h32
P32
N32
H32
.32
D32
Y32
b32
V32
X32
b32
 32
F32
D32
a32
 32
d32
!32
z32
t32
{32
_32
d32
?32
W32
f32
k32
e32
532
X32
232
F32
f32
P32
"64
.32
|32
e32
332
M32
t32
832
)32
E32
{32
T32
M32
332
i32
(32
o32
\32
p32
_32
<32
L32
j32
k32
 32
%32
W32
?32
|32
f32
q32
<32
_32
C32
732
h32
o32
S32
B32
@32
)32
532
n32
^32
N32
/32
h32
Q32
p32
H32
%32
r32
/32
I32
(32
r32
R32
q32
g32
I32
o32
*32
 32
H32
p32
P32
[32
f32
l32
'32
]32
R32
e32
W32
Y32
s32
#32
_32
R32
`32
J32
d32
\32
F32
,32
b32
u32
L32
S32
 32
S32
@32
u32
g32
\32
C32
Z32
e32
T32
U32
|32
-32
K32

32
x32
,32
k32
832
N32
T32
j32
;32
732
`32
z32
/32
-32
!32
s32
P32
}32
V32
k32
'32
{32
;32
n32
q32
)32
!32
532
]32
+32
N32
I64
}32
C32
Z32
x32
V32
|32
N32
[32
;32
 32
d32
y32
632
W32
#32
-32
[32
x32
:32
z32
s32
S32
=32
}32
G32
n32
L32
732
]32
i32
M32
<32
'32
$32
032
L32
F32
<32
`32
L32
v32
<32
132
w32
K32
{32
x32
%32
k32
c32
,32
g32
i32
Q32
W32
N32
k32
p32
r32
?32
}32
k32
%32
T32
a32
O32
J32
"32
_32
(32
M32
 32
%32
<32
\32
232
=32
l32
|32
d32
`32
:32
j32
C32
832
j32
932
332
W32
v32
w32
e32
E32
832
}32
,32
j32
*32
z32
W32
"32
&32
332
W32
132
i32
,32
E32
&32
 32
l32
232
#32
<32
f64
,32
M32
T32
F32
O32
F32
I32
{32
X32
[32
h32
L32
"32
M32
)32
932
R32
@32
M32
?32
A32
G32
V32
`32
{32
O32
532
-32
w32
132
*32
W32
"32
v32
w32
e32
s32
h32
D32
-32
]32
p32
/32
032
d32
{32
!32
W32
_32
t32
"32
y32
.32
?32
-32
=32
G32
@32
S32
 32
)32
M32
A32
%32
832
}32
u32
w32
U32
s32
c32
d32
T32
^32
r32
:32
[32
032
u32
;32
032
[32
?32
O32
i32
l32
]32
"32
732
c32
<32
w32
_32

32
/32
:32
e32
r32
y32
L32
P32
732
<32
432
|32
=32
%32
#32
Y32
^32
@32
.32
m32
>32
932
B32
'32
K32
f32
T32
232
932
&32
=32
V32
K32
o32

32
]32
D32
_32
#32
832
t32
"32
D32
R32
x32
732
032
n32
^32
?32
G32
$32
*32
F32
x32
v32
D32
k32
532
O32
i32
%32
S32
T32
\32
H32
332
T32
532

32
Q32
C32
q32
l32
D32
J32
\32
+32
?32
F32
#32
(32
-32
H32
Y32
/32
E32
^32
t32
a32
332
^32
Y32
L32
.32
#32
P32
a32
-32
P32
]32

32
o32
(32
532
a32
K32
x32
H32
C32
g32
+32
J32
}32
m32
L32
/32
432
s32
532
S32
c32

32
_32
"32
i32
:32
}32
k32
932
s32
@32
e32
V32
332
u32
k32
t32
J32
%32
u32
D32
%32
$32
'32
@32
K32
y32
+32
U32
832
R32
M32
U32
832
!32
H32
m32
f32
c32
732
x32
D32
432
532
o32
332
n32
T32
^32
J32
h32
N32
w32
732
G32
\32
432
J32
c32
L32
?32
N32
S32
$32
X32
I32
v32
|32
032
$32
c32
&32
b32
n32
B32
F32
+32
h32
l32
+32
D32
c32
{32
n32
K32
632
F32
M32
p32
v32
j32
c32
g32
132
^32
%32
g32
;32
<32
z32
I32
|32
z32
W32
-32
G32
o32
[32
!32
:32
r32
/32
r32
m32
.32
M32
032
X32
t32
]32
v32
 32
432
i32
!32
|32
?32
l32
/32
332
e32
;32
{32
g32
M32
:32
q32
\32
]32
B32
o32

32
Z32
C32
q32
u32
n32
I32
(32
q32
_32
Q32
b32
n32
g32
G32
F32
W32
?32
132
>32
]32
932
032
x32
B32
n32
732
z32
+32
K32
x32
}32
?32
932
+32
@32
932
a32
+32
 32
g32
?32
x32
532
Y32
A32
,32
432
x32
!32
A32
f32
"32
t32
F32
/32
N32
\32
)32
}32
^32
v32
e32
u32
L32
s32
K32
432
132
832
*32
u32
&32
W32
j32
U64
&32
*32
#32
=32
Z32
<32
a32
j32
}32
j32
#32
j32
&32
F32
z32
,32
132
.32
c32
f32
V32
l32
<32
G32
R32
032
Y32
`32
|32
:32
S32
132
B32
732
Y32
&32
G32
r32
P32
-32
132
b32
832
932
K32
-32
w32
]32
!32
j32
732
n32
O32
f32
c32
%32
+32
(32
z32
s32
[32
p32
g32
w32
+64
D32
M32
!32
.32
X32
s32
332
E32
a32
c32
a32
}32
%32
H32
[32
U32
+32
P32
d32
#32
V32
m32
|32
g32
H32
q32
:32
e32

32
E32
<32
n32
u32
632
[32
z32
/32
332
<32
'32
q32
M32
h32
)32
c32
*32
=32
(32

32
E32
y64
232
+32
232
o32
L32
@32
y32
w32
d32
S32
^32
$32
A32

32
^32
n32
H32
J32
n32
u32
632
+32
P32
y32
I32
b32
A32
_32
e32
D32
e32
Y32
Z32
{32
n32
 32
L32
&32
D32
[32
632
q32
M32
}32
i32
,32
j32
P32
z32
432
m32
s32
}32
g32
l32
b32
}32
{32
n32
O32
o32
>32
$32
%32
<32
U32
732
C32

32
?32
*32
U32
?32
R32
332
W32
o32
[32
?32
V32
@32
B32
G32
L32
^32
032
Q32
n32
332
b32
_32
x32
732
X32
v32
C32
/32
r64
;32
?32
Q32
d32
x32
r32
K32
\32
Q32
o32
v32
:32
w32
Z32
V32
X32
`32
k32
m32
^32
=32
{32
-32
E32
?32
)32
R32
-32
x32
Y32
F32
r32
G32
Q32
A32
O32
232
 32
,32
*32
u32
*32
q32
y32
-32
s32
#32
@32
Z32
x32
G32
o32
+32
V32
 32
:32
Q32
'32
_32
B32
$32
<32
R32
"32
@32
{32
K32
s32
-32
r32
f32
G32
c32
z32
l32
F32
I32
p32
z32
?32
a32
O32
%32
D32
032
i32
)32
e32
532
J32
v32
;32
k32
P32
!32
&32
_32
132
m32
>32
@32
*32
L32
K32
o32
"32
:32
E32
[32
^32
e32
P32
&32
+32
!32
v32
T32
/32
?32
(32
z32
T32
>32
332
z32
c32
N32
}32
*32
`32
r32
U32
r32
%32
"32
i32
132
l32
U32
H32
c32
C32
w32
g32
)32
R32
c32
L32
'32
632
{32
h32
632
+32
#32
o32
W32
432
o32
632
J32
E32
w32
%32
g32
332
 32
"32
p32
a32
b32
T32
n32
U32
L32
v32
o32
h32
T32
u32
^32
K32
F32
932
"32
d32
K32
R32
(32
O32
_32
032
n32
y32
I32
"32
g32
G32
332
K32
732
*32
>32
<32
`32
$32
S32
\32
-32
w32
g32
132
x32
g32
332
Q32
J32
_64
m32
!32
c32
U32
 32
532
f32
$32
-32
v32
j32
E32
m32
)32
z32
r32
^32
632
P32
<32
^32
y32
s32
332
432
P32
432
+32
&32
m32
u32
F32
q32
A32
d32
332
q32
>32
E32
p32
P32
g32
A32
332
k32
`32
@32
g32
z32
732
z32
F32
732
232
v32
&32
A32
m32
j32
.32
(32
}32
b32
z32
I32
Z32
b32
632
d32
M32
k32
T32
632
C32
A32
B32
;32
 32
e32
K32
M32
q32
n32
Y32
132
i32
E32
d32
<32
X32
#64
.32
*32
N32
&64
R32
`32
m32
t32
B32
}32
"32
/32
Q32
q32
[32
b32
w32
>32
P32
M32
H32
(32
=32
Z32
'32
m32
b32
"32
:32
u32
v32
,32
_32
R32
G32
<32
q32
O32
m32
U32
q32
232
432
C32
x32
$32
f64
732
f32
y32
l32
!32
x32
#32
;32
@32

32
e32
Y32
]32
[32
_32
932
!32
z32
`32
C32
432
G32
u32
|32
v32
032
.32
n32
w32
P32
T32
#32
r32
J32
A32
)32
k32
@32
732
B32
:32
Q32
%32
}32
:32
&32
:32
{32
B32
(32
o32
#32
}32
f32
t32
k32
%32
P32
932
z32
;32
732
"32
t32
Q32
:32
A32
132
[32
\32
p32
Y32
<32
932
232
Q32
132
+32
<32
G32
x32
l32
d32
-32
I32
Z32
t32
Q32
K32
f32
632
[32
i32
D64
332
U32
332
u32
]32
s32
m32
h32
}32
u32
P64
i32
l32
F32
L32
?32
Q32
.32
^32
)32
B32
#32
\32
-32
[32
;32
 32
V32
i32
'32
_32
`32
l32
832
i32
>32
}32
(32
?32
a32
'32
632
q32
n32
U32
432
N32
l32
Q32
y32
G32
y32
;32
532
i32
K32
f32
832
;32
F32
\32
N32
L32
}32
332
[32
!32
132
932
)32
632
/32
q32
d32
'32
932
K32
m32
U32
"32
Q32
}32
$32
f32
t32
Y64
?32
d32
?32
c32
U32
=32
H32
?32
,32
?32
;32
 32
;32
E32
n32
W32
F32
"32
@32
_32
l32
Q32
^32
:32
Y32
c32
J32
X32
I32
d32
e32
S32
c32
i32
K32
 32
<32
E32
732
=32
#32
%32
u32
P32
"32
E32
J32
M32
i32
I32
g32
D32
F32
B32
o32
_32
!32
r32
N32
732
#32
-32
<32
}32
b32
!32
M32
e32
*32
!32
032
,32
M32
<32
]32
#32
332
]32
J32
$32
432
\32
W32
;32
?32
532
&32
132
.32
j32
H32
>32
-32
Z32
l32
+32
432
L32
=32
K32
132
C32
J32
y32
w32
,32
N32
C32
n32
X32
i32
T32
N32
P32
k32
C32
%32
-32
032
\32
U32
F32
j32
h32
>32
y32
o32
E32
o32
M32
[32
T32
*32
832
z32
v32
O32
e32
\32
}32
|32
732
I32
q32
U32
]32
632
132
|32
W32
;32
.32
W32
532
a32
c32
%32
G32
764
p32
[32
K32
732
#32
k32
_32
v32
j32
=32
Q32
E32
G32
`32
c32
<32
Q32
G32
432
!32
.32
Y32

32
V32
X32
 32
c32
m32
o32
\32
W32
w32
E32
Y32
432
f32
432
@32
z32
o32
\32
;32
}32
Q32
'32
N32
G32
`32
632
l32
-32
s32
b32
m32
R32
[32
<32
i32
\32
i32
c32
F32
?32
m32
]32
,32
f32
X32
H32
D32
V32
w32
(32
<32
X32
`32
E32
o32
E32
332
X32
q32
)32
y32
432
S32
l32
a64
032
332
[32
i32
X32
432
!32
b32
R32
{32
n32
O32
n32
e32
032
732
F32

32
032
c32
732
N32
732
R32
g32
@32
x32
832
D32
$32
N32
832
J32
M32
J32
,32
]32
\32
_32
@32
^32
e32
732
+32
i32
F32
j32
=32
U32
\32
z32
>32
532
X32
632
D32
[32
h32
j32
z32
a32
^32
 32
$32
232
-32
a32
U32
+32
v32
J32
R32
\32
x64
$32
a32
-32
D32
q32
y32
f32
V32
#32
P32
}32
)32
@32
q32
/32
*32
f32
R32
f32
#32
"32
P32
R32
+32
"32
H32
G32
e32
Z32
W32
k32
{32
/32
332
Y32
d32
932
232
=32
M32
I32
b32
T32
G32
,32
N32
132
I32
<32
'32
332
`32
532
d32
>32
K32
732
"32
932
{32
f32
q32
M32
<32
I32
j32
Y32
D32
k32
a32
932
532
*32
\32
:32
j32
A32
#32
 32
;32
/32
Q32
\32
Y32

32
>32
[32
h32
)32
U32
S32
v32
732
d32
v32
L32
r32
i32
D32
,32
C32
232
:32
{32
T32
.32
m32
g32
a32
X32
^32
_32
%32
L32
s32
_32
H32
 32
r32
_32
m32
a32
|32
m32
Q32
732
F32
$32
`32
{32
K32
a32
S32
F32
@32
\32
N32
{32
V32
o32
k32
$32
j32

32
J32
[32
}32
(32
L32
T32
L32
o32
!32
N32
\32
=32
{32
G32
[32
(32
z32
c32
=32
"32
J32
D32
432
V32
O32
X32
V32
K32
q32
<32
i32
e32
+32
O32
^32
#32
z32
Z32
$32
_32
%32
L32
M32
s32
$32
[32
D32
.32
H32
<32
=32
@32
i32
D32
i32
%32
F32
q32
Z32
U32
f32
j32
D32
M32
>32
G32
z32
M32
t32
n32
z32
w32
}32
b32
Y32
}32
#32
332
*32
C32
(32
432
C32
|32
C32
t32
c32
832
X32
-32
R32
P32
l32
*32
432
 32
g64
q32
o32
 32
032
v32
,32
j32
032
132
H32
[32
(32
M32
i32
-32

32
N32
W32
232
k32
232
h32
B32
932
Y32
;32
-32
,32
C32
H32
#32
&32
432
732
k32

32
?32
@32
a32
m32

32
=32
932
I32
132
*32
z32
932
K32
Y32
-32
L32
|32
+32
332
G32
432
{32
L32
[32
>32
\32
r32
!32
Y32
132
m32
N32
Q32
s32
W32
l32
^32
a32
s32
*32
Q32
H32
d32
932
332
i32
c32
i32
p32
W32
Y32
=32
M32
132
T32
R32
n32
A32
332
w32
C32
!32
E32
`32
^32
P32
J32
w32
)32
i32
`32
L32
P32
Z32
[32
}32
k32
Z32
132
;32
d32
a32
f32
}32
]32
r32
U32
n32
J32
R32
A32
;32
x32
^32
|64
G32
E32
c32
?32
H32
N32
632
w32
]32
a32
532
732
S32
v32
@32
v32
732
G32
`32
<32
O32
132
o32
s32
>32
K32
,32
h32

32
432
t32
R32
w32
m32
"32
*32
g32
S32
B32
H32
"32
G32
?32
m32
@32
K32
C32
 32
L32
|32
.32
G32
a32
q32
z32
i32
v32

32
z32
:32

32
N32
^32
%32
,32
A32
732
F32
(32
-32
732
<32
"32
.32
L32
 32
t32
e32
E32
)32
;32
932
m32
A32
j32
v32
+32
K32
v32
{32
j32
"32
432
c32
)32
T32
W32
#32
N32
Q32
t32
U32
t32
!32
}32
$32
632
>32
f32
F32
732
t32
T32
Y32
632
/32
u32
K32
N32
g32
432
x32
!32
*32
;32
732
932
132
|32
A32
o32
S32
\32
s32
^32
=32
332
%32
i32
I32
W32
@32
Y32
N32
i32
{32
(32
c32
Y32
?32
-32
B32
/32
`32
l32
S32
*32
@32
=32
a32
X32
v32
l32
>32
m32
(32
s32
:32
u32
I32
w32
n32
|32
632
D32
f32
\32
M32
432
832
>32
S32
^32
]32
932
;32
r32
[32
/32
W32
n32
/32
b32
+32
R32
a32
;32
S32
s32
,32
X32
W32
N32
232
O32
w32
532
"32
b32
!32
;32
y32
B32
632
U32
k32
432
|32

32
!32
F32
,32
A32
X32
)32
932
332
=32
O32
(32
h32
V32
E32
p32
x32
N32
!32
?32
G32
B32
G32
F32
*32
432
+32
]32
732
h32
^32
&32
F32
%32
>32
I32
|32
&32
k32
032
*32
d32
H32
G32
[32
G32
K32
j32
^32
T32
R32
b32
332
 32
F32
532
^32
?32
M32
 32
Q32
=32
,32
u32
:32
=32
!32
g32
h32
H32
z32
g32
%32
^32
H32
Q32
D32
X32
732
a32
232
564
332
/32
)32
o32
032
e32
>64
;32
e32
:32
<32
S32
W32
m32
Y32
!32
W32
G32
}32
232
"32
S32
^32
>32
232
432
|32
732
?32
:32

32
@32
]32
932
`32
e32
J32
"32
%32
C32
E32
v32
632
u32
732
\32
832
d32
832
W32
?32
P32
532
&32
k32
b32
W32
[32
w32
032
j32
?32
732
232
a32
\32
u32
\32
q32
<32
a32
o32
d32
n32
,32
$32
'32
n32

32
w32
S32
d32
/32
o32
L32
/32
)32
y32
o32
a32
i32
E32
X32
632
932
/32
>32
:32
[32
"32
Z32
]32
`32
L32
 32
l32
a32
.32
r32
?32
q32
032
h32
#32
$32
832
,32
/32
_32
232
G32
I32
532
&32
H32
G32
B32
K32
332
x32
m32
c32
:32
k32
i32
w32
l32
<32
E32
P32
#32
P32
t32
W32
$32
y32
v32
a32
032
}32
232
832
e32
=32
z32
;32
@32
L32
[32
*32
{32
k32
]32
v32
;32
T32
_32
!32
f32
132
z32
E32
&32
332
p32
x32
232
c32
Z32
632
C32
Z32
m32
p32
o32
I32
!32
s32
 32
S32
032
+32
<32
232
T32
U32
r32
V32
p32
,32
P32
>32
132
032
264
632
{32
132
:32
t32
f32
q32
l32
j32
f32
o32
P32
t32
!32
Z32
t32
/32
732
L32
J32
(32
m32
U32
S32
Z32
}32
132
p32
T32
j32
/32
m32
;32
D32
x32
=32
332
>32
;32
z32
T32
L32
132
Q32
T32
*32
-32
M32
C32
J32
Z32

32
;32
U32
N32
r32
n32
d32
=32
532
o32
m64
i32
f32
z32
i32
a32
P32
E32
\32
%32
D32
Q32
h32
B32
D32
c32
U32
P32
*32
f32
@32
532
D32
I32
"32
f32
y32
732
x32
g32
:32
@32
.32
u32
p32
n32
x32
E32
X32
Q32
W32
_32
p32
j32
w32
K32
Z32
q32
p32
M32
m32
A32
e32
V32
c32
U32
I32
l32
N32
|32
O32
e32
D32
>32
,32
 32
@32
{64
n32
232
632
n32
532
e32
p32
}32
T32
Q32
G32
p64
]32
R32
H32
*32
D32
k32
O32
;32
%32
L32
S32
832
<32
132
>32
b32
y32
D32
-32
432
#32
(32
/32
a32
032
z32
,64
m32
M32
#32
}32
532
k32
#32
>32
-32
[32
j32
Q32
I32
J32
q32
k32
+32
&32
o32
"32
]32
R32
`32
h32
=32
r32
u32
+32
I32
V32
E32
832
,32
m32
332
q32
B32
632
s32
:32
432
K32
d32
>32
132
i32
 32
Z32
d32
M32
q32
|32
f32
e32
T32
*32
_32
032
,32
@32
M32
x32
e32
532
>32

32
N32
m32
C32
-32
S32
M32
m32
g32
X32
532
632
v32
?32
s32
D32
^32
B32
/32
932
[32
W32
o32
,32
032
-32
*32
