91
a1
P1
 1
+1
V1
Y1
h1
D1
#1
W1
m1
y1
R1

2
e1
t1
q1
91
51
H1
%1
G1
t2
%1
(1
V1
o1
r1
t1
\1
h1
S1
R1
D1
W1
J1
U1
t1
Q1
H1
/1
91
L1
i1
j1
B1
Z1
B1
21
]1
^1
L1
@1
I1
v1
$1
\1
L1
f1
X1
n1
\1
K1
e1
a1
:1
X1
C1
S1
%1
41
@1
=1
(1
+1
Y1
\1
W1
b1
01
t1
Y1
N1
t1
p1
|1
01
w1
r1
%1
}1
m1
U1
j1
M1
V1
k1
(1
Y1
w1
N1
{1
y1
_1
01
22
41
r1
M1
k1
Z1
]1
u1
i1
l1
r1
p1
;1
?1
.1
*1
r1
j1
51
$1
(1
W1
I1
G1
Q1
>1
.1
'1
i1
=1
,1
j1
(1
l1
$1
^1
%1
i1
o1
*1
B1
w1
&1
11
21
U1
F1
:1
t1

1
+1
<1
A1
U1
71
K1
a1
@1
R1
}1
$1
G1
W1
61
*1
H1
j1
w1
/1
01
q1
/1
B1
a1
'1
\1
 1
&1
.1
D1
o1
C1
K1
51
Q2
:1
P1
f1
n1
S1
N1
R1
V1
u1
+1
B2
Z1
N1

1
%1
+2
C1
41
p1
$1
;1
81
d1
>1
g1
^1
]1
I1
d2
E1
S1
B1
21
f1
w2
}1
y1
b1
01
*1
^1
!1
#1
 1
b1
i1
:1
c1
[1
h1
z1
g1
81
71
G1
11
U2
X1
M1
"1
=1
c1
f1
j1
x1
T1
`1
g1
[1
j1
>1
Q1
[1
\1
x1
 1
51
O1
s1
&1
R1
z1
N1
m1
L1
#1
81
Y2
c1
H1
h1
N1

1
j1
91
@1
^1
C1
>1
g1
-1
,1
O1
41
Y1
G1
S1
{1
C1
G1
(1
V1
m1
q1
R1
G2
n1
 1
s1
@1
,1
F1
>1
w1
11
M1
)1
81
B1
#1
*1
91
Q1
l1
/1
G1
M1
11
31
`1
[1
(1
71
w1
/1
'1
81

1
a1
i1
/1
u1
31
{1
r1
d1
11
*1
=1
b1
\1
!1
v1
!1
I1
S1
.1
f1
z1
$1
-1
d1
P1
o1
k1
P1
#1
[1
q2
s1
y1
X1
E1
01
W1
o1
Z1
>1
x1
?2
f1
E1
-1
&2
B1
*1
/1
I1
E1
n1
m1
&1
i1
]1
21
]1
@1
+1
|1
R1
M1
#1
^1
R1
n1

1
T1
+1
*1
41
^1
O1
t1
i1
^1

1
'1
o1
j1
A1
w1
)1
41
I1
a1
v1
21
e1
.1
r1
L1
 1
x1
j1
!1
,1
G1
*1
&1
N1
t1
G1
v1
31
[1
]1
j1
l1
e1
I1
J1
S1
>1
'1
v1
91
41
=1
A1
"1
{1
B1
>1
|1
E1
R1
L1
?1
/1
s1
01
;1
{1
n1
31
X1
h1
d1
B1
11
61
j1
d1
`1
@1
B1
V1
!1
11
21
c1
W1
X1
h1
t1
:1
Y1
+1
)1
71
}1
<1
y1
G1
T1
n1
#1
X1
S1
31
i1
\1
N1
t1
$1
J1
}1
P1
y1
V1
N1
x1
`1
L1
:1
o1
N1
V1
o1
*1
\1
<1
G1
W1
o1
r1
#1
@1
<1
g1
c1
v1
01
M1
Y1
\1
E1
'1
%1
.1
g1
 1
a1
&1

1
N1
G1
+1
w1
`1
l1
71
h1
'1
P1
'2
71
E1
J1
g1
>1
41
!1
y1
a1
w1
V1
X1
B1
D1
r1
\1
|1
]1
+1
)1
}1
]1
M1
J1
Z1
#1
D1
;1
$1
M1
q1
]1
h1
71
B1
h1
?1
z1
Q1
P1
C1
l1
91
U1
y1
$1
P1
g1
]1
)1
U1
81
i1
W1
B1
51
e1
;1
71
f1
h1
/1
m1
.1
N1
+1
P1
f1
T1
O1
V1
a1
#1
d1
H1
E1
<1
w1
G1
&1
u1
I1
f1
G1
y1
f1
01
?1
"1
U1
]1
R1
k1
{1
`1
31
P1
@2
=1
G1
.1
F1
-1
T1
L1
a1
d1
g1
x1
r1
V1
;1
B1
;1
>1
A1
11
"1
y1
Y1
'1
g1
^1
k1
$1
*1
?1
:1
>1
#1
=1
"1
E1
J1
L1
n1
N1
x1
81
|1
h1
^1
l1
Y1
?2
i1
w1
n1
v1
01
f1
e1
u1
O1
!1
D1
$1
H1
[1
{1
d1
!1
A1
?1
O1
!1
b1
m1
r1
W1
!1
%1
_1
?1
l1
#1
71
U1
@1
e1
h1
q1
[1
'1
J1
@1
H1
d1
a1
x1
21
m1
b1
r1
-1
11
21
c1
K1
I1
a1
Q1
i1
91
E1
p1
^1
.1

1
u1
z1
A1
z1
-1
D1
L1
B1
E1
]1
&1
?1
Z1
%1
 1
/1
S1
41
z1
u1
H1
[1
W1
N1
'1
z1
-1
M1
,1
01
n1
21
Y1
V1
?1
L1
)1
11
j1
Y1
b1
G1
N1
A1
H1
51
F1
n1
$1
}1
,1

1
c1
?1
X1
o1
61

1
Y1
=1
V1
Q1
n1
h1
w1
01
K1
C1
,1
'1
71
q1
b1
^1
.1
z1
{1
h1
C1
D1
61
e1
 1
W1
D1
11
y1
q1
91
"2
^1
x1
71
v1
>1
F1
+1
z1
J1
G1
31
\1
b1
R1
p1
z1
W1
L1
\1
