T28
Y28
/28
E28
$28
[28
$28
h28
x28
>28
.28
>28
528
H28
K28
l28
A28
j28
+28
^28
w28
"28
)56
%28
428
O28
T28
u28
r28
S28
k28
^28
C28
N28
'28
j28
028
B28
}28
|28
u28
N28
f28
G28
*28
U28
Q28
{28
H28
d28
b28
"28
728
]28
628
H28
j28
 28
(28
`28
G28
d28
<28
h28
128
r28
B28
 28
>28
228
'28
e28
`28
*28
A28
f28
t28
l28
z28
L28
k28
,28
_28
j28
$28
128
y28
I28
o28
.28
&28
`28
628
F28
W28
B28
i28
u28
Q28
g28
528
@28
J28
v28
X28
u28
_28
z28
\28
a28
928
]28
928

28
l28
J28
I28
a28
228
&28
328
H28
f28
>28
S28
)28
428
#28
o28
Z28
x28
p28
]28
y28
)28
h28
-28
228
"28
428
Q28
d28
928
O28
l28
F28
j28
c28
*28
(28
e28
&28
[28
D28
*28
f28
;28
k28
728
R28
328
428
%28
X28
328
h28
o28
$28
m28
N28
/28
+28
I28
:28
w28
C28
H28
y28
X28
u28
%28
A28
328
U28
Q28
|28
928
 28
l28
o28
a28
$28
y28
w28
R28
w28
X28
v28
u28
k28
q28
s28
(28
&28
;28
m28
a28
@28
D28
t28
D28
s28
V28
O28
(28
328
(28
928
328
,28
_28
028
r28
S28
C28
p28
;28
F28
O28
n28
t28
028
%28
!28
s28
k28
+28
K28
`28
$28

28
)28
U28
y28
528
a28
{28
b28
C28
028
728
328
L28
Z28
028
l28
c28
I28
x28
K28
!28
x28
 28
h28
t28
H28
'28
&28
428
V28
i28
#28
]28
a28
D28
o28
;28
"28
a28
(28
h28

28
{28
Y28
`28
q28
V28
428
T28
W28
;28
528
)28
(28
Z28
#28
Z28
n28
m28
828
i28
728
c28
z28
/28
128

28
K28
n28
I28
C28
P28

28
v28
I28
G28
P28
I28
m28
$28
z28
f28

28
528
a28
b28
528
128
?28
}28
$28
g28
H28
<28
[28
v28
&28
528
628
O28
P28
+28
K28
I28
s28
d28

28
'28
q28
j28
e28
_28
D28
i28
h28
J28
!28
$28
s28
B28
\28
b28
!28
U28
Z28
g28
G28
f28
*28
<28
g28
D28
`28
B28
{28
d28
}28
S28
v28
[28
]28
!28
I28
o28
@28
u28
H28
+28
[28
B28
!28
A28

28
128
^28
j28
=28
}28
628
028
:28

28
/28
k28
]28
[28
/28
K28
728
$28
728
M28
w28
%28
328
|28
728
:28
B28
E28
t28
i28
X28
T28
m28
028
X28
128
y28
S28
z28
>28
g28
a28
228
l28
f28
y28
,28
b28
 28
$28
328
w28
528
E28
e28
=28
H28
*28
z28
T28
>28
/28
+28
%28
(28
Z28
J28
*28
R28
}28
828
K28
T28
_28
>28
r28
L28
I28
b28
L28
e28
Q28
o28
B28
}28
+28
*28
w28
\28
u28
-28
T28
+28
(28
<28
Y28
(28
J56
r28
G28
.28
h28
J28
h28

28
)28
 28
o56
q28
.28
v28
(28
G28
&28
Q28
"28
s28
R28
n28
^28
m28
B28
R28
o28
{28
t28
328
[28
\28
328
g28
?28
P28
J28
x28
628
328
-28
k28
H28
P28
]56
028
)28
228
#28
&28
`28
m28
A28
+28
|28
<28
#28
*28
\28
 28
528
D28
456
s28
b28
E28
V28
E28
'28
128
o28
928
&28
T28
H28
f28
}28
j28
_28
*28
{28
p28
=28
D28
*28
E28
t28

28
z28
M28
y28
J28
428
D28
.28
$28
;28
P28
j28
928
y28
L28
j28
828
c28
928
_28
o28
@28
.28
_28
z28
k28
\28
F28
h28
`28
N28
,28
028
.28
y28
w28
m28
M28
)28
p28
e28
128
"28
{28
m28
(28
'28
^28
S28
.28
q28
A28
?28
=28
O28
'28
x28
k28
-28
X28
828
T28
?28
g28
e28
`28
R28
@28
z28
a28
/28
d28
m28
,28
H28
W28
a28
}28
[28
{28
`28
a28
k28
+28
z28
G28
(28
&28
<28
828
i28
{28
I28
K28
]28
h28
\28
828
/28
]28
 28
328
@28
128
}28
+28
K28
o28
h28
K28
U28
728
o28
Z28
A28
/28
g28
z28
}28
e28
o28
P28
:28
c28
#28
l28
N28
$28
U28
+28
Y28
Q28
U28
m28
T28
E28
Z28
T28
Q28
l28
%28
K28
S28
)28
;28
i28
+28
F28
 28
#28
028
-28
z28
>28
`28
q28
Q28
U28
}28
z28
|28
J28
A28
f28
}28
128
828
T28
#28
328
A28
$28
p28
z28
C28
x28
528
628
,28
m28

28
.28
z28
R28
G28
{28
'28
S28
O28
]28
C28
=28
m28
@28
$28
428
"28
228
{28
H28
k28
:28
C28
c28
%28
+28
`28
}28
228
"28
(28
)28
d28
h28
628
g28
,28
-28
?28
h28
928
[28
D28
)28
L28
,28
X28
F28
>28
C28
]28
F28
s28
%28
228
y28
Q28
U28
X28
C28
.28
Y28
q28
E28
V28
K28
428
028
Z28
328
g28
+28
:28
U28
528
.28
^28
c28
228
A28
S28
F28
r28
%28
+28
w28
@28
128
628
'28
!28
K28
\28
d28
:28
W28
o28
=28
G28
P28
+28
028
928
p28
F28
328
828
n28
428
U28
f28
'28
h28
!28
.28
t28
l28
?28
A28
C28
q28
i28
x28
d28
j28
Q28
s28
"28
J28
428
w28
*28
&28
x28
<28
{28
J28
$28
I28
@28
}28
-28
228
728
]28
t28
{28
H28
R28
@28
u28
o28
)28
O28
I28
628
^28
x28
328
R28
;28
|28
428
[28
 28
U28
)28
c28
Y28
#28
 28
D28
q28
V28
$28
A28
528
:28
p28
B28
`28
528
828
028
}28
j28
O28
<28
*28
D28
128
<28
z28
A28
t28
228
\28
:28
P28
(28
u28
,28
R28
h28
k28
T28
f28
%28
V28
[28
,28
%28
m28
(28
E28
v28
p28
V28
p28
F28
^28
D28
d28
c28
+28
D28
P28
/28
C28
v28
U28
[28
128
 28
]28
t28
m28
r28
*28
i28
R28
628
t28
&28
/28
+28
}28
G28
M28
$28
(28
k28
^28
Y28
s28

28
V28
?28
%28
E28
.28
Z28
J28
x28
L28
 28
q28
M28
y28
q28
(28
+28
'28
M28
d28
:28
^28
W28
j28
$28
<28
/28
828
&28
e28
228
%28
*28
V28
528
-28
z28
I28
728
#28
C28
228
!28
328

28
928
T28
Q28
J28
o28
%28
b28
t28
I28
Y28
H28
s28
@28
A28
(28
828
R28
g28
]28
V28
R28
i28
\28

28
228
o28
p28
V28
)28
u28
j28
^28
528
D28
k56
628
+28
128
028
&28
]28
$28
a28
"28
M28
 28
y28
>28
i28
>28
S28
O28
J28
p28
F28
s28
M28
m28
528
!28
g28
B28
128
A28
G28
C28
.28
+28
Z28
S28
m28
p28
\28
?28
t28
S28
728
|28
/28
j28
V28
I28
_28
628
x28
/28
u28
f28
|28
q28
I28
T28
)28
h28
W28
Y28
R28
b28
 28

28
Z28
928
J28
^28
H28
828
t28
v28
X28
,56
528
t28
[28
'28
C28
928
[28
g28
O28
K28
U28
w28
,28
m28
=28
728
s28
X56
{28
w28
X28
n28
L28
a28
Z28
L28
^28
(28
w28
'28
N28
928
T28
i28
*28
r28
928
%28
e28
/28
F28
328
v28
M28
i28
828
328
F28
$28
|28
.28
R28
o28
F28
\28
X28
828
:28
!28
L28
V28
z28
%28
Z28
K28
p28
X28
928
$28
:28
,28
N28
e28
I28
o28
628
X28
H28
+28
n28
{28
!28
&28
 28
D28
Z28
 28
828
f28
R28
N28
b28
-28
b28
928
s28
y28
k28
N28
a28
t28
T28
X28
W28
A28
 28
T28
P28
-28
g28
^28
r28
/28
@28
W28
?28
b28
o28
^28
S28
Q28
_28
128
'28
|28
428
'28
[28
X28
&28
O28
R28
;28
}28
z28
,28
O28
h28
t28
}28
{28
r28
g28
S28
C28
?28
q28
o28
?28
228
%28
|28
.28
r28
m28
Q28
@28
V28
\28
B28
n28
`28
W28
928
%28

28
728
828
X28
G28
F28
g28
U28
T28
/28
B28
[28
a28
*28
D28
'28
128
,28
r28
N28
k28
X28
*28
528
.28
028
Q28
h28
N28
u28
l28
q28
#28
=28
@28
}28
,28
)28
D28
728
228
F28
C28
g28
[28
w28
F28
M28
{28
!28
I28
l28
128
e28
d28
Z28
i28
/28
628
h28
s28
C28
V28
I28
C28
 28
C28
W28
028
&28
Z28
P28
^28
'28
T28
s28
628
}28
p28
`28

28
j28

28
i28
:28
J28
B28
]28
)28
Y28
A28
128
F28
=28
_28
R28
y28
'28
P28
=28
T28

28
I28
g28
H28
-28
=28
v28
328
T28
S28
`28
228
928
M28
I28
!28
>28
-28
@28
928
y28
-28
)28
#28
a28
U28
v28
]28
i28
r28
J28
%28
728
^28
R28
N28
Z28
\28
h28
?28
$28
%28
P28
}28
l28
j28
\28
 28
]28
}28
828
/28
N28
/28
"28
e28
,28
628
-28
l28
\28
K28
B28
p28
&28
>28
Y28
C28
.28
z28
M28
m28
M28
e28
628
O28
!28
028
q28
&28
,28
)28
|28
A28
U28
w28
f28
428
i28
y28
!28
%28
K28
X28
656
-28
228
W28
{28
Z28
"28
N28
228
@28
x28
T28
_28
S28
-28
?28
i28
{28
j28
"28
#28
K28
o28
828
u28
C28
f28
g28
<28
>28
w28
H28
e28
 28
k28
728
 28
`28
t28
&28
`28
C28
S28
E28
X28
`28
B28
P28
h28
E28
W28
X28
>28
628
x28
w28
g28
(28
y28
/28
028
?28
f28
c28
z28
{28
#28
:28
&28
^28
I28
E28
L28
j28
028
y28
U28
t28
728
628
|28
B28
<28
+28
F28
s28
Y28
M28
128
/28
\28
s28
,28
=28
p28
y28
Q28
I28
,28
=28
J28
156
b28
/28
^28
D28
B28
L28
128
L28
W28
B28
&28
T28
V28
^28
%28
)28
/28
f28
'28
W28
C28
T28
.28
:28
328
c28
H28
c28
V28
o28
J28
t28
428
n28
O28
t28
h28
N28
$28
H28
M28
928
O28
G28
l28
i28
o28
728
k28
828
328
i28
S28
J28
s28
528
c28
328
X28
q28
;28
N28
T28
I28
}28
M28
328
q28
'28
/28
l28
228
C28
X28
028
"28
d28
L28
}28
o28
p28
 28
y28
#28
C28
>28
d28
U28
828
$28
p28
S28
{28
g28
128
O28
P28
j28
-28
#28
=28
h28
a28
:28
V28
528
r28
g28
b28
k28
w28
 28
'28
=28
@28
F28
428
<28
K28
H28
;28
d28

28
R28
#28
\28
=28
d28
k28
s28
/28
V28
I28
928
V28
c28
W28
A28
(28
X28
B28
x28
728
(28
-28
s28
{28
\28
;28
K28
L28
G28
-28
#28
T28
_28
c28
j28
h28
a28
O28
-28
228
d28
^28
r28
{28
p28
Z28
,28
@28
028
_28
X28
?28
=28
o28
H28
*28
828
r28
S28
_28
a28
?28
O28
j28
M28
I28
V28
C28
O28
 28
_28
;28
628
<28
F28
D28
A28
k28
C28
k28
q28
w28
u28
.28
628
_28
!28
t28
&28
G28
Y28
j28
@28
P28
U28
"28
428
q28
n28
228
y28
/28
n28
 28
928
u28
W28
I28
D28
728
{28
r28
?28
@28
A28
z28
-28
E28
+28
a28
(28
G28
%28
U28
x28
F28
c28
`28
k28
x28
.28
H28
128
'28
D28
v28
h56
+28

28
<28
|28
W28
n28
$28
_28
U28
O28
J28
K28
G28
 28
V28
&28
528
B28
]28
R28
f28
=28
*28
Y28
d28
;28
128
428
W28
U28
`28
328
w28
728
C28
P28
Z28
S28
I28
j28
328
K28
C28
"28
;28
`28
.28
B28
^28
>28
q28
128
J28
e28
!28
@28
!28
y28
R28
f28
X28
s28
528
H28
;28
r28
\28
L28
*28
b28
428
y28
s28
&28
228
i28
s28
j28
_28
!28
c28
528
P28
928
!28
B28
m28
828
928
328
H28
|28
)28
h28
!28
=28
B28
>28
}28
N28
C28
r28
;28
J28
H28
]28
W28
f28
@28
E28
'28
V28
D28
Z28
@28
;28
F28
`28
a28
:28
q28
X28
\28
Z28
y28
{28
B28
H28
D28
j28
728
)28
|28
;28
Q28
{28
F28
|28
u28
*28
A28
328
[28
128
'28
H28
h28
E28
[28
L28
[28
628
<28
D28
]28
#28
B28
/28
p28
L28
^28
#28
T28
]28
"28
{28
b28
M28
{28
728
S28
828
p28
_28
X28
%28
V28
X28
O28
v28
u28
F28
R28
n28
128
D28
)28
^28
e28
D28
g28
R28
@28
e28
P28
n28
o28
D28
a28
628
p28
e28
o28
028
l28
(28
r28
w28
'28
,28
B28
Q56
V28
h28
`28
&28
O28
q28
W28
V28
|28
:28
r28
p28
L28
y28
U28
h28
N28
j28
|28
>28
h28
}28
b28
M28
=28
128
C28
c28
528
"28
C28
#28
l28
128
G28
F28
f28
t28
y28
h28
'28
(28
d28
k28
628
U28
Z28
a28
n28
K28
V28

28
R28
|28
g28
128
!28
628
U28
T28
B28
528
D28
%28
828
J28
S28
A28
C28
a28
r28

28
Z28
E28
x28

28
R28
+28
K28
z28
228
b28
$28
r28
?28
}28
N28
f28
S28
*28
k28
C28
$28
M28
"28
B28
728
{28
f28
328
s28
)28
028
k28
F28
\28
x28
{28
828
*28
$28
`28
 28
y28
J28
&28
]28
828
'28
<28
828
z28
t28
I28
U28
&28
[28
W28
428
t28
n28
h28
S28
w28
@28
\28
J28
X28
G28
g28
]28
028
c28
M28
s28
J28
628
Y28
B28
f28
#28
p28
]28
P28
028
X28
P28
_28
&28
.28
U28
I28
428
b28
C28
v28
Q28
q28
f28
O28

28
`28
!28
C28
G28
{28
?28
428
;28
,28
528
128
,28
|28
y28
u28
^28
x28
228
f28
D28
L28
I28
F28
s28
F28
[28
P28
N28
628
l28
M28
I28
T28
H28
K28
[28
s28
+28
!28
X28
n28
V28
{28
z28
u28
y28
@28
.28

28
H28
l28
X28
y28
956
P28
S28
e28
p28
828
,28
}28
M28
628
U28
(28
t28
728
C28
K28
m28
[28
q28
%28
`28
t28
c28
D28
-28
628
y28
o28
j28
928
$28
(28
928
$28
#28
A28
x28
z28
y28
`28
s28
G28
T28
428
g28
528
128
k28

28
`28
928
t28
W28
k28
.28
@28
-28
p28
A28
:28
*28
t28
M28
<28
n28
k28
828
_28
128
r28
`28
)28
$28
^28
|28
T28
528
j28
X28
028
628
r28
+28
 28
O28
>28
O28
z28
k28
h28
E28
\28
&28
j28
#28
a28
O28
:28
>28
628
028
!28
?28
"28
]28
k28
W28
)28
W28
>28
o28
W28
H28
:28
>28
C28
i28
n28
128
u28
J28
T28
m28
_28
}28
=28
r28
G28
Y28
228
S28
 28
G28
Y28
W28
828
t28
U28
C28
o28
V28
[28
v28
#28
G28
l28
#28
P28
!28
V28
+28
>28
\28
L28
B28
z28
N28
T28
928
t28
628
f28
p28
428
>28
.28
%28
228
;28
F28
I28
/28
b28
X28
728
k28
H28
Z28
728
U28
%28
a28
228
I28
E28
w28
]28
Y28
R28
[28
]28
128
W28
#28
F28
:28
228
O28
g28
P28
'28
528
228
y28
a28
B28
j28
 28
z28
d28
)28
J28
C28
T28
F28
m28
428
U28
y28
I28
(28
+28
?28

28
d28
U28
728
{28
D28
Q28
I28
]28
%28
828
C28
u28
o28
t28
&28
@28
z28
<56
i28
O28
M28
p28
\28
R28
`28
]28
%28
128
?28
128
,28
S28
o28
{28
P28
c28
U28
r28
F28
S28
m28
g28
728
l28
/28
928
O28
|28
b28
n28
628
028
728
S28
!28
X28
B28
l28
.28
G28
928
328
f28
028
528
A28
{28
\28
!28
_28
s28
528
/28
>28
d28
028
M28
)28
,28
z28
028
328
928
_28

28
u28
g28
h28
@28
228
.28
y28
Q28
R28
g28
u28
G28
L28
t28
P28
,28
X28
E28
928
628
 28
{28
k28
|28
{28
[28
"28
,28
-28
J28
L28
128
?28
V28
;28
a28
=28
l28
E28
C28
p28
i28
-28
n28
828
,28
t28
828
G28
228
928
S28

28
A28

28
k28
>28
r28
428
C28
,28
128
828
K28
!28
+28
u28
m28
C28
H28
`28
A28
I28
328
K28
C28
"28
,28
f28
[28
s28
L28
228
:28
!28
x28
+28
]28
e28
K28
128
528
%28
U28
428
U28
028
J28
l28
Y28
U28
#28
756
,28
K28
J28
=28
X28
_28
c28
+28
d56
z28
)28
f28
&28
W28
228
h28
E28
a28
y28
L28
^56
%28
h28
l28
X28
<28
828
[28
e28
a28
(28
,28
k28
l28
t28
}28
W28
+28
228
:28
R28
728
a28
I28
G28
628
C28
v28
.28
|28
k28
_28
b28
T28
X28
z28
d28
k28
u28
728
B28
h28
<28
]28
x28
l28
"28
v28
228
g28
i28
t28
y28
)28
W28
f28
E28
n28
I28
728
`28
r28
)28
a28
`28
}28
Q28
c28
s28
!28
\28
l28
Q28
!28
o28
T28
828
e28
@28
=28
v28
'28
#28
W28
s28
428
>28
 28
)28
@28
028
#28
(28
s28
\28
U28
328
I28
j28
{28
h28
o28
k28
<28
p28
L28
o28
g28
,28
(28
x28
{28
I28
Z28
(28
C28
m28
u28
j28
E28
O28
A28
728
,28
S28
'28
Y28
328
o28
=28
V28
128
|28
x28
?28
B28
628
K28
&28
'28
428
l28
N28

28
528
>28
T28
528
G28
Z28
A28
N28
+28
M28
J28
028
Y28
528
/28
]28
k28
I28
<28
g28
B28
228
J28
m28
H28
"28
U28
i28
V28
{28
a28
q28
\28
928
d28
V28
{28
y28
W28
[28
u28
028
(28
L28
o28
\28
v28
F28
!28
V28
K28
k28

28
v28
}28
l28
\28
*28
T28
:28
n28
K28
r28
Z28
g28
b28
U28
b28
Y28
V28
j28
i28
%28
T28
928
428
u28
!28
|28
A56
f28
@28
(28
|28
?28
x28
228
=28
228
+28
628
[28
X28
F28
v28
k28
F28
q28
!28
?28
D28
J28
<28
(28
828
@28
S28
#28
428
/28
y28
&28
 28
_28
 28
@28
\28
328
I28
*28
(28
u28
-28
x28
|28
)28
+28

28
628
{28
R28
o28
/28
728
h28
X28
;28
O28
j28
t28
Y28
p28
s28
I28
H28
-28
)28
L28
B28
/28
i28
}28
c28
P28
(28
V28
X28
y28
*28
E28
O28
 28
D28
I28
028
Y28
N28
L28
j28
628
C28
t28

28
#28
P28
F28
n28
b28
"28
h28
D28
z28
q28
R28
228
@28
V28
+28
<28
-28
E28
[28
%28
@28
A28
O28
428
b28
Z28
328
O28
f28
j28
H28
628
@28
L28
_28
428
[28
.28
p28
A28
<28
K28
]28
!28
\28
b28
z28
c28
s28
>28
U28
X28
g28
128
_28
g28
M28
S28
o28
p28
o28
\28
 28
S28
O28
428
{28
g28
b28
X28
R28
'28
z28
y28
528
[28
-28
%28
,28
F28
}28
K28
/28
&28
428
!28
428
V28
C28
Z28
228
-28
928
l28
F28
c28
F28
O28
r28
]28
Z28
o28
K28
C28
S28
y28
e28
s28
Y28
>28
,28
K28
X28
(28
 28
R28
,28
E28
%28
!28
h28
|28
"28

28
$28
D28
628
#28
h28
W28
T28
.28
G28
o28
928
M28
}28
(28
B28
=28
g28
Q56
m28
_28
r28
D28
b28
I28
Z28
'28
=28
-28
:28
O28
Q28
n28
628
I28
n28
-28
E28
Y28
R28
"28
:28
R28
928
s28
X28
[28
d28
p28
Q28
^28
:28
s28
_28
528
N28
d28
728
W28
?28
c28
;28
j28
h28
c28
g28
w28
e28
c28
G28
>28
!28
Z28
=28
)28
+28
U28
%28
E28
#28
h28
I28
h28
`28
J28
}28
W28
528
128
/28
y28
'28
O28
>28
\28
628
928
#28
%28
O28
p28
328
P28
J28
Y28
+28
228
O28
f28
l28
>28
$28
[28
?28
Q28
-28
:28
l28
\28
528
[28
$28
?28
H28
@28
z28
W28
128
?28
z28
X28
I28
a28
T28
<28
128
>28
H28
,28
Y28
u28
O28
W28
B28
<28
028
T28
/28
=28
Y28
I28
B28
&28
<28
H28
!28
[28
T28
#28
p28
c28
O28
w28
f28
`28
228
=28
c28
 28
*28
f28
X28
C28
728
t28
 28
L28
$28

28
P28
%28
I28
X28
V28
h28

28
]28
d28
`28
O28
028
L28
.28
D28
)28
%28
m28
s28
@28
i28
!28
{28
Q28
k28
'28
t28
M28
S28
 28
(28
H28
828
}28
T28
&28
Z28
f28
<28
Q28
%28
\28
F28
Z28
C28
*28
O28
}28
@28
m28
828
m28
828
A28
&28
?28
C28
y28
R28
S28
|28
<28
V28
=28
:28
228
W28
;28
+28
C28
Y28
Z28
$28
b28
o28
-28
O28
%28
O28
u28
N28
q28
O28
f28
$28
C28
828
528
:28
S28
/28
W28
:28
D28
Z28
N28
v28
|28
=28
T28
D28
+28
\28
!28
\28
E28
428
628
l28
O28
.28
>28
p28
V28
J28
H28
>28
c28

28
@28
r28
V28
R28
c28
<28
;28
u28
g28
028
p28
{28
z28
:28
^28
/28
:28
g28
p28
x28
n28
,28
(28
828
a28
%28
V28
O28
|28
<28
228
L28
.28
)28
428
@28
J28
H28
k28
828
u28
%28
/28
]28
A28
b28
t28
-28
%28
228
728
_28
q28
X28
#28
f28
%28
X28
t28
e28
}28
h28
d28
p28
x28
h28
i28
I28
S28
>28
128
U28
w28
p28
Q28
L28
Y28
828
S28
t28
u28
s28
x28
O28
E28
m28
428
828
928
T28
&28
A28
c28
S28
%28
k28
W28
;28
I28
,28
h28
s28
x28
 28
^28
?28
528
-28
o28
k28
628
-28
m28
c28
l28
:28
u28
828
/28
v28
+28
W28
k28
;28
i28
s28
028
R28
p28
:28
*28
228
J28
s28
d28

28
428
528
g28
U28
628
V28
928
Q28
x28
#28
Y28
/28
m28
&28
`28
v28
#28
m28
I28
"28
w28
p28
V28
N28
Y28
W28
728
D28
v28
:28
v28
i28
I28
:28
[28
)28

56
028
.28
)28
628
m28
228
y28
[28
F28
p28
C28
_28
#28
/28
c28
<28
q28
=28
@28
o28
W28
j28
928
,28
_28
O28
128
H28
728
u28
128
U56
=28
`28
328
K28
:28
]28
%28
(28
I28
Q28
_28
Z28
E28
X28
928
628
428
*28
:28
J28
B28
j28
{28
928
"28
.28
928
s28
{28
B28
_28
428
/28
B28
e28
v28
*28
i28
`28
w28
228
e28
}28
O28
W28
I28
228
Y28
528
*28
H28
E28
828
a28
Z28
A28
u28
N28
.28
U28
x28
/28
?28
g28
}28
w28
 28
I28
N28
v28
028
-28
S28
U28
=28
/28
,28
q28
828
M28
+28
728
;28
#28
Z28
}28
E28
z28
g28
B28
L28
/28
i28
b28
g28
x28
628
K28
 28

28
`28
"28
428
f28
P28
J28
@28
%28
r28
h28
l28
)28
S28
[28
b28
828
!28
H28
,28
N28
"28
A28
N28
L28
#28
)28
S28
a28
G28
J28
v28
w28
Y28
p28
a28
B28
^56
S28
&28
w28
!28
#28
s28
.28
&28
928
A28
y28
/28
q28
V28
B28
D28
o28
,28
^28
t28
c28
 28
]28
N28
r28
=28
B28
m28
628
928
628
;28
528
Z28
w28
Z28

28
D28
<28
C28
g28
}28
!28
{28
t28
J28
#28
\28
R28
j28
u28
=28
;28
@28
+28
|28
v28
k28
/28
:28
628
-28
$28
k28
h28
f28
328
W28
R28
n28
-28
Y28
z28
h28
s28
a28
_28
f28
w28
h28
t28
@28
Q28
U28
u28
&28
$56
>28
K28
O28
P28
+28
<28
P28
<28
^28
J28
.28
t28
H28
_28
B28
Z28
"28
l28
j28
728
T28
<28
H28
)28
^28
O28
h28
c28
828
228
I28
h28

28
K28
028
328
[28
_28
x28
Y28
 28
e28
f28
T28
r28
#28
}28
I28
K28
.28
k28
t28
S28
%28
428
j28
128
+28
V28
f28
F28
u28
%28
_28
)28
628
428
 28
z28
*28
e28
@28
W28
E28
e28
^28
S28
F28
*28
z28
k28
x28
528
*28
028
s28
V28
b28
!28
O28
T28
)28
G28
B28
q28
+28
;28
L28
E28
*28
a28
&28
v28
:28
m28
Z28
=28
|28
J28
928
'28
R28
A56
P28
;28
428
R28
]28
328
g28
p56
>28
+28
Y28
V28
728
628
Q28
I28
-28
{28
!28
U28
X28
#28
*28
K28
=28
#28
Z28
I28
`28
S28

28
e28
Q28
s28
 28

28
 28
$28
,28
x28
428
D28
<28
,28
[28
}28
Z28
;28
D28
l28
{28
R28
!28
@28
428
F28
l28
N28
[28
Z28

28
h28
R28
s28
l28
?28
l28
}28
o28
q28
728
!28
v28
c28
d28
Z28
t28
R28
428
m28
a28
P28
g28
$28
?28
828
528
@28
l28
m28
u28
328
G28
:28
@28
f28
c28
.28
 28
328
X28
;28
X28
p28
728
t28

28
j28
]28
128
$28
+28
;28
M28
C28
k28
^28
H28
G28
x28
L28
%28
W28
o28
h28
N28
g28
#28
v28
;28
g28
'28
728
\28
328
S28
R28
G28
@28
,28
928
J28
[28
]28
r28
F28
h28
@28
N28
x28
-28
"28
G56
#28
 28
/28
b28
X28
<28
k28
928
q28
F28
P28
;28
d28
c28
.28
X28
u28
f28
Q28
I28
L28
s28
m28
s28
d28
}28
d28
 28
k28
?28
/28
o28
$28

28
a28
,28
z28
328
G28
A28

28
p28
A28
K28
`28
V28
228
c28

28
&28
%28
`28
!28
/28
?28
s28
m28
Z28
628
?28
w28
Z28
c28
$28
'28
a28
>28
!28
y28
356
S28
m28
-28
F28
e28
<28
`28
Q28
"28
G28
\28
"28
z28
Y28
H28
s28
+28
m28
Q28
 28
d28
$28
X28
p28
/56
L28
w28
o28
;28
n28
F28
C28
M28
.28
{28
a28
!28
528
!28
^28
[28
K28
m28
928
N28
J28
z28
"28
I28
J28
O28
"28
128

28
j28
H28
X28
O28
%28
.28
;28
+28
R28
N28
Y28
Q28
w28
>28
Z28
)28
(28
:28
[28
Z28
x28
,28
/28
928
N28
\28
+28
)28
B28
o28
s28
e28
a28
{28
P28
L28
=28
p28
=28
+28
w28
|28
Z28
[28
)28
u28
K28
&28
F28
)28
428
&28
`28
E28
]28
t28
i28
(28
"28
628
=28
X28
 28
V28
>28
i28
P28
)28
}28
=28
H28
O28
E28
:28
 28
a28
.28
=28
G28
C28
{28
Z28
{28
 28
*28
>28
N28
j28
u28
h28
+28
 28
.28
I28
P28
e28
A28
z28
j28
328
`28
>28
_28
S28
f28
N28

28
,28
-28
a28
D28
428
#28
c28
?28
t28
L28
N28
k28
n28
T28
.28
z28
{28
028
"28
p28
B28
M28
A28
C28
;28
y28
_28
528
828
628
<28
]28
;28
v28
928
M28
I28
n28
;28
^28
l28
$28
=28
728
428
}28
@28
z28

28
b28
n28
"28
.28
b28
O28
N28
X28
228
e28
[28
328
Y28
Q28
C28
228
%28
g28
s28
%28
v28
)28
]28
J28
W28
j28
h28
O28
"28
 28
'28
228
"28
V28
u28
/28
E28
F28
p28
W28
928
428
|28
`28
k56
}28
m28
 28
=28
P28
%28
+28
P28
#28
[28
{28
<28
e28
c56
I28
&28
u56
D28
#28
\28
C28
/28
#28
f28
328
l28
528
D28
(28
`28
 28
?28
T28
;28
[28
428
s56
P28
p28
O28
-28
p28
028
m28
Y28
!28
^28
V28
f28
S28
[28
|28
P28
H28
B28
128
G28
d28
)28
W28
C28
?28
^28
s28
H28
p28
f28
,28
-28
>28
Y28
q28
|28
-28
c28
V28
N28
+28
528
.28
$28
,28
w28
%28
:28
*28
n28
M28
Z28
x28
O28
F28
x28
w28
628
o28
]28
_28
B28
R28
528
U28
{28
!28
U28
'28
C28
+28
H28
$28
c28
u28
'28
828
\28
z28
Y28
E28
.28
g28
-28
928
t28
q28
H28
A28
g28
k28
628
T28
=28
-28
T28
228
u28
d28
a28
%28
B28
@28
L28
z28
Q28
s28
128
.28
Z28
228
&28
G28
@28
328
A28
128
;28
%28
928
[28
&28
m28
$28
@28
f28

28
b28
r28
728
128
%28
O28
]28
;28
<28
`28
l28
B28
S28
x28
X28
J28
d28
T28
{28
'28
w28
,28
m28
x28
J28
o28
k28
=28
;28
H28
t28
V28
128
f28
t28
Z28
b28
z28
%28
H28
028
'28
v28
!28
)28
%28
328
]28
#28
A28
s28
n28
y28
-28
`28
J28
C28
N28
q28
v28
928
!28
.28
828
l28
I28
(28
>28
H28
r28
M28
K28
"28
N28
|28
Z28
w28
928
M28
t28
R28
128
#28
|28
a28
928
D28
F28
V28
p28
k28
M28
Z28
^28
'28
928
\28
c28
S28
828
\28
K28
O28
928
f28
T28
$28
|28
]28
y28
X28
r28
Y28
028
428
s28
+28
E28
W28
928
"28
 28
728
P28
-28
<28
S28
,28
928
/28
j28
#28
Y28
`28
S28
428
R28
q28
]28
.28
k28
:28
P28
 28
]28
K28
_28
v28
Q28
\28
)28
.28
n28
D28
728
h28
]28
m28
q28
_28
#28
x28
-28
[28
#28
728
828
`28
O28
u28
428
h28
A28
Z28
%28
*28
%28
N28
[28
V28
;56
!28
s28
928
D28
028
f28
+28
y28
D28
A56
E28
o28
>28
628
f28
)28
]28
228
*28
^28
\28
#28
w28
h28
728
d28
328
}28
'28
s28
128
X28
m28
,28
s28
m28
^28
W28
F28
;28
*28
w28
r28
g28
d28
p28
y28
E28
i28
x28
H28
r28
O28
_28
r28
O28
j28
628
a28
'28
V28
[28
C28
F28
<28
U28
o28
n28
@28
r28
l28
Z28
G28
:28
F28
W28
n28
i28
A28
k28
&28
)28
*28
`28
c28
z28
n28
328
k28
^28
\28
u28
428
t28
m28
X28
]28
{28
^28
O28
(28
U28
w28
X28
*28
O28
A28
h28
_28
B28
G28
<28
k28
f28
B28
R28
C28
I28
f28
r28
^28
@28
m28
s28
G28
628
e28
r28
"28
O28
628
K28
[28
t28
J28
^28
_28
i28
A28
L28
r28
V28
F28
528
h28
)28
c28
w28
828
^28
x28
Q28
Z28
v28
|28
s28
T28
%28
W28
328
&28
228
J28
p28
^28
a28
>28
O28
?28
L28
b28
i28
=28
:28
228
b28
j28
e28
-28
C28
M56
c28
=28
/28
C28
L28
o28
<28
h28
@28
Y28
[28
_28
C28
S28
e28
v28
U28
y28
r28
[28
v28
[28
r28
C28
-28
F28
k28
s28
A28
V28
Q28
H28
`28
R28
,28
d28
j28
{28
Q28
h28
$28
P28
u28
|28
K28
n28
_28
@28
628
128
f28
#28
+28
l28
]28
.28
U28
G28
)28
n28
{28
U28
:28
228
{28
P28
728
G28
d28
328
&28
P28
-28
e28
F28
:28
u28
n28
T28
428
T28
&28
|28

28
-28
,28
\28
 28
U28
,28
*28
#28
Z28
428
J28
+28
%28
_28
928
}28
c28
_28
)28
<28
]28
,28
e28
 28
)28
.28
u28
*28
@28
S28
)28
$28
I28
%28
W28
}28
.28
628
|28
N28
|28
g28
828
O28
%28
*28
q28
W28
A28
{28
=28
828
728
r28
z28
^28
j28
!28
u28
C28
,28
C28
f28
_28
d28
K28
H28
^28
x28
328
"28
528

28
f28
828
728
;28
|28
j28
c28
B28
A28
w28
f28
O28
p28
928
728
528
w28
i28
}28
G28
928
e28
"28
g28
*28
M28
R28
%28
P28
