B6093
{6093
k6093
m6093
*6093
F6093
76093
{6093

6093
#6093
D6093
C6093
-6093
"6093
B6093
_6093
J12186
Z6093
o6093
66093
)6093
?6093
p6093
]6093
(6093
R6093
]6093
&6093
s6093
R6093
-6093
k6093
V6093
h6093
?6093
"6093
F6093
g6093
96093
`6093
o6093
n6093
46093
R6093
H6093
x6093
H6093
a6093
y6093
:6093
[6093
$6093
o6093
<6093
26093
56093
G6093
M6093
`6093
26093
G6093
"6093
p6093
16093
-6093
46093
:6093
_6093
[6093
z6093
U6093
c6093
I6093
N6093
@6093
;6093
I6093
;6093
X6093
A6093
;6093
+6093
y6093
?6093
H6093
G6093
06093
w6093
q6093
