'3952
Y9291
L8225
l8338
a1396
u8543
|4911
F1845
-6957
27972
34278
r5821
?2133
}4493
q1198
85717
%3263
