Q73
273
*73
U73
b73
J73
\73
!73
N73
m73
l73
[73
i73
]73
j73
!73
J73
173
k73
{73
Y73
.73
C73
W73
}73
373
e73
m73
D73
?73
#73
B73
%73
#73
y73
;73
p73
$73
z73
C73
y73
A73
Z73
w73
h73
|73
o73
G73
i73
R73

73
.146
(73
'73
k73
J73
y73
/73
f73
A73
h73
*73
273
_73
<73
"73
=73
-73
373
}73
\73
l73
273
Y73
{73
073

73
.73
r73
773
Y73
173
s146
k73
'73
y73
'73
g73
a73
z73
V73
p73
#73
S73
!73
e73
b73
R73
?73
a73
D73
[73
=73
{73
^73
973
P73
n73
f73
<73
K73
*73
"73
573
S73
T73
r73
/73
p73
273
y73
j73
E73
)73
Q73
173
J73
(73
,73
^73
373
F73
L73
Q73
)73
473
`73
[73
f73
n73
}73
l73
_73
073
'73
P73
F73
y73
n73
(73
#73
x73
L73
c73
y73
D73
b73
*73
\73
|73
j73
G73
773
_73
F73
'73
g73
`73
673
V73
)73
F73
G73
u73
s73
w73
|73
]73
%73
!73
x73
v73
B73
M73
R73
*73
U73
t73
073
 73
Z73
\73
573
B73
|73
S73
973
X73
)73
\73
D73
P73

73
a73
d73
+73
 73
e73
c73
/73
'73
K73
c73
I73
273
;73
W73
r73
j73
h73
H73
c73
{73
w73
@73
*73
a73
<73
]73
 146
$73
Y73
-73
973
J73
U73
+73
{73
?73
)73
c73
173
r73
&73
`73
K73
T73
%73
>73
=73
G73
t73
x73
c73
Y73
Z73
X73
q73
w73
b73
.73
o73
B73
*73
?73
y73
l73
R73
v73
p73
l73
V73
"73
P73
R73
*73
]73
^73
n73
A73
E73
f73
273
d73
,73
*73
R73
h73
C73
Z73
i73
L73
M73
Y73
:73
x73
_73
573
N73
H73
M146
973
u73
)73
173
:73
573
/73
s73
]73
U73
w73
U73
M73
u73
l73
973
J73
b73
}73
j73
C73
T73
-73
"73
e73
473
973
e73
A73
473
l73
273
M73
(73
x73
N73
X73
|73
L73
[73
X73
=73
\73
Q73
e73
C73
B73
G73
P73
V73
`73
{73
f73
973
r73
M73
j73
M73
[73
573
[73
#73
D73
Y73
I73
Y73
Q73
{73
;73
p73
`73
973
B73
f73
_73

73
U73
,73
f73
&73
\73
b73
h73
<73
o73
s73
=73
:73
C73
S73
=73
*73
Z73
F73
X73
873
D73
t73
f73
^73
z73
X73
s73
S73
573
W73
'73
m73
w73
 73
e73
z73
973
Q73
\73
t73
X73
j73
D73
773
w73
;73
}73
&73

73
C73
T73
L73
W73
t73
<73
?73
g73
>73
|73
+73
073
673
m73
y73
S73
[73
573
l73
573
/73
P73
T73
c73
\73
k73
J73
a73
V73
/146
673
=73
v73
i73
773
q73

73
?73
773
%73
q73
h73
>73
"73
|73
>73
)73
J73
/73
L73
%73
/73
{73
u73
(73
:73
p73
L73
O73
273
#73
b73
<73
Z73
u73
U73
V73
i73
D73
;73
^73
373
r73
@73
[73
g73
|73
>73
673
U73
Q73
F73
k73
T146
!73
v73
d73
F73
f73
z73
?73
)73
V73
Z73
L73
Y73
#73
b73
q73
473
m73
:73
z73
[73
o73
&73
'73
I73
973
S73
N73
E73
"73
(73
673
073
t73
I73
W73
'73
S73
U73
(73
,73
?73

73
?73
*73
'73
n73
Z73
]73
M73
t73
e73
%73
[73
k73
C73
F73
f73
473
n146
}73
z73
b73

73
e73
S73
`73
x73
 73
`73
N73
*73
773
_73
<73
M73
373

73
273
v73
w73
]73
D73
673
P73
d73
q73
E73
z73
H73
Q73
F73
_73
-73
z73
>73
073
e73
D73
P73
p73
B73
E73
n73
$73
V73
*73
x73
.73
%73
*73
M73
R73
o73
q73
T73
$73
173
D73
m73
W73
}73
i73
D73
o73
A73
k73
]73
173
/73
E73
q73
u73
A73
 73
Q73
s73
H73
#73
H73
I73
}73
d73
+73
A73
_73
\73
G73
{73
+73
R73
b73
V73
@73
^73
*73
?73
}73
!73
]73
%73
A73
l73
K73
,73
D73
j73
p73
d73
*73
d73
}73
/73
_73
]73
W73
.73
&73
a73
E73
C73
i73
"73
@73
]73
y73
J73
p73
D73
273
g73
:73
w73
y73
t73
J73
u73
 73
G73
<73
(73
w73
q73
E73
S73
U73
p73
'73
O73

73
473
+73
$73
m73
173
f73
'73
L73
`73
{73
V73
,73
e73
;73
d73
M73
m73
773
:73
973
u73
}73
673
{73
\73
373
'73
x73
_73
b73
w73

73
X73
?73
|73
o73
:73
Z73
573
M73
G73
n73
\73
i73
O73
I73
&73
673

73
@73
!73
/73
h73
M73
S73
B73
173
_73
y73
:73
v73
D73
f73
\73
'73
N73
U73
k73
t73
j73
y73
>73
C73
m73
r73
i73
W73
b73
^73
P73
t73
873
F73
S73
t73
!73
[73
`73
i73
073
+73
.73
\73
g73
L73
,73
973
E73
-73
#73
>73
{73
&73
`73
^73
h73
N73
`73
]73
$73
173
`73
?73
273
\73
?73
g73
l73
}73
W73
K73
J73
!73
c73
273
D73
?73
q73
473
B73
Q73
E73
"73
m73
r73
|73
373
[73
=73
O73
#73
H73
+73
s73
_73
!73
V73
;73
973
F73
P73
|73
e73
L73
F73
Q73
\73
;73
:73
#73
>73
E73
a73
W73
V73
773
&73
;73
G73
@73
j73
h73
"73
{73
x73
S73
"73
z73
y73
s73
n73
!73
 73
N73
d73
P73
^73
]73
#73
"73
_73
g73

73
!73
,73
\73
073
373
`73
K73
D73
o73
"73
A73
673
y73
w73
-73
v73
073
h73
N73
.73
H73
u73
y73
R73
973
t73
@73
M73
W73
b73
673
$73
Y73
$73
[73
D73
P73
x73
.73
_73
J73
,73
373
P73
"73
U73
473
T73
P73
*73
K73
b73
H73
z73
V73
-73
?73
M73
d73
f73
B73
&73
k73
i73
L73
173
W73
u73
W73
"73
&73
673
n73
v73
t73
c73
773
673
N73
973
f73
U73
D73
373
d73
073
o73
473
I73
l73
V73
P73
W73
Z73
L73
k73
"73
%73
L73
473
H73
p73
:73
x73
Z73
%73
u73
Y73
W73
?73
k73
g73
673
k73
473
g73
p73
!73
'73
>73
J73
t73
m73
k73
D73
#73
,73
u73
p73
E73
n73
&73
c73
;73
M73
+73
273
Q73
Y73
u73

73
$73
g73
M73
:146
173
}73
373
z73
'73
j73
h73
?73
473
F73
&73
=73
E73
P73
973
?73
`73
L73
<73
f73
m73
A73
Z73
v73
{73
x73
k73
T73
a73
H73

73
o73
@73
r73
x73
l73
'73
M73
b73
S73
573
f73
>73
473
}73
r73
>73
n73
B73
M73
O73
j73
R73
S73

73
B73
+73
E73
:73
j73
*73
(73

73
173
{73
M73
t73
p73
@73
773
P73
f73
A73
|73
!73
%73
Q73

73
t73
T73
u73
O73
J73
u73
E73
d73
f73
?73
o73
_73
<73
S73
h73
/73
z73
m73
A73
p73
)73
C73
S73
'73
z73
6146
P73
=73
u73
}73
s73
.73
A73
<73
o73
&73
`73
y73
773
973
E73
u73
t73
273
373
f73
k73
d73
{73
G73
y73
w73
W73
073
{73
H73
k73
d73
g73
;73
D73
773
k73
A73
H73
173
r73
)73
j73
073
V73
C73
c73
m73
l73
>73
 73
?73
m73
*73
l73
$73
Y73
*73
773
?73
>73
t73
L73
 73
!73
s73
b73
c73
273
 73
C73
[73
F73
g73
l73
%73
_73
073
|73
b73
l73
M73
073
?73
s73
Y73
!73
*73
-73
L73
373
D73
M73
|73
073
S73
473
]73
:73
H73
e73
u73
K73
H73
[73
=73
e73
(73
J73
.73
n73
P73
j73
[73
+73
:73
373
o73
j73
U73
y73
K73
^73
K73
N73
,73
z73
.73
173
{73
G73
w73
873
373
X73
&73
{73
v73
g73
h73
"73
|73
e73
$73
673
G73
r73
Y73
?73
g73
{73
*73
%73
O73
E73
J73
.73
s73
(73
\73
y73
V73
m73
"73
373
:73
J73
-73
S73
C73
d73
]73
n73
q73
M73
873
o73
N73
/73
e73
273
F73
c73
&73
H73
%73
}73
>73
973
673
v73
@73
_73
]73
Y73
P73
s73
Y73
073
u73
E73
n73
F73
673
"73
v73
q73
h73
273
x73
M73
X73
,73
d73
473
E73
*73
 73
[73
173
s73
i73
k73
=73
;73
O73
G73
f73
(73
H73
y73
t73
e73
V73
P73
o73
V73
b73
.73
073
q73
Y73
{73
+73
C73
673
_73
z73
e73
Q73
,73
\73
i73
w73
;73
Y73
W73
<73
Z73
373
v73
P73
<73
b73
(73
=73
g73
E73
=73
X73
773
A73
)73
Z73
S73
C73
H73
M146
B73
273
N73
h73
\73
#73
H73
v73
T73
x73
\73
u73
G73
{73
573
X73
|73
G73
Y73
173
073
g73
x73
}73
{73
573
R73
u73
;73
H73
[73
v73
f73
<73
673
)73
B73
:73
)73
^73
!73
a73
o73
#73
r73
i73
Z73
b73
{73
m73
"146
r73
=73
>73
`73
!73
w73
Z73
t73
.73
$73
g73
G73
<73
u73
,73
:73
I73

73
y73
(73
W73
#73
N73
S73
P73
N73
$73
g73
F73
<73
R73
_73
R73
@73
973
Q73
o73
W73
b73
a73
373
X73
F73
@73
x73
F73
>73
 73
/73
G73
.73
@73
+73
}73
G73
d73
m73
s73
D73
173
i73
T73
-73
O73
i73
273
Z73
f73
s73
_73
\73
M73
i73
x73
|73
n73
F73
>73
=73
N73
873
"73
x73
z73
>73
P73
u73
P73
873
G73
'73
e73
P73
{73
F73
|73
r73
T73
+73
473
>73
!73
D73
b73
E73
H73
.73
X73
;73
B73
a73
=73
A73
d73
?73
L73
873
|73
V73
S73
T73
w73
+73
c73
R73
073
<73
\73
@73
'73
373
Y73
I73
}73
.73
@73
+73
C73
R73
|73
Q73
|73
G73
I73
K73
]73
M73
E73
C73
-73
A73

73
E73
'73
k73
;73
<73
A73
v73
*73
@73
a73
)73
<73
B73
W73
|73
=73
"73
273
473
 73
Q73
M73
f73
k73
g73
473
,73
s73
H73
873
@73
F73
k73
i73
M73

73
b73
-73
H73
k73
w73
173
$73
u73
#73
*73
y73
Y73
g73
_73
873
`73
|73
F73
273
O73
>73
o73
E73
773
m73
k73
R73
<73
f73
n73
R73
_73
j73
=73
|73
d73
a73
 73
_73
=73
`73
o73
V73
>73
g73
y73
K73
873
O73
v73
D73
k73
t73
@73
*73
e73
Y146
373
573
E73
r73
(73
-73
\73
:73
n73
p73
E73
;73
+73
l73
+73
K73
&73
W73
R73
773
x73
G73
373
&73
{73
B73
f73
p73
%73
N73
/73
373
>73
E73
F73
z73
N73
_73
&73
$73
R73
t73
O73
973
n73
R73
@73
+73
S73
C146
@73
g73
k73
E73
M73
`73
i73
@73
J73
L73
r73
273
"73
H73
;73
.73
}73
i73
%73

73
/73
|73
{73
173
k73
K73
G73
r73
%73
273
W73
n73
<73
g73
073
I73
u73
A73
S73
Z73
P73
M73
>73
,73
573
[73
t73
773
 73
G146
_73
`73
/73
D73
T73
y73
Z73
A73
`73
a73
c73
P73
q73
s73
?73
973
573
a73
h73
c73
a73
P73
u73
;73
]73
h73
%73
P73
.73
U73
h73
B73
R73
V73
o146
>73
473
m73
d73
573
I73
:73
v73
&73
073
c146
!73
O73
;73
F73
H73
D73
S73
`73
T73
873
373
f73
&73
:73
G73
d73
g73
m73
,73
u73
S73
r73
Z73
Q73
f73
H73
F73
$73
X73
473
`73
c73
.73
|73
173
273
$73
473
,73
a73
b73
U73
F73
\73

73
.73
t73
V73
#73
A73
k73
p73
|73
H73
@73
-73
?146
A73
/73
,73
373
.73
*73
t73
Y73
K73
(73
+73
P73
)73
873
F73
Z73
I73

73
Y73
073
y73
l73
n73
\73
*73
i73
d73
073
`73
F73
K73
]73
`73
'73
{73
U73
%73
173
H73
I73
"73
*146
>73
_73
$73
&73
l73
q73
e73
O73
)146
q73
B73
<73
g73
x73
k73
W73
:73
573
E73
]73
Y73
[73
o73
k73
d73
i73
o73
R73
X73
v73
s73
#73
A73
&73
y73
573
773
I73
g73
+73
(73
173
573
J73
373
973
U73
?73
P73
+73
H73
073
&73
z73
Z73
y73
j73
H73
(73
L73
A73
'73
@73
G73
x73
`73
|73
P73
[73
n73
m73
k73
*73
j73
B73
<73
L73
J73
W73
!73
S73
Z73
g73
]73
 73
K73
[73
Z73
073
t73
h73
}73
w73
#146
d73
W73
'73
a73
e73
"73
/73
%73
/73
$73
073
J73
L73
K73
%73
)73
v73
x73
!73
=73
z73
N73

73
&73
C73
)73
r73
973
[73
x73
T146
173
373
-73
?73
X73
_73
973
S73
j73

73
d73
!73
*73
:73
373
!73
T73
L73
>73
073
773
n73
G73
(73
U73
D73
Q73

73
S73
s73
Q73
773
z73
Q73
n73
O73
-73
:73
773
Q73
+73
e73
;73
.73
P73
o73
773
 73
h73
W73
f146
L73
*73
%73
]73
p73
373
b73
<73
;73
!73
273
q73
K73
+73
)73
673
,73
C73
173
373
/73
^73
]73
>73
973
_73
;73
T73

73
e73
q73
N73
Y73
I73
w73
773
 73
o73
773
U73
\73
J73
o73
>73
@73
>73
y73
473
w73
)73
873
j73
Y73
073
E73
i73
J73
!73
U73
k73
*73
D73
)73
M73
A73
}73
r73
>73
&73
F73
g73
v73
O73
q73
D73
;73
073
p73
[73
l73
%73
t73
.73
p73
s73
t73
!73
)73
z73
473
K73
-73
.73
^73

73
K73
{73
T73
^73
@73
t73
M73
x73
t73
@73
+73
973
i73

73
|73
*73
/73
v73
C73
A73
g73
o73
^73
O73
773
u73
Y73
V73
473
q73
L73
C73
u73
f73
673
473
t73
873
h73
Y73
R73
}73
<73
Q73
g73
N73
F73
a73
M73
d73
w73
!73
y73
Q73
873
W73
d73
V73
r73
|73
Y73
k73
o73
 73
d73
m73
L73
a73
S73
c73
*73
f73
g73
L73
*73
p73
,73
&73
!73
/73
*73
V73
,73
<73
^73
i73
M73
K73
/73
(73
p73
K73
673
'73
S73
P73
X73
F73
A73
'73
y73
\73
i73
373
G73
z73
v73
F73
d73
Q73
h73
A73
_73
p73
s73
j73
c73
o73
U73

73
X73
'73
u73
f73
u73
.73
l73
Z73
673
p73
w73
x73
*73
_73
h73
(73
S73
r73
`73
A73
Y73
]73
 73
E73
D73
G73
+73
R73
Y73
h73
673
x73
}73
J73
873
973
u73
_73
p73
}73
373
s73
V73
773
e73
K73
273
|73
m73
U73
)73
!73
[73
V73
a73
L73
s73
r73
773
C73
q73
p73
H73
}73
#73
w73
'73
073
W73
M73
<73
e73
373
`73
473
(73
`73
+73
k73
"73
R73
O73
%73
|73
873
 73
{73
B73
8146
:73
073
x73
273
)73
K73
L73
;73
d73
@73
473
,73
-73
C73
V73
[73
:73
&73
V73
K73
H73
q73
^73
-73
I73
`73
^73
o73
F73
o73
t73
"73
^73
i73
?73
573
y73
M73
*73
'73

73
K73
`73
A73
=73
s73
W73
:73
773
,73
]146
n73
a73
R73
O146
N73
q73
}73
Z73
673
_73
,73
q73
173
]73
s73
T73
s73
{73
*73
u73
Y73
z73
<73
e73
(73
\73
P73
n73
[73
G73
973
)73
B73
[73
u73
{73
o73
v73
s73
373
T73
`73
<73
d73
k73
(73
u73
|73
S73
^73
&73
=73
W73
A73
J73
p73
B73
373
i73
a73
L73

73
k73
o73
'73
/73
c73
:73
973
e73
!73
m73
373
s73
073
P73
t73
473
S73
>73
Y73
$73
.73
_73
s73
j73
@73
*73
_73
A73
p73
&73
f73
E73
773
673
B73
}73
r73
}73
{73
q73
e73
*73
Q73
w73
]73
A73
M73
Y73
V73
?73
%73
f73
673
v73
c73
t73
@73
p73
c73
l73
E73
r73
`73
Z73
v73
=73
073
b73
A73
 73
N73
_73
b73
.73
L73
'73
`73
=73
a73
)73
x73
=73
r73
%73
:73
r73
A73
"73
`73
c73
+73
$73
.73
p73
m73
/73
v73
(73
L73
y73
573
\73
W73
B73
l73
773
M73
a73
q73
z73
D73
E73
.73
*73
-73
(73
|73
t73
b73
t73
D73
I73
G73
A73
\73
H73
y73
S73
M73
'73
w73
^73
@73
s73
)73
H73
U73
H73
373
y73
g73
/73
v73
^73
273
E73
>73
B73
%73
L73
%73
j73
f73
x73
J73
273
s73
T73
:73
h73
G73

73
x73
473
,73
a73
)73
e73
s73
n73
 73
I73
U73
b73
&73
F73
z73
:73
/73
w73
k73
673
873
s73
473
{73
#73
/73
W73
[73
^73
Z73
l73
y73
v73
g73
\73
f73
-73
E73
[73
.73
:73
'73
I73
C73
Y73
<73
(73
573
W73
U73
O73
k73
)73
@73
L73
b73
X73
=73
P73
l73
v73
\73
m73
v73
g73
473
K73
)73
 73
973
C73
B73
m73
<73

73
}73
(73
=73
M73
973
'73
:73
y73
^73
$73
{73
r73
?146

73
573
.73
Y73
s73
<73
h73
g73
;73
]73
j73
473
d73
 73
)73
073
p73

73
M73
Z73
Y73
'73
#73
c73
373
-146
m73
@73
]73
\73
;73
p73
j73
k73
C73
H73
{73
l73
.73
673
j73
s73
}73
$73
E73
573
S73
i73
S73
873
673
>73
=73
j73
B73
e73
q73
w73
873
073
&73
I73
S73
{73
}73
473
[73
`73
C73
b73
M73
,73
+73
p73
[73
j73
(73
j73
e73
,73
<73
^73
,73
J73
_73
473
t73
}73
<146
U73
n73
D73
|73
R73
773
{73
\73
j73
r73
,73
373
o73
P73
m73
?73
a73
*73
f73
B73
873
`73
F73
G73
l73
o73
u73
;73
573
y73
F73
$73
073
>73
{73
Y73
"73
t73
I73
z73
*73
873
<73
X73
Q73
'73
|73
C73
?73
/73
$73
M73
B73
f73
l73
p73
R73
q73
+73
_73
573
y73
L73
X73
(73
.73
L73
@73
D73
/73
l73
Y73
273
673
h73
P73
M73
I73
/73
R73
o73
v73
B73
?73
#73
P73
X73
[73
873
R73
=73
p73
^73
j73
s73
(73
773
X73
[73
%73
h73
{73
J73
:73
m73
573
m73
473
n73
t73
{73
<73
'73
e73
_73
H73
i73
e73
,73
873
d73
|73
!73
P73
i73
273
Y73
v73
s73
873
K73
h73
W73
y73
(73
473
U73
 73
/73
F73
&73
$73
=73
I73
W73
v73
M73
J73
A73
u73
a73
r73
Q73
\73
n73
)73
z73
P73
[73
L73
073
`73
.73

73
&73
D73
m73
O73
H73
!73
r73
=73
k73
273
D73
}73
#73
N73
H73
B73
d73
a73
F73
^73
J73
/73
&73
273
>73
D73
O73
J73
$73
l73
z73
d73
I73
)73
z73
$73
v73
373
z73
P73
e73
,73
X73
M73
N73
f73
b73
[73
p73

73
X73
T73
^73
Z73
b73
D73
@73
A73
g73
`73
<73
[73
,73
R73
l73
\73
|73
"73
/73
H73
s73
b73
)73
>73
%73
V73
373
|73
573
+73
=73
v73
.73
H73
s73
673
H73
u73
373
M73
U73
|73
273
[73
z73
H73
 73
j73
v73
@73
:73
[73
{73
y73
N73
k73
}73
R73
o73
373
[73
;73
G73
i73
m73
p73
-73
}73
f73
z73
.73
G146
F73
z73
q73
g73
.73
Y73
573

73
?73
[73
w73
Z73
^73
e73
|73
z73
c73
Z73
C73
G73
d73
n73
r73
K73
^73
]73
@73
W73
d73
n73
=73
573
g73
a73
A73
f73
U73
<73
t73
i73
l73
J73
)73
!73
:73
-73
A73
f73
!73
\73
I73
-73
s73
^73
'73
M73
n73
573
O73
D73
{73
273
X73
<73
d73

73
]73
u73
@73
_73
>73
U73
'73
]73
B73
}73
O73
b73
{73
`73
z73
I73
'73
m73
P146
673
a73
@73
R73
|73
}73

73
v73
073
%73
A73
=73
\73
)73
+73
573
K73
r73
473
#73
v73
S73
973
D73
H73
K73
G73
_73
g73
I73
-73
673
$73
c73
<73
173
373
D73
A73
r73
+73
E73
Z73
G73
J73
Y73
%73
v73
^73
S73
u73
}73
G73
h73
/73
A73
d73
I73

73
_73
;73
$73
573
)73
:73
?73
873
F73
p73
[73
+73
q73
273
a73
A73
:73
C73
u73
 73
c73
<73
373
R73
573
k73
R73
D73
m73
p73
r73
$73
\73
U73
L73
B73
a73
173
973
o73
T73
i73
P73
d73
)73
S73
v73
:73
w73
j73
/73
R73
 73
+73
I73
\73
n73
Y73
l73
y73
973
e73
<73
v73
A146
P73
=73
K73
|73
G73
o73
?73
w146
:73
W73
Q73
073
o73
)73
m73
373
G73
473
C73
O73
A73
573
o73
!73
b73
873
U73
Z73
a73
q73
Q73
K73
r73
e73
@73
=73
873
B146
%73
273
"73
,73
g146
/73
^73
?73
N73
[73
V73
E73
,73
p73
Z73
|73
i73
)73
u73
Y73
e73
773
973
<73
073
L73
l73
t73
S73
E73
x73
X73
^73
I73
e73
p73
R73
Y73
p73
'73
.73
G73
w73

73
k73
/73
C73
'73
;73
"73
q73
?73
[73
s73
473
)73
e73
}73
<73
^73
t73
@73
573
E73
Q73
K73
<73
W73
U73
C73
O73
S73
x73
+73
=146
}73
(73
S73
x73
B73
G73
.73
i73
/73
L73
y73
573
a73
\73
O73
C73
673
)73
}73
t73
673
X73
273
573
A73
Y73
$73
_73
573
u73
A73
673
C73
"73
,73
R73
e73
073
/73
$73
f73
573
b73
\73
q73
?73
$73
273
/73
@73
q73
'73
E73
]73
@73
a73
d73
h73
j73
i73
m73
z73
c73
t73
P73
&73
*73
j73
q73
 73
:73
a73
'73
d73
#146
b73
k73
A73
\73
^73
m73
(73
+73
X73
E73
P73
c73
[73
o73
(73
m73
]73

73
W73
!73
)73
x73
973
X73
?73
X73
I73
&73
A73
473
*73
Y73
(73
I73
Y73
I73
073
 73
M73
073
t73
A73
n73
C73
,73
373
N73

73
O73
F73
<73
#73
n73
G73
/73
%73
673
473
z73
;73
=73
&73
G73
473
g73
"73
c73
s73
^73
N73
;73
X73
I73
N73
}73
773
F73
K73
F73
)73
;73
]73
j73
!73
=73
,73
L73
o73
k73
W73
(73
v73
573
z73
&73
E73
@73
G73
k73
_73
4146
q73
)73
K73
$73
X73
_73
]73
a73
=73
A73
.73
Q73
o73
%73
W73
^73
-73
Z73
u73
I73
p73
Z73
+73
n73
'73
I73
;73
Q73
R73
#73
l73
I73
h73
a73

73
373
t73
173
K73
M73
l73
873
[73
&73
a73
o73
073
_73
e73
+73
h73
p73
t73
i73
\73
L73
(73
073
q73
.73
X73
j73
e73
[73
!73
p73
y73
w73
|73
c73
w73
[73
u73
%73
Q73
w73
R73

73
_73
&73
v73
*73
!73
p73
|73
673
[73
d73
\73
V73
573
=73

73
U73
-73
J73
@73
x73
^73
o73
573
u73
z73
 73
@73
>73
173
|73
O73
i73
<73
q73
t146
M73
[73
X73
#73
u73
m73
Y73
[73
D73
}73
x73
P73
573
,73
v73
H73
t73
r73
j73
173
S73
-73
m73
W73
r73
}73
C73
673
d73
F73
G73
f73
J73
B73
>73
{73
873
#73
E73
'146
_73
473
^73
n73
z73
373
e73
Z73
z73
P73
R73
p73
h73
273
o73
473
V73
D73
"73
K73
B73
.73
u73
@73
t73
y73
%73
y73
Q73
W73
+73
'73
*73
I73
)73
{73
o73
L73
h73
y73
973
W73
^73
f73
(73
373
i146
B73
<73
:73
273
m73
[73
573
[73
"73
%73
s73
e73
D73
}73
.73
K73
L73
n73
|73
(73
D73
X73
L73
O73
173
j73
s73
t73
673
w73
,73
i73
<73
2146
!73
 73

73
!73
q73
v73
G73
o73
L73
S73
F73
J73
`73
[73
Y73
/73
P73
D73
!73
}73
g73
f73
X73
v73
x73
E73
S73
M73
k73
W73
e73
i73
x73
T73
^73
-73
V73
\73
w73
y73
#73
V73
"73
?73
X73
T73
_73
N73
h73
$73
j73
F73
y73
$73
M73
N73
<73
#73
k73
(73
Q73
[73
)146
x73
y73
D73
!73
,73
a73
q146
c73
l73
[73
'73
c73
$73
|73
e73
P73
#146
$73
q73
(73
c73
@73
]73
r73
v73
H73
"73
k73
-73
J73
r73
173
Z73
Y73
X73
b73
'73
b73
Q73
Y73
s73
!73
873
t73
'73
P73
a73
F73
V73
&73
|73
073
G73
"73
=73
l73
t73
>73
S73
x73
k73
b73
l73
273
(73
L73
B73
473
I73
F146
*73
D73
!73
c73
E73
K73
173
a73
;73
B73
#73
-73
K73
673
873
`73
Y73

73
l73
t73
P73
@73
l73
r73
773
K73
\73
873
n73
i73
x73
U73
"73
O73
J73
\73
=73
v73
Q73
|73
U73
N73
*73
E73
'73
w73
@73
O73
M73
U73
Q73
V73
L73
173
c73
F73

73
173
k73
&73
f73
w73
O73

73
U73
e73
g73
W73
O73
#73
%73
l73
873
N73
,73
d73
K73
\73
B73
l73
M73
|73
$73
q73
j73
s73
%73
973
k73
w73
>73
N73
h73
D73
"73
=73
O73
]73
I73
173
q73
(73
n73
F73
S73
\73
P73
s73
(73
P73
,73
$73
573
h73
|73
&73
_73
e73
J73
O73
|73
d73
B73
T73
d73
Y73
+73
*73
Z73
P73
.73
r73
a73
C73
T73
973
.73
A73
g73
D73
j73
273
/73
C73
#73
t73
[73
n73
_73
e73
d73
$73
v146
R73
w73
<73
r73
W73
,73
Z73
G73
>73
M73
q73
j73
z73
273
`73
\73
"73
^73
N73
m73
e73
=73
y73
373
^73
:73
l73
p73
v73
k73
e73
*73
073
P73
-73
B73
S73
o73
N73
{73
Y73
Q73
w73
.73
\73
r73
F73
D73
u73
W73
q73
\73
G73
(73
G73
373
z73
x73
y73
k73
b73
X73
z73
;73
-73
673
w73
K73
)73
S73
473
e73
#73
!73
D73
873
j73
>73
x73
N73
T73
z73
:73
.73
873
a73
n73
k73
m73
W73
l73
e73
T73
d146
573
j73
{73
973
573
?73
g73
?73
373
V73
<73
k73
f73
)73
^73
%73
x73
=73
V73
o73
:73

73
$73
t73
B73
 73
|73
B73
F73
S73
F73
[73
J73
r73
(73
u73
773
&73
173
k73
p73
V73
!73
-73
v73
U73
T73
g73
`73
873
q73
u73
]73
^73
473
873
r73
d73
o73
|73
H73
!73
E73
o73
H73
373
K73
:73
E73
w73
x73
E73
Z73
j73
;73
^73
973
|73
J73
$73
E73
m73
U73
l73
473
@73
a73
@73
)73
#73
w73
a73
S73
873
{73
"73
q73
t73
 73
U73
K73
>219
e73
k73
J73
z73
L73
B73
073
q73
V73
I73
q73
(73
a73
g73
773
I73
o73
@73
673
@73
b73
f73
!73
o73
C73
u73
r73
173
h73
"73
-73
R73
}73
$73
.73

73
>73
s73
'73
N73
?73
z73
$73
O73
h73
/73
N73
373
s73
O73
s73
u73
r73
o73
#73
t73
+73
p73
H73
C73
 73
U73
073
Q73
A73
[73
o73
u73
n73
V73
*73
273
#73
O73
M146
/73
V73
;73
J73
G73
^73
Z73
(73
C73
O73
C73
a73
%73
Y73
t73
T73
"73
b73
i73
-73
o73
u73
[73
d73
^73
h73
g73
<73
V73
Z73
)73
b73
#73
d73
r73
`73
Z73
#73
;73
X73
F73
_73
!73
#73
N73
g73
M73
n73
:73
'73
Q73
L73
x73
@73
M73
873
e73
S73
-73
:73
Y73
S73
G73
i73
473
q73
O73
873
E73

73
073
T73
j73
073
|73
d73
 73
z73
K73
;73
573
Y73
v73
!73
273
R73
%73
]73
073
h73
G73
v73
073
J73
|73
t73
073
C73
m73
l73
R73
x73
O73
[73
j73
O73
N73
573
]73
:73
P73
a73
073
)73
473
P73
k73
>73
m73
F73
c73
x73
;73
[73
D73
|73
V73
e73
<73
E73
M73
.73
473
W73
873
373
T73
&146
G73
773
F73
P73
s73
-73
O73
/73
I73
273
f73
w73
,73
{73
G73

73
x73
?73
w73
G73
*73
g73
273
q73
!73
"73
`73
Q73
t73
<73
!73
 73
}73
G73
i73
q73
773
X73
x73
v73
L73
_73
Q73
>73
L73
Q73
!73
U73
V73
Q73
R73
I73
W73
l73
<73
h73
e73
G73
I73
}73
573
>73
d73
U73
273
D73
e73
v73
y73
,73
K73
i73
n73
<73
Q73
s73
_73
773
g73
D73
273
Y73
_73
$73
r73
(73
:73
l73
R73
p73
:73
j73
273
{73
V73
@73
/73
"73
^73
]73
N73
&73
<73
*73
K73
B73
x73
r73
V73
)73
r73
;73
873
 73
]73
@73
t73
X73
e73
_73
=73
)73
p73
r73
s73
U73
-73
y73
f73
[73
&73
A73
073
673
f73
=73
\73
v73
f73
/73
I73
f73
/73
P73
.73
r73
S73
A73
U73
'73
O73
973
s73
b73
m73
>73
573
z73
<73
P73
B73
i73
[73
L73
#73
e73

73
K73
B73
U73
D73
s73
d73
h73
173
*73
=73
073
Z73
k73
+73
e73
073
d73
h73
#73
g73
)73
473
H73
273
X73
j73
/73
m73
U73
{73
H73
h73
[73
B73
h73
C73
y73
V73
h73
H73
373
073
I73
[73
>73
273
h73
w73
x73
p73
a73
l73
g73
@73
U73
673
y73
>73
D73
<73
T73
 73
"73
)73
V73
 73
[73
^73
'73
673
/73
d73
}73
?73
973
c73
y73
173
273
m73
h73
/73
]73
c73
e73
M73

73
n73
873
w73
"73
N73
d73
l73
T73
|73
D73
973
}73
j73
}73
-73
J73
}73
\73
 73
?73
o73
r73
w73
(73
[73
573
x73
c73
l73
)73
T73
K73
w73
h73
Q73
r73
o73
'73
n73
R73
L73
I73
u73
L73
 73
{73
^73
k73
D73
973
H73
273
z73
`73
R73
D73
[73
/73
C73
]73
'73
s73
Q73
d73
:73
b73
A73
L73
U73
=73
X73
l73
B73
]73
C73
573
T73
[73
T73
773
673
t73
"73
l73
R73
$73
b73
z73
273
r73
E73
'73
b73
373
$73
!73
r73
<73
B73
|73
X73
]73
V73
B73
473
X73
F73
\73
:73
q73
O73
:73
y73
173
T73
673
{73
I73
|73
S73
973
J73
;73
v73
E73
"73
573
K73
'73
Y73
_73
%73
r73
473
j73
P73
;73
R73
B73
M73
d73
-73
$73
T73
r73
F73
j73
_73
g73
c73
B73
%73
y73
@73
$73
K73
E73
L73
]73
@73
)73
%73
!73
Y73
m73
L73
%73
k73
-73
773
U73
N73
z73
t73
N73
v73
U73
m73
*73
|73
773
?73
m73
>73
P73
[73
$73
673
W73
u73
B73
Q73
<73
'73
a73
O73
H73
?73
D73
T73
&73
e73
X73
/73
k73
W73
y73
k73
l73
'73
773
373
G73
M73
*73
g73
X73
m73
*73
E73
O73
M73
A73
,73
_73
w73
\73
^73

73
k73
I73
873
O146
@73
N73
n73
573
B73
m73
273
W73
k73
r73
s73
*73
o73
N73
y73
>73
R73
Y73
n73
:73
}73
B73
%73
r73
973
s73
p73
h73
X73
j73
073
V73
/73
M73
r73
"73
G73
573
S73
J73
 73
:73
V73
^73
j73

73
r73
B73
c73
273
973
'73
W73
G73
173
I73
$73
,73
y73
[73
%73
m73
'73
>73
!73
^219
l73
573
'73
t73
q73
b73
}73
g73
>73
M73
!73
T73
L73
r73
B73
E73
o73
N73
:73
C73
Z73
z73
>73
\73
x73
a73
973
p73
S73
\73
D73
;73
|73
X73
L73
773
s73
h73
d73
n73
[73
e73
%73
g73
 73
n73
;73
=73
Z73
;73
y73
Y73
T73
;73
n73
373
Q73
r73
F73
@73
673
473
B73
T73
#73
.73
-73
073
+73
{73
z73
o73
&73
]73
%73
C73
a73
M73
;73
O73
=73
q73
!73
i73
@73
D73
:73
e73
R73
W73
I73
]73
h73
673
Q146
(73
d73
.73
c73
a73
N73
773
v73
J73
$73
d73
[73
573
d73
G73
p73
Q73
a73
373
X73
 73
j73
o73
n73
Y73
i73
b73
k73
>73
N73
173
u73
)73
O73
G73
_73
W73
e73
d73
E73
f73
&73
373
x73
(73
073
Q73
F73
973
i73
K73
B73
%73
q73
m73
g73
V73
$73
773
w73
a73
O73
073
a73
%73
>73
673
;73
N73
v73
m73
t73
&73
773
u73
V73
W73
v73
R73
H73
D73
B73
Q73
c73
L73
k73
673
y73
}73
(73
E73
_73
W73
[73
d73
E73
(73
H73
"73
>73
T73
:73
S73
*73
E73
X73
C73
+73
^73
173
e73
o73

73
k73
a73
373
Z73
C73
G73
d73
[73
673
%73
073
&73
673
y73
"146
q73
-73
O73
e73
'73
673
V73
z73
V73
=73
373
d73
S73
E73
M73
.73
V73
[73
y73
b73
}73
\73
}73
G73
g73
j73
d73
=73
k73
a73
r73
R73
`73
U73
u73
C73
d73
H73
773
H73
Q73
o73
z73
R73
k73
W73
-73
!73
W73
^73
h73
'73
Z73
]73
B73
\73
]73
#73
>73
!73
`73
Z73
O73
273
)73
A73
w73
>73
O73
;73
K73
;73
.73
h73
X73
U73
H73
T73
`73
,73
M73
=73
l73
.73
s73
473
g73
p73
>73
=73
473
z73
S73
+73
p73
q73
'73
n73
173
&73
n73
\73
:73
u73
h73
J73
 73
d73
m73
c73
e73
$73
=73
D73
/73
w73
!73
D73
e73
'73
s73
^73

73
K73
'73
B73
H73
273
\73
j73
|73
I73
^73
\73
|73
P73
r73
,73
573
B73
v73
y73
d73
`73
l73
o73
N73
[73
:73
f73
v73
\73
<73
w73
W73
]73
-73
s73
Y73
&73
K73
Z73
.73
W73
`73
{73
#73
{73
m73
173
H73
;73
\73
473
%73
973
;73
S73
)73
o73
\73
P73
n73
c73
#73
d73
r73
.73
w73
C73
I73
p73
[73
Q73
z73
S73
U73
J73
873
M73
 73
x73
C73
n73
473
^73
X73
;73
073
v73
W73
$73
<73
>73
p73
473
h73
`73
v73
i73
Z73
D73

73
P73
(73
D73
U73
O73

73
v73
L73
R73
e73
(73
973
Y73
h73
p73
n73
+73
F73
y73
}73
D73
+73
q73
b73
473
c73
a73
#73
*73

73
-73
s73
:73
U73
'73
M73
973
f73
C73
<73
R73
#73
173
V73
}73
U73
Y73
B73
D73
P73
/73
m73
:73
}73
873
973
"73
A73
f73
673
Q73
J73

73
j73
373
H73
D73
<73
w73
h73
s73
i73
=73
573
t73
s73
073
s73
:73
k73
m73
o73
R73
;73
/219
u73
y73
n73
>73
P73
)73
{73
?73
073
v73
y73
_73
@73
K73
t73
$73
D73
t73
r73
C73
g73
e73
i73
,73
*73
v73
L73
p73
k73
<146
(73
O73
C73
u73
M73
/73
a73
f73
k73
V73
r73
p73
M73
X73
m73
q73
M73
H73
d73
f73
K73
h73
673
373
]73
;73
}73
773
j73
+73
J73
v73
s73
.73
$73
=73
a73
X73
=73
[73
e73
T146
F73
%73
x73
n73
`73
l73
E73
<73
)73
y73
?73

73
L73
?73
W73
A73
p73
'73
B73
;73
 73
`73
g73
S73
g73
f73
z73
f146
q73
I73
573
)73
D73
n73
W73
b73
S73
J73
-73
m73
c73
/73
W73
P73
-73
?73
]73
P73
[73
873
_73
173
773
\146
Z73
P73
[73
U73
^73
673
Z73
b73
p73
G73
<73
]73
C73
m73
[73
#73
873
D73
e73
t73
T73
073
k73
E73
D73
273
T73
`73
#73
b73
#73
h73
N73
'73
\73
>73
473
q73
.73
>73
t73
o73
u73
U73
]73
673
X73
D73
b73
V73
073
j73
(73
G73
373
e73
X73
W73
R73

73
h73
J73
l73
O73
Q73
^73
g73
c73
I73
W73
273
373
L73
?73
[73
|73
D73
U73
Y73
&73
h73
$73
=73
/73
\73
q73
:73
473
B73
173
073
k73
,73
@73
}73
G73
s73
j73
'73
c73
[73
o73
z73
273
s73
Y73
-73
x73
h73
973
y73
:73
A73
|73
r73
x73
k73
q73
373
:73
K73
173
y73
>73
z73
Z73
p73
-73
C73
a73
L73
|73
873
M73
j73
p73
973
.73
@73
?73
]73
x73
V73
773

73
*73
&73
E73
n73
<73
r73
.73
"73
N73
v73
?73
973
O73
073
#73
r73
z73
E73
#73
l73
)73
,73
G73
z73
P73
-73
Q73
673
Q73
573
E73
K73
h73
W73
973
A73
.73
n73
h73
F73
e73
D73
A73
Y73
p73
@73
Q73
%73
v73
u73
F73
>73
O73
z73
"73
E73
\73
m73
A73
I73
673
P73
D73
x73
D73
^73
N73
M73
A73
D73
?73
#73
M73
i73
x73
b73
_73
:73
h73
z73
K73
B73
W73
J73
M73
Z73
'73
 73
{73
h73
b73
h73
'73
}73
r73
G73
973
:73
!73
{73
L73
H73
773
}73
r73
O73
r73
e73
o73
l73
273
973
C73
:73
"73
*73
673
$73
Z73

73
-73
q73
273
U73
j73
D73
m73
D73
773
I73
#73
i73
\73
)73
Z73
X73
u73
U73
e73
A73
p73
373
I73
s73

73
q73
R73
*73
_73
.73
H73
]73
M73
_73
^73
{73
i73
Q73
C73
W73
773

73
P73
X73
|73
^73
B73
P73
073
L73
N73
I73
'73
]73
H73
S73
"73
?73
y73
p73
973
$73
z73
 73
q73
i73
O73
v73
;73
]73
u73
+73
,73
\73
=73
Z73
b73
k73
y73
L73
@73
B73
"73
x73
(73
%73
V73
h73
J146
[73
p73
x73
u73
,73
n73
(73
|73
_73
573
=73
A73
U73
}73
u73

73
d73
+73
i73
y73
w73
Z73

73
:73
673
*73
l73
e73
F73
t73
;73
O73
/73
M73
V73
#73
y73
b73
^73
D73
q73
Y73
k73
)73
C73
+73
P73
)73
}73
Z73
p73
y73
g73
Q73
K73
<73
!73
)73
b73
I73
j73
473
*73
\73
H73
 73
y73
=73
l73
373
"73
273
I73
H73
T73
Q73
173
073
,73
.73
x73
v73
A73
i73
o73
r73
D73
'73
073
O73
u73
h73
i73
h73
N73
^73
D73
P73
h73
^73
<73
M73
l73
$73
A73
V73
573
Y73
273
{73
=73

73
673
173
d73
^73
_73
}73
e73
|73
}73
<73
:73
k73
X73
y73
,73
L73
i73
L73
d73
T73
K73
Q73
[73
h73
K73
473
E73
'73
#73
-73
y73
573
173
<73
!73
&73
C146
773
Y73
R73
-73
173
U73
2146
&73
G73
873
m73
;73
473
R73
H73
-73
}73
i146
m73
+73
>73
173
V73
`73
t73
F73
}73
m73
|73
r73
J73
y73
h73
^73
W73
773
d73
h73
`73
m73
573
373
.73
l73
&73
g73
$73
|73
f73
-73
}73
373
;73
^73
U73
=73
\73
@73
:73
;73
X73
_73
173
c73
Y73
T73
i73
>73
r73
{73
Z73
[73
(73
 73
P73
O73
_73
K73
C73
%73
573
d73
;73
?73
W73
m73
673
l73
g73
q73
]73
K73
]73
c73
R73
473
y73
R73
I73
673
a73
g73
G73
h73
)73
 73
H73
D73
e73
[73
r73
m73
%73
V73
"73
;73
e73
y73
o73
M73
K73
S73
|73
}73
(73
v73
]73
d73
D73
S73
T73
a73
X73
/73
@73
473
?73
x73
N73
F73
&73
}73
f73
#73
A73
>73
e73
Z73
*73
'73
|73
l73
j73
g73
.73
^73
y146
'73
_73
=73
|73
z73
a73
e73
d73
373
;73
c73
*73
`73
673
K73
q73
973
[73
d73
o73
$73
c73
173
F73
-73
{73
X73
e73
_73
 73
B73
:73
K73
c73
e73
W73
Q73
w73
q73
E73
q73
C73
173
{73
:73
p73
B73
P73
=73
A73
n73
O73
B73
573
;73
073
G73
W73
373
-73
 73
g73
 73
v73
`73
]73
-73
q73
\73
P146
^73
-73
^73
S73
k73
X73
873
G73
%73
K73
@73
_73
,73
R73
=73
|73
^73
R73
f73
>73
;73
@73
573

73
<73
Y73
 73
R73
T73
373
r73
F73
+73
R73
j73
]73
Q73
w73
W73
D73
(73
w73
b73
T73
$73
A73
Y73
673
n73
073
Y73
o73
b73
Q73
U73
M73
P73
u73
<73
(73
973
$73
h73
v73
h73
W73
j73
973
Q73
m73
_73
@73
z73
373
t73
$73
-73
<73
m73
"73
,73
]73
+73
<73
O73
)73
+73
D73
}73
E73
z73
(73
e73
873
|73
973
873

73
773
*73
w73
o73
_73
-73
e73
.73
X73
473
p73
*73
v73
y73
373
k73
^73
*73
/73
%73
h73
K73
G73
=73
x73
q73
V73

73
=73
i73
U73
#73
s73
m73
z73
>73
[73
p73
W73
^73
O73
\73
>73
G73
N73
 73
u73
Y73
973
Y73
-73
a73
_73
\73
a73
r73
q73
P73
X73
t73
o73
n73
?73
,73
 73
773
573
J73
Y73
(73
z73
373
f73
W73

73
C73
t73
273
z73
+73
p73
A73
373
@73
[73
)73
A73
673
i73
W73
/73
(73
L146
<73
W73
z73
\73
 73
w73
E73
)73
\73
+73
773
e73
273
s73
q73
173
^73
>73
873
N73
W73
G73
173
N73
d73
@73
u73
r73
673
F73
|73
C73
g73
P73
*73
r73
<73
.73
\73
_73
U73
]73
$73
=73
m73
V73
l73
+73
173
T73
>73
/73
z73
473
^73
A73
J73
$73
%73
|73
e73
d73
873
K73
R73
b73
473
w73
G73
t73
#73
