k1
,1
 1
u1
g1
E1
k1
W1
[1
O1
#1
p1
I1
f1
X1
v1
71
l1
e1
o1
x1
z1
`1
81
o1
S1
G1
r1
T1
N1
k1
x1
*1
51
e1
+1
51
!1
d1
(1
"1
L1
C1
Z1
r1
 1
%1
71
i1
k1
61
l1
u1
"1
21
S1
y1
/1
k1
^1
T1
b1
'1
[1
<1
N1
'1
R1
s1
N1
}1
I1
N1
T1
}1
m1
b1
K1
J1
"1
&1
/1
I1
91
f1
n1
m1
41
U1
;1
*1
%1
$1
X1
e1
d1
Q1
l1
51
u1
s1
.2
D1
41
Y1
 1
71
K1
\1
a1
51
W1
x1
l1
=1
01
y1
]1
o1
u1
R1
$1
r1
Q1
N1
u1
P1
@1
$1
&1
71
_1
]1
(1
'1
y1
e1
+1
51
-1
31
i1
l1
61
A1
e1
K1
b1
f1
"1
C1
@1

1
(1
21
(1
|1
<1
 1
31
T1
;1
-1
c1
U1
71
\1
k1
a1
.1
v1
$1
Q1
R1
u1
C1
$1
!1
#1
C1
Q1
n1
r1
 1
J1
D1
l1
W1
Q1
J1
E1
V1
 1
s1
i1
f1
P1
<1
H1
x1
k1
#1
>1
n1
^1
o1
n1
+1
n1
#1

1
@1
:1
k1
(1
S1
>1
A1
{1

1
t1
d1
$1
O1
51
n1
61

1
\1
71
[1
N1
a1
T1
i1
J1
21
r1
q1
s1
b1
n1
\1
L1
U1
D1
:1
u1
#1
I1
X1
Q1
e1
(1
O1
e1
A1
C1
<1
=1
N1
z1
91
'1
n1
/1
B1
b1
i1
61
>1
l1
t1
41
u1
l1
b1
!1
Q1
=1
o1
'1
L1
.1
P1
B1
{1
s1
P1
=1
p1
(1
t1
{1
y1
W1
k1
L1
I1
E1
|1
U1
<1
h1
(1
f1
41
k1
G1
V1
O1
21
_1
S1
c1
C1
s1
61
Z1
k1
V1
D1
v1
I1
j1
i1
o1
{1
%1
)1
G1
m1
<1
n1
U1
O1
}1
i1
11
&1
q1
h1
z1
n1
l1
 1
k1
#1
Q1
|1
G1
g1
V1
C1
@1
T1
}1
>1
$1
`1
i1
p1
g1
t1
41
Y1
C1
$1
V1
&1
a1
+1
J1
l1
=1
<1
b1
?1
P1
41
U1
Q1
B1
_1
d1
|1
)1
(1
]1
;1
b1
:1
y1
71
z1
Z1
y1
21
j1
s1
H1
T1
/1
r1
x1
!1
E1
11
%1
71
;1
B1
R1
t1
^1
f1
k1
H1
F1
Q1
{1
"1
 1
S1
|1
#1
s1
y1
V1
R1
J1
D1
o1
w1
m1
91
=1
S1
Y1
71
&1
31
U1

1
G1
}1
e1
i1
!1

1
81
91
71
w1
V1
R1
>1
 1
'1
u1
A1
{1
/1
_1
b1
|1
@1
X1
71
41
b1
W1
s1
b1
Z1
51
$1

1
e1
N1
I1
_1
%1
Q1
*1
N1
)1
z1
a1
z1
:1
U1
u1
F1
%1
_1

1
*1
K1
]1
k1
t1
V1

1
s1
k1
Z1
R1
q1
y1
^1
D1
R1
+1
t1
'1
X1
K1
21
T1
N1
X1
31
p1
&1
t1
f1
a1
A1
i1
w1
S1
C1
o1
f1
C1
%1
B1
C1
f1
(1
|1
?1
81
 1
f1
i1
[1
d1
 1
.1
P1
,1
S1
t1
$1
&1
01
