m50
=50
,50
?50
m50
h50
'50
150
d50
^50
i50
?50
i50
e50
O50
%50
?50
_50
v50
?50
E50
{50
S50
.50
350
/50
,50
550
650
X50
_50
P50
?50
T50
_50
850
650
F50
H50
(50
;50
<50
X50
;50
U50
s50
Z50
X50
w50
@50

50
j50
#50
y50
u50
c50
F50
m50
850
U50
Z50
'50
^50
b50
*50
#50

50
b50
#50
K50
+50
=50
H50
:50
J50
A50
M50
X50
&50
+50
;50
.50
'50
h50
`50

50
:50
>50
;50
B50
d50
150
}50
^50
G50
:50
E50
^50
g50
z50
-50
(50
m50
(50
C50
"50
g50
>50
%50
F50
"50
=50
i50
I50
D50
q50
`50
X50
#50
^50
T50
=50
S50
!50
Y50
S50
=100
m50
L50
'50
[50
s50
u50
v50
150
G50
"50
U50
I100
k50
r50
S50
>50
f50
 50
i50
l50
`50
i50
250
j50
=50
(50
[50
/50
w50
P50
`50
%50
l50
D50
>50
,50
550
R50
m50
H50
j50
/50
|50
s50
!50
^50
U50
v50
+50
W50
v50
[50
b50
"50
>50
C50
.50
J50
 50
!50
)50
q50
y50
q50
s50
q50
t50
+50
q50
Z50
r50
Z50
h50
%50
{50
550
k50
T50
p50

50
050
a50
w50
_50
&50
d50
Z50
650
I50
J50
T50
)50
050
350
t50
d50
B50
G50
!50
<50
z50
%50
j50
R50
:50
|50
D50
&50
w50
Q50
f50
]50
b50
 50
b50
E50
{50
|50
u50
450
r50
550
l50
=50
n50
;50
M50
 50
%50
250
E50
-50
 50
p50
U50
u50
*50
v50
Z50
B50
I50
?50
u50
:50
f50
e50
a50
G50
P50
/50
050
450
950
 50
V50
350
d50
f50
!50
F50
v50
r50
|50
=50
e50
N50
l50
\50
f50
R50
A50
b50
R50
]50
&50
!50
&50
=50
m50
p50
W50
g50
150
c50
C50
X50
a50
k50
y50
A50
x50
\50
]50
K50
Q50
X50
&50
|50
@50
h50
Y50
}50
>50
H50
=50
u50
\50
Y50
/50
A50
|50
550
&50
,50
$50
J50
W50
p50
E50
R50
z50
050
L50
e50
V50
q50
{50
`50
H50
*100
Y50
]50
&50
R50
Y50
|50
V50
050
o50
<50
H50
h50
L50
/50
e50
L50
E50
@50
450
h50
e100
[50
650
h50
z50
"50
d50
v50
D50
x50
]50
050
O50
z50
Z50
E50
s50
`50
P50
z50
D50
}50
$50
Q50
%50
150
C50
m50
(50
050
250
F50
U50
(50
,50
750
?50
/50
n50
Y100
n50
>50
*50
A50
]50
=50
)50
s50
`50
950
&50
O50
S50
Z50
z50
P50
.50
/50
Z50
{50
c50
=50
E50
D50
750
550
150
q50
_100
E50
150
R50
y50
650
-50
r50
450
u50
|50
X50
&50
(50
e50
950
>50
^50
(50
|50
$50
/50
z50
?50
/50
v50
|50
,50
^50
j50
Q50
,50
&50
/50
;50
q50
I50
)50
G50
H50
Z50
m50
X50
v50
g50
P50
 50
{50
k50
]50
x50
l50
v50
C50
|50
\50
u50
|50
*50
k50
T50
g50
350
C50
750
T50
f50
;50
150
250
+50
C50
M50
p50
050
!50
/50
X50
N50
]50
&50
!50
[50
650
w50
450
h50
%50
"50
@50
150
L50
=50
V50
050
d50
#50
f50
l50
m50
-50
.50
%50
a50
!50
r50
050
h50

50
s50
Y50
q50
!50
D50
R50
(50
c50
g50
a50
350
v50
`50
<50
@50
?50
.50
l50
[50
F50
/50
V50
?50
350

50
w50
p50
Z50
a100
E50
F50
u50
*50
f50
|50
\50
!50
p50
E50
850
(50
I50
m50
:50
+50
j50
+50
H50
150
\50
{50
j50
y50
o50
*50
950
Z50
650
950
/50
>50
!50
u50
Y50
950
b50
750
-50
g50
L50
A50
Z50
f50
]50
-50
$50
W50
r50
$50
j50
D50
o50
h50
F50
}50
>100
Y50
*50
;50
650
c50
t50
Q50
:50
O50
;50
!50
|50
F50
r50
.50
[50
b50
.50
T50
x50
_50
G50
<50
d50
'50
$50
T50
550
e50
F50
Q50
]50
?50
%50
]50
050
h50
<50
}50
*50
:50

50
050
}50
050
o50
y50
E50
V50
z50
150
:50
550
$50
*50
t50
^50
Q50
550
q50
_50
b50
M50
c50
`50
v50
y50
E50
J50
}50
&50
850
f50
%50
g50
C50
A50
?50
F50
`50
B50
,50
'50
k50
950
u50
*50
!50
D50
450
B50
<50
b50
950
?50
b50
l50
650
a50
o50
W50
&50
j50
^50
#50
z50
p50
550
>50
250
u50
-50
U50
750
w50
850
V50
550
C50
E50
!50
450
f50
X50
F50
 50
350
p50
m50
n50
[50
&50
a50
x50
F50
H50
?50
L50
)50
g50
550
Q50
X50
'50
:50
l50
p50
`50
@50
R50
050
I50
=50
(50
C50
?50
.50
w50
)50
b50
l50
*50
d50
O50
q50
E50
;50
O50

50
M50
150
i50
850
Z50
v50
<50
D50
 50
d50
Q50
k50
R50
u50
'50
!50
I50
 50
V50
}50
t50
f50
_50
j50
J50
.50
m50
?50
x50
=50
:50
/50
<50
@50
-50
.50
L50
 50
>50
{50
A50
W50
h50
*50
N50
D50
@50
l50
=50
B50
(50
;50
}50
]50
^50
H50
t50
k50
=50
c50
?50
B50
U50
R50
}50
250
-50
@50
L50
s50
e50
|50
250
Z50
250
u50
g50
f100
r50
Q50
m50
o50
 50
U50
a50
)50
f50
^50
B50
:50
q50
$50

50
z50
r50
y50
X50
E50
&50
G50
x50
550
P50
s50
H50
S50
;50
850
H50
O50
J50
&50
m50
}50
^50
V50
g50
!50
D50
,50
 50
K50
P50
B50
'50
!50
j50
X50
F50
450
?50
<50
o50
550
950
t50
.50
,50
e50
A50
850
`50
:50
{50
l50
m50
r50
%50
k50
}50
@50
u50
b50
-50
(50
m50
 50
o50
Q50
!50
L50
;50
W50
950
q50
[50
t50
750
(50
^50
B50
.50
r50
E50
?50
-50
B50
;50
j50
v50
450
a50
H50
Y50
f50
M50
%50
D50

50
050
>50
R50
D50
q50
X50
G50
B50
M50
=50
V50
t50
i50
E50
450
w50
{50
e50
*50
f50
o50
W50
e50
-50
C50
F50
'50
p50
150
#50
y50
350
.50
x50
}50
750
?50
w50
E50
"50
$50
;50
X50
o50
450
a50
!50
y50
T50
K50
Z50
F50
n50
u50
#100
r50
P50
!50
B50
Y50
F50

50
S50
450
z50
,50
g50
_50
F50
J50
)50
U50
m50
F50
350
750
x50
 50
\50
Z50
"50
-50
250
F50
Y50
N50
j50
G50
N50
650
g50
y50
{50
/50
y50
D50
N50
`50
E50
U50
\50
*50
-50
@50
W50
q50
>50
050
+50
(50
f50
b50
L50
O50
850
v50
c50
n50
`50
q50
y50
P50
:50
650
E50
B50
-50
Y50
?50
-50
g50
550
G50
:50
D50
%50
e50
]50
l50
B50
h50
K50
s50
R50
>50
W50
R50
Q50
q50
G50
#50
;50
=50
`50
_50
v50
X50
n50
;50
`50
150
]50
n50
l50
W50
i50
!50
?50
Y50
U50
 50
E50
T50
m50
#50
e50
Y50
^50
.50
-50
:50
(50
/50
;50
350
$50
S50
_50
J50
b50
S50
G50
Z50
$50
i50
U50
S50
950
E50
Y50
a50
N50
Z50
^50
t50
M50
R50
Q50

100
|50
c50
F50
$50
;50
]50
}50
)50
Z50
y50
S50
b50
R50
D50
y50
n50
f50
^50
[50
950
&50
n50
]50
K50
i50
?50
550
T50
O50
,50
G50
u50
n50
p50
\50

50
d50
?50
Z50
C50
550
950
!50
$100
850
r50
U50
(50
R50
v50
.50
P50
+50
(50
E50
850
e50
N50
R50
v50
_50
E50
D50
750
=50
d50
750
:50
`50
A50
]50
l50
b50
?50

50
@50
h50
@50
j50
a50
%50
Z50
s50
b50
*50
X50
"50
K50
450
O50
350
h50
u50
)50
'50
g50
R50
U50
J50
*50
I50
l50
g50
s50
!50
a50
t50
j50
L50
N50
350
m50
#50
;50
C50
050
V50
F50
k100
x50
V50
G50
<50
y50
"50
x50
}50
$50
D50
G50
*50
550
I50
F50
y50
650
N100
S50
550
p50
350
m50
a50
'50
.50
E50
I50
/50
[50
?50
P50
q50
750
S50

50
i50
B50
\50
T50
<50
G50
j50
.50
B50
"50
J50
m50
j50
^50
/50
w50
b50
o50
h50
T50
#50
&50
#50
x50
B50
j50
l50
r50
l50
}50
&50
m50
?50
N50
^50
h50
o50
h50
%50
-50
K50
a50
e50
-50
t50
g50
750
|50
j50
_50
:50
T50
-50
850
;50
J50
G50
Q50
s50
o50
x50
E50
<50
d50
x50
D50
e50
S50
350
]50
#50
F50
i50
850
[50
A50
450
i50
H50
Z50
 50
950
X50
t50
#50
)50
&50
X50
R50
q50
D50
|100
l50
f50
v50
550
X50
650
*50
I50
-50
M50
]50
<50
{50
(50
m50
:50
[50
"50
H50
N50
e50
-50
b50
i50
a50
j50
-50
=50
150
t50
s50
X50
&50
R50
L50
w50
350
m50
)50
P50
150
?50
V50
[50
P50
+50
h50
C50
*50
$50
R50
e50
650
950
}50
G50
I50
B50
t50
v50
G50
M50
C50
H50
`50
s50
_50
N50
W50
950
$50
#50
I50
750
*50
H50
650
.50
,50
[50
350
y50
@50
u50
^50
j50
m50
750
!50
z50
j50
w50
U50
d50
250
v50
n50
]50
T50
B50
050
T50
L50
x50
l50
P50
u50
=50
550
:50
$50
m50
P50
(50
e50
650
f50
Q50
p50
$50
-50
X50
p50
A50
%50
950
{100
d50
h50
[50
X50
250
#50
]50
;50
950
p50
G50
j50
B50
W50
Y50
/50
k50
M50
P50
(50
150
[50
g50
b50
O50
750
D50
o50
+50
<50
t50
i50
h50
.50
y50
}50
$50
b50
'50
E50
f50
]50
z50
250
y50
G50
V50
`50
N50
250
a50
'50
G50
Y100
 50
650
y50
p50
550
Y50

50
H50
C50
350
f50
c50
>50
w50
S50
.50
`50
f50
250
Z50
{50
:50
Q50
-50
D50
I50
B50
+50
Y50
450
b50
f50
[50
d50
N50
^50
{50
d50
n50
m50
\50
r50
C50
?50
m50
Z50
E50
K50
P50
@50
;50
z50
m50

50
*50
.50
,50
n50
$50
>50
<50
v50
550
u50
k50
F50
550
K50
%50
250
a50
*50
N50
^50
;50
350
\50
R50
H50
w50
n50
f50
N50
o50
]50
%50
V50
)50
;50
Z50
[50
y50
v50
k50
550
%50
I50
q50
l50
x50
}50
c50
750
y50
950
D100
t50
 50
g50
+50
T50
G50
250
F50
\50
d50
s50
=50
k50
y50
[50
"50
650
;50
)50
p50
'50
v50
]50
%50
750
k50
C50
M50
_50
m50
050
[50
m50
350
n50
m50
Y50
K50
:50
w50
 50
B50
>50
C50
$50
450
_50
H50
U50
V50
F50
?50
*50
i50
750
z50
,100
^50
m50
w50
&50
J50
350
;50
h50
i50
*50
e50
450
O50
F50
/50
P50
U50
V50
"50
u50
N50
Z50
v50
650
550
)50
550
$50
*50
e50
/50
X50
+50
u50
/50
R50
j50
}50
e50
,50
250
650
g50
\50
750
V50
Z50
;50
m50
;50
y50
)50
r50
s50
^50
;50
?50
R50
050
d100
]50
I50
O50
b50
J50
^50
w50
\50
j50
s50
@50
!50
=50
/50
(50
=50
J50
o50
p50
E50
D50
050
]50
c50
&50
f50
}50
=50
m50
A50
]50
_50
{50
v50
f50
650
|50
d50
850
U50
550
?50
L50
M50
D50
L50
Q50
C50
K50
/50
450
Q50
350
o50
:50
e50
=50
}50
A50
|50
Z50
250
I50
v50
*50
z50
]50
Z50
V50
b50
w50
U50
P50
:50
B50
T50
J100
u50
@50
?50
t50
U50
x50
!50
d50
^50
u50
I50
,50
%50
U50
t50
i50
L50
750
050
r50
150
I50
550
T50
s50
b50
"50
q50
J50
350
A50
}50
450
N50
d50
,50
_50
Q50
.50
g50
=50
,50
o50
_50
B50
M50
q50
.50
T50
y50
950
,50
O50
150
950
}50
250
b50
D50
{50
e50
`50
*50
c50
w50
O50
!50
,50
950
/50
n50
y50
X50
?50
>50
P50
k50
I50
M50
(50
.50
K50
A50
>50
l50
^50
=50
<50
[50
450
,50
750
q50
C50
[50
A50
o50
C50
`50
_50
V50
E50
x50
U50
q50
]50
f50
650
;50
750
;50
g50
j50
;50
&50
L50
t50
+50
-50
550
%50
250
`50
350
a50
q50
g50
U50
(100
O50
E50
D50
#50
l50
n50
&50
z50
Z50
_50
950
850
^50
H50
W50
j50
l50
W50
(50
&50
h50
850
]50
.50
750
,50
v50
350
`50
A50
f50
V50
w50
v50
z50
a50
t50
q50
O50
350
-50
:50
F50
]50
-50
I50
t50
x50
^50
f50
950
S50
x50
[50
M50
c50
u50
`50
850
550
M50
+50
y50
R50

50
(50
<50
z50
G50
650
*50
)50
&50
i50
}50
<50
g50
450
l50
450
^50
-50
p50
 50
E50
a50
m50
150
f50
`50
I50
050
%50
V50
C50
l50
?50
|50
E50
550
150
A50
O50
D50
550
'50
}50
!50
b50
-50
E50
h50
R50

50
-50
/50
|50
`50
&50
h50
r50
W50
 50
$50
`50
}50
_50
S50
.50
750
t50
;50
z50
v50
p50
V50
850
a50
"50
\50
850
G50
Q50
W50
M50
P50
050
`50
G50
W50
#50
A50
150
{50
w50
n50
/50
j50
S50
/50
R50
.50
F50
:50
w50
q50
p50
#50
H50
|50
A50
w50
650
{50
&50
g50
Q50
H50
W50
o50
l50
$50
l50
C50
W50
X50
150
,50
x50
S50
^50
&50
u50
850
a50
_50
350
H50
g50
