%8804

4367
b6988
%8870
f3664
R143
M6994
Y7299
64137
(4379
Z1345
46405
*3814
q5049
}6243
d577
e7529
F2105
v262
l2709

8411
95662
Q1583
H7895
68779
n6648
%4735
Z2891
B6639
b9480
Y3961
}8027
#2883
;8385
}625
+6267
v6801
A8777
$2789
J844
|4276
)8692
N1489
C3103
