}94
C94
q94
o94
k94
h94
494
G94
594
!94
:94
n94
894
994
I94
494
;94
%94
j94
p94
T94
n94
 94
P94
694
q94
 94
b94
`94
b94
>94
`94
:94
|94
U94
E94
n94
r94
!94
J94
?94
:94
+94
<94
!94
<94
994
C94
794
U94
M94
B94
*94
?94
h94
X94
m94
]94

94
i94
L94
I94
<94
_94
R94
A94
S94
n94
O94
794
+94
d94
.94
Y94
794
894
694
N94
A94
F94
|94
,94
E94
h94
q94
L94
R94
}94
&94
p94
K94
994
f94
a94
x94
o94
%94
V94
E94
}94
(94
U94
694
t94
l94
M94
*94
p94
X94
c94
Y94
Z94
X94
G94
'94
X94
B94
:94
\94
^94
o94
F94
Q94
P94
394
e94
x94
f94
C94
'94
k94
394
b94
"94
S94
`94
F94
L94
b94
q94
494
<94
}94
Y94
j94
d94
t94
y94
w94
!94
*94
f94
o94
v94
r94
594
V94
!94
g94
594
_94
%94
b94
(94
+94
(94
m94
E94
X94
!94
494
?94
X94
:94
$94
g94
z94
|94
/94
F94
I94
'94
P94
/94
;94
F94
{94
k94
n94
N94
=94
294
!94
e94
/94
Y94
h94

94
u94
v94
.94
594
J94
@94
 94
Z94
Y94
894
]94
K94
S94
@94
#94
j94
Y94
p94
5188
}94
E94
.94
,94
h94
V94
,94
294
194
@94
O94
G94
,94
*94
/94
,188
794
h94
594
?94
!94
x94
z94
c94
,94
X94
[94
S94
j94
/94
494
U94

94
P94
594
>94
A94
f94
{94
<94
j94
y94
k188
S94
H94
x94
>94
i94
p94
"94
P188
t94
!94
)94
C94
\94
(94
X94
%94
w94
v94
@94
S94
{94
f94

94
K94
O94
x94
`94
o94
(94
o94
M94
;94
{94
"94
Y94
y94
994
z94
=94
T94
M94
r94
R94
B94
O94
z94
d94
|94
w94
r94
n94
V94
_94
I94
Q94
Y94
|94
,94
&94
694
U94
w94
J94
'94
)94
o94
,94
P94
/94
?94
i94
x94
d94
P94
c94
"94
e94
^94
U94

94
A94
z94
*94
P94
}94
i94
x94

94
b94
n94
_94
*94
^94
>94
Z94
E94
D94
>94
\94
694
"94
+94
Z94
C94
$94
G94
A94
=94
s94
p94
W94
>94
?94
R94
494
v94
'94
B94
o94
y94
j94
894
t94
w94
,94

94
+94
R94
e94
T94
b94
v94
>94
'94
W94
p94
'94
!94
 94
p94
=94
F94
h94
H94
K94

94
g94
u94
;94
594
x94
X94
e94
W94
o94
694
r94
G94
#94
&94
U94
f94
594
g94

94
B94
094
q94
u94
M94
F94
>94
:94
S94
@94
X94
494
z94
w94
[94
N94
[94
;94
v94
p94
q94
s94
A94
R94
V94
&94
T94
z94
W94
-94
_94
J94
K94
f94
894
0188
p94
/94
H94
S94
D94
Z94
X94
Z94
=94
"94
M94
>94
#94
V94
-94
S94
)94
X94
D94
&94
 94
_94
G94
#94
/94
m94
(94
694
894
(94
894
>94
C94
U94
;94
L94
R94
Q94
494
v94
*94
K94
o94
}94
A94
"94
N94
%94
N94
694
}94
B94
294
%94
/94
\94
O94
j94
Y94
x94
R94
k94
C94
v94
K94
+282
N94
b94
n94
R94
V94
Y94
d94
%94
294
w94
794
K94
/94
*94
<94
\94
R94
594
494
q94
294
x94
n94
'94
-94
v94
794
?94
<94
m94
594
894
c94
J94
;94
$94
I94
:94
j94
C94
w94
#94
!94
\94
f94
/94
|94
<94
w94
%94
@94
]94
s94
w94
M94
S94
494
U94
494
q94
@94
?94
{94
/94
o94
/94
X94
p94
m94
194
O94
$94
194
k94
R94
k94
S94
894
294
.94
k94
w94
O94
u94
C94
y94
a94
P94
A94
T94
S94
>94
_94
094
+188
594
!94
p94
^94
#94
;94
*94
@94
=94
#94
h94
}94
r94
l94
P94
w94
K94
W94
s94
|94
f94
M94

94
I94
394
P94
$94
@94
'94
{94
l94
`94
%94
p94
^94
x94
c94
-94
\94
u94
I94
X94
o94
694
u94
D94
g94
#94
l94
194
/94
994
694
Y94
f94
y94
c94
694
;94
794
+94
E94
=94
u94
b94
894
A94
=94
a94
P94
Z94
a94
,94
y94
!94
<94
"94
294
t94
L94
v94
794
%94
-94
b94
X94
W94
C94
O94
q94
!94
V94
*94
J94
[94
l94
"94
&94
994
}94
B94
@94
A94
j94
M94
894
/94
 94
m94
V94
_94
{94
D94
Y94
g94
694
*94
V94
294
=94
794
\94
A94
d94
N94
|94
T188
}94
_94
694
'94
]94
X94
!94
P94
294
j94
194
z94
m94
294
a94
&94
q94
694
z94
[94
994
|94
q94
@94
,94
'94
a94
894
)94
O94
-94
A94
294
>94
l94
Z94
'94
V94
Z94
f94
394
894
?94
D94
J94
`94
U94
=94
j94
o94
F94
_94
@94
K94
]94
m94
&94
B94
*94
N94
H94
m94
Y94
694
.188
)94
,94
W94
Y94

94
D94
Z94
p94
A94
894
s94
a94
/94
#94
r94
,94
N94
094
 94
s94
^94
094
%94
"94
@94
T94
z94
V94
m94
t94
G94
O94
"94
{94
[94
r94
U94
/94
V94
894
w94
z94
v94
{94
$94
|94
W94
694
n94
N94
s94
y94
(94
|94
994
K94
X94
V94
294
^94
|94
I94
)94
D94
u94
:94
|94

94
 94
A94
w94
'94
994
O94
&94
w94
=94
Z94
T94
894
n94
.94
,94
S94
^94
q94
<94
c94
Y94
S94
-94
>94
r94
c94
p94
O94
-94
k94
994
a94
v94
%94
R94
g94
N94
994
894
k94
f94
\94
194
h94
[94
`94
i94
]94
O94
k94
R94
o94
d94
W94
M94
R94
#94
U94
+94
[94
>94
x94
v94
Y94
e94
194
x94
`94
l94
394
@94
494
<94
294
694
<94
394
?94
n94
)94
@94
?94
F94
 94

94
`94
'94
(94
q94
L94
m94
Y94
894
j94
G94
}94
U94
L94
`94
S94
794
694
194
/94
C94
U94
E94
'94
?94
l94
B94
y94
Y94
l94
q94
U94
d94
R94
c94
X94
C94
K94
:94
+94
[94
K94
!94
F94
I94
994
794
h94
-94
g94
:94
*94
"94
194
W94
i94
|94
F94
L94
l94
(94
G94
|94
`94
O94
 94
e94
#94
"94
C94
;94
E94
m94
e94
P94
>94
L94
|94
N94
.94
R94
.94
)94
@94
p94
?94

282
w94
q94
v94
y94
Y94
M94
r94
t94
u94
]94
V94
D94
z94
R94
H94
"94
g94
z94
E94
094
E94
n94
494
t94
X94
;94
-94
r94
w94
,94
:94
094
>94
v94
.94
*94
 94
:94
`94
h188
^94
t94
L94
`94
\94
O94
s94
c94
h94
T94
J94
+94
O94
E94
_94
R94
F94
694
;94
?94
J94
 94
{94
)94
@94
O94
<94
d94
]94
O94
094
[94
A94
B94
794
X94
_94
$94
594
!94
;94
[94
Z94
w94
I94
G94
V94
v94
=94
a94
e94
W94
.94
994
J94
:94
F94
a94
%94
B94
f94
l94
T94
.94
u94
Z94
]94
794
c94
A94
=94
a94
A94
U94
,94
$94
o94
<94
>94
A94
i94
b94
O94
)94
@94

94
q94
P94
194
794
o94
994
E94
394
y94
^94
v94
394
794
*94
+94
<94
P94
@94
W94
C94
=94
g94
y94
`94
J94
,94
B94
r94
094
a94
v94
V94
E94
^94
g94
@94
$94
_94
M94
I94
Y94
T94
*94
>94
Q94
Y94
T94
v94
&94
394
L94

94
994
.94
?94
P94
;94
794
:94
?94
q94
f94
s94
W94
_94
#94
?94
a94
094
!94
p94
k94
y94
(94
?94
y94
T94
?94
f94
*94
%94
*94
J94
494
i94
G94
\94
,94
'94
&94
D94
<94
)94
a94
G94
W94
h94
394
S94
g94
i94
k94
G94
o94
=94
K94
294
d94
394
094
r94
;94
994
<94
_94
g94
I94
{94
j94
A94
794
 94
894
O94
C94
(94
594
@94
(94
J94
394
!94
[94
)94
L94
194
]94
594
r94
B94
194
t94
r94
h94
D94
k94
E94
*94
C94

94
V94
k94
,94
]94
}94
^94
"94
N94
l94
>94
M94
-94
[94
O94
}94
F94
?94
\94
n94
%94
$94
w94
394
&94
-94
M94
(94
h94
;94
O94
*94
q94
M94
d94
 94
H94
K94
q94

94
O94
+94
/94
a94
f94
Y94
j94
"94
`94
P188
X94
?94
:94
$94
894
h94
&94
\94
p94
-94

94
O94
#94
{94
?94
694
$94
L94
q94
=94
Q94
m94
 94
494
q94
r94
t94
B94
$94
{94
H94
'94
@94
(94
y94
894
>94
W94
094
N94
n94
T94
 94
D94
*94
i94
c94
Y94
394
<94
+94
W94
s94
&94
#94
d94
D94
,94
g94
294
k94
Z94
n94
?94
`94
[94
694
794
"94
z94

94
_94
O94
[94
g94
t94
M94
[94
Q94
`94
a94
u94
m94
(94
*94
,94
P94
994
x94
(94
P94
}94
P94
^94
,94
/94
t94
r94
)94
P94
_94
g94
p94
J94
$94
Q94
n94
s94
`94
x94
394
R94
h94
&94
 94
@94
|94
<94
P94
k94
094
.94
y94
c94
A94
J94
c94
q94
S94
m94
=94
q94
n94
P94
u94
Z94
"94
494
*94
594
Z94
]94
p94
D94
&94
X94
594
@94
<94
M94
894
_94
V94
B94
;94
U94
F94
R94
P94
894
+94
:94
(94
V94
j94
D94
O94
V94
C94
*94
v94
$94
I94
x94
O94
y94
+94
f94
894
o94
794
@94
d94
<94
h94
r94
C94
i94
x94
594
@94
>94
794
894
u94
,94
y94
J94
/94
l94
j94
U94
]94
t94
<94
c94
{94
:94
[94
094
H94
u94
R94
'94
(94
$94
C94
594
|94
s94
>94
k94
N94
B94
S94
a94
H94
{94
594

94
*94
N94
g94
K94
W94
594
g94
?94
b94
*94
394
C94
D94
n94
h94
894
Y94
U94
i94
Q94
894
[94
294
H94
q94
p94
V94
@94
V188
s94
E94
P94
x94
T94
k94
y94
(94
x94
Z94
m94
g94
a94
A94
q94
K94
|94
g94
R94
J94
994

94
U94
094
694
294
W94
A94
594
>94
E94
=94
}94
&94
794
c94
&94
?94
]94
a94
/94
594
w94
u94

94
-94
`94
w94
:94
>94
U94
B94
}94
P94
*94
R94
h94
#94
l94
U94
E94
z94
b94
f94
o94
]94
F94
x94
m94
&94
@94
294
R94
^94
I94
_94
a94
g94
w94
$94
*94
,94
l94
^94
a94
}94
?94
D94
>94
d94
y94
@94
$94
E94
j94
_94
&94
j94
w94
D94
V94
094
p94
V94
#94
X94
194
h94
[94
X94
p94
994
794
W94
}94
T94
S94
:94
<94
S94
s94
'94
t94
A94
W94
^94
894
L94
E94
 94
C94
W94
494
`94
'94
<94
c94
N94
X94
n94
694
a94
m94
>94
w94
Y94
C94
?94
\94
/94
Z94
(94
I94
L94
F94
W94
;94
e94
"94
v94
j94
u94
|94
k94
?94
r94
)94
w94
W94
D94
!94
_94
-94
u94
g94
)94
394
i94
_94
J94
]94
u94
#94
794
a94
#94
f94
]94
.94
N94
[94
{94
R94
-94
{94
994
u94
F94
{94
c94
,94
.94
M94
`94
B94
594
M94
{94
<94
o94
O94
G94
Z94
x94
194
G94
d94
&94
F94
y94
294
e94
P94
d94
[94
^94
#94
Z94
u94
U94
%94
994

94
K94
]94
\94
994
?94
}94
k94
K94
L94
\94
 94
n94
[94
f94
694
j94
?94
_94
C94
S94

94
+94
W94
*94
z94
(94
w94
}94
H94
p94
U94
Y94
j94
t94
V94
 94
u94
d94
 94
C94
q94
J94
=94
%94
.94
J94
{94
m94
H94
j94
n94
k94
M94
u94
I94
W94
w94
N94
L94
C94
]94
a94
-94
%94
e94
;94
a94
594
l94
_94
{94
X94
m94
W94
i94
994
!94
994
}94
K94
e94
z94
>94
f94
/94
x94
b94
|94
]94
k94
.94
[94
094
+94
r94
v94
Z94
*94
F94
i94
d94
W94
]94
!94
p94
*94
O94
494
694
294
Y94
094
N94
B94
b94
I94
#94
`94
,94
W94
-94
;94
B94
Q94
S94
)94
J94
U94
L94
094
_94
@94
v94
j94
s94
^94
%94
k94
F94
=94
n94
B94
794
l94
w94
 94
"94
694
`94
k94
<94
594
w94
R94
x94
z94
$94
W94
y94
@94
.94
_94
A94
_94
J94
594
!94
Z94

94
G94
D94
L94
C94
{94
-94
h94
b94
d94
.94
Z94
-94
d94
[94
H94
994
I94
W94
H94
994
B94
+94
B94
`94
x94
F94
m94
,94
A94
B94
c94
.94
-94
U94
O94
l94
L94
x94
*94
$94
M94
}94
n94
x94
a94
R94

94
R94
N94
094
&94
y188
v94
T94
K94
'94
[94
794
Z94
"94
#94
994
U94
V94
.94
Z94
A94
594
H94
s94
l94
d94
O94
g94
G94
$94
894
*94
<94
)94
N94
Z94
t94
C94
494
j94
094
D94
_94
n94
K94
E94

94
z94
n94
494
n94
K94
794
 94
394
p94
B94
G94
694
r94
d94
G94
`94
\94
k94
'94
N94
!94
H94
K94
x94
`94
m94
[94
e94
x94
|94
<94
794
R94
P94
H94

94
394
U94
E94
!94
y94
Q94
E94
/94
W94
h94
(94
q94
x94
,94
J94
<94
;94
<94
U94
F94
,94
H94
)94
]94
M94
]188
a94
q94
.94
y94
g94
394
o94
'94
e94
r94
O94
Q94
g94
Q94
}94
f94
M94
k94
"94
_94
094
394
(94
v94
F94
I94
?94
494
n94
094
>94

94
U94
194
z94
R94
i94
 94
g94
v94
C94
J94
694
594
(94
\94
 94
?94
h94
%94
g94
 94
B94
u94
l94
c94
094
F94
I94
D94
z94
}94
S94
694
t94
#94
=94
@94
O94
t94
394
]94
a94
g94
w94

94
@94
f94
q94
r94
A94
D94
I94
[94
O94
[94

94
Q94
l94
:94
S94
i94
)94
394
<94
a94
p94
{94
=94
k94
t94
k94
f94
994
094
w94
&94
S188
K94
<94
Y94
s94
E94
}94
394
n94
294
"94
T94
u94
P94
094
_94
y94
s94
A94
u94
Q94
.94
494
w94
?94
A94
[94
{94
'94
494
794
;94

94
q94
C94
M94
 188
794
A94
Q94

94
)94
s94
)94
[94
'94
.94
Y94
&94
@94
r94
)94
'94
w94
;94
#94
Z94
J94
:94
e94
u94
S94
U94
*94
g94
(94
d94
*94
a94
|94
H94
[94
|94
R94
^94
L94
a94
D94
s94
Q94
\94
094
v94
O94
x94
/94
J94
g94

94
x94
C94
u94
A94
s94
@94
A94
I94
c94
%94
@94
p94
c94
>94
%94
C94
p94
V94
G94
k94
(94
;94
c94
g94
[94
(94
Y94
894
k94
R94
194
<94
J94
g94
G94
D94
+94
|94
494
W94
b94
U94
=94
z94

94
J94
.94
X94
V94
f94
094
p94
(94
J94
K94
`94
e94
'94
N94
@94
T94
%94
r94
|94
}94
r94
&94
]94
m94
:94
+94
[94
q94
`94
_94
U94
X94
l94
@94
S94

94
A94
794
'94
b94
k94
c94
,94
&94
r94
m94
394
U94
M94
O94
a94
S94
-94
T94
 94
J94
,188
v94
z94
;94
094
A94
l94
>94
L94
\94
294
u94
R94
}94
g94
o94
'94
R94
J94
+94
Y94
Z94
{94
&94
G94
`94
^94
K94
!94
>94
j94
]94
%94
K94
 94
994
=94
-94
A94
D94
C188
U94
`94
_94
 94
r94
)94
>94
;94
P94
d94
:94
A94
>94
i94
"94
E94
G94
a94
!94
e94
M94
t94
j94
K94

94
r94
n94
j94
994
l94
!94
M94
/94
F94
q94
094
K94
Y94
`94
W94
_94
o94
M94
"94
%94
.94
T94
P94
M94
|94
N94
x94
^94
794
Z94
c94
L94
)94
@94
Y94
x94
:94
G94
L94
B94
m94
e94
@94
X94
o94
>94
]94
X94
/94
l94
g94
O94
@94

94
'94
-94
L94
994
d94
h94
c94
l94
;94
^94
x94
I94
c94
%94
?94
+94
J94
a94
994
b94
/94
_94
n94
894
}94
.94
D94
u94
H94
'94
@94
t94
a94
x94
794
U94
!94
t94
K94
,94
^94
194
c94
*94
{94
j94
894
+94
l94
n94
S94
`94
B94
#188
j94
094
d94
)94
494
Q94
_94
Z94
[94
*94
@94
894
#94
?94
m94
"94
J94
k94
_94
G94
{94
w94

94
X94
>94
g94
994
N94
`94
V94
a94

94
s94
k94
x94
`94
K94
m94
u94
|94
d94
194
E94
[94
z94
s94
*94
[94
\94
^94

94
u94
r94
694
S94
 94
@94
u94
-94
y94
R94
u94
$94
y94
T94
s94
C94
O94
u94
x94
y94
.94
394
d94
<94
j94
G94
h94
F94
|94
H94
h94
a94
R94
#94
!94
g94
V94
?94
O94
N94
>94
(94
[94
194
G94
$94
|94
r94
=94
F94
P94
-94
H94
i94
q94
594
D94
d94
F94
A94
^94
u94
 94
q94
-94
u94
\94
294
494
_94
E94
_94
[94
A94
x94
?94
g94
(94
%94
g94
m94
"94
s94
.94
b94
X94
d94
994
C94
|188
e94
f94

94
o94
)94
E94
n94
(94
^94
'94
!94
794
594
q94
m94
l94
C94
'94
<94
{94
594
h94
I94
>94
F94
c94
z94
;94
H94
w94
"94
B94
g94
_94
y94
7188
b94
|94
w94
=94
d94
v94
z94
&94
r94
]94
\94
^94
%94
M94
\94
D94
|94
294
J94
[94
*94
994
.94
Q94
J94
k94
U94
\94
l94
=94
g94
I94
S94
.94
J94
,94
C94
v94
`94
k94
 94
K94
!94
I94
A94
l94
A94
"94
294
|94
!94
@94
K94
,94
 94
|94
k94
s94
O94
d94
k94
c94
Y94
y94
C94
L94
h188
D94
&94
,94
v94
M94
>94
I94
(94
.94
|94
N94
 94
A94
"94
r94
\94
394
W94
U94
494
S94
'94
l94
+94
O94
#94
F94
h94
r94
m94
394
g94
z94
494
694
X94
n94
[94
794
]94
q94
=94
k94
R94
o94
t94
b94
%94
I94
N94
C94
%94
D94
f94
594
694
C94
z94
B94
I94
k94
@94
894
R94
G94
794
094
>94
a94
A94
<94
B94
{94
H94
594
e94
P94
m94
^94
l94
894
t94
$94
q94
v94
!94
}94
$94
694
}94
)94
'94
994
k94
A94
w94
_94
N94
094
C94
L94
394
594
(94
b94
r94
{94
D94
G94
d94
:94
t94
c94
[94
F94
m94
x94
.94
,94
894
A94
794
a94
_94
^94
]94
\94
,94
g94
@94
H94
894
S94
<94
(94
h94
O94
)94
894
194
:94
y94
x94
994
#94
`94
*94
Z94
+94
E94
c94
N94
\94
C94
W94
[94
k94
i94
194
X94
D94
)94
K94
O94
%94
,94
v94
=94
>94
X94
D94
994
R94
K94
X94
t94
094
294
s94
594
C94
094
<94
294
f94
e94
#94
i94
%94
-94
=94
>94
`94
C94
L94
d94
-94
Y94
;94
794
f94
_94
|94
W94
f94
Q94
}94
U94
F94
'94
Y94
_94
a94
Q94
d94
'94
]94
$94
c94
I94
*94
[94
n94
P94
T94
k94
>94
h94
794
f94
n94
`94
g94
a94
]94
n94
d94
B94
_94
x94
t94
G94
I94
,94
V94
394
h94
194
R94
m94
y94
?94
"94
q94
!94
?94
>94
594
d94
m94
A94
R94
L94
M94
G94
v94
^94

94
A94
V94
R94
{94
s94
=94
`94
V94
j94
t94
)94
(94
^94
A94
594
C94
094
h94
Q94
=94
q94
%94
g94
O94
f94
!94
394
J94
E94
,94
894
Y94
!94
Q94
Y94
X94
$94
)94
694
c94
O94
E94
y94
Z94
}94
a94
p94
G94
N94
=94
R94
%94
=94
U94
+94
j94
z94
/94
(94
F94
^94
[94
N94
H94
W94
N94
o94
T94
&94
s94
D94
O94
e94
W94
^94
g94
.94
r94
}94
994
z94
b94
<94
#94
-94
+94
E94
k94
i94
m94
k94
_94
n94
u94
o94
N94
r94
u94
P94
n94
W94
Y94
}94
I94
l94
694
b94
k94
d94
394
194
/94
>94
y94
A94
I94
;94
r94
 94
U94
E94
F94
994
v94
Q94
394
x94
&94
E94
V94
H94
c94
d94
F94
"94
D94
)94
-94
Z94
294
k94
594
,94
N94
?94
]94
B94
%94
c94
r94
I94
V94
b94
094
>94
I94
*94
w94
i94
L94
,94
I94
-94
d94
Z94
`94
+94
}94
?94
894
w94
k94
394
t94
%94
u94
 94
I94
x94
w94
n94
J94
s94
]94
+94
(94
P94
B94
o94
;188
&94
y94
s94
C94
D94
?94
!94
n94
J94
:94
Y94
494
?94
(94
B94
f94
594
c94
/94
o94
q94
E94
|94
J94
/94
O94
D94
594
W94
J94
>94
z94
{94
Z94
t94
s94
`94
]94
l94
k94
F94
m94
c94
n94
;94
|94
g94
R94
O94
/94
[94
G94
t94
'94
E94
-94
/94
d94
S94
!94
S94
-94
"94
-94
C94
;94
@94
E94
=94
 94
Y94
R94
r94
l94
o94
f94
L94
e94
f94
w94
p94
$94
|94
+94
%94
g94
194
h94
B94
q94
L94
:94
G94
j94
#94
|188
+94
A94
Q94
:94
'94
194
P94
*94
}94
K94
794
p94
^94
u94
F94
u94
=94
V94
A94
;94
?94
Y94
*94
m94
z94
094
G94
894
d94
X94
 94
=94
A94
I94
P94
w94
094

94
B94
w94
f94
N94
R94
W94
_94
094
l94
B94

94
`94
"94
S94
a94
<94
,94
L94
k94
X94
-94
{94
/94
594
!94
V94
994
T94
;94
894
*94
e94
>94
094
q94
!94
c94
S94
t94
P94
>94
]94
d94
K94
;94
694
d94
;94
\94
 94
P94
v94
)94
794
z94
K94
s94
O94
i94
w94
S94
V94
^94
"94
B94
[94
 94
^94
=94
^94
Z94
E94
S94
b94
 94
F94
^94
f94
b94
x94
e94
'94
"94
l94
"94
]94
#94
q94
J94
]94
`94
%94
s94
S94
B94
b94
P94
594
`94
Z94
?94
j94
k94
X94
r94
`94
Z94
[94
v94
C94
j94
<94
^94
g94
R94
'94
=94
q94
294
V94
$94
S94
}94
294
994
^94
T94
<94
t94
L94
-94
O94
t94
-94
{94
N94
R94
x94
d94
?94
B94
l94
<94
R94
Q94
N94
I94
V94
_94
?94
R94
V94
M94
O94
W94
v94
894
F94
N94
094
(94
Q94
O94
j94
x94
794
"94
 94

94
=94
V94

94
b94
Z94
?94
W94
R94
#94
&94
S94
I94
Q94
Z94
w94
/94
D94
:94
H94
B94
K94
U94
l94
h94
P94
O188
094
/94
$94
\94
|94
<94
n94
*94
;94
`94
794
I94
i94
-94
:94
C94
894
V188
f94
|94
K94
694
+94
x94
094
T94
694
C94
+94
u94
o94
m94
{94
y94
.94
R94
494
t94
T94
;94
g94
G94
N94
y94
494
.94
F94
q94
=94
494
:94
H188
894
#94
894
T94
`94
'94
\94
}94
694
+94
J94
`94
p94
e94
%94
:94
@94
/94
[94
C94
=94
S94
K94
R94
J94
^94
n94
o94
e94
f94
894
*94
494
?94
h94
u94
394
u94
G94
194
594
@94
Z94
+94
K94
_94
M94
^94
]94
494
<94
^94
$94
X94
p94
|94
R94
694
N94
]94
:94
B94
U94
k94
*94
M94
#94
D94
I94
W94
094
)188
"94
x94
K94
694
O94
R94
<94
;94
994
P94
\94
p94
894
[94
M94
#94
_94
g94
B94
594
x94
!94
f94
Z94
 94
;94
<94
?94
,94
S94
g94
P94
$94
494
a94
o94
{94
t94
994
M94
}94
o94
I94
V94
X94
\94
C94
 94
C94
M94
-94
R94
794
O94
K94
.94
K94
$94
F188
994
U94
)94
O94
r94
m94
^94
(94
&94
v94
<94
[94
;94
P94
(94
194
T94
-94
`94
b94
}94
U94
H94
(94
"94
n94
J94
394
N188
M94
i94
g94
,94
f94
A94
P94
494
`94
?94
+94
j94
[94
t94
d94
694
j94
:94
294
u94
?94
|94
P94
!94
:94
o94
594
V94
J94
w94
(94
z94
994
'94
C94
s94
:94
'94
d94
r94
Z94
p94
[94
C94
s94
O94
>94
(94
d94
/94
G94
A94
J94
!94
^94
G94
-94
394
)94
+94
Q94
*94
m94
W94
^94
}94
A94
e94
194
?94
/94
094
k94
I94
r94
&94
X94
V94
d94

94
E94
>94
z94
F94
z94
r94
H94
{94
t94
j94
P94
S94
a94
w94
594
%94
J94
394
D94
=94
|94
V94
X94
*94
w94
v94
C94
^94
.94
%94
q94
N94
m94
y94
W94
]94
"94
S94
u94
|94
/94
m94
>94
N94
$94
X94
h94
(94
)94
l94
v94
{94
p94
|94
594
|94
{94
?94
+94
J94
094
j94
:94
q94
I94
z94
P94
Y94
-94
h94
n94
!94
W94
 94
094
/94
G188
C94
394
^94
&94
t94
[94
?94
P94
E94
Y94
494
o94
Y94
e94
E94
694
-94
Y94
p94
194
Z94
q188
394
S94
j94
494
-94
L94
x94
694
d94
v94
794
w94
\94
M94
K94
)94
`94
-94
=94
d94
^94
b94
=94
:94
K94
\94
?94
b94
%94
B94
Q94
_94
v94
k94
Z94
694
U94
G94
h94
194
q94
u94
\188
T94
a94
y94
'94
[94
n94
g94
S94
u94
894
Y94
d94

94
B94
z94
U94
z94
(94
e94
G94
w94
D94
;94
T188
j94
>94
<94
&94
c94
@94
m94
H94
R94
r94
w94
Z94
m94
&94
f94
Q94
g94
$94
O94
*94
794
p94
X94
K94
x94
694
:94
X94
g94
G94
C94
(94
#94
/94
p94
e94
V94
o94
,94
.94
b94
_94
(94
_94
{94
)94
D94
a94
|94
"94
n94
S94
"94

94
H94
V94
>94
M94
Q94
>94
:94

94
h94
x94
L94
K94
u94
;94
794
n94
D94
/94
i94
a94
b94
h94
k94
i94
o94
X94
]94
"94
$94
v94
^94
m94
Q94
|94
e94
/94
\94
A94
n94
R94
a94
F94
^94
q94
W94
v94
(94
094
"94
'94
&94
V94
894
T94
894
Y94
=94
n94
}94
 94
v94
#94
I94
!94
k94
/94
"94
/94
>94
;94
s94
U94
g94
^94
(94
{94
=94
e94
H94
i94
E94
N94
Q94
n94
794
E94
C94
P94

94
t94
J94
Q94
<94
I94
G94
"94
*94
e94
I94
j94
;94
-94
894
>94
H94
O94
&94
<94
^94
)94
p94
u94
994
*94
G94
+94
%94
n94
}94
.94
,94
Q94
|94
n94
G94
T94
.94
f94
P94
H94
R94
!94
&94
<94
T94
A94
g94
894
}94
T94
694
y94
.94
794
694
E94
I94
794
O94
h94
X94
I94
$94
G94
694
)94
?94
N94
W94
S94

94
f94
;94
O94
`94
Q94
T94
E94

94
K94
g94
L94
o94
&94
394
H94
C94
-94
O94
N94
a94
'94
q94
{94
Q94
K94
M94
I94
A94
`94
,94
 94
{94
f94
094
294
'94
^94
)94
O94
;94
X94
%94
W94
|94
g94
B94
M94
;94
v94
'94
+94
c94
M94
/94
}94
h94
(94
294
#94
C94
o188
694
'94
794
H94
|94
<94
/94
A94
694
J94
m94
+94
294
i94
"94
g94
f94
t94
i94
 94
!94
"94
$94
<94
&94
E94
H94
$94
Y94
\94
`94
K94
k94
X94
!94
E94
f94
B94
 94
z94
m94
?94
B94
x94
+94
994
?94
)94
/94
z94
Z94
(94
L94
'94
<94
:94
294
894
@94
W94
k94
`94
w94

94
W94
#94
s94
G94
e94
a94
294
g94
G94
W94
u94
p94
b94
R94
A94
"94
a94
s94
a94
694
=94
,94
R94
{94
a94
\94
p94
i94
Q94
794
=94
,94
f94
{94
|94
[94
+94
q94
<94
-94
_94
794
i94

94
U94
<94
/94
#94
d94
q94
J94
}94
A94
@94
R94
V94
Z94
#94
694
G94
O94
]94
294
+94
f94
H94
W94
b94
O94
]94
v94
[94
S94
694
$94
?94
l94
p94

94
a94
I94
094
>94
@94
}94
.94
-94
[94
e94
j94
)94
O94
!94

94
R94
m94
U94
094
C94
+94
294
L94
H94
a94

94
594
>94

94
t94
l94
H94
A94
094
Q94
`94
F94
}94
{94
L94
e94
o94
z94
g94
q94
,94
S94
!94
Z94
k94
J94
094
>94
594
'94
`94
T94
R94
D94
994
F94
B94
T94
;94
&94
794
b188
W94
]94
394
994
Z94
{94
!94

94
594
x94
A94
D94
#94
D94
$94
S94
C94
Q94
R94
294
X94
794
R94
(94
d94
y94
q94
a94
"94
[94
V94
}94
&94
l94
J94
M94
*94
H94
:94
894
h94
Y94
!94
D94
694
*94
a94
x94
_94
E94
y94
p188
#94
{94
Z94
>94
h94
Q94
\94
t94
I94
:94
b94
?94
p94
*94
%94
x94
S94
k94
{94
+94
o94
Y94
c94
r94
O94
H94
494
(94
C94
n94
<94
|94
$94
T94
o94
X94
O94
H94
e94
Y94
w94
>94
E94
m94
%94
!94
K94
r94
_94
294
+94
g94
Q94
V94
x94
[94
X94
Q94
%94
Y94
"94
q94
L94
-94
294
V94
P94
:94
g94
w94
E94
s94
094
q94
494
!94
W94
"94
l94
B94
q94
D94
o94
494
Z94
n94
/94
P94
l94
d94
@94
x94
(94
j94
v94
694
D94
T94
Y94
T94
!94
V94
m94
c94
@94
294
}94
394
X94
294
J94
b94
K94
-94
,94
Z94
_188
b94
&94
p94
h94
/94
 94
]94
 94
H94
d94
,94
>94
K94
F94
\94
a94
\94
_94
A94
V94
494
b94
p94
j94
}94
j94
=94
/94
_94
^94
694
F94
?94
&94
%94
V94
{188
N94
]94
H94
A94
794
y94
j94
g94
u94
%94
$94
M94
%94
#94
694
I94
a94
@94
,94
:94
\94
O94
a94
<94
T94
>94
l94
A94
b94
x94
l94
t94
W94
c94
"94
G94
f94
U94
\94
p94
v94
F94
v94
p94
c94
894
494
}94
x94
A94
p94
{94
Y94
T94
R94
u94
s94
h94
"94
k94
994
294
194
e94
c94
E94
B94
5188
Y94
"94
=94
294
u94
!94
694
l94
_94
v94
994
M94
b94
994
 94
/94
=94
q94
394
s94
\94
b94
A94
p94
<94
E94
I94
M94
h94
K94
k94
b94
,94
494
h94
<94
}94
594
@94
994
e94
Y94
"94
H94
_94
*94
,94
/94
g94
j94
\94
{94
@94
H94
A94
T94
=94
B94
]94
?94
&94
+94
x94
J94
294
u94
Q94
^94
d94
C94
L94
`94
f94
\94
Y94
{94
e94
c94
{94
.94
,94
T94
A94
394
a94
F94
V94
I94
?94
+94
&94
@94
>94
y94
[94
y94
x94
v94
r94
H94
`94
194
894
Y94
,94
r94
f94
e94
h94
394
194
!94
094
O94
F94
.94
Z94
!94
B94
p94
!94
c94
994
c94
394
P94
>94
:94
i94
594
*94
u94
z94
l94
D94
T94
L94
Y94
}94
k94
f94
 94
'94
t94
_94
}94
.94
A94
Y94
J94
(94
q94
z94
b94
y94
o94
;94
J94
N94
u94
%94
p94
W94
Z94
w94
i94
994
<94
:94
D94
(94
T94
{94
:94
j94
C94
n94
W94
594
V94
(94
R94
B94
<94
,94
[94
X94
J94
b94
C94
%94
x94
 94
$94
(94
'94
U94
294
q94
E94
094
!94
C94
?94
s94
R94
I94
j94
L94
;94
C94
p94
a94
!94
i94
`94
 94
394
794
X94
094
w94
Y94
N94
-94
%94
694
e94
$94
%94
c94
294
Y94
394
.94
U94
894
294
D94
C94
+94
194
)94
e94
U94
K94
$94
\94
A94
594
h94
294
694
;94
}94
`94
,94
194
G94
:94
_94
S94
\94
'94
N94
u94
f94
H94
Y94
794
V94
L94
.94
b94
n94
/94
f94
S94
-94
M94
'94
u94
{94
 94
a94
w94
A94
^94
l94
j94
694
K94
.94
@94
,94
A94
L94
494
`94
j94
q94
^94
&94
994
$94
p94
l94
O94
k94
(94
^94
f94
-94
C94
<94
 94
U94
e94
!94
]94
'94
794
E94
`94
j94
k94
N94
n94
^94
{94
]94
`94
u94
%94
!94
594
>94
M94
?94
J94
t94
%94
(94
P94
[94
(94
]94
i94
<94
h94
$94
&94
T94
294
-94
/94
a94
o94
_94
o188
M94
 94
Q94
z94
J94
N94
U94
894
E94
{94
294
_94
694
-94
r94
D94
'94
\94
l94
K94
194
&94
g94
n94
y94
K94
{94
794
'94
K94
E94
!94
Y94
o94
v94
n94
J94
L94
v94
;94
I94

94
,94
Q94
{94
494
394
A94
/94
Z94
N94
O94
F94
*94
694
m94
294
\94
I94
v94
`94
R94
d94
994
594
g94
]94
#94
d94
394
;94
094
m94
C94
Q94
k94
794
I94
c94
K94
]94
U94
-94
N94
J94
?94
}94
M94
L94
E94
z94
=94

94
694
!94
394
%94
/94
}94
k94
u94
|94
,94
394
Z94
g94
\94
;94
a94
J94
k94
j94
.94
O94
!94
G188
R94
<94
}94
794
z94
U94
694
H94
w94
K94
t94
g94
J94
t94
X94
`94
i94
Z94
;94
"94
094
R94
L94
)94
H94
+94
i94
m94
)94
z94
p94
#94
Y94
A94
;94
094
?94
A94
494
n94
/94
$94
!94
o94
{94
Z94
=94
)94

94
b94
%94

94
094
%94
D94
b94
E94
H94
w94
j94
_94
^94
"94
K94
!94
,94
E94
A94
/94
E94
094
594
M94
\94
H94
a94
q94
"94
n94
k94
194
W94
V94
j94
/94
w94
N94
/94
X94
E94
L94
<94
u94
o94
*94
+94
O94
494
m94
o94
d94
*94
o94
l94
K94
k94
y94
 94
f94
J94
M94
'94
%94
b94
#94
K94
!94
394
Q94
#94
,94
d94
o94
l94
i94
%94
+94
b94
,94
994
g94
*94
'94
_94
E94
#94
|94
N94
O94
J94
094
K94
/94
294
M94
&94
`94
>94
z94
994
V94
>94
;94
S94
p94
y94
>94
L94
p94
l94
N94
g94
|94
I94
494
{94
v94
;94
l94
S94
k94
)94
A94
B94
m94
d94
794
894
t94
M94
r94
B94
794
=94
c94
894
!94
F94

94
p94
Q94
c94
R94
C94
=94
I94
,94
K94
494
P94
*94
O94
M94
594
|94
F94
r94
>94
794
#94
j94
D94
_94
u94
$94
|94
k94
J94
^94
G94
X94
,94
H94
-94
o94
i188
x94
'94
n94
W94
H94
l94
/94
494
P94
m94
q94
 94
z94
B94
X94
B94
)94
H94
R94
o94
{94
a94
{94
194
A94
294
k94
U94
294
{94

94
;94
(94
X94
Q94
!94
>94
794
-94
#94
:94
|94
*94
x94
V94
|94
994
k94
294
F94
d94

94
I94
"94
l94
;94
V94
y94
N94
>94
-94
*94
394
_94
z94
H94
{94
t94
194
{94
b94
t94
(94
494
u94
P94
i94
B94
D94
+94
p94
|94
q94
@94
;94
V94
694
 94
l94
294
]94
\94
194
X94
o94
P94
@94
z94
!94
w94
=94
F94
d94
o94
Q94
x94
 94
c94
*94
U94
"94
 94
A94
494
A94
L94
Q94
294
g94
"94
C94
(94
&94
794
W94
u94
294
M94
o94
I94
`94
r94
s94
"94
Z94
N94
k94
w94
)94
494
+94
G94
t94
q94
x94
p94
I94
O94
;94
)94
c94
O94
.94
394
^94
O94
]94
"94
,94
}94
594
v94
%94
k94
994
A94
$94
^94
B94
s94
'94
n94
094
K94
O94
094
G94
094
s94
%94
'94
-94
z94
{94
@94
V94
w94
T94
^94
w94
194
794
p94
394
e94
294
Z94
?94
t94
N94
U94
i188
P94
g94
T94
&94
F94
D94
594
094
794
J94
d94
R94

94
p94
?94
p94
t94
S94
794
e94
C94
?94
I94
Z94
@188
q94
O94
t94
`94
C94
P94
>94
$94
f94
s94
$94
d94
g94
I94
(94
)94
&94
a94
"94
>94
G94
W94
=94
\94
m94
z94
A94
%94
194
t94
?94
D94
v94
994
i94
z94
>94
994
Q94
794
W94
H94
S94
 94
L94
&94
@94
r94
H94
#94
G94
394
{94
#94
{94
_94
 94
694
'94
T94
I94
t94
394
L94
n94
,94
s94
c94
;94
,94
x94
D94
694
?94
i94
A188
?94
:94
*94
`188
Z94
S94
o94
/94
+94
&94
L94
U94
894
y94
'94
094
t94
v94
r94
094
t94
z94
e94
j94
P94
_94
x94
`94
f94
c94
P94

94
x94
:94
I94
*94
{94
h94
G94
F94
>94
%94
a94
g94
W94
\94
k94
:94
G94
694
|94
t94
=94
H94
R94
)94
M94
+94
y94
:94
B94
<94
q94
694
#94
b94
O94
R94
d94
*94
b94
l94
`94
q94
@94
s94
394
.94
I94
.94
G94
E94
d94
394
o94
n94
j94
t94
^94
W94
 94
494
M94
294
%94
v94
194
c94
|94
v94
994
c94
$94
,94
$94
w94
094
/94
094
j94
p94
994
C94
994
+94
z94
Y94
>94
D94
p94
"94
094
994
)94
C94
e94
K94
k94
u94
W94
S94
<94
w94
b94
m94
!94
k94
Q94
+94
)94
-94
Q94
(94
W94
M94
094
:94
R94
l94
394
|94
;94
G94
^94
594
x94
&94
a94
M94
g94
:94
T94
Q94
R94
E94
T94
Q94
S94
H188
b94
o94
E94
|94

94
w94
Z94
a94
294
d94
e94
F94
:94
]94
m94
Z94
/94
 94
j94
k94
<94
r94
-94
m94
>94
594
h94
>94
M94
\94
 94
)94
,94
R94
^94
094
h94
|94
=94
_94
W94
+94
s94
h94
{94
=94
X94
H94
W94
[94
i94
z94
@94
]94
L94
{94
r94
P94
/94
V94
/94
-94
594
?94
}94
R94
<94
[94
694
t94
L94
=94
I94
`94
>94
(94
>94
894
T94
_94
a94
F188
J94
>94
/94
+94
&94
<94
|94
594
;94
L94
N94

94
$94
{94
m94
994
P94
}94
^94
_94
q94
a94
r94
!94
B94
i94
o94
x94
L94
a94
o94
l94
.94
&94
x94
K94
E94
294
W94
y94
#94

94
g94
i94
294

94
'94
594
.94
f94
d94
E94
*94
[94
J94
394
594
d94
g94
s94
594
794
Z94
 94
;94
"94
b94
a94
G94
V94
e94
W94
694
x94
Z94
)94
794
+94
Y94

94
+94
Q94
#94
E94
h94
994
[94
p94
094
\94
194
;94
>94
q94
194
b94
t94
 94
494
l94
T94
!94
y94
R94
@94
O94
k94
f94
Z94
^94
<94
O94
e94
'94
f94
;94
S94
O94
v94
'94
.188
594
o94
v94
I94
$94
{94
p94
"94
394
`94
394
M94
C94
G94
(94
094
)94
B94
T94
e94
q94
%94
094
d94
i94
794
_94
+94
Z94
U94
T94
N94
A94
!94
^94
P94
794
|94
_94
W94
r94
w94
:94
y94
O94
 94
i94
S94
994
194
"94
m94
b94
H94
394
M94
?94
n94
594
*94
%94
X94
094
C94
Z94
K94
'94
q94
!94
I94
T94
N94
[94
W94
694
h94
P94
994
b94
e94
c94
i94
/94
C94
R94
z94
S94
R94
F94
J94
<94
|94
c94
I94
R94
w94
C94
/94
G94
D94
w94
y94
M94
}94
D94
%94
G94
m188
D94
i94
:94
194
l94
{94
K94
i94
^94
]94
V94
v94
R94
w94
m94
,94
S94
)94
h94
d94
A94
e94
Y94
I94
$94
W94
r94
y94
s94
094
n94
:94
K94
'94
r94
W94
<94
i94
m94
d94
m94
^188
994
b94
i94
G94
;94
b94
c94
C94
q94
B94
A94
494
/94
T94
z94
\94
%94
[94
.94
H94
C94
t94
Q94
794
U188
?94
J94
s94
_94
"94
R94
c94
b94
^94
r94
S94
X94
,94
h94
j94
(94
q94
C94
r94

94
=94
V94
c188
z94

94
<94
p94
i94
K94
 94
094
D94
/94
f94
c94
A94
+94
r94
494
t94
u94
t94
_94
b94
E94
:94
y94
J94
j94
694
[94
.94
z94
{94
]94
D94
L94
.94
@94
_94
I94
n94
<94
e94
`94
k94
a94
/94
m94
u94
r94
294
s94
'94
L94
w94
;94
O94
{94
<94
Z94
w94
a94
094
'94
c94
}94
k94
Z94
o94
Z94
e94
r94
p94
A94
294
094
n94
^94
p94
v94
/94
:188
t94
c94
{94
E94
994
Y94
N94
T94
8188
f94
;94
i94
194
c94
r94
194
U94
'94
=94
R94
f94
t94
+94
\94
V94
<94
r94
994
\94
[94
+94
(94
Q94
)94

94
r94
q94
Y94
o94
x94
.94
q94
^94
U94
q94
O94
394
994
Z94
Y94
O94
Q94
)94
T94
h94
%94
f94
K94
494
y94
m94
Y94
*94
?94
294
=94
P94
c94
?94
W94
t94
]94
G94
i94
J94
{94
A94
h94
N94
|94
z94
(94
|94
w94
C94
l94
h94
m94
?94
194
z94
?94
M94
194
h94
b94
m94
{94
S94
r94
H94
E94
K94
294
N94
l94
094
]94
l94
(94
k94
v94
d94
n94
294
A94
"94
B94
*94
r94
b94
 94
^94
294
+94
W94
T94
;94
s94
>94
p94
m94
n94
O94
a94

94
)94
U94
M94
{94
V94
594
j94
]94
M94
S94
694
o94
f94
394
@94
?94
=94
L94
,94
B94
j94
&94
#94
f94
G94
B94
L94
*94
e94
Y94
v94
694
$94
h94
294
R94
j94
c94
G94
`94
)94
i94
k94
{94
A94
`94
N94
g94
W94
