A29
129
?29
g29
c29
829
@29
D29
F29
(29
]29
p29
H29
329
!29
P29
 29
J29
\29
b58
k29
a29
U29
#29
P29
a29
g29
#29
m29
^29
Y29
"29
S29
729
>29
O29
q29
a29
`29
{29
Q58
O29
*29
H29
a29
.29
+29
C29
p29
c29
N29
_29
d29
729
l29
%29
L29
n29
,29
w29
`29
129
N29
K29
-29
T29
E29
"29
Z29
629
.29
`29
j29
h29
D29
%29
V29
429
R29
E29
D29
l29

29
}29
s29
%29
029
+29
k29
=29
229
P29
h29
G29
Q29
e29
629
m29
|29
:29
229
329
o29
629
Y29
\29
+29
i29
F29
(29
"29
H29
@29
I29
{29
y29
c29
#29
G29
n29
829
=29
*29
 29
'29
D29
=29
\29
"29
W29
C29
L29
z29
229
/29
j29
_29
729
w29
P29
S29
T29
729
'29
O29
]29
d29
]29
x29
t29
L29
u29
029
S29
729
=29
E29
q29

29
\29
o29

29
e29
.29
M29
q29
A29
z29
n29
I29
X58
%29
J29
y29
m29
C29
(29
+29
:29
O29
H29
\29
^29
;29
E29
'29
g29
A29
c29
-29
K29
d29
#29
G29
m29

29
529
329
W29
)29
|29
%29
L29
129
F29
_29
S29
U29
L29
o29
W29
B29
&29
!29
o29
T29
A29
129
O29
g29
S29
"29
^29
b29
,29
J29
=29
P29
I29
*29
A29
o29
f29
/29
f29
029
N29
G29
F29
429
o29
(29
{29
a29
U29
v29
a29
"29
L29
c29
]29
r29
G29
Z29
y29
;29
d29
o29
`29
Q29
{29
X29
>29
Q29
`29
m29
^29
I29
o29
;29
+29
*29
529
(29
?29
J29
P29
W29
w29
C29
u29
b29
@29
829
729
A29
i29
S29
r29
"29
729
L29
m29
r29
m29
J29
<29
c29
"29
?29

29
629
Q29
/29
e29
h29
.29
i29
t29
:29
D29
V29
Q29
m29
f29
v29
Q29
D29
<29
G29
A29
`29
G29
Q29
t29
(29
C29

29
u29
l29

29
Q29
)29
j29
_29
B29
>29
I29
=29
[29
s29
_29
W29
!29
R29
N29
%29
929
p29
P29
729
!29
]29
d29
129
u29
]29
{29
e29
]29
z29
v29
c29
Y29
S29
,29
[29
X29
629
'29
v29
|58
m29
}29

29
729
D29
z29
{29
x29
@29
_29
H29
T29
,29
(29
J29
$29
N29
T29
l29
(29
E29
C29
I29
K29
m29
"29
}29
h29
929
'29
W29
m29
r29
^29
}29
o29
(29
*29
M29
w29
!29
^29
+29

29
?29
:58
c29
529
g29
o29
Z29
f29
h29
R29
V29
B29
 29
#29
s29
&29
y29
m29
P29
w58
j29
(29
L29
i29
329
b29
X29
^29
=29
129
E29
D29
k29
|29
h29
(29
M29
G29
k29
f29
v29
M29
}29
m29
729
p29
R29
S29
'29
029
.29
Q29
,29
X29
529
.29
R29
T29
,29
.29
Q29
.29
g29
229
?29
P29
s29
,29
 29
829
 29
f29
429
e29
929
h29
?29
@29
/29

29
C29
_29
K29
.29
 29
>29
-29
L29
I29
o29
@29
p58
q29
\29
x29
g29
;29
F29
B29
_29
y29
H29
^29
029
J29
529
d29
o29
y29
T29
v29
M29
)29
O29
-29
B29
L29
;29
)29
Q29
^29
R29
E29
%29
529
b29
u29
K29
;29
o29
e29
329
O29
l29
.29
*29
z29
R29
o29
`29
C29
^29
429
 29
=29
R29
129
o29
<29
329
.29
K29
.29
k29
!29
e29
129
629
/29
u29
k29
z29
l29
E29
r29
i29
b29
329
@29
#29
429
v29
J29
,29
\29
[29
629
W29
R29
|29
k29
*29
>29
G29
<29
#29
U29
j29
R29
z29
+29
N29
|29
J29
329
g29
c29
o29
y29
&29
+29
l29
n29
:29
D29
u29
p29
z29
r29
(29
=29
529
429
/29
\29
J29
`29
&29
U29
Q29
%29
W29
o29
p29
(29
`29
F29
X29
B29
)29
j29
T29
|29
t29

29
$29
!29
:29
x29
t29
o29
'29
j29
g29
]29
R29
329
Z29
629
N29
G29
W29
829
O29
-29
q29
o29
K29
W29
x29
G29
(29
A29
W29
929
=29
c29
g29
Q29
g29
o29
a29
>29
x29
>29
_29
A29
N29
S29
&29
-29
}29
.29
b29
R29
129
029
429
X29
m29
)29
f29
y29
$29
E29
s29
S29
H29
x29
s29
@29
d29
w29
V29
A29
a29
e29
/29
p29
E29
N29
V29
)29
>29
T29
t29
329
Q29
M29
W29
(29
x29
&29
E29
729
i29
M29
 29
929
@29
129
l29
z29
}29
f29
+29
u29
$29
^29
_29
f29
_29
L29
:29
G29
?29
\29
129
u29
629
M29
i29
O29
x29
[29
r29
O29
K29
Y29

29
(29
/29
Z29
}29
]29
:29
G29
R29
o29
J29
$29
)29
629
429
f29
i29
+29
929
>29
Q29
^29
/29
H29
E29
529
o29
#29
l29
C29
&29
k29
629
&29
929
029
629
029
N29
j29
Z29
|29
$29
,29
y29
i29
u29
w29
;29
M29
T29
E29

29
`29
h29
j29
x29
N29
e29
,29
z29
[29
@29
V29
t29
P29
S29
-29
C29
q29
S29

29
$29
429
L29
O29
}29
r29
S29

29
129
J29
F29
&29
w29
j29
R29
|29
'29
?29
h29
]29
W29
E29
j29
R29
o29
y29
N29
o29
A29
|29
_29
D29
h29
!29
w29
929
p29
%29
}29
'29
^29
A29
-29
G29
Y29
V29
629
A29
H29
<58
H29
m29
,29
a29
]29
W29
029
-29
`29
D29
r29
C29
D29
429
Y29
f29
{29
Z29
N29
Y29
j29
P29
\29
,29
w29
X29
.29
B29
l29
529
m29
n29
^29
o29
=29
'29
/29
&29
^29
)29
W29
K29
 29
j29
M29
A29
@29
*29
729
P29
;29
i29
-29
O29
*29
829
|29
529
*29
J29
029
v29
H29
829
p29
<29
I29
029
129
`29
V29
g29
S29
Y29
-29
d29
?29
H29
)29
b29
h29
<29
*29
w29
_29
k29
f29
q29
j29
t29
;29
I29
U29
 29
c29
`29
"29
429
d29
>29
K29
:29
'29
]29
p29
V29
629
V29
)29
n29
\29
}29
;29
U29
/29
_29
<29
n29
v29
H29
029
:29
<29
Q29
W29
=29
029
R29
e29
S29
F29
}29
,29
@29
A29
j29
.29
s29
I29
[29
729
`29
|29
$29
%29
m29
429
O29
(29
^29
V29
A29
)29
_29
@29
029
h29
?29
v29
229
a29
929
m29
{29
K29
L29
V29
b29
%29
b29
T29
l29
?29
n29
829
W29
O29
 58
L29
Q29
g29
E29
p29
V29
329
)29
329
@29
Q29
v29
]29
x29
%29
o58
N29
*29
-29
x29
S29
729
529
y29
h29
t29
i29
v29
V29
z29
L29
P29
Q29
/29
>29
y29
@29
}29
Q29
629
@29
L29
z29
329
E29
{29
l29
529
k29
O29
}29
a29
Z29
g29
d29
$29
N29
]29
"29
Z29
P29
K29
I29
f29
U29
_29
Q29
E29
L29
]29
g29
(29
d29
 29
.29
!29
J29
U29
F29
E29
T29
,29
829
/29
J29
X29
k29
b29
}29
\29
T29
?29
z29
329
E29
}29
<29
U29
}29
S29
e29
-29
V29
+29
|29
%29
G29
s29
Z29
q29
229
S29
$29
o29
"29
n29
>29
029
_58
+29
W29
029
{29
'29
i29
x29
c29
Z29
x29
b29
D29
e29
u29
!29
f29
i29
$29
B29
p29
-29
h29
z29
o29
.29
;29
C29
F29
329
629
o29
x29
s29
,29
r29
$29
+29
z29
{29
|29
-29
R29
k29
529
x29
!29
?29
[29
R29
b29
L29
/29
P29
+29
c29
)29
$29
`29
I29
x29
|29
O58
p29
829
929
k29
y29
<29
^29
i29
729
f29
g29
929
|29
y29
o29
k29
?29
^29
#29
c29
F29
D29
'29
I29
>29
N29
}29
m29
@29
x29
"29
x29
i29
X29
"29
329
Y29
A29
J29
h29
829
[29
 29
j29
W29
!29
D29
<29
w29
`58
}29
 29
'29
329
L29
$29
L29
c29
929
|29
{29
q29
k29
j29
;29
u29
P29
S29
f29
229
'29
729
*29
i29
(29
R29
"29
%29
'29
t29
q29
a29
s29
j29
v29
429
^29

29
.29
 29
U29
|29
)29
^29
U29
[29
R29

29
129
829
n29
N29
S29
T29
n29
z29
|29
029
O29
m29
729
k29
C29
N29
:29
B29
=29
m29
@29
w29
t29
#29
K29
H29
r29
I29
a29
u29
a29
b29
Z29
O29
C29
329

29
z29
P29
229
t29
N29
729
`29
;29
E29
\29
F29
529
_29
629
s29
&29
=29
N29
+29
n29
)29
z29
W29
 29
<29
q29
(29
@29
\29
V29
/29
%29
-29
_29
c29
b29
e29
|29
N29
o29
|29
$29
I29
`58
\29
229
O29
M29
>29
C29
/29
%29
 29
U29
<29
629
N29
l29
X29
 29
G29
v29
m29
g29
|29
k29
=29
x29
429
Y29
 29
&29

29
{29
g29
a29
,29
C29
u29
:29
d29
z29
i29
V29
C29
p29
@29
N29
Y29
R29
j29
-29
:29
_29
R29
$29
}29

29
>29
v29
429
w29
I29
529
S29
929
v29
u29
I29
i29
629
329
T29
a29
g29
Q29
!29
629
n29
l29
o29
e29
v29
e29
r29
929
129
y29
x29
629
h29
\29
;29
K29
N29
729
*29
]29
w29
129
029
n29
s29
g29
^29
T29
_29
E29
>29
=29
L29
q29
!29
V29
Z29
{29
(29
l29
&29
F29
P29
Y29
c29
f29
z29
}29
x29
/29
,29

29
B29
029
l29
 29
G29
u29
.29
L29
b29
>29
s29

29
e29
429
\29
329
%29
X29
\29
K29
729
H29
\29
p29
P29
(29
]29
i29
\29
b29
>29
)29
w29
r29
>29
r29
h29
029
229
129
629
F29
j29
629
129
g29
t29
429
k29
(29
F29
-29
w29
,29
n29
k29
)29
"29
#29
R29
C29
b29
M29
]29
V29
d29
z29
O29
A29
Y29
I29
S29
,29
529
m29
`29
s29
I29
Y29
"29
629
 29
Y29
_29
"29
429
h29
f29
a29
829
<29
r58
z29
U29
%29
$29
-29
=29
129
f29
`29
T29
129
e29
M29
229
)29
x29
P29
E29
]29
x29
{29
Q29

29
X29
?29
M29
n29
h29
A29
b29
$29
%29
Y29
.58
u29
729
f29
629
O29
}29
929
N29
G29
q29
>29
"29
E29
N58
729
l29
g29
G29
v29
929
G29
&29
}29
R29
I29
D29
}29
]29
}29
229
)29
<29
Y29
/29
829
f29

29
c29
@29
<29
Z29
{29
$29
[29
%58
o29
829
v29
^29
;29
#29
C29
k29
629
x29
129
|29
129
a29
029
W29
/29
929
529
x29
M29
W29
K29
629
[29
Z29
)29
-29
+29
\29
t29
a29
d29
}29
 29
`29
529
)29
P29
s29
&29
t29
a29
429
E29
I29
J29
Q29
a29
@29
X29
A29
+29
Z29
"29
y29
_29
z29
_29
z29
v29
829
Y29
y58
629
i29
F29
e29
n29
l29
n29
P29
 29
R29
U29
s29
F29
T29
j29
%29
@29
Y29
S29
429
K29
R29
F29
]29
c29
$29
T29
Z29
:29
H29
K29
n29
$29
W29
V29
Z29
N29
^29
$29
D29
R29
Z29
329
F29
!29
729
429
<29
429
=29
r29
W29
&29
929
W29
]29
'29
y29
A29
629
!29
C29
h29
k29
?29
g29
t29
%29
V29
z29
{29
#29
529
u29
I29
h29
I29
a29
$29
f29
K29
929
`29
o29
N29
 29
r29
.29
{29
!29
d29
L29
y29
%29
\29
h29
o29
Y29
:29
j29
,29
029
*29
|29
B29
D29
g29
+29
Q29
e29
*29
/29
129
t29
729
n29
N29
z29
\29
K29
c29
Y29
O29
D29
/29
[29
g29
229
S29
^29
>29
y29
929
k29
a29
&29
#58
A29
l29
G29
V29
#29
j29
q29
y29
f29
i29
529
,29
g29
w29
<29
q29
!29
E29
029
/29
o29
a29
529
N29
'29
>29
E29
G29
w29
P29
j29
`29
?58
v29
J29
O29
p29
=29
y29
:29
E29
l29
-29
,29

29
u29
_29
929
(29
;29
:29
)29
429
I29
j29
Q29
`29
329
M29
;29
=29
\29
k29
L29
"29
s29
I29
'29
x29
929
<29
s29
,29
^29
-29
)29
!58
K29
v29
029
Q29
=29
729
q29
B29
w58
?29
i29
)29
r29
L29
O29
f29
N29
+29
529
e29
%29
C29
/29
[29
S29
I29
D29
829
#29
z29
I29
u29
829
f29
%29
b29
L29
<29
 29
d29
V29
 29
v29
r29
f29
o29
m29
A29
Z29
j29
A29

29
_29
q29
R29
t29
p29

29
`29
(29
z29
J29
*29
?29
L29
N29
*29
Q29
p29
#29
K29
$29
(29
G29
.29
529
$29
829
729
!29
b29
J29
/29
S29
`29
O29
829
Z29
F29
Y29
G29
<29
329
/29
329
!29
058
]29
:29
,29
Q29
929
u29
J29
b29
q29
229
429
I29
c29
U29
P29
,29
T29
[29
729
s29
X29
)29
329
458
P29
,29
629
>29
"29
L29
W29
G29
$29
A29
\29
A29
u29
g29
229
z29
G29
h29
S29
"29
;29

58
T29
929
h29
q29
d29
l29
z29
829
C29
y29
%29
\29
w29
k29
d29
)29
&29
'29
f29
@29
Y29
229
r29
M29
&29
,29
"29
>29
v58
329
n58
p29
229
I29
q29
l29
a29
S29
;29
z29
H29
?29
@29
,29
F29
B29
W29
J29
L29
Q29
n29
{29
-29
i29
D29
F29
J29
a29
"29
/29
G29
i29
k29
>29
u29
W29
$29
r29
M29
r87
u29
k29
;29
#29
029
=29
(29
/29
|29
<29
429
W29
|29
B29
!29
B29
G29
*29
S29
c29
z29
s29
L29
J29
&29
m29
s29
w29
g29
Y29
?29
329
,29
-29
/29
:29
N29
D29
J29
m29
E29
>29
(29
_29
&29
229
p29
<29
u29
.29
A29
N29
@29
H58
129
|29
-29
K29
m29
P29
k29
E29
L29
b29
j29
D29
;29
(29
E29
{29
a29
Y29
^29
s29
{29
u29
%29
J29
I29
x29
G29
629
)29
X29
<29
%29
m29
"29
?29
t29
K29
U29
=29
G29
429
|29
-29
'29
Z29
Q29
129
>29
w29
i29
F29
p29
u29
J29
i29
-29
,29
P29
U29
I29
729
(29
129
529
Y29
:29
"29
Z29
O29
$29
529
]29
W29
u29
129
\29
?29
d29
U29
/29
o29
@29
t29
d29
j29
e29
v29
;29
d29
?29
c58
S29
u29
T29
;29
029
629
E29
q29
429
k29
:29
S29
G29
f29
w29
=29
D29
m29
=29
/29
s29
g29
N29
329
O58
929
q29
U29
D29
-29
S29
?29
c29
O29

29
829
(29
_29
329
"29
!29
L29
p29
929
]29
U29
K29
g29
&29
i29
<29
%29
V29
;29
H29
&29
U29
P29
|29
V29
H29
T29
E29
h29
n29
L29
\29
J29
i29
529
'29
S29
)29
229
@29
f29

29
h29
y29
J29
a29
<58
m29
,29
329
P29
+29
.29
A29
t29
A29
Y29
i29
J29
P29
%29
B29
k29
R29
529
-29
F29
129
n29
z29
b29
f29
i29
g29
$29
(29
*29
x58
Y29
f29
629
+29
\29
e29
"29
:29
z29
-29
W29
"29
I29
V29
b29
c29
g29

29
:29
B29
c29
829
Y29
S29
929
e29
P29
[29
c29
d29
v29
q29
 29
I29
^58
F29
(29
D29
K29
t29
L29
m29
B29
w29
S29
n29
'29
y29
t29
?29
l29
W29
%29
i29
529
?29
y29
U29
H29
|29
Q29
D29
S29
d29
=29
v29
V29

29
229
p29
x29
y29
F29
629
|29
F29
%29
p29
!29
q29
.29
|29
G29
,29
\29
#29
Z29
J29
;29
+29
329
229
T29
S29
 58
z29
H29
$29
B29
t58
H29
s29
}29
]29
(29
!29
@29
O29
Q29
F29
x29
W29
c29
&29
T29
829
Z29
G29
E29
T29
_29
n29
|29
x29
?29
h29
t29
*29
a29
j29
Z29
,29
|29
>29
)29
:29
]29
i29
@29
b29
929
\29
|29
>29
`29
*29
b29
O29
d29
Z29
.29
C29
B29
m29
v29
B29
d29
y29
Y29
H29
'29
"29
429
D29
\29
S29
E29
a29
<29
s29
|29
+29
429
129
=29
M29
L29
G29
|29
+29
329
>29
k29
229

29
N29
)29
L29

29
^29
w29
F29
r29

29
j29
i29
R29
858
v29
;29
n29
e29
y29
529
|29
f29
L29
]29
Z29
F29
s29
U29
:29
k29
I29
X29
 29
o29
(29
i29
029
t29
.29
829
T29
@29
(29
R29
'29
729
)29
f29
'29
/29
=29
b29
=29
|29
$29
N29
m29
>29
|29
c29
"29
R29
?29
{29
I29
@29
f58
N29
_29
,29
]29
C29
k29
p29
>29
w29
329
m29
^29
]29
N29
k29
)29
;29
D29
z29
$29
P29
429
U29
n29
r29
_29
Q29
k29
(29
529
m29
h29
s29
g29
429
{29
029
V29
"29
Q29
N29
m29
429
n29
q29
M29
Z29
429
<29
+29
L29
k29
p29
929
*29
529
&29

29
x29
'29
S29
p29
129
<29
n29
W29
B29
Y29
H29
l29
Q29
u29
`29
#29
n29
D29
^29
v29
q29
G29
|29
n29
T29
h29
c29
e29
a29
729
Q29
r29
D29
d29
`29
"29
^29
t29
r29
h29
O29
?29
S29
329
_29
F29
'29
G29
k29
929
f29
S29
s29
/29
k29
329
l29
,29
[29
Z29
+29
w29
/29
}29
f29
}29
I29
F29
|29
/29
@29
w29
=29
g29
\29
%29
X29
)29
629
z29
d29
129
[29
p29
\29
b29
R29
!29
m29
`29
[29
S29
=29
j29
629
O29
W29
d29
!29
v29
y29
'29
_29
V29
129
#29
=29
q29
X29
M29
H29
i29
v29
%29
R29
=29
n29
G29
O29
_29
[29
B29
l29
U29
g29
=29
)29
?29
929
K29
r29
!29
?29
&29
=29
A29
|29
g29
C29
N29
H29
d29
+29
$29
:29
}29
p29
U29
R29
r29
F29
U29
$29
329
]29
729
;29
(29
'29
w29
729
629
429
w29
O29
G29
]29
a29
(29
o29
C29
M29
y29
I29
a29
m29
v29
=29
j29
z29
]29
M29
(29
]29
g29
q29
)29
%29
.29
-29
$29
M29
-29
I29
g29
f29
729
R29
k29
529
e29
'29
o29
!29
@29
x29
Q29
]29
!29
Q29
w29
{29
<29
W29
629
q29
!29
<29
e29
g29
<29
D29
'29
629
429
p29
Q29
w29
p29
W29
D29
v29
y29
629
`29
529
\29
629
R29
*29
B29
J29
629
W29
t29
i29
]29
f29
Q29
)29
}29
n29
&29

29
N29
%29
B29
F29
{29
:29
A29
_29
929
l29
f29
m29
h29
\29
e29
Y58
N29
q29
[29
+29
129
G29
J29
B29
k29
`29
S29
$29
829
&29
P29
r29
329
D29
B29
E29
G29
g29
W29
j29
z29
T29
f29
k29
x29
U29
>29
U29
`29
K29
s29
-29
]29
L29
629
Z29
{29
%29
429
h29
K29
"29
w29
c29
B29
729
A29
s29
 29
v29
629
L29
;29
M29
?29
m29

29
\29
+29
i29
T58
z29
n29
+29
D29
^29
H29
h29
}29

29
#29
U29
u29
/29
b29
429
@29
`29
?29
_29
m29
T29
*29
f29
_29
B29
r29
H29
$29
\29
H29
>29
329
q29
C29
w29
029
k29
729
g29
729
[29
<29
129
_29
529
m29
X29
k29
D29
c29
}29
929
-29
'29
G29
B29
x29
!29
429
[29
F29
A29
N29
l29
q29
#29
929
^29
429
329
h29
k29
P29
h29

29
f29
|29
K29

29
?29
:29
&29
>58
p29
I29
629
s29
O29
M29
"29
v29
529
a29
\29
b29
>29
S29
i58
c29
d29
s29
T29

29
T29
R29
G29
<29
i29
H29
k29
h29
B29
z29
S29
Q29
 29
E29
a29
129
q29
g29
829
029
#29
429
W29
U29
>29
X29
R29
L29
h29
029
,29
=29
629
S29
729
,29
v29
?29
Q29
Z29
h29
:29
V29
%29
?29
,29
I29
f29
_29

29
i29
?29
t29
629
)29
v29
829
-29
p29
Q29
V29
q29
X29
929
V29
|29
#29
y29
429
d29
I29
229
)29
C29
P29
C29
/29
n29
l29
E29
[29
a29
$29
729
B29
029
R29
Z29
}29
M29
B29
729
m29
.29
>29
D29
W29
829
=29
H29
'29
K29
r29
h29
e29
O29
a29
`29
b29
D29
U29
629
C29
y29
<29
,29
o29
?58
$29
Q29
.29
E29
@29
)29
>29
V29
_29
D29
_29
\29
$29
+29
)29
w29
029
S29
F29
d29
D29
t29
\29
I29
L29
-29
V29
t29
r29
q29
;29
l29
t29
@29
&29
r29
U29
G29
w29
j29
_29
x29
%29
U29
229
!29
U29
K29
"58
@29
_29
L29
N29
=29
O29
u58
z58
g29
<29
629
229
329
P29
H29
#29
k29
"29
S29
@29
?29
c29
L29
t29
?29
n29
s29
:29
k29
129
<29
H29
k29
m29
X29
K29
|29
%29
+29
729
z29
"29

29
<29
129
&29
u29
729
P29
j29
+29
U29
Q29
*29
.29
\29
t29
L29
=29
 29
/29
\29
{29
A29
(29
O29
429
.29
]29
z29

29
V29
t29
_29
X29
V29
>29
