e5
V5
j5
75
l5
j5
:5
H5
&5
<5
?5
05
B5
>5
<5
\5
^5
35
05
)5
|5
]5
/5
U5
35
Y5
a5
j5
Q5
85
z5
U5
+5
75
m5
C5
}5
>5
v5
#5
Q5
N5
B5
c5
@5
.5
^5
z5
X5
g5
25
;5
L5
/5
}5
_5
O5
'5
<5
K5
`5
c5
S5
f5
T5
$5
i5
J5
.5
#5
k5
`5
Y5
d5
i5
:5
<5
O5
_5
=5
,5
S5
Y5
y10
k5
s5
75
A5
'5
w5
t5
z5
.5
95
v5
Z5
S5
H5
z5
f5
U5
>5
?5
p5
k5
N5
'5
^5
r5
i5
y5
95
,5
\5

5
55
T5
15
O5
!5
j5
Q5
{5
i5

5
j5
P5
F5
E5
X5
}5
q5
,5
b5
'5
[5
a5
'5
f5
'5
Z5
h5
w5
"5
15
X5
H5
/5
)5
95
n5
,5
F5
05
S5
B5
h5
;5
T5
r5
K5
\5
15
;5
m5
25
d5
85
G5
95
15
75
y5
[5
.5
-5
X5
;5
'5
]5
T5
^5
!5
`5
}10
55
05
C5
}5
B5
F5
_5
T5

5
L5
i5
}5
C5
%5
I5
a5
h5
35
;5
L5
z5
A5
?5
.5
v5
:5
X5
S5
+5
_5
)5
k5
S5
35
^5
G5
/5
25
+5
Y5
+5
|5
r5
R5
F5
W5
95
%5
q5
)5
:5
15
S5
=5
`5
65
Y5
W5
`10
-5
)5
G5
|5
q5
m5
V5
L5
U5
/5
e5
*5
85
Y5
 5
o5
T5
Z5
$5
x5
!5
&5
L5
H5
)5
*5
|5
u5
k5
T5
H5
c5
j5
r5
l5
z5
65
J5
s5
t5
I5
S5
45
/5
K5
t5
i5
/5
95
45
O5
E5
e5
h5
N5
E5
B5
&5
X5
'5
>5
r5
]5
\5
q5
K5
V5
N5
O5
L5
^5
T5
h5
$5
R5
q5
|5
;5
[5
Q5
@5
25
a5
g5
e5
'10
b5
25
`5
a5
 5
c5
85
<5
55
Q5
=5
u5
k5
V5
 5
Y5
J5
B5
^5
K5
i5

5
t5
i5
/5
35
y10
`5
E5
05
j5
M5
55
,5
X5
z5
?5
&5
`5
@5
b5
l5
[5
s5
"5
X5
\5
d5
k5
Y5
_5
 5
85
$5
u5
i5
^5
95
]5
|5
K5
Q5
Y5
U5
R5
s5
a5
05
N5
*5
i5
.5
t5
/5
>5
?5
A5
T5
$5
05
w5
55
k5
M5
}5
x5

5
E5
[5
n5
_5
d5
35
m5
@5
|5
_5
W5
z5
.5
]5
L5
,5
m5
W5
<5
>5
G5
T5
85
|5
P5
N5
E5
z5
A5
M5
$5
/5
<5
 5
F5
M5
}5
$5
V5
]5
y5
D5
b5
r5
A5
:5
65
X5
x5
B5
35
b5
U5
|5
s5
x5
s5
c5
:10
q5
L5
>5
;5
Q5
G5
k5
)10
.5
n5
P5
I5
:5
V5
05
<5
G5
)5
-5
f5
`5
95
:5
+5
v5
P5
V5
@5
n5
k5
]5
:5
L5
Z5
|5
U5
|5
\5
N5
Y5
E5
z5
55
}5
H5
N5
35
X5
i5
$5
q5
:5
 5
O5
M5
H5
c5
@5
Y5
Q5
y5
&5
{5
g5
G5
.5
95
p5
_5
35
|5
)5
55
-5
q5
!5
[5
@5
"5
05
N5
t5
B5
M5
$5
j5
'5
E5
A5
*5
F5
55
k5
&5
05
s5
H5
05
G5
P5
.5
j5
s5
m5
N5
D5
55
c5
W5
y5
\5
@5
R5
W5
x5
-5
r5
p5
'5

5
.5
b5
L5
w5
Z5
;5
(5
_5
{5
^5
15
(5
+5
V5
<5
$5
s5
 5
M5
95
n5
85
u5
R5
X5
y5
]5
p5
S5
-5
E5
w5
m5
L5
C5
\5
T5
V5
K5
w5
75
55
u5
a5
$5
=5
45
85
k5
v5
[5
@5
a5
L5
S5
+5
o5
f5
{5
;5
L5
Z5
w5
#5
_5
d5
E5
35
m5
B5
]5
T5
v5
,5
a5
K5
l5
_5
+5
 5
M5
I5
F5
v5
P5
B5
*5
T5
j5
]5
Y5
05
.5
}5
_5
z5
[5
G5
^5
b5
85
J5
;5
^5
45
B5
t5
A5
r5
85
l5
z5
b5
Y5
(5
75
V5
<5
!5
&5
i5
65
,5
%5
!5

5
85
H5
C5
E5
[5
n5
310
*5
L5
,5
y5
35
|5
X5
H5
:5
_5
25

5
W5
Z5
"5
55
V5
85
=5
_5
R5
C5
W5
75
A5
X5
25
L5
{10
^5
c5
!5
M5
i5
t5
s5
05
Z5
V5
S5
55
 5
@5
L5
H5
55
,5
r5
|5
}5
h5
35
Z5
?5
t5
15
V5
#5
(5
}5
(5
s5
-5
q5
 5
!5
E10
N5
D5
=5
l5
u5
j5
55
=5
(5
I5
q5
v5
q5
g5
75
<5
S5
)5
t5
:5
(5
l5
c5
f5
J5
L5
s5
75
<5
)5
x5
A5
t5
K5
]5
B5
"5
_5
r5
C5
W5
S5
m5
+5
Q5
C5
D5
@5
:5
65
35
45
,5
q5
05
W5
(5
&5
 5
e5
w5
z5
x5
A5
n5
Y5
B5
'5
`5
'5
M5
e5
I5
V5
c5
f5
d5
a5
z5
d5
)5
T5
85
d5
h5
65
15

5
35
"5
^5
55
=5
L5
15
_5
:5
T5
85
P5
%5
d5
G5
05
G5
q5
|5

5
(5
45
m5
l5
z5
+5
M5
95
M5
v5
G5
35
w5

5
"5
y5
^5
X5
C5
+5
$5
>5
l5
!5
C5
25
*5
l5
*5
X5
65
l5
F5
,5
55
M5
05
'5
q5
!5
y5
S5
@5
P5
+5
T5
[5
:5
S5
:5
y5
j5
U5
M5
X5
|5
65
f5
w5
p5
+5
<5
x5
L5
{5
"5
^5
{5
U5
j5
k5
o5
65
15
{5
+5
a5
-5
 5
)5
I5
N5
(5
X5
r5
15
T5
G10
[5
`5
A5
D5
p5
Z5
\5
p5
y5
S5
U5
65
=5
/5
V5
25
A5
n5
B5
J5
`5
/5
`5
[5
b5
95
{5
x5
@5
t5
.5
&5
v5
U5
}5
C5
{5
J5
`5
65
E5
$5
Q5
a5
{5
]5
45
W5
&5
z5
x5
"5

5
$5
D10
)5
q5
C5
u5
M5
'5
u5
z5
D5
a5
b5
x5
85
z5
f10
L5
)5
i5
.5
25
U5
o5
;5
o5
m5
B5
a5
(5
J5
"5
d5
%5
_5
f5
(5
Z5
q5
15
P5
g5
.5
g5
*5
b5
!5
h5
B5
!5
T5
E5
M5
x5
w5
Y5
\5
<5
^5
A5
25
]5
05
q5
P5
'5
a5
c5
o5
95
F5
'5
s5
`5
M5
f5
.5
}5
x5
95
T5
J5
*5
Q5
55
15
)5
?5
95
m5
&5
A5
k5

5
95
h5
x5
y5
u5
K5
p5
_5
A5
\5
*5
K5
M5
45
X5
p5
T5
|5
P5
F5
]5
'5
+5
)5
A5
K5
}5
#5
)5
[5
Y5
65
$5
}5
r5
85
J5
_5
45
b5
v5
q5
d5

5
n5
/5
A5
m5
h5
R5
z5
e5
V5
d5
t5
R5
?5
N5
K5
E5
l5
25
95
k5
L5
q5
z5
h5
F5
i5
-5
?5
F5
*5
#5
G5
 5
k5
]5
.5
B5
|5
M5
K5
t5
'5
e5
>5
H5
j5
-5
[5
r5
z5
+5
Z5
}5
J5
45
b5
t5
}5
W5
m5
D5
85
.5
d5
i5
U5
v5
q5
35
H5
25
m5
o5
:5
T5
75
I5
h5
u5
n5
N5
U5
;5
Q5
z5
;5
f5
!5
r5
.5
v5
i5
_5
15
=5
E5
j5
*5
-5
<5
M5
[5
*5
%5
n5
y5
p5
>5
55
}5
m5
'5
f5
a5
;5
.5
m5
f5
-5
P5
X5
\10
n5
s5
S5
D5
f5
D5
&5
p5

5
<5
u5
C5
35
s5
S5
]5
)5
|5
r5
v5
d5
u5
^5
W5
;5
[5
f5
`5
e5
t5
25
`5
j5
{5
"5
.5
u5
 5
C5

5
(5
T5
G5
)5
N5
B5
55
]5
C5
=5
K5
05
;5
h5
I5
C5
a5

5
m5
?5
X5
E5
M5
)5
.5
R5
#5
35
x5
/5
L5
s5
l5
J5
>5
z5
Q5
55
<5
g5
Z5
r5
{5
*5
x5
:5
15
i5
?5
V5
u5
#5
j5
>5
65
n5
m5
@5
t5
!5
,5
+5
F5
C5
n5
I5
|5
V5
]5
x5
m5
.5
-5
H5
w5
Z5
u5
x5
;5
Q5
95
@5
15
e5
G5
m5
N5
c5
=5
X5
D5
n5
95
\5
65
%5
o5
b5
|5
l5
a5
A5
?5
m5
'5
;5
g5
z5
i5
B5
`5
B5
 5
(5
;5
Z5
N5
y5
`5
>5
P5
m5
w5
>5
?5
k5
x5
l5
Y5
D5
85
{5
V5
G5
U5
V5
B5
r5
u5
#5
f5
:5
C5
,5
e5
O5
n5
c5
P5
Y5
p5
U5
 5
\5
 5
L5
D5
H5
}5
{5
.5
c5
d5
)5
L5
i5
75
Z5
n5
x5
25
W5
E5
n5
85
=5
55
Y10
 5
u5
65
%5
95
:5
n5
(5
!5
`5
B5
 5
$5
O5
C5
u5
'5
,5
V5
L5
55
L5
V5
.5
[5
l5
F5
;5
z5
H5
w5
t5
u5
j5
G10
U5
F5
e5
{5
)5
>5
W5
E5
85
c5
\5
y5
l5
K5

5
%5
/5
A5
w5
^5
45
Y5
V5
K5
c5
a5
L5
q5
M5
95
)5
"5
V5
%5
w5
C5
E5
`5
L5
D5
15
25
e5
u5
O5
?5
z5
35
m5
J5

5
g5
;5
C5
o5
B5
D5
P5
F5
J5
g5
=5
g5
H5
C5
a5
N5
)5
B5
310
l5
t5
g5
D5
?5
O5
q5
>5
u5
`5
\5
35
|5
 5
@5
I5
x5
:5
B5
a5
C5
 5
|5
*5
&5
\5
25
_5
t5
(5
c5
O5
Z5
K5
E5
y5
45
>5
X5
=5
 5
]5
f5

5
(5
b5
 5
Y5
J5
"5
q5
T5
c5
(5
z5
65
(5
L5
c5
75
v5
P5
C5
j5
W5
o5
V5
'5
45
15
K5
^5
E5
A5
k5
610
(5
@5
$5
@5
A5
N5
W5
<5
y5
.5
M5
r5
g5
*5
)10
\5
55
h5
"5
<5
+5
m5
\5
S5
/5
k5
}5
$5
=5
%10
M5
Q5
`5
T5
W5
%5
T5
V5
e5
o5
A5
D5
>5
\5
R5
Q5
%5
{5
O5
y5
{5
`5
)5
05
t5
Y5
[5
F5
 5
N5
L5
&10
{5
=5
K5
Q5
+5
$5
05
O10
N5
!5
O5
s5
S5
V5

5
r5
^5
'5
s5
u5
G5
=5
F5
+5
r5
\5
85
I10
H5
+5
@5
`5
J5
B5
)5
P5
D5
r5
a5
^5
,5
 5
T5
J5
75
}5
L5
p5
G5
(5
t5
g5
A5
)5
e5
D5
=5
,5
>5
35
>5
A5
u5
X5
310
|5
S5
?5
Q5
z5
=5
;5
L5
\5
{5
+5
.5
v5
q5
]5
=5
&5
o5
d5
I5
<5
m5
c5
l5
v5
65
_5
M5
l5
p5
u5
P5
05
/5
l5
Y5
}5
65
E5
<5
'5
J5
}5
d5
A5
s5
]5
%5

10
\5
A5
J5
r5
E5
e5
-5
]5
x5
X5
(5
C5
(5
25
e5
P5
X5
75
E10
Y5
m5
c5
*5
85

5
u5
]5
*5
P5
F5
R5
 5
85
*5
u5
^5
?5
!5
55
-5
L5
k5
_5
q5
s5
@5
+10
k5
]5
b5
x5
d5
o5
y5
[5
T5
n5
v5
t5
*5
G5
s5
N5
o5
:5
b5
p5
05
l5
)5
,5
s5
S5
/5
*5
V5
'5
:5
`5
[5
*5
F5
i5
-5
]5
"5
a5
{5
:5
e5
]5
#5
e5
65
O5
W5
Q5
V5
x5
V5
L5
b5
#5
65
p5
i5
,5
g5
z5
)5
o5
=5
N5
h5
L5
W5
(5
65
v5
25
75
a5
B5
#5
m5
(5
M5
65
P5
+5
x5
45
25
#5
[5
m5
.5
Q5
t5
J5
f5
?5
i5
f5
,5
U5
`5
C5
H5
.5
x5
r5
05
!5
75
Y5
G5
c5
I5
H5
W5
<5
F5
@5
F5
 5
v5
i5
A5
J5
I5
}5
W5
,5
Z5
s5
\5
J5

5
D5
(5
45
[5
u5
05
P5
{5
j5
_5
@5
l5
}10
210
p5
@5
P5
/5
V5
`5
w5
u5
b5
%5
p5
U5

5
U5
V5
45
M5
B5
}5
V5
w5
f5
05
{5
*5
b5
85
P5
_5
u5
q5
*5
<5
g5
25
v5
B5
/5
,5
+5
#5
K5
?5
25
)5
r5
g5
O5
y5
}5
.5
x5
<5
m5
f5
h5
;5
+5
w5
Y5
c5
85
#5
!5
f5
)5
'5
\5
w5
q5
w5
a5
Q5
l5
]5
W5
q5
^5
k5
]5
q5
{5
u5
05
;5
15
&5
*5

5
>5
P5
\5
[5
)5
}5
B5
 5
p5
\5
Y5
}5
Q5
-5
|5
B5
}5
a5
e5
[5
Q5
.5
w5
%5
C5
X5
N5
55
d5
35
!5
}10
$5
m5
 5
|5
V5
h5
j5
|5
r5
Z5
M5
Z5
e5
z10
85
05
q5
R5
35
S5
05
k5
D5
v5
L5
M5
P5
n5
J5
O5
j5

5
t5
N10
J5
`5
w5
Q5
&5
b5
U5
R5
x5
25
s5
o5
75
M5
V5
+5
H5
X5
h5
u5
;5
85
V5
r5
Z5
B5
C5
N5
L5
a5
i5
Z5
55
t5
@5
e5
Q5
e5
L5
F5
!5
W5
E5
a5
.5
v5
e5
u5
i5
l5
+5
u5
P5
L5
<5
!5
r5
)5
u5
z5
k5
y5
_5
}5
R5
r5
X5
p5
T5
[5
f5
.5
a5
G5
%5
p5
u5
P5
;5
A5
!5
y5
}5
 5
Y5
Z5
(5
75
]5
U5
#5
,5
x5
(5
`5
G5
a5
q5
n5
$5
[5
{5
]5
45
B5
v5
G5
Q5
V5
<5
?5
"5
a5
+5
/5
65
s5
E5
b5
C5
g5
b5
E5
<5
=5
;5
25
b5
.5
q5
P5
#5
{5
f5
n5
:5
<5
J5
x5
P5
i5
Z5
;5
15
b5
C5
I5
*5
v5
F5
<5
r5
d5
g5
&5
]5
[5
,5
i5
a5
@5
:5
%5
!5
45
x5
@5
`5
+5
J5
W5
 5
75
,5
&5
W5
?5
45
85
F5
[5
w5
(5
J5
D5
a5
y5
C5
(5
"5
W5
65
o5
l5
n5
O5
s5
|5
M5
[5
 5
P5
W5
c5
}5
;5
P5
l5
n5
k5
;5
u5
55
w5
.5
75
F5
.5
^5
{5
]5
b5
85
P5
?5
75
M5
a5
o5
-5
z5
a5
=5
)5
_10
M5
`5
M5
65
(5
K5
E5
*5
75
85
R5
A5
z5
w5
W5
x5
{5
y5
V5
s5
#5
05
x5
-5
U5
V5
m5
\5
Z5
P5
w5
15
65
B10
N5
i5
35
W5
w5
<5
,5
t5
75
n5
25
E5
r5
<5
#5
K5
e10
i5
55
L5
M5
55
45
@5
>5
a5
25
z5
\5
j5
q5
n5
Y5
-5
n5
l5
95
`5
t5

5
c5
(5
Y5
o5
65
i5
Q5
`5
/5
!5
V5
y5
=5
,5
35
25
95
q5
x5
A5
Z5
Y5
p5
K5
O5
<5
f5
S5
C5
_5
A5
b5
65
w5
Y5
Q5
O5
65
L5
e5
$5
U5
e5
!5
$5
Z5
>5
75
i5
J5
C5
w5

5
25

5
)5
s5
{5
n5
W5
S5
:5
-5

5
P5
?5
e5
Q5
l5
I5
q5
R5
!5
Y5
65
A5
[5
P5
j5
o5
c5
15
!5
I5
Q5
E5
l5
e10
K5
C5
k5
i5
g5
H5
O5
75
H5
%5
'5
)5
f5
$5
45
55
35
05
G5
65
i5
|5
65
 5
H5
]5
85
_5
a5
65
|5
k5
85
;5
75
!5
p5
C5
S5
p5
/5
;5
r5
B5
_5
R5
i5
*5
"5
m5
(5
95
u5
S5
!5
?5
25
 5
j5
Y5
d5
+5
G5
i5
W5
05
%5

5
{5
^5
z5
[5
25
x5
K5
{5
h5
r5
O5
25
/5
J5
L5
75
v5
-5
65
H5
G5
@5
(5
65
,5
D5
i5
*5
n5
)5
C5
\5
<5
O5
;5
o5
<5
^5
(5
b5
Z5
n5
W5
X5
i5
95
?5
w5
(5
x5
;5
p5
i5
u5
!5
r5
j5
85
q5
A5
35
@5
$5
25
h5
=5
?5
z5
%5
b5
j5
*5
/5
X5
m5
x5
15
|5
l5
.5
;5
|5
s5
95
L5
A5
e5
@5
z5
Z5
K5
$5
45
85
$5
d5
I5
n5
55
F5
p5
b5
A5
]5
_5
Q5
b5
85
15
a5
m5
:5
z5
/5
15
@5
^5

5
W5
}5
25
S5
D5
45
f5
P5
(5
P5
/5
v5
d5
y5
z5
t5
K5
r5
h5
B5
85
 5
;5
o5
]5
v5
45
#5
)5
(5
j5
o5
n5
b5
Q5
#5
|5
45
c5
.5
N5
Q5
:5
;5
/5
N5
C5
K5
J5
j5
)5
D5
.5
"5
>5
)5
Q5
#5
G5
|5
c5
05
Q5
H5
^5
85
b5
.5
=5
L5
o5
L5
{5
\5
@5
15
k5
S5
75
G5
J5
<5
 5
:5
V5
J5
[5
w5
y5
<5
M5
!5
#5
Q5
]5
h5
p5
D5
J5
c5
r5
f5
S5
L5
i5
C5
d5
X5
o5
J5
"5
s5
R5
L5
O5
i5
H5
j5
N5
,5
c5
b5
>5
l5
E5
,5
m5
O5
{5
!5
S5
X5
T5
M5
:5
 5
|5
35
w5
i5
L5
Z5
I5
z5
Y5
t5
a5
,5
K5
}5
,5
U5
t5
A5
M5
u5
@5
c5
(5
B5
85
?5
"5
\5
z5
=5
b5
%5
R5
o5
H5
,5
D5
`5
t5
b5
f5
c5
z5
"5
b5
u5
o5
i5
K5
|5
-5
Q5
)5
<5
65
i5
n5
|5
^5
U5
P5
+5
h5
V5
|5
{5
*5
{5
:10
"5
25
#5
05
z5
@5
N5
n5
q5
[5
?5
`5
+5
75
\5
h5
&5
25
'5
-5
G5
\5
(5
g5
v5
R5
]5
e5
Z5
F5
L5
n5
>5
|5

5
v5
j5
q5
25
$5
H5
35
k5
G5
]10
U5
75
Q5

5
65
Z5
D5
!5
a5
j5
i5
l5
D5
15
Q5
(5
\5
.5
u5
}5
C10
"5
R5
C5
(5
15
F5
05
e5
15
95
;5
.5
E5
A5
-5
h5
*5
}5
55
A5
H5
Q5
k5
@5
p5
I5
+5
?5
)5
95
q5
P5
e5
L5
:5
N5
O5
V5
_5
R5
n5
m5
`5
[5

5
u5
+5
45
A5
v5
J5
25
P5
A5
C5
Z5
>5
z5
h5
H5
E5
^5

5
^5
\5
+5
45
Q5
K5
)5
:5
D5
85
f5
$5
G5
<5
T5
#5
K5
"5
L5
^5
K5
s5
P5
H5
75
*5
85
D5
u5
h5
`5
K5
35
a5
f5
Q5
\5
j5
Q5
(10
h5
w5
?5
h5
p5
h5
,5
(5
k5
d5
#5
j5
%5
"5
65
"5
25
I5
C5
R5
T5
p5
l5
[5
\5
^5
35
!5
55
K5
?5
a5
;5
=5
U5
|5
>5
05
D5
O5
{5
85
!5
@5
+5
U5
@5
Q5
a5
$5
'5
u5
\5
T5
v5
)5
%5
H5
55
P5
M5
K5
@5
;5
05
b5
J5
H5
-5
;5
W5
?5
_5
b5
s5
/5
.5
>5
f5
05
?5
t5
U5
*5
O5
%5
=5
^5
m5
e5
)5
c5
W5
*5
Q5
V5
N5
y5
"5
f5
35
T5
85
j5
C5
,5
z5
Z5
45
u5
)5
'5
95
t5
T5
k10
75
{5
d5

5
45
=5
Y5
L5
05
)5
C5
15
y5
l5
v5
M5
35
45

5
A5
05
^5
s5
I5
?5
w5
E5
k5
E5
A5
\5
$5
65
|5
l5
T5
{5
R5
Q5
25
}5
05
&5
,5
T5
&5
45
"5
$5
%5
I5
"5
#5
e5
65
85
B5
U5
E5
M10
o5
35
P5
w5
L5
m5
;5
\5
$5
n5
M5
p5
Y5
p5
L5
w5
+5
*5
K5
^5
75
A5
n5
o5
w5
W5
|5
{5
N5
O5
H5

5
@5
}5
"5
?5
55
G5
.5
S5
]5
m5
a5
_5
*5
55
c5
C5
@5
<5
.5
n5
b5
N5
R5

5
05
D5
M5
X5
'5
k5
75
=5
!5
E5
R5
75
#5
@5
s5
d5
45
R10
i5
?5
,5
R5
<5
q5
g5

5
:5
k5
K5
h5
M5
g5
%5
C5
v5
;5
w5
y5
{5
)5
a5
;5
I5
s5
c5
V5
)5
 5
l5
H5
c5
75
&10
/5
95
[5
l5
[5
-5
=5
45
s5
]5
}5
`5
*5
a5
W5
:5
Q5
B5
;5
D5
u5
k5
$5
Q5
95
,5
w5
E5
o5

5
r5
"5
!5
z5
d5
j5
,5
)5
N5
"5
L5
C5
+5
D5
V5
a5
Y5
w5
u5
R5
15
l5
]5
+5
(5
35
l5
95
L5
35
T5
?5
q10
;5
N5
C5
;5
o5
25
l5
M5
)5
y5
i5
15
Q5
-5
M5
^5
x5
n5
e5
*5
>5
V5
}5
*5
M5
S5
i5
a5
.5
p5
$5
}5
s5
}5
w5
j5
S5
L5
e5
Z5
i5
:5
Y5
{5
j5
35

5
H5
}5
*5
f5
)5
>10
N5
(5
.5
:5
[5
m5
(5
R10
`5
M5
I5
A5
 5
/5
%5
l5
45
Y5
=5
:5
d5
W5
95
Y5
=5
E5
"5
\5
>5
p5
m5
!5
95
85
.5
'5
N5
z5
Q5
v5
*5
L5
E5
#5
G5
c5
P5
I5
 5
(5
D5
X5
f5
G5
V5
{5
]5
r5
s5
V5
x5
>5
b5

5
Z5
I5
W5
I5
x5
=5
v5
R5
85
x5
a5
25
F5
v5
L5
n5
^5
[5
95
T5
05
95
>5
[5
r5
|5
T5
P5
t5
?5
Q5
,5
#5
J5
U5
t5
95
e5
55
A5
k5
V5
n5
r5
95
S5
t5
u5
(5
b5
75
:5
t10
k5
D5
p5
U5
u5
t5
{5

5
P5
V5
85
k5
!5
c5
05
X5
F5
?5
d5
S5
$5
D5
:5
i5
G5
m5
D5
"5

5
[5
x5
U5
R5
z5
i5
B5
&10
X5
x5
/5
.5
c5
05
q5
[5
l5
U5
A5
y5
B5
t5
g5
85
q5
t5
I5
H5
?5
t5
{5
X5
W5
#5
i5
e5
S5
55
#5
>5
w5
y5
95
H5
=5
f5
L5
@5
O5
&5
t5
15
N5
55
h5
K10
15
U5
-5
;5
)5
85
75
<5
15
W5
85
E5
f5
z5
95
R5
710
95
410
v5
`5
]5
>5
,5
O5
u5
25
c5
V5
*5
.5
D5
O5
 5
95
M5
-5
b5
:5
y5
X5
k5
65
$5
85
v5
-5
O5
V5
)5
-5
A5
 5
f5
>5
15
*5
s5
?5
;5
Z5
u5
Z5
m5
}5
j5
x5
d5
e5
z5
u5
y5
k5
o5
=5
|5
!5
T5
o5
%5
,5
s5
u5
t5
z5
j5
B5
o5
B10
35
<5
{5
 5
.5
O5
D5
T5
]5
g5
l5
}5
=10
l10
95
D5
d5
f5
D5
_5
&5
p5
h5
?5
U5
+5
"10
J5
j5
(5
P5
z5
&5
}5
A5
95
S5
/5
P5
Y5
q5
:5
85
n5
!5
V5
:5
e5
,5
{5
S5
a5
.5
U5
.5
!5
85
>5
+5
Q5
|5
'5
|5
z5
w5
o5
E5
o5
]5
w5
c5
Q5
c5
I5
k5

5
B5
j5
H5
65
H5
e5
(5
V5
35
g5
V5
*5
G5
X5
M5

5
\5
25
{5
65
A5
-5
 5
25
>5
\5
T5
<5
'5
p5
@5
k5
{5
55
n5
i5
n5
e5
q5
y5
t5
"5
w5
+5
]5
F5
Q5
g5
65
]5
A5
S5
G5
05
E5
s5
35
55
|5
05
x5
A5
i5
45
Y5
<5
y5
35
;5
}5
#5
J5
45
#5
85

5
r5
s10
]5
{5
.5
A5
E5
g5
35
R5
'5
$5
?5
Y5
U5
R5
F5
E5
H5
45
O5
!5
C5
U5
w5
W5
I5
L5
'5
o5
45
55
u5
y5
Z5
45
#5
q5
w5
>5
<5
c5
65
35
95
X5
(5
D5
H5
E5
Q5
s5
?5
+5
=5
45
c5
'5
z5
d5
Z5
P5
T5
>5
p5
+5
V5
{5
C5
k5
25
]5
u5
|10
`5
k5
 5
`5
P5
j5
m5
c5
85
w5
v5
a5
O5
)5
z5
[5
.5
X5
$5
G5
r5
$5
T5
;5
L5

5
y5
j5
s5
t5
e5
u5
z5
e5
\5
D5
t5
|5
&5
]5
Q5
g5
O5
@5
h5
-5
!5
[5
;5
(5

5
15
L5
*5
I5
%5
}5
,5
P5
u5
:5
35
}5
`5
x5
A5
[5
p5
@5
y5
65
=5
'5
85
{5

5
n5
q5
Q5
[5
K5
f5
S5
}5
X5
G5
p5
$5
-5
!5
}5
o5
s5
t5
25
L5
z5
J5
e5
*5
}5
)5
j5
n5
R5
'5
P5
n5
w5
k5
S5
h5
+5
Z5
05
Z10
y5
}5
55
>5
B5
Q5
%5
X5
^5
85
a5
#5
U5
a5
`5
45
!5
f5
M5
S5
d5
c5
Y5
R5
U5
%5
U5
C5
.5
u5
'5
!5
05
+5
L5
\5
z5
05
65
^5
{5
M5
,5
@5
R5
T5
[5
/5
j5
a5
%5
35
T5
(5
[5
C5
l5
o5
V5
95
,5
i5

5
\5
'5
45
#5
D5
"5
'5
T5
`5
B5
R5
&5
j5
75
15
 5
d5
A5
e5
O5
C5
>5
d5
=5
$5
q5
85
V5
:5
"5
U5
T5
55
 5
h5
65
=5
s5
.5

5
K5
m5
$5
W5
|5
E5
:5
y5
{5
15
W10
D5
v5
t5
#5
w5
m5
f5
k5
I5
55
l5
05
45
J5
)5
n5
!5
+5
_5
)5
+5
c5
55
05
 5
]5
W5
O5
D5
C5
p5
d5
I5
 5
P5
35
85
(5
05
m5
85
j5
L5
_5
e5
N5
25
B5
e5
'5
-5
65
_5
G5
!5
W5
V5
Z5
{5
V5
|5
%5
;5
x5
75
;5
m5
S5
F5
-5
K5
W5
d5
45
65
15
i5
*5
z5
K5
^5
A5
)5
B5
e5
;5
@5
`5
*5
\5
x5
(5
S5
U5
]5
65
U5
M5
R5
Q5
X5
15
65
45
z5
.5
O5
65
y5
e5
+5
{5
#5
i5
H5
75
 5
V5
#5
R5
*5
S5
!5
05
}5
]5
a5
N5
C5
c10
u5
|5
85
j5
*5
=5
K5
Z5
B5
95
f5
{5
o5
y5
45
810
v5
d5
w5
>5
j5
?5

5
o5
u5
;5
#5
?5
X5
V5
t5
C5
-5
.5
E5
`5
O5
A5
V5
p5
\5
|5
n5
05
,5
)5
h5
15
u5
v5
$5
q5
,5
d5
h5
 5
h10
O5
@5
A5
<5
M5
p5
 5
<5
h5
P5
]5
&5
=5

5
S5
)5
 5
_5
]5
!5
g5
}5
/5
&5
U5
i5
G5
[5
)5
>5
55
D5
#5
H5
Z5
$10
=5
C5
%5
d5
-5
K5
.5
-5
B5
C5
@5
P5
T5
]5
w5
)5
}5
d5
h5
P5
j5
S5
w5
P5
D5
r5
W5
T5
45
w5
j5
M5
%5
S5
I5
}5
<5
+5
R5
%5
b5
@5
K5
t5
$5
U5
z5
w5
_5
=5
,5
&5
55
+5
=5
V5
S5
P5
=5
*5
d5
a5
l5
?5
P5
Z5
C5
m5
65
a5
'5
95
l5

5
25
&5
+5
&5
-10
e5
o5
d5
[5
95
-5
.10
_5
p5
z5
#5
55
&5
^5
 5
H5
_5
,5
}5
!5
x5
 5
z5
A5
85
a5
"5
G5
D5
Z5
S5
W5
95
-5
Z5
/5
75
}5
J5
&5
l5
o5
15
%5
>5
d5
b5
C5
k5
a5
W5
>5
j10
X5
]5
-5
X10
w5
$5
l5
y5
\5
s5
<5
h5
v5
L5
W5
T5
H5
X5
05
"5
;5
_5
(5
?5
R5
d5
F5
L5
K5
y5
*5
T5
 5
O5
"5
]5
\5
75
m5
Y5
 5
/5
15
F5
T5
]5
y5
65
95
z5
?5
25
W5
T5
=5
{5
U5
l5
t5
C5
v5
$5
Z5
@5
t5
Q5
Z5
I5
a5
j10
15
}5
g5
z5
[5
h5
(5
l5
Y5
X5
^5
S5
A5
=5
d5
W5
L5
o5
P5
,5
&5
%10
@5
O5
05
F5
'5
,5
@5
p5
Y5
e5
s5
&5
{5
W5
|5
s5
f5
}5
^5
W5
(5
L5
W5
v5
l5
+5
\5
j5
C5
I5
Z5
N5
=5
[5
25
R5
C5
>5
05
>5
'5
P5
 5
(5
35
"5
55
T5
"5
!5
Z5
Q5
h5
25
q5
U5
m5
$5
 5
>5
n5
/5
S5
z5
g5
e5
)5
W5
z5
>5
^5
310
|5
v5
)5
95
65
W5
15
05
}5
L5
g5
S5
@5
'5
P5
`5
K5
>5
@5
%5
>5
l5

5
V5
W5
45
A5
z5
p5
o5
b5
45
$5
C5
N5
45
25
:5
{5
B5
f5
J5
Z5
c5
w5
:5
!5
B5
?5
O5
<5
U5
?5
$5
Q5
]5
65
f5
25
?5
k5
}5
:5
75
Z5
m5
n5
V5
O5
l5
=5
M5
:5

5
}5
A5
+5
L5
U5
A5
)5
_5
h5
[5
`5
F5
'5
_5
*5
?5
*5
^5
)5
n5
55
r5
O5
n5
o5
@10
"5
'5
l5
'5

5
)5
65
85
]5
;5
45
E5
[5
Q5
g5
/5
h5
q5
|5
H5
15
t5
s5
.5
:10
O5
55
A5
&5
75
25
)5
T5
$5
`5
55
\5
M5
a5
N5
Q5
>5
O5
Y5
b5
w5
:5
e5
P5
-5
l5
65
'5
45
|5
25
#5
I5
g5
x5
#5
C5
g5
G5
55
u5
_5
.5
S5
D5
)5
v5
%5
[5
t5
^5
V5
o5
'5
Y5
O5
m5
G5
'5
P5
$5
-5
15
j5
75
{5
b5
|5
o5
'5
]5
a5
*5
35
G5
05
:5
k5
]5
B5
G5
t5
45
^5
r5
O5
D5
h5
a5
Y5
d5
I5
65
95
|5
B5
25
l5
H5
@5
M5
Z5
j5
25
d5
c5
)5
\5
l5
Q5
S5
F5
.5
Z5

5
g5
'5
(5
K5
35
e5
010
.5
-5
*5
)5
;5
S10
 5
h5
;5
&5
,5
t5
>5
75
W5
D5
`5
c5
W5
%5
K5
c5
!5
^5
T5
|5
e5
[5
?5
)5
H5
 5
W5
45
K5
^5
s5
85
k5
y5
#5
[5
p5
45
`5
&5
h5
15
W5
%5
v5
85
.5
C5
p5
m5
/5
Y5
$5
Q5
85
&5
@5
C5
65
f5
05
c5
b5
65
\5
t5
F5
;5
-5
.5
Q5
l5
35
M5
w5
m5
'5
>5
X5
D5
)5
y5
N5
r5
`5
 5
n5
[5
*5
:5
'5
}5
R5
^5
t5
@5
'5
z5
45
i5
35
|5
a5
55
X5
;5
j5
w5
J5
c5
C5
S5
R5
*5
15
R5
*5
}5
_5
>5
a5
=5
g5
j5
(5
x5
s5
L5
o5
p10
u5
H5
<5
V5
|5
*5
/5
G5
u5
N5
R5
U5
`5
w5
<5
*5
35
\5
Q5

5
V5
N5
P5
,5
<5
85
u5
b5
!5
|5
i5
p5
X5
.5
R5
\5
<5
L5
z5

5
95
u5
D5
25
c5
>5
S5
N5
)5
<5
25
|5
j5
m5
15
65
&5
15
P5
G5
b5
85
#5
v5
m5
H5
L5
'5
J5
E5
(5
L5
U5
(5
>5
-5
i5
{5
K5
l5
h5
n5

5
#5
Z5
y5
j5
C5
M5
05
n5
f5
m5
o5
G5
/5
d5
O5
:5
I5
e5
v5
g5
i5
g5
I5
]5
x5
l5
>5
05
|5
>5
(5
U5
35
'5
i5
\5
k5
A5
'5
k5
n5
x5
k5
&5
B5
15
_5
s5
f5
A5
h5
l5
75
W5
85
!5
N5
>5
65
-5
05
A5
n5
h5
<5
p5
f5
c5
75
85
Q5
y5
w5
y5
v5
J5
05
!5
05
J5
}5
)5
%5
15
!5
&5
k5
:5
!5
L5
@5
S5
Q5
K5
N5
45
g5
O10
`5
Z5
G5
O5
|5
M5
?5
<5
A5
a5
b5
F5
Z5
-5
E5
-5
n5
/5
v5
^5
 5
T5
.5
,5
?5
S5
T5
R5
c5
J5
Z5
A5
W5
J5
35
N5
g5
F5
C5
%5
;5
p5
e5
G5
"5
<5
B5
U5
G5
n5
Z5
k5
'5
+5
%5
}5
e5
M5
;5
&5
P5
>5
d5
W5
75
 5
$5
+5
|5
j5
05
M5
75
^5
-5
g5
o5
C5
/5
}5
25
S5
]5
d5
R5
J5
,5
U5
f5
}5
s5
a5
;5
+5
G5
"5
#5
45
{5
H5
}5
15
d5
=5
35
`5
 5
h5
[5
X5
!5
>5
65
[5
h5
J5
&5
b5
a5
;5
<5
V5
|5
,5
]5
-5
N5
e5
j5
P5
l5
 5
s5
J5
*5
15
L5
[5
S5
75
d5
35
n5
15
P5
W5
"5
m5
q5
)5
B5
+5
B5
,5
55
35
f5
&5
P5
A5
P5
&5
O5
v5
A5
x5
f10
x5
P5
65
s5
l5
<5
&5
{5
C5
h5
_5
[5
Y5
45
R5
o5
h5
x5
15
s5
$5
O5
r5
Z5
a5
25
<5
k5
B5
R5
V5
&5
z5
K5
S5
l5
E5
35
y5
H5
R5
`5
'5
+5
55
>5
85
o5
W5
95
y5
k5
I5
(5
S5
_5
>5
e5
75
65
]5
 5
`5
(5
D5
55
<5
Z5
T5

5
&5
k5
a5
e5
H5
h5
J5
.5
|5
M5
X5
G5
"5
?5
l5
!5
O5
B5
a5
@5
/5
S5
Q5
A5
q5
)5
75
?5
z5
R5
?5
R5
d5
]10
p5
l5
`5
b5
;5
Y5
Q5
{5
_5
a10
N5
H5
 5
45
+5
'5
e5
X5
=5
e5
U5
s5
'5
t5
j5
u5
B5
>5
N5
T5
Q5
15
_5
15
f5
_5
&5
95
Y5
<5
Q5
G5
u5

5
u5
T5
Y5
[5
`5
O5
M5
U5
M5
R5
m5
A5
U5
,5
35
w5
]5
V5
;5
y5
A5
e5
-5
Z10
U5
]5
;5
J5
U5
S5
v5
A5
m5
a5
x5
i5
e5
y5
:5
R5
q5
95
L5
O5
a5
"5
Z5
^5
Z5
H5
a5
O5
z5
j5
_5
u5
25
*5
i5
?5
@5
U5
X5
g5
`5
75
>5
m5
Z5
&5
K5
p5
N5
x5
W5
s5
U5
l5
Y5
@5
g5
*5
s5
q5
85
]5
[5
%5
75
z5
N5
R5
X5
&5
'5
s5
G5
75
,5
+5
.5
m5
'5
75
v5
+5
C5
(5
@5
O5
$5
u5
D5
H5
^5
O5
u5
45
.5
K5
{5
95
55
H5
}5
C5
W5
,5
T5
_5
q5
s5
y5
a5
G5
A5
65
h5
:5
e5
k5
x5
r5
|5
b5
h5
L5
.5
v5
C5
\5
E5
#5
^5
#5
45
m5
l5
F5
d5
x5
+5
!5
z5
95
85
{5
@5
?5
i5
y5
35
+5
\5
?5
|5
N5
c5
75
n5
t5
=5
85
l5
c5
g5
o5
N5
05
a5
;5
h5
o5
H5
G5
x5
z5
85
Z5
.5
z5
h5
k10
o5
D5
p5
Z5
w5
Z5
65
>5
g5
Y5
n5
65
q5
95
n5
15
C5
$5
45
?5
65
v5
75
.5
55
d5
%5
*5
V5
o5
)5
`5
/5
\5
Y5
.5
)5
y5
[5
"5
x10
N5
&5
e5
f5
-5
N5
C5
Q5
#5
k5
J5
+5
-5
$5
x5
>5
F5
l5
D5
\5
t5
v5
y5
65
'5
M5
p5
`5
!5
b5
l5
95
$5
l5
e5
}5
R5
#5
15
t5
A5
\5
N5
@5
?5
B5
X5
d5
o5
G5
Z5
=5
45

5
P5
v5
?5
i5
$5
}5
T5
_5
O5
<5
q5
]5
|5
&5
D5
95
75
a5
?5
q5
.5
b5
s5
95
(5
N5
\5
u5
t5
,5
K5
c5
(5
D5
65
*5
J5
]5
%5
f5
O5
s5
z5
45
J5
\5
d5
.5
Y5
Q5
F5
'5

5
75
s5
p5
m5
C5
#5
H5
x5
-5
!5
$5
75
p5
[5
m5
\5
95
|5
>5
@5
]5
 5
25
z5
Z5
%5
;5
15
|5
)5
e5
%5
15
?5
c5
T5
N5
n5
l10
^5
H5
G5
e5
G5
v5
N5
j5
y5
|5
#5
X5
 5
-5
35
`5
*5
75
U5
m5
F5
P5
85
g5
H5
&5
b5
L5
M5
>5
95
!5
t5
+5
E5
s5
`5
35
55
l5
/5
n5
:5
O5
55
N5
;5
t5
i5
J5
 5
F5
{5
k5
K5
 5
!5
#5
;5
"5
'5
75
;5
V5
h5
d5
 5
;5
W5
85
k5
,5
+5
)5
Y5
r5
75
_5
W5
j5
W5
)5
t5

5
,5
b5
{5
?5
T5
`5
15
X5
Q5
O5
{5
t5
+5
H5
f5
[5
)5
^5
M5
S5
\5
I5
H5
#5
]5
h5
\5
j5
b5
D5
G5
y5
a5
w5
R5
{5
`5
85
{5
$5
A5
n5
o5
G5
p5
_5
l5
i5
f5
D5
-5
<5
95
25
65
l5
c5
V5
s5
i10
V5
T5
55
>5
]5
f5
s5
b5
25
(5
R5
K5
)5
L5
i5
,5
x5
K5
|5
%5
75
95
>5
&5
}5
<5
z5
"5
L5
l5
#5
m5
'5
w5
#5
(5
<5
#5
[5
!5
95
S5
#5
M5
O5
x5
,5
d5
h5
#5
65
+5
25
S5
U5
`5
35
:5
d5
(5
L5
H5
(5
O5
75
v5

5
Q5
u5
.5
*5
75
}5
e5
T5
b5
K5
^5
Z5
y5
E5
U5
j5
W5
55
J5
.5
p5
b5
i5
45
A5
F5
-5
I5
d5
;5

5
`5
j5
25
N5
R5
B5
Z5
V5
^5
|5
E5
"5
P5
$5
B5
P5
'5
45
J5
!5
T5
L5
f5
r5
K5
H5
&5
(5
.5
=5
x5
^5
75
g5
K5
]5
,5
$5
@5
45
h5
]5
85
o5
S5
{5
15
=5
w5

5
I5
c5
N10
/5
]5
!5
*5
"5
y5
45
R5
\5
95
`5
=5
y5
K5
a5
t5
L5
u5
i5
C5
{5
+5
H5
%5
i5
)5
25
K5
H5
%5
+5
t5
l5
h5
}5
!5
t5
L5
f5
j5
@5
*5
U5
"5
#5
_5
@5
95
)5
_5
Z5
R5
T5
Z5
w5
y10
65
X5
O5
X5
D5
}5
h5
t5
@5
b5
!5
D5
z5
{5
I5
.5
05
E5
55
|5
l5
s5
r5
Y5
t5
$5
/5
A5
:5
w5
S5
d5
65
=5
!5
f5
&5
h5
g5
05
/5
=5
T5
75
;5
^5
Y5
a5
K5
l5
65
c5
75
35
J5
55
85
|5
N5
=5
@5
H5
e5
"5
u5
310
d5
\5
65
C5
=5
'5
 5
B5
o5
X5
,5
P5
J5
I5
65
w5
%5
h5
!5
F5
N5
+5
O5
P5
*5
t5
J5
f5
,5
t5
!5
U5
n5
35
n5
&5
_5
@5
:5
V5
}5
I5
w10
M5
B5
i5
<5
A5
35
X5
w5
_5
}5
K5
95
@5
\5
R5
c5
|5
M5
05
\5
S5
:5
I5
N5
y5
W5
U5
K5
n5
b5
+5
N5
a5
l5
!5
05
q5
u5
E5
65
:5
*5
M5
{5
J5
o5
[5
Z5
O5
"5
(5
u5
=5
45
W5
*5
s5
:5
=5
e5
&5
D5
.5
@5
-5
C5
|5
^5
E5
<5
z5
E5
 5
\5
(5
45
M5
Q5
J5
G5
]5
$5
r5
B5
\5
M5
i5
h5
l5
R5
-5
M5
+5
Y5
]5
B5
I5
$5
@5
X5
=5
u5
l5
k5
F5
n5
55
75
V5
k5
u5
m5
V5
X5
&5
y5
75
{5
H5
J5
45
 5
X5
$5
p5
15
F5
b5
P5
?5
a5
g5
r5
55
S5
l5
"5
#5
;5
T5
F5
O5
c5
<5
"5
p5
55
a5
15
a5
05
%5
k5
'5
\5
o5
[5
H5
"10
E5
J5
G5
k5
r5
-5
<5
v5
.5
I5
]5
w5
95
S5
}5
:5
x5
%5
75
g5
U5
t5
35
=10
k5
l5
`5
w5
45
e5
T5
Q5
p5
N5
,5
!5
}5
h5
|5
)5
 5
.5
]5
d5
j5
!5
#5
J5
]5
95
K5
;5
n5
35
Z5
>5
^5
g5
M5
-5
`5
<5
$5
>5
:5
s5
r5
G5
O5
,5
W5
$5
D5
h5
v5
D5
v5
;5
l5
z5
.5
85
<5
h5
?5
o5
V5
i5
u5
x5
{5
k5
&5
85
d5
-5
(5
Y5
a5
i10
J5
15
d5
$5
\5
j5
N5
e5
L5
|5
$5
35
U5
c5
V5
.5
Y5
}5
b5
a5
\5
b5
55
(5
d5
/5
G5
|5
15
@5
J5
_5
T5
H5
Q5
w5
*5
w5
.5
#5
h5
&5
;5
S5
i5
\5
E5
B10
e5
H5
F5
n5
c5
D5
65
[5
"5
d5
v5
h5
/5
=5
n5
_5
l5
|5
s5
e5
[5
y5
,5
]5
c5
;5
@5
'5
=5
Z5
D5
m5
#5
K5
e5
y5
b5
Y5
25
x5
Z5
a5
T5
65
t5
y5
:5
e5
l5
_5
@5
S5
+5
55
65
=5
]5
15
,5

5
d5
@5
*5
D5
t5
-5
75
B5
M5
i5
h5
$5
95
25
j5
g5
}5
Q5
[5
.5
55
C5
v5
Q5
;5
f5
E5
75
G5
L5
A5
75
P5
&5
Z5
@5
p10
v5
.5
&5
f5
w5
y5
!5
R5
@5
85
D5
}5
.5
85
m5
r5
R5
f5
&5
$5
h5
{5
%5
j5
}5
h5
[5
E5
95
15
n5
T5
"5
A5
 5
_5
A5

5
b5
|5
R5
%5
@5
:5
j5
O5
M5
 5
35
O5
r5
K5
,5
g5
G5
|5
E5
w5
/5
J5
l5
C5
j5
M5
&5
o5
05
.5
^5
w5
K5
W5
u5
|5
B5
55
;5
E5
S5
:5
65
O5
g5
P5
V5
k5
q5
O5
]5
t5
!5
W5
A5
25
]5
Z5
c5
K5
(5
T5
H5
T5
O5
<5
U5
{5
=5
L5
>5
o5
h5
i5
B5
#5
S5
<5
G5
+5
'5
J5
L5
a5
h5
r5
65
'5
e5
-5
j5
)5
q5
55
-5
_5
45
85
F5
B5
F5
=5
M5
z5
45
}5
L5
l5
d5
z5
^5
|5
>5
F5
 5
_5
`5
y5
j5
o5
(5
k5
z5
 5
E5
&5
,5
:5
O5
i5
c5
]5
h5
95
<5
F5
*5
L5
=5
j5
r5
N5
"5
|5
C5
p5
 5
E5
K5
k5
 5
85
\5
*5
\5
z5
G5
}5
s5
25
)5
V5
t5
Z5
]5
}5
.5
D5
85
e5
@5
S5
\5
05
35
'5
p5
q5
&5
r5
e5
[5
 5
,5
X5
T5
55
s5
J5
z5
;10
s5
H5
E5
l5
k5
q5
#5
f5
v5
'5
S5
o5
#5
\5
e5
o5
R5
/5
<5
p5
15
65
Y5
W5
+5
M5
85
O5
h5
x10
h5
55
H5
75
b5
)5
a5
o5
(5
>5
`5
F5
X5
}5
95
n5
I5
_5
*5
f5
g5

5
|5
U5
"5
b5
(5
85
#5
*5
R5
L5
q5
I5
=5
z5
r5
d5
)5
d5
,5
G5
d5
`5
d5
n5
*5
@5
w5
{5
(5
[5
}5
!5
65
S5
?5
&5
n5
=5
p5
!5
*5
v5
)5
35
|5
o5
 5
{5
p5
X5
T5
C5
=5
{5
&5
\5
'5
15
e5
,5
r5
n5
^10
n5
?5
a5
>5
15
G5
F5
N5
A5
>5
z5
H5
`5
b5
=5
95
45
R5

5
F5
&5
i5
r5
u5
Z5
S5
T5
C5
`5
$5
|5
]5
i5
.5
{5
B5
D5
b5
+5
w5
$5
h5
.5
J5
.5
s5
,5
O5
<5
X5
{5
W5
 5
A5
%5
15
Z5
(5
v5
r5
*5
n5
K5
H5
m5
^5
:5
y5
U5
[5
q5
x5
k5
J5
z5
,5
\5
]5
t5
75
_5
(5
Q5
{5
@5
.5
g5
Y5
m5
]5
|5
H5
^5
j5
a5
W5
s5
D5
@5
r5
45
@5
e5
25
k5
v5
e5
[5
M5
S5
[5
!5
25
Q5
^5
x5
85
|5
'5
`10
