_1
;1
t1
,1
}1
E1
*1
_1
P1
R1
o1
B1
-1
e1
V1
31
P1
#1
X1
V1
'1
t1
81
 1
,1
_1
51
C1
@1
P1
'1
91
K1
e1
&1
g1
\1
B1
@1
k1
Y1
:1
31
:2
E1
V1
b1
y1
31
O1
s1
G1
.1
C1
Q1
/1
B1
*1
\1
t1
L1
|1
h1
g1
u1
J1
(1
d1
T1
>1
q1
t1
Y1
<1

1
T1
 1
n1
y1
O1
R1
.1
Z1
C1
L1
71
^1
91
B1
r1
k1
E1
o1
x1
,1
21
_1
:1
81
T1
u1
81
-2
d1
k1
L1
11
_1
l1
+1
s1
61
11
\1
p1
n2
;1
<1
F1
[1
