(1510
n78
C3401
H9965
P8456
\8639
-2644
|8082
z6847
N2249
|3522
'3943
f1770
a7863
t4775
r3748
Q7092
>1272
e7991
98329
&8767
t7047
Z6347
i4803
c8133
-7687
c9275
{3506
f8777
%2734
]463
!2712
l4824
?6886
=8635
!9446
K9176
(5936
t822
E4228
x2332
-3088
.795
e2510
?280
g8778
_9086
k9874
"9989

1238
B3122
82465
k5423
h9326
U3730
I9184
C1413
j2018
-7515
