G9498
w9609
%7571
44605
n6899
!5841
L3140
U3547
h8890
C3054
'3955
-9358
*3128
<3313
}7674
#2821
s276
w2355
58851
\7121
B1097
:7573
{256
71717
G144
(6008
44831
L8775
g9744
n8884
h8627
_2309
*7614
%3966
:3805
s2510
r7001
h4735
{9252
B1460
94499
51124
+7390
F9794
}8144
o9096
>8037
W1822
71370
 663
X4277
R6921
a9487
-6709
|6868
J6137
w6089
H1243
l3374
.2913
p2669
w8981

9817
C1277

176
W4992
\2706
L7023
$828
55275
,392
q7341
C7091
@1918
47245
K5110
|7316
`7481
]6265
09215
k626
#1548
d8238
\8995
b6777
/3110
-9369
;2665
