v2670
'309
f5397
7868
(3217
)5613
35354
[9043
f5265
.1216
(1595
58896
U4603
J302
v3405
;441
I5710
^5544
K7658
B2466
,6868
<287
32708
{904
D4540
}8276
/2514
P1805
d5788
-8949
F9681
 1558
i5497
:1595
+2618
s6893
G7483
'4917
$3229
17145
V5242
&6993
x9446
\4166
C7007
18844
 2226
Y460
I6092
 1330
L4168
c6191
v10342
(5878
K6474
82919
e1171
'5415
k8429
+8700
:3422
b4812
_1243
?4149
:7344
 434
k4958
M5349
D7262
"7775

8590
D1932
53535
O6588
B4125
"3155
6101
f7915
m8855
6100
M8434
y2882
f3801
