n1
k1
z1
)1
51
t1
d1
%1
]1
q1
81
91
41
A1
m1
,1
\1
U1
+1
A1
11
71
n1
]1
f1
L1
$1
.1
w1
m1
h1
K1
<1
T1
%1
>1
u1
F1
k1
t1
E1
41
?1
h1
&1
Y1
H1
81
!1
51
B1
p1
k1
^1
21
"1
41
h1
j1
w1
q1
L1
)1
F1
51
U1
+1
M1
G1
B1
w1
;1
J1
y1
b1
h1
T1
51
m1
g1
'1
V1
61
Z1
q1
11
m1
v1
R1
s1
71
w1
@1
n1
x1
[1
V1
}1
f1
21
u1
?1
M1
c1
E1
,1
G1
M1
o1
c1
+1
=1
21
#1
<1
`1
91
I1
=1
m1
Z1
A1
M1
}1
\1

1
F1
K1
h1
b1
Y1
r1
M1
R1
i1
D1
b1
n1
71
-1
U1
D1
|1
\1
<1
71
:1
g1
P1
Z1
41
11
81
E1
(1
&1
%1
Z1
51
`1
x1
?1
-1
;1
#1
L1
J1
71
)1
`1
<1
y1
01
d1
W1
\1
D1
/1
{1
V1
u1
?1
h1
k1
81
A1
P1
}1
{1
:1
M1
R1
A1
?1
{1
G1
!1
.1
]1
t1
41
$1
s1
R1
-1
/1
.1
Z1
&1
"1
 1

1
y1
,1
s1
x1
y1
&1
x1
91
g1
l1
 1
R1
:1
r1
E1
K1
91
M1
b1
o1
b1
Q1
R1
P1
V1
\1
E1
61
A1
C1
k1
P1
w1
c1
C1
41
=1
!1
C1
`1
91
Q1
#1
41
x1
J1
Q1
K1
[1
i1

1
U1
V1
+1
o1
C1
a1
o1
v1
E1
r1
o1
w1
|1
X1
m1
h1
C1
Y1
.1
Q1
t1
m1
A1
n1
d1
.1
21
V1
W1
n1
G1
q1
e1
!1
*1
!1
m1
=1
"1
R1
_1
31
M1
'1
\1
01
g1
f1
D1
W1
`1
b1
W1
#1
\1
a1
!1
z1
n1
/1
m1
I1
b1
,1
01
c1
;1
`1
M1
J1
=1
,1
X1
W1
?1
x1
v1
f1
Y1
91
O1
51
E1
'1
41
F1
;1
D1
?1
N1
s1
c2
O1
71
:1
c1
H1
k1
;1
=1
$1
(1
:1
11
<1
,1
W1
_1
:1
z1
h1
M1
g1
>1
g1
91
P1
"1
y1
_1
j1
p1
g1
k1
b1
z1
91
:1
A1
n1
d1
L1
]1
z1
J1
w1
]1
o1
$1
=1
u1
<1
l1
U1
y1
{1
P1
L1
 1
.1
t1
#1
`1
31
*1
41
(1
i1
j1
a1
I1
\1
l1
A1
C1
W1
*1
S1
91
r1
o1
]1
>1
C1
L1
s1
p1
n1
o1
$1
P1
L1
n1
S1
%1
a1
 1
v1
61
P1
h1
71
&1
G1
U1
y1
o1
>1
@1
d1
(1
k1
d1
$1
(1
?1
P1
01
t1
X1
r1
[1
01
!1
y1
+1
q1
f1
Z1
T1
U1
$1
P1
?1
s1
n1
R1
e1
r1
$1
)1
A1
^1
41
d1
c1
W1
41
U1
W1
k1
)1
A1
:1
11
Y1
V1
_1
61
W1
#1
L1
_1
y1
C1
Y1
{1
}1
L1
D1
t1
s1
q1
w1
H1
>1
b1
K1
Q1

1
U1
:1
c1
l1
81
51
G1
K1
J1
K1
n1
b1
O1
{1
21
-1
41
F1
P1
51
-1
/1
:1
x1
a1
[1
)1
.1
:1
.1
"1
t2
U1
}1
N1
_1
L1
&1
,1
h1
a1
=1
s1
j1
t1
J1
{1
W1
Z1
N1
?1

2
-1
v1
i1
s2
D1
X1
s1
71
?1
'1
%1
d1
,1
"1
71
w1
X1
l1
'1
T1
s1
Z1
I1
G1
\1
E1
41
*1
51
/1
%1
T1
?1
W1
u1
s1
31
'1
T1
R1
}1
h1
W1
!1

1
U1
.1
T1
31
y1
X1
d1
o1
=1
m1
21
_1
Q1
d1

1
R1
j1
N1
s1
I1
o1
g1
<1
N1
41
:1
41
A1
.1
o1
?1
w1
l1
&1
(1
)1
\1
%1
$1
/1
I1
91
01
u1
G1
=2
B1
R1
21
P1
51
41
81
c1
u1
11
l1
Y1
l1
Y1
\1
r1
>1
]1
W1
.1
O1
t1
W1
)1
m1
U1
m1
[1
y1
F1
:1
F1
W1
11
 1
[1
H1
"1
M1
E1
b1
O1
81
^1
-1
:1
d1
N1
D2
k1
"1
s1
o1
71
$1
u1
=1
*1
R1
71
a1
z1
,1
.1
e1
*1
^1
Y1
31
O1
|1
Z1
(1
"1
Q1
U1
Q1
h1
B1
G1
?1
n1
{1
a1
W1
{1
f1
!1
)1
;1
31
01
L1
T1
,1
u1
41
B1
51
g1
C1
81
F1
]1
F1
/1
>1
t1
]1
a1
C1
q1
31
]1

1
51
G1
`1
41
g1
.1
k1
U1
R1
]1
71
\1
Q1
|2
p1
A1
x1
Z1
v2
V1
 1
)1
P1
71
V1
+1
s1
b1
&1
M1
(1
V1
j1
a1
;1
11
M1
j1
+1
n2
^1
71
f1
D1
Y1
`1
61
Q1
31
b1
A1
f1
F1
>1
L1
W1
;1
^1
,1
F1
Z1
i1
a1
V1
s1
<1
(1
C1
b1
H1
i1
 1
21
j1
{1
_1
G1
W1
<1
#2
;2
61
_1
e1
i1
|1
i1

1
81
/1
s1
@1

1
41
{1
x1
p1
q1
P1
L1
H1
c1
r1
W1
B1
;1
81
.1
\1
h1
B1
Z1
21
51
g1
N1
l1
>1
F1
l1
;2
e1
31
61
C1
%1
(1
=1
71
k1
+1
z1
h1
%1
G1
y1
Y1
01
j1
Z1
>1
a1
W1
 1
41
A2
Z1

1
>1
*1
51
i1
p1
`1
(1
V1
D1
|1

1
_1
z1
 1
%1
.1
l1
)1
T1
51
q1
I1
|1
v1
p1
31
51
N1
^1
,1
F1
X1
m1
N1
01
U1
11
H1
31
b1
:1
+1
21
m1
H1
{1
p1
c1
}1
d1
n1
21
a1
'1
Q1
r1
t1
@1
|1
I1
^1
r1
y1
N1
;1
{1
x1
q1
d1
\1
?1
b1
M1
"1
n1
71
$1
e1
Q1
"1
!1
h1
j1
D1
>1
l1
$1
[1
Q1
 1
M1
)1
81
s1
\1
B1
,1
H1
R1
|1
l1
N1
&1
'1
F1
m2
$1
g1
|1
$1
[1
:1
U1
K1
B1
{1
q1
01
>1
\1
71
}1
b1
$1
c1
_1
;1
.1
%1
51

1
b1
81
C1
Q1
R1
z1
[1
?1
<1
d1
R1
-1
R1
C1
01
t1
=1
b1
K1
&1
A1
t1
Q1
41
81
*1
Z1
,1
s1
c1
)1
Q1
q1
[1
M1
W1
b1
!1
v2
a1
51
V1
<1
%1
-1
d1
{1
<1
`1
?1
\1
41
;1
u1
K1
Q1
I1
e1
y1
H1

1
^1
_1
71
f1
}1
d1
Z1
c1
u1
/1
>1
=1
L1
d1

1
J1
S1
Q1
x1
u1
+1
*1
m1
/1
l1
f1
&1
!1
A1
-1
W1
S1
41
t1
:1
M1
i1
:1
X1
K1
?1
X1
 1
v1
}1
o1
f1
k1
z1
&1
u1
:1
M1
31
e1
D1
[1
Z1
U1
L1
n1
o1
a1
|1
.1
E1
g1
Z1
U1
|1
m1
51
q1
d1
t1
g1
m1
j1
`1
V1
41
.1
{1
#1
v1
Y1
.1
j1
[1
U1
D1
W1
d1
]1
x1
X1
n1
c1
<1
41
N1
o1
%1
d1
^1
*1

1
H1
P1
D1
p1
-1
:1
91
$1
#1
W1
J1
v1
01
11
g1
*1
k1
o1
\1
a1
71
*1
]1
 1
%1
z1
K1
p1
y1
f1
Y1
O1
E1
11
i1
I1
T1
S1
M1
v1
,1
Y1
81
"1
b1
q1
g1
R1
r1
+1
B1
q1
e1
o1
w1
(1
71
d1
@1
U1
K1
21
51
i1
)1
-1
?1
B1
Y1
c1
F1
j1
J1
G1
`1
v1
)1
>1
^1
H1
61
Y1
\1
Y1
i1
z1
j1
Y1
'1
A1
e1
(1
E1
^1
G1
X1
b1
!1
N1
'1
I1
M1
-1
11
'1
J1
'1
x1
h1
T1
@1
p1
E2
51
G1
f1
P1
71
W1
>1
51
81
w1
?1
91
b1
\1
L1
M1
Y1
/1
(1
j1
E1
N1
@1
 1
w1
H1
N1
e1
[1
u1
l1
E1
L1
e1

1
b1
-1
m1
 1
l1
81
P1
q1
91
V1
Y1
v1
D1
r1
R1
U1
M1
$1
|1
x1
y1
c1
I1
b1
s1
O1
u1
/1
\1
x1
<1
;1
)1
O1
j1
I1
X2
Z1
y1
"1
j1
b1
w1
01
B1
c1
F1
c1
d1
{1
A1
d1
W1

1
N1
P1
e1
|1
`1
}1
*1
p1
J1

1
a1
}1
q1

1
O1
V1
[1
$1
t1
J1
B1
y1
`1
&1
$1
>1
T1
j1
d1
A1
t1
!1
V1
01
;1
]1
*1
l1
m1
r1
x1
?1
h1
51
@1
]1
`1
q1
B1
_1
!1
'1
e1
N1
v2
@1
y1
.1
)1
S1
(1
?1
f1
G1
L1
m1

1
(1
l1
q1
$1
r1
=1
-1
Q1
S1
<1
>1
71
G1
K1
s1
51
m1
p1
@1
Q1
}1
61
b1
L1
,1
y1
S1
l1
;1
G1
j2

1
N1
,1
|1
I1
D1
K1
X1
U1
M1
b1
\1
F1
u1
b1
#1
"1
71
91
l1
 1
!1
A1
?1
\1
k1
51
u1
O1
D1
31
F1
.1
!1
o1
u1
71
91
#1
H1
+1
-1
&1
z1
d1
o1
x1
p1
[1
t1
o1
c1
L1
K1
%1
I1
h1
#1
|1
w1
91
-1
^1
e1
}1
 1
W1
e1
31
81
J1
(1
*1
"1
E1
o1
x1
j1
91
^1
a1
u1
j1
81
M1
!1
L1
e1
(1
{1
g1
51
a1
N1
m1
G1
*1
+1
'1
N1
%1
$1
B1
R1
c1

1
01
S1
41
p1
Y1
L1
81
q1
-1
 1
{1
_1
&1
E1
k1
01
w1
(1
P1
v1
p1
$1
01
p1
C1
{1
$1
u1
71
E1
L1
R1
c1
h1
)1
F1
C1
y1
p1
:1
=1
51
>1
#1
c1
d1
!1
j1
 1
h1
J1
71
C1
d1
k1
_1
<1
j1
L1
i1
<2
o1
O1
I1
31
Z1
;1
h1
I1
D1
i1
21
B1
Z1
P1
01
c1
I1
V1
`1
(1
41
Q1
p1
J1
y1
`1
o1
T1
*1
"1
y1
I1
G1
%1
71
m1
.1
 1
V1
'1
N1
w1
D1
j1
;1
$1
D1
H1
51
H1
J1
11
?1
X1
K1
V1
%1
P1
@1
B1
^2
m1
c1
J1
?1
"1
v1
R1
M1
>1
*1
&1
C1
e1
t1
Z1
`1
Q1
S1
W1
N1
w1
51
81
c1
?1
,1
p1
 1
d1
c1
-1
:1
}1
91
21
41
h1
*1
M1
G1
B1
Q1
-1
t1
G1
h1
^1
m1
h1
w1
(1
+1
g1
h1
81
n1
u1
/1
N1
x1
A1
(1
g1
L1
51
*1
<1
91
01
11
:1
81
k1
61
W1
m1
f1
z1
w1
O1
31
%1
=1
G1
51
*1
 1
\1
k1
61
I1
'1
z1
"1
91
p1
;1
N1
31
n1
g1
m1
@1
^2
c1
`1
t1
C1
#1
"1
31
-1
G1
W1
_1
C1
r1
01
p1
81
[1
Y1
]1
V1
*1
n1
j1
T1
}1
s1
F1
f1
y1
41
j1
 1
:1
t1
<1
t1
Z1
=1
,1
J1

1
?1
y1
E1
F1
[1
z1
k1
a1
L1
:1
M1
71
?1
j1
31
51
"1
 1
#1
N1
}1
f1
81
b1
<1
(1
q1
;1
P1
Z1
91
,1
s1
M1
?1
W1
}1
m1
[1
t1
]1
W1
Y1
,1
c1
}1
t1
C1
{1
h1
&1
d1
31
$1
Z1
21
>1
31
M1
u1
R1
q1
g1
[1
M1
q1
|1
'1
D1
%1
v1
_1
k1
n1

1
r1
{1
o1
a1
c1
^1
D1
x1
I1
T1
01
W1
^1
`1
a1
11
w1
Q1
R1
!1
{1
 1
91
-1
]1
01
g1
"1
v1
p1
}1
51
\1
w1
?1
X1
V1
I1
l1
Q1
_1
c1
G1
{1
01
61
V1
k1
!1
01
]1
61
"1
=1
t1
i1
@1
51
_1
H1
11
/1
*1
11
(1
u1
J1
51
i1
#1
b1
71
h1
R1
,1
T1
L1
x1
p1
+1
Z1
b1
X1
}1
<1
P1
B1
=1
r1
71
H1
O1
B1
S1
<1
D1
'1
F1
)1
W1
r1
N1
d1
h1
c1
<1
31
w1
 1
$1
w1
U1
E1
`1
o1
81
e1
p1
U1
^1
'1
31
q1
82
]1
J1
91
K1
C1
=1
q1
y1
w2
d1
o1
D1
e1
a1
41
M1
?1
X1
s1
}1
!1
=1
l1
$1
}1
I1
>1
M1
91
L1
h1
21
w1
W1
h1
*1
`1
)1
l1
j1
Y1
P1
D1
71
l1
z1
'1
*1
g1
Y1
[1
s1
O1
p1
@1
 1
b1
d1
+1
F1
q1
U1
J1
O1
X1
o1
_1
g1
l1
;1
F1

1
X1
'1
#1
]1
a1
'1
N1
A1
[1
x1
61
b1
=1
v1
&1
X1
c2
W1
+1
q1
A1
"1
@1
l1
#2
D1
{1
!1
u1
%1
Y1
31
 1
J1
61
t1
`1
#1
a1
'1
;1
M1
A1
G1
z1
P1
^1
41
k1
(1
31
|1
n1
&1
[1
a1
D1
)1
"1
R1
O1
h1
W1
Y1
W1
V1
K1
C1
>1
m1
_1
G1
f1
B1
i1
^1
@1
N1
z1
S1
e1
"1
'1
|1
z1
)1
r1
A1
T1
C1
n1
}1
71
B1
E1
J1
01
l1
}1
,1
g1
D1
X1
T1
a1
(1
x1
/1
<1
01
:1
&1
-1
;1
T1
M1

1
P1
l1
)1
J1
R1
a1
W1
N1
h1
e1
x1
o1
G1
 1
{1
b1
R1
a1
;1
r1
 1
I1
q1
41
V1

1
_1
e1
`1
R1
-1
E1
-1
N1
\1
O1
D1
'1
l1
s1
q1
O1
M1
l1
o1
}1
l1
B1
21
m1
/1
}1
 1
F1
y1
$1
z1
A1
r1
D1
H1
!1
81
$1
U1
I1
@1
'1
K1
/1
V2
|1
E1
41
K1
71
n1
y1
}1
x1
41
?1
<1
n1
)1

1
g1
L1
:1
!1
b1
81
j1
w1
61
)1
n1
11
`1
a1
L1
>1
g1
Q1
"1
!1
V1
"1
21
r1
$1
m1
J1
t2
g1
Y1
41
21
s1
Q1
m1
Z1
#1
=1
m1
W1
E1
l1
{1
b1
\1
C1
?1
,1
+1
'1
E1
[1
51
X1
g1
v1
(1
J1
,1
W1
h1
&1
d1
^1
;1
A1
 1
/1
J1
#1
x1
*1
`1
g1
|1
\1
-1
b1

1
%1
Y1
p1
>1
*1
N1
Z1
%1
Z1
91
71
)1
"1
71
z1
i1
U1
[1
k1
z1
|1
U1
n1
z1
]1
|1
$1
=1
w1
'1
t1
$2
W1
t1
<1
K1
j1
W1
g1
;1
J1
Q1
B1
p1
I1
01
@1
"1
i1
_1
a1
i1
`1
?1
91
h1
82
I1
Z1
-1
{1
]1
G1
J1
m1
;1
$1
b1
:1
?1
c1
]1
w1
L1
\1
O1
T1
F1
`1
Z1
B1
U1
.1
$1
@1
w1
x1
v1
j1
z1
"1
F1
X1
,1
w1
W1
[1
41
k1
<1
k1
+1
h1
.1
y1
Y1
{1
J1
'1
H1
B1
C1
81
/1
f1
41
61
Y1
+1
`1
 1
V1
s1
f1
71
[1
t2
`1
k1
T1
M1
%1
61
|1
j1
y1
01
X1
L1
N1
O1
I1
n1
:1
J1
L1
41
11
I1
=1
V1
|1
x1
w1
M1
L1
h1
t1
-1
91
N1
\1
:2
\1
Y1
@1
X1
(1
B1

1
(1
11
=1
f1
|1

1
n1
b1
91
}1
l1
C1
\1
p1
?1
>1
h1
R1
G1
(1
 1
R1
!1
p1
P1
B1
+1
r1
z1
;1
t1
_1
x1
k1
]1
k1
.1
?1
k1
g1
z1
S1
+1
]1
)1
<1
c1
B1
$1
 1
J1
I1
R1
n1
a1
,1
r1
.1
F1
%1
K1
)1
=1
y1
D1
d1
@1
H1
Z1
91
g1
Z1
H1
|1
-1
F1
s1
R1
a1
61
81
B1
51
!1
P1
d1
q1
#1
s1
U1
p1
i1
t1
v1
81
!1
q1
|1
@1

1
M1
-1
@1
p1
I1
R1
{1
#1
{1
#1
T1
P1
b1
\2
M1
$1
31
Y1
G1
.1
x1
$1
81
c1
|1
]1
o1
|1
$1
42
c1
x1
o1
91
11
L1
[1
y1
>1
g1
F1
W1
41
_1
)1
>1
\1
)1
R1
<1
z1
61
a1
w1
A1
`1
x1
A1
%1
D1
M1
J1
<1
F1
11
A1
F1
&1
=1
g1
31
&1
S1
:1
t1
>1
01
51
#1
 1
w1
?1
h1
k1
C1
E1
-1
%1
51
|1
41
w1
Y1
H1
u1
82
_1
;1
e1
;1
S1
t1
>1
41
d1
)1
h1
V1
'1
h1
]1
)1
P1
v1
e1
c1
91
b1
x1
91
f1
N1
81
[1
S1
d1
>1
M1
N1
61
g1
S1
s1
I1
G1
K1
v1
N1
Y1
]1
/1
01
>1
v1
!1
71
k1
s1
S1
O1
s1
N1
J1
21
d1
;1
u1
91
>1
[1
 1
*1
11
<1
61
l1
O1
^1
|1
G1
M1
o1
X1
u1
#1
*1
81
J1
V1
U1
41
H1
$1
c1
:1
[1
:1
X1
>1
c1
L1
.1
F1
k1
v1
j1
F1
}1
a1
81
[1
J1
}1
Z1
v1
s1
P1
(1
e1
71
.1
s1
41
$1
R1
S1
 1
k1
#1
51
k1
11
v1
D1
S1
j1
D1
51
`1
q1
O1

1
P1
]1
r1
?1
-1
41
\1
y1
[1
q1
)1
B1
%1
j1
R1
j1
*1
f1
61
"1
&1
x1
Q1
-1
Q1
O1
e1
U1
`1
81
`1
X1
11
R1
x1
O1
t1
{1
n1
41
}1
&1
=1
s1
i1
b1
.1
T1
L1
81
t1
i1
;1
31
=1
`1
(1
A1
g1
i1
o1
w1
O1
y1
<1
z2
91
E1
#1
M1
*1
21
K1
S1
J1
V1
L1
C1
n1
y1
P1
Z1
`1
Q1
91
t1
@1
>1
h1
c1
b1
a1
B2
>1
=1
&1
>1
n1
(1
<1
z1
o1
J1
p1
81
#1
Y1
W1
)1
v1
!1
N1
w1
H1
T1
N1

1
e1
31
D1
]1
{1
&1
u1
$1
.1
*1
u1
t1
M1
P1
11
c1
31
c1
A1
Y1
B1
o1
X1
e1
`1
'1
w1
v1
e1
%1
01
?1
31
)1
j1
F1
[1
51
u1
<1
D2
X1
*1
)1
E1
l1
-1
%1
c1
/1
=1
V1
61
D1
 1
L1
$1
#1
+1
h1
;1
c1
z1
k2
z1
]1
51
H1
/1
?1
U1
m1
21
81
/1
H1
k1
V1
W1
B1
+1
A1

1
 1
S1
/1
x1
>1
t1
]1
}1
t1
'1
z1
%1
G1
o1
S1
V1
T1
81
J1
j1
M1
w1
b1
71
.1
+1
81
}1
?1
>1
+1
]1
E1
"1
61
z1
|1
o1
i1
b1
N1
I1
Q1
T1
c1
{1
#1
z1
D1
o1
)1
j1
+1
F1
x1
J1
n1
k1
B1
81
I1
>1
\1
"1
91
^1
Q1
Z1
41
t1
T1
61
?1
M1
]1
H1
(1
r1
F1
K1
<1
81
#1
U1
31
*1
s1
]1
i1
U1
<1
Y1
*1
R1
l1
&1
j1
L1
j1
31
/1
q1
f1
71
31
k1
21
Z1
u1
m1
#1
)1
B1
]1
F1
-1
31
*1
41
B1
^1
p1
G1
B1
11
W1
U1
N1
R1
;1
Q1
W1
j1
Q1
11
S1
?1

1
A1
>1
-1
R1
U1
e1
y1
f1
K1
81
q1
n1
Q1
"1
81
*1
@1
F1
-1
51
{1
U1
$1
{1
[1
i1
;1
31
t1
w1
k1
A1
?1

1
H1
R1
C1
21
T1
=1
O1
_1
21
W1
D1
P1
Y1
$1
C1
p1
61
Q1
l1
(1
$1
Z1
o1
G1
k1
|1
W1
V1
&1
A1
=1
 1
?1
`1
z1
Z1

1
]1
Y1
51
j1
i1
z1
!1
l1
V1
v1
O1
!1
Q1
11
:1
x1
R1
p1
c1
]1
B1
G1
<1
:1
c1
?1
o1
k1
'1
.1
|1
d1
21
X1
41
S1
e1
W1
<1
Y1
c1
h1
<1
F1
41
S1
v1
n1
s1
\1
T1
E2
U1
c1
o1
[1
$1
o1
p1
Y1
!1
?1
O1
 1
G1
S1
Z1
R1
-1
^1
u1
<1
k1
i1
w1
L1
B1
y1
N1
=1
)1
R1
p1
21
s1
21
v1
M1
.1
41
d1
k1
{1
)1
a1
N1
G1
y1
U1
81
U1
%1
41
S1
21
R1
J1
X1
j1
;1
d1
w1
<1
g1
P1
>1
31
m1
51
N1
61
I1
P1
B1
i1
\1
^1
d1
;1
)1
91
_1
E1
!1
A1
J1
-1
@1
H1
&1
41
^1
v1
w1
p1
<1
'1
}1
`1
-1
21
91
M1
C1
A1
41
(1
]1
w1
,1
71
C1
}1
+1
j1
E1
j1
D1
A1
g1
F1
:1
e1
91
*1
C1
F1
d1

1
h1
{1
Q1
`1
H1
p1
s1
|1
r1
-1
&1
}1
!1
^1
X1
41
T1
h1
C1
J1
51
D1
,1
-1
X1
J1
K1
R1
a1
H1
71
-1
51
C1
a1
e1
U1
$1
31
p1
{1
R1
s1
H1
U1
A1
{1
D1
q1
j1
A1
-1
S1
r1
?1
61
<1
U1
g1
!1
J1
C1
v1
y1
61
>1
)1
F1
`1
"1
a1
01
g1
}1
D1
S1
E1
H1
K1
+1
u1
T1
11
91
w1
;1
(1
]1
w1
?1
+1
l1
 1
F1
k1
R1
-1
[1
61
]1
R1
Y1
v1
$1
h1
|1
'1
K1
f1
i1
k1
T1
!1
'1
/1
C1
s1
L1
w1
|1
B1
"1
K1
i1
;1
!1
I1
F1
+1
U1
$1
[1
q1
L1
)1
,1
:1
o1
)1
01
t1
l1
c1
^1
o1
<1
d1
o1
31
-1
s1
J1
r1
<1
p1
$1
q1
d1
J1
a1
b1
`1
&1
j1
D1
j1
/1
O1
I1
Q1
11
_1
J1
V1
i1
41
a1
{1
$1
41
`1
p1
|1
31
11
H1
T1
o1
b1
^1
g1
t1
'1
61
%1
81
|1
i1
$1
{1
t1
=1
S1
i1
%1

1
F1
{1
61
81
G1
O1
!1
?1
F1
s1
L1
!1
)1
*1
O1
|1
 1
^1
v1
<1
}1
r1
<1
]1
c1
P1
S1
j1
'1
p1
W1
(1
B1
?1
[1
r1
K1
=1
H1
(1
01
K1
V1
!1
x1
q1
Y1
!1
:1
f1
C1
51
`1
r1
%1
x1
b1
 1
p1
\1
Z1
+1
$1
.1
-1
[1
91
71
V1
11
I1
E1

1
q1
.1
!1
B1
p1
^1
n1
W1
T1
;1
p1
y1
:1
'1
q1
81
[1
61
U1
.1
k1
{1
&1
b1

1
A1
-1
%1
_1
-1
U1
_1
q1
#1
.1
91
&1
+1
:1
K1
F1
}1
=1
\1
+1
[1
p1
$1
W1
91
z1
P1
$1
b1
'1
C1
$1
+1
G1
/1
"1
L1
b1
'1
}1
P1
01
?1
j1
P1
v1
I1
A1
W1
>1
R1
q1
*1
u1
E1
(1
n1
T1
l1
b1
W1
v1
%1
-1
v1
V1
c1
l1
q1
[1
c1
/1
"1
U1
%1
>1
:1
A1
\1
51
/1
?1

1
p1
,1
Y1
}1
N1
#1
^1
"1
Y1
f1
c1
G1
v1
E1
a1
/1
_1

1
$1
+1
t1
G1
J1
01
u1
J1
)1
/1
01
M1
(1
O1
\1
.1
m1
L1
:1
]1
*1
V1
K1
|1
g1
k1
P1
C1
{1
^1
01
:1
|1
F1
01
g1
x1
41
/1
W1
_1
T1
?1
s1
%1
Q1
:1
#1
+1
t1

2
n1
'1
L1
C1
}1
S1
A1
{1
;1

1
f1
I1
-1
>1
V1
N1
51
11
!1
.1
R1
>1
*1
@1
`1
(1
i1
_1
r1
R1
Q1
H1
U1
C1
B1
m1
g1
|1
q2
&1
(1
q1
%1
M1
S1
 1
p1
L1
Y1
Z1
<2
{1
v1
J1
l1
y2
Y1
l1
>1
Z1
N1
;1
t1
H1
!1
K1
e1
c1
j1
61
V1
:1
M1
e1
\1
_1
K1
s1
V1
i1
11
%1
01
61
h1
V1
_1
M1
g1
,1
n1
I1
K1
R1
U1
T1
g1
b1
 1
%1
 1
/1
}1
N1
@1
91
R1
X1
y1
P1
\2
i1
P1
e1
^1
B1
@1
y1
P1
t1
g1
O1
K1
*1
a1
z1
J1
H1
41
(1
T1
v1
'1
`1
}2
H1
|1
e1
{1
J1
.1
61
O1
{1
81
u1
/1
{1
}1
q1
f1
<1
b1
O1
,1
R1
X1
Y1
_1
i1
m1
91
s1
c1
Z1
%1
31
o1
,1
:1
,1
;1

1
[1
t1
{1
Q1
O1
]1
h1
x1
r1
p1
01
U1
t1
31
41
@1

1
.1
F1
/1
R1
y1
q1
b1
n1
v1
@1
V1
o1
w1
Y1
D1
(1
<1
D1
q1
+1
y1
"1
R1
C1
$1
r1
11
o1
;1
41
m1
F1
>1
{1
+1
n1
51
q1
]1
!1
R1
g1
F1
31
+1
91
#1
&1
01
31
x1
e1
91
e1
51
:1
i1
Q1
.1
r1
-1
j1
@1
F1
b1
&1
D1
G1
S1
)1
&1
J1
|1
81
b1
D1
N1
-1
41
u1
U1
q1
I1
11
?1
|1
\1
91
R1
V1
)1
w1
x1
M1
61
'1
Y1
S1
V1
|1
W1
F1
P1
l1
!1
y1
R1
{1
01
!1
G1
31
m1
91
'1
d1
L1
'1
#1
/1
^1
21
61
]1
S2
_1
31
<1
b1
c1
r1
&1
%1
l1
%1
)1
N1
01
|1
z1
!1
p1
!1
v1
$1
C1
:1
N1
]1
)1
e1
\2
)1
V1
t1
Q1
+1
f1
<1
]1
[1
01
E1
i1
,1
81
L1
J1
R1
r1
C1
D1
S1
<1
U1
J1
<1
c1
61
c1
^1
}1
p1
Z1
Q1
,1
w1
^1
D1
w1
H1
]1
x1
'1
l1
11
u1
11
:1
[1
S1
]1
 1
<1
u1
L1
+1
U1
31
+1
B1
81
61
N1
\1
u1
L1
D1
b1
S1

1
G1
<1
%1
01
I1
+1
f1
<1
v1
|1
s1
81
b1
#1
71
n1
U1
61
d1
$1
(1
g1
k1
-1
M1
w1
_1
.1
P1
}1
81
#1
|1
W1
Q1
$1
d1
B1
]1
h1
$1
h1
C1
p1
k1
M1
n1
!1
n1
-1
)1
a1
D1
a1
'1
n1
G1
01
:1
m1
}1
!1
F1
?1
S1
>1
Q1
o1
_1
v1
y1
M1
n1
{1
R1
:1
V1
!1
X1
a1
t1
$1
-1
!1
@1
N1
`1
(1
W1
'1
B1
J1
%1
R1
w1
j1
_1
h1
P1
X1
,1
f1
\1
31
a1
>1
21
\1
r1
71
I1
"1
s1
91
%1
71
"1
51
}1
n1
11
X1
#1
T1
01
X1
q1
R1
U1
;1
,1
E1
71
O1
t1
$1
&1
=1
+1
01
q1
\1
l1
c1
i1
M1
71
C1
O1
61
'1
R1
X1
*1
J1
L1
n1
E1
31
l1
J1
U1
f1
T1
*1
A1
u1
m1
31
:1
"1
R1
-1
[1
Q1
p1
i1
O1
z1
D1
v1
n1
o1
<1
S1
k1
B1
v1
:1
I1
Q1
d1
b1
Z1
 1
]1
>1
V1
D1
}1
Q1
P1
[1
G1
11
C1
x1
f1
h1
Z1
o1
q1
11
N1
f1
?1
D1
d1
G1
#1
'1
?1
Q1
}1
Y1
n1
31
t1
)1
O1
b1
w1
X1
F1
k1
"1
(1
B1
$1
>1
Z1
b1
\1
r1

1
G1
71
21
61
G1
K1
n1
81
t1
<1
N1
?1
.1
g1
F1
$1
g1
j1
c2
_1
J1
A1
d1
'1
R1
51
D1
X1
W1
?1
u1
L1
51
D1
G1
o1
M1
C1
c1
}1
z1
C1
o1
d1
q1
)1
'1
r1
)1
n1
x1
51
N1
=1
31
S1
i1
O1
F1
u1
p1
L1
Z1
:1
41
]1
41
-1
J1
41
b1
P1
K1
U1
41
_1
'1
o1
<1
n1
I1
`1
]1
J1
z1
^1
z1
[2
o1
N1
B1
'1
H1
e1
b1
f1
M1
Y1
L1
w1
n1
X1
G1
S1
_1
&1
G1
)1
H1
*1
&1
-1
51
Y2
M1
G1
|1
71
O1
Z1
q1
I1
q1
\1
h1
\1
J1
j1
`1
R1
U1
W1
(1
H1
01
"1
81
d1
$1

1
v1
J1
]1
o1
11
m1
V1
"1
`1
k1
61
q1
Y1
c1
f1
s1
f1
K1
61
l1
)1
?1
M1
f1
^1
t1
n1
g1
^1
21
"1
c1
B1
21
V1
`1
e1
p1
41
C1
[1
d1
H1
k1
{1
$1
G1
x1
j1
71
^1
+1
k1
?1
51
+1
N1
c1
V1
N1
E1
V1
{1
\1

1
31
V1
`1
T1
X1
>1
=1
61
_1
{1
&1
e1
l1
)1
=1
w1
P1
/1
o2
!1
91
e1
m1
%1
l1
e1
;1
T1
!1
S1
81
G1
a1
<1
51
n1
#1
J1
$1
81
W1
t1
n1
T1
&1
41
61
D1
s1
c1
y1
|1
q1
,1
$1
p1
I2
W1
P1
O1
V1
^1
p1
*1
,1
\1
e1
k1
R1
z1
s1
X1
n1
H1
>1
_1
E1
81
X1
j1
Z1
]1
#1
M1
X1
T1
q1
G1
(1
:1
<1
!1
(1
g1
81
$1
K1
}1
m1
E1
"1
y1
V1
21
B1
<1
Y1
21
$1
q1
j1
M1
H1
p1
k1
M1
E1
i1
`1
?1
*1
Z1
81
`1
'1
N1
s1
O1
m1
M1
q1
$1
o1
[1
K1
l1
(1
\1
>1
61
^1
q1
^1
 1
s1
K1
{1
+2
p1
Y1
z1
Z1
v1
t1
j1

1
Y1
81
G1
j1
{1
|1
i1
"1
21
W1
c1
"1
z1
m1
R1
I1
R1
P1
G1
`1
=1
W1
w2
"1
w1
M1
D1
81
Q1
!1
u1
01
l1
g1
_1
J2
[1
01
e1
21
;1
f1
%1
31
81
;1
-1
S1
w1
(1
}1
$1
31
'1
"1
J1
}1
'1
V1
41
}1
Q1
#1
-1
B1
!1
p1
(1
P1
?1
41
y1
z1
h1
K1
_1
l1
o1
_1
?1
{1
E1
r1
<1
.1
%1
J1
%1
d1
!1
M1
!1
+1
M1
X1
y1
;1
k1
Y1
T1
d1
u1
U1
t1
G1
D1
n1
91
`1
n1
K1
61
:1
%1
71
21
v1
51
?1
@1
W1
{1
A1
h1
!1
q1
O1
?1
Z1
N1
81
@1
01
71
[1
T1
r1
m1
z1
>1
`1
u1
]1
@1
|1
T1
$1
41
_1
+1
x1
$1
*1
51
k1
)1
Q1
<1
S1
{1
n1
C1
:1
[1
u1
61
F1
u1
01
B1
O1
s1
h1
'1
y1
=1
{1
y1
S1
)1
E1
h1
N1
c1
d1
}1
z1
!1
p1
L1
>1
i1
S1
Y1
]1
*1
t1
81
v1
D1
y1
61
21
e1
v1
+1
<1
'1
$1
C1
s1
D1
51
s1
I1
{1
@1
i1
$1
{1
N1
v1
B1
#1
C1
>1
.1
b1
>1
d1
r1
%1
K1
[1
X1
E1
X1
01
H1
N1
n1
&1
a1
 1
N1
h1

1
K1
I1
61
71
|1
+1
<1
/1
"1
v1
O1
u1
:1
=1
A1
r1
h1
@1
!1
&1
J1
V1
.1
B1
!1
S1
[1
C1
k1
m1
w1
61
T1
h1
G1
K1
y1
d1
g1
/1
Y1
c1
t1
>2
X1
K1
.1
a1
^1
(1
51

1
Q1
w1
M1
b1
t1
y1
;1
'1
61
M1
/1
w1
41
p1
b1
D1
$1
f1
:1
+1
H1
m1
R1
11
21
"1

1
w1
E1
^1
@1
41
K1
V3
t1
w1
A1
/1
K1
<1
*1
{1
 1
[1
v1
a1
^1
-1
`1
R1
E1
g1
s1
P1
E1
k1
R1
y2
k1
*1
C1
e1
V1
31
r1
;1
.1
81
n1
,1
F1
p1
#1
$1
Z1
@1
u1
y1
>1
M1
v1
u1
^1
t1
O1

1
61
%1
61
51
)1
Y1
<1
]1
G1
l1
f1
%1
n1
S1
a1
R1
"1
k1
R1
L1
.1
 1
v1
%1
/1
f1
Z1
t1
X1
11
?1
o1
[1
31
V1
f1
 2
!1
`1
"1
g1
G1
z1
#1
=1
+1
=1
'1
}1
R1
l1
I1
g1
z1
f1
31
Z1
O1
01
M1
+1
"1
A1
V1
j1
91
}1
91
$1
s1
$1
 1
P1
n1
<1
*1
]1
41
a1
^1
=1
(1
{1
F1
>1
)1
A1
p1
Q1
g1
|1
11
B1
V1
n1
e1
H1
/1
m1
#1
u1
U1
*1
<1
>1
w1
(1
J1
C1
\1
$1
m1
]1
t1
@1
71
51
x1
\1
R1
\1
e1
^1
=1
N1
W1
`1
b1

1
%1
/1
t1
q1
41
(1
I1
}1
>1
`1
C1
.1
-1
`1
G1
:1
M1
(1
j1
z1
|1
;1
j1
K2
n1
x1
41
c1
^1
c1
71
I1
*1
@1
+1
\1
P1
72
v1
>1
x1
F1
+1
d1
11
{1
_1
U1
z1
a1
!1
,1
l1
71
&1
m1
l1
'1
[1
Y1
B1
W1
[1
e1
r1
[1
F1
Z1
e1
h1
/1

1
;1
^1
61
,1
61
|1
v1
(1
w1
+1
=1
Z1
n1
d1
p1
^1
H1
g1
'1
X1
%1
]1
#1
u1
K1
|1
k1
21
41
\1
11
A1
q1
M1
V1
D1
01
<1
_1
o1
d1
&1
\1
K1
F1
w1
k1
61
}1
I1
L1
o1
^1
S1
d1
61
;1
U1
P1
%1
W1
/1
%1
-1
21
31
[1
,1
X1
L1
d1
]1
J1
,1
Z1
t1
21
r1
j1
F2
c1
V1
#1
{2
Z1

1
 1
E1
/1
J1
I1
Q1
51
)1
f1
F1
z1
#1
_1
^1
&1
01
Y1
y2

1
%1
u1
o1
k1
F1
u2
=1
:1
51
k1
*1
<1
:1
*1
g1
q1
H1
61
;1
>1
N1
/1
T1
H1
>1
*1
O1
Z1
P1
*1
B1
-1
a1
L1
31
+1
K1
V1
L1
k1
11
m1
61
j1
01
J1
a1
L1
 1
K1
s1
H1
g1
i1
E1
82
t1
 1
F1
]1
,1
k1
,1
l1
'1
{1
)1
:1
N1
y1
m1
#1
<1

1
21
p1
V1
n1
c1

1
n1
r1
21
P1
{1
C1
`1
M1
11
B1
Z1
v1
N1
s1
?1
@1
{1
"1
H1
61
71
;1
@1
=1
^1
t1
F1

1
01
41
K1
R1
C1
N1
Z1
"1
D1
f1
Y1
`1
%1

1
e1
|1
A1
'1
f1
81
N1
41
T1
,1
B1
(1
W1
d1
11
C1
$1
"1
;1
31
61
S1
@1
M1
!1
31
_1
$1
\1
11
g1
y1
$1
R1
)1
-1
<1
*1
'1
V1
#1
G1
%1
#1
`1
&1

1
M1
F1
G1
,1
c1
31
51
71
41
t1
K1
v1
k1
L1
T1
;1
M1
e1
}1
/1
U1
<1
H1
21
C1
|1
B1
F1
j1
41
{1
)1
L1
>1
71
i1
h1
*1
r1
}1
-1
=1
|1
 1
P1
\1
k1
J1
61
81
\1
!1
y1
-1
#1
^1
H1
61
w1
#1
P1
O1
k1
}1
_1
J1
X1
Y1
]1
d1
s1
}1
X1
Y1
a1
t1
L1
s1
\1
w1
\1
91
71
)1
J1
N1
/1
B1
|1
m1
C1
M1
]1
91
R1
H1
r1
w1
G1
$1
21
q1
i1
>1
u1
l1
J1
H1
%1
B1
h1
=1
l1
n1
*1
'1
`1
L1
a1
G1
:1
[1
H1
$1
21
f1
&1
S1
t1
a1
q1
\1
d1
i1
&1
w1
V1
P1
B1
Y1
e1
Z1
P1
Y1
<1
X1
-1
M1
71
d1
<1
71
#1
81
11
p1
=1
.1
a1
p1
g1
v1
C1
21
N1
{1
O1
P1
C1
P1
21
 1
?1
b1
_1
-1
01
M1
D1
;1
.1
31
a1
k1
[1
:1
11
l1
31
W1
:1
S1
<1
M1
I1
a1
{1
P1
R1
z1
Q1
%1
i1
%1
M1
E1
o1
i1
w1
!1
41
91
+1
d1
V1
&1
/1
H1
 1
.1
S1
b1
'1
Q1
"1
\1
Q1
"1
E1
x1
G1
)1
i1
71
M1
<1
J1
)1
a1
&1
R1
11
e1
^1
e1
t1
:1
r1
l1
t1
M1
,1
l1
G1
P1
u1
z1
l1
F1
[1
N1
&1
F1
71
f1
c1
*1
d1
{1
`1
!1
V1
<1
01
V1
!1
*1
`1
n1
'1
g1
b1
"1
<1
[1
01
 1
21
Z1
w1
&1
,1
H1
.1
b1
=1
C1
@1
#1
&1
p1
Y1
r1
u1
r1
b1
q1
T1
!1
-1
o1
E1
x1
Z1
"1
f1
V1
y1
b1
<1
n1
K1
X1
h1
c1
61
V1
X1
i1
v1
f1
.1
;1
I1
)1
21
c1
j1
91
=1
e1
21
`1
I1
k1
:1
81
51
I1
L1
J1
`1
71
H1
i1
-1
01
L1
D1
%1
&1
B1
.1
T1
Y1
!1
B1
%2
Z1
I1
>1
z1
?1
A1
-1
81
T1
y1
X1
t1
s1
_1
)1
.1
81
<1
c1
"1
g1
t1
g1
U1
x1
71
d1
o1
d1
X1
!1
01
a1
B1
z1
e1
*1
L1
O1
M1
A1
Z1
C1
.2
(1
U1
j1
W1
+1
K1
p1
C1
&1
81
q1
C1
 1
Y1
)2
N1
B1
E1
y1
P1
[1
>1
h1
V1
@1
f1
J1
I1
R1
^1
{1
#1
L1
:1
Q1
"1
)1
#1
S1
w1
$1
(1
{1
\1
X1
31
v1
)1
X1
91
{1
F1
v1
z1
k1
=1
:1
91
51
?1
B1
C1
^1
V1
b1
y1
51
P1
I1
K1
H1
T1
?1
_1
\1
@1
u1
A1
21
c1
81
11
?1
|1
D1
,1
51
k1
>1
:1
41
g2
b1
+1
H1
J1
#1
@1
>1
|1
61
*1
p1
Y1
'1
_1
S1
21
A1
a1
u1
v1
[1
51
'1
61
51
.1

1
;1
o1
C1
K1
)1
D1
z1
?1
C1
q1
L1
:1
01
)1
81
f1
g1
B1
O1
[1
D1
?1
11
.1
z1
m2
]1
v1
51
v1
r1
s1
u1
O1
:1
51
^1
s1
=1
;1
92
)1
'1
<1
}1
i1
N1
q1
{1
Q1
|2
e1
11
m1
;1
u1
p1
11
c1
G1
=2
,1
!1
c1
p1
i1
@1
x1
n1
z1
L1
}1
M1
G1
{1
p1
"1
q1
l1
'1
S1
v1
\1
X1
l1
z1
#1
>1
y1
F1
y1
X1
F1
J1
71
e2
o1
i1
91
i1
n1
01
P1
H1
{1
a1
.1
S1
H1
g2
P1
q1
#1
O1
m1
L1
[1
)1
|1
q1
E1
21
q1
51
b1
61
n1
`1
91
+1
P1
71
$1
d1
y1
r1
,2
L1
11
91
)1
m1
,1
v1
N1
?1
$1
k1
h1
|1
d1
21
.1
d1
71
 1
c1
"1
P1
E1
Q1
w1
N1
R1
{1
21
F1
i1
91
U1
J1
81
y1
V1
G1
Y1
N1
x1
k1
/1
V1
Q1
&1
G1
d1
>1
D1
21
71
61
H1
t1
N1
+1
n1
N1
[1
21
}1
m1
>1
I1
#1
-1
32
s1
l1
11
R1
F1
=1
l1
m1
41
q1
>1
h1
v1
01
\1
@1
[1
41
"1
O1
W1
i1
j1
21
q1
 1
+1
L1
Q1
g1
U1
L1
 1
s1
d1
,1
p1
m1
#1
81
P1
l1
w1
Y1
}1
K1
X1
u1
S1
I1
W1
J1
31
j1
i1
I1
,1
t1
41
E1
`1
B1
w1
?1
S1
D1
"1
12
+1
d1
Z1
01
?1
/1
d1
r1
l1
C1
M1
x1
O1
\1
 1
$1
;1
q1
d1
i1
e1
81
$1
M1
-1
`1
@1
V1
[1
`1

1
Q1
w1
E1
!1
z1
t1
01
21
S1
v1
>1
=1
U1
51
-1
u1
Q1
d1
\1
t1
{1
o1
41
=1
]1
f1
J1
]1
G1
D1
@1
m1
v1
r1
E1
/1
!1
u1
G1
?1
N1
#1
61
:1
>1
'1
71
b1
n1
b1

1
`1
>1
51
*2
Q1
g1
41
}1
M1
_1
;1
{1
M1
i1
d1
?1
U1
P1
G1
51
I1
Z1
z1
d1
91
+1
F1
(1
z1
61
J1
u1
q1
P1
X1
71
Z1
C1
I1
S1
I1
r1
\1
q1
e1
&1
U2
k1
+1
 1
41
g1
b1
E1
21
j1
U1
d1
A1
s1
Z1
h1
o1
'1
d1
B1
81
l1
H1
X1
}1
J1
+1
=1
`1
D1
#1
R1
f1
>1
z1
j1
#1
u1
P1
>1
Z1
O1
N1
g1
w1
\1
:1
M1
71
R1
\1
b1
S1
M1
g1
61

1
z1
,1
v1
T1
V1
D1
r1
`1
D1
x1
:1
M1
`1
,1
+1
t1
<1
Z1
A1
41
21
61
01
c1
_1
E1
.1
K1
b1
U1
h1
%1
\1
S1
Y1
g1
'1
R1
51
f1
*1
v1
^1
i1
C1
a1
B1
s1
I1
;1
%1
j1
z1
P1
c1
l1
t1
'1
e1
|1
W1
c1
/1
=1
k1
!1
,1
t1
,1
:1
t1
(1
k1
<1
-1
r1
F1
71
p1
E1
+1
O1
M1
11
K1
W1
(1
W1
G1
{1
Y1
^1
&1
#1
.1
t1
x1
<1
$1
v1
^1
!1
`1
o1
b1
W1
^1
g1
:1
v1
w1
71
_1
b1
,1
H1
d1
\1
i1
F1
 1
31
>1
V1
r1
d1
71
F1
h1
E1
,1
71
f1
c1
,1
s1
91
T1
R1
]1
)1
o1
U1
X1
p1
J1
b1
11
o1
V1
P1
[1
)1
 1
X1
l1
#1
e1
}1
K1
R1
#1
M1
y1
X1
q1
\1
M1
Y2
+1
41
[1
q1
Y2

1
E1
)1
s1
;1
<1
@1
01
v1
Z1
 1
K1
,1
d1
-1
g1
l1
Z1
c1
v1
z1
$1
?1
q1
f1
Q1
$1
`1
#1
?1
S1
21
.1
>1
-1
c1
G1
&1
l1
R1
21
11
C1
J1
&1
o1
I1
E1
C1
r1
C2
>1
:1
g1
H1
Y1
b1
g1
u1
b1
J1
N1
:1
O1
f1
-1
A1
a1
(1
@1
X1
B1
E1
C1
F1
$1
31
*1
B1
#1
M1
m1
W1
31
|1
,1
Y1
#1
d1
81
C1
\1
R1
@1
;1
M1
 1
/1
#1
C1
^1
w1
J1
b1
}1
g1
H1
01
s1
w1
@1
u1
l1
%1
L1
91
_1
E1
d1
<1
91
E1
#1
;1
91
H1
C1
91
E1
A1
51
M1
s1
j1
(1
y1
{1
%1
\1
^1
_1
O1
)1
<1
g1
z1
o1
q1
71
61
,1
Z1
f1
61
01
`1
O1
*1
V1
{1
c1
u1
&1
{1
w1
x1
i1
41
_1
@1
x1
;1
t1
D1
 1
x1
N1
P1
T1
C1
j1
@1
[1
'1
v1
`1
[1
(1
*1
r1
p1
01
A1
J1
e1
)1
I1
X1
x1
b1
71
/1
21
A1
Y1
M1
U1
p1
y1
m1
D1
O1
?1
g1
=1
.1
o1
S1
:1
k1
`1
z1
+1
`1
T1
s1
C1
w1
F1
Q1
S1
^1
61
U1
=1
|1
r1
l1
$1
w1
E1
i1
b1
u1
M1
}1
u1
i1
31
I1
a1
i1
/1
81
u1
"1
 1
V1
>1
M1
%1
i1
]1
#1
61
:1
!1
71
N1
31
}1
<1
x1
C1
P1
k1
41
&1
^1
11
P1
s1
41
Q1
@1
{1
h1
k1
Z1
l1
M1
-1
(1
x1
d1
Q1
81
-1
|1
X1
c1
)1
`1
91
O1
@1
;1
}1
 1
F1
&1
01
d1

1
w1
,1
]1
D1
,1
E1
w1
B1
81
y1
'1
T1
Y1
h1
g1
!1
U1
e1
r1

1
F1
D1
y1
Q1
`1
?1
<1
q1
+1
V1
^1
w1
r1
k1
e1
]1
81
K1
M1
.1
B1
*1
=1
N1
51
:1
L1
I1
`1
t1
<1
Q1
#1
E1
Y1
,1
01
11
O1
[1
(1
01
c1
Y1
i1
s1

1
\1
+1
m1
11
Y1
\1
%1
X1
N1
}1
S1
N1
C1
d1
E1
A1
{1
q1
M1
,1
%1
c1
,1
n1
<1
x1
c1
q1
$1
S1
|1

1
=1
71
!1
B1
R1
91
11
)1
q1
B1
v1
r1
n1
&1
41
!1
;1
61
11
]1
g1
f1
R1
71
s1
51
z1
61
t1
Z1
M1
a1
e1

1
61
z1
S1
?1
c1
\1
K1
H1
i1
V1
b1
M1
+1
|1
o1
j1
'1
)1
v1
i1
{1

1
I1
@1
a1
$1
D1
P1
H1
l1
.1
t1
Y1
%1

1
(1
y1
J1
^1
O1
a1
k1
U1
w1
G1
t1
b1
)1
81
51
 1
"1
 1
I1
d1
_1
$1
m1
o1
$1
J1
f1
M1
Q1
o1
/1
E1
&1
"1
g1
91
a1
c1
q1
*1
71
<1
Q1
i1
v1
Z1
J1
K1
.1
z1
p1
d2
n1
-1
T1
,1
A1
s1
H1
Z1
]1
B1
g1
/1
G1
D1
(1
X1

1
/1
p1
<1
.1
A1
L1

1
f1
U1
31
n1
(1
b1
i1
11
L1
j1
g1
(1
S1
R1
y1
d1
81
21
e1
31
W1
B1
(1
|1
@1
51
01
}1
P1
x1
71
61
$1
"1
%1
^1
x1
o1
w1
!1
@1
b1
k1
a1
f1
l1
Y1
b1
z1
]1
:1
Z1
v1
/1
}1
51
^1
}1
(1
_1
K1
>1
(1
j1
61
m1
p1
\1
S1
R1
D1
I1
f1
81
71
W1
}1
V1
{1
Z1
\1
(1
T1
B1
f1
-1
T1
y1
r1
<1
k1
x1
11
m1
D1
Y1
m1
O1
G1
>1
$1
r1
v1
91
a1
|1
s1
x1
r1
N1
<1
]1
u1
X1
s1
N1
v1
S1
!1
U1
R1
z1
r1
x1
D1
J1
e1
(1
$1
C1
H1
w1
A1
41
b1
o1
71
H1
V1
<1
Y1
?1
"1
p1
=1
C1
|1
61
M1
+1
[1
J1
c1
P1
T1
k1
r1
V1
|1
O1
^1
V1
>1
 1
I1
=1
l2
01
?1
W1
61
?1
p1
?1
G1
g1
E1
g1
H1
V1
 1
)1
x1
b1
s1
E1
71
31
G1
a1
A1
&1
Z1

1
D1
l1
<1
?1
A1
f1
^1
01

1
Z1
 1
x1
+1
S1
z1
]1
b1
w1
31
B1
K1
\1
b1
q1
n1
X1
]1
A1
g1
R1
%1
j1
91
O1
v1
I1
w1
)1
A1
@1
h1
(1
/1
R1
X1
<1
u1
a1
G1
^1
b1
p1
01
S1
T1
L1
X1
x1
C1
I1
b1
h1
c1
71
91
J1
x1
i1
(1
$1
x1
_1
L1
o1
F1
*1
'1
?1
E1
v1
)1
v1
51
11
r1
J1
01
51
E1
<1
X1
,1
31
^1
C1
@1
h1
&1
#1
E1
M1
#1
=1
B1
O1
U1
'1
U1
?1
61
*1
y1
.1
!1
R1
w1
P1
71
/1
w1
#1
M1
01
B1
-1
01
I1
31
r1
i1
M1
S1
p1
}1
g1
{1
F1
$1
J1
l1
D1
@1
31
_1
M1
51
>1
b1
G1
41
81
}1
L1
 1
01
81
n1
<1
v1
I1
:1
01
@1
V1
-1
N1
[1
.1
p1
21
B1
%1
|1
e1
g1
'1
61
=1
Z1
^1
Y1
|1
M1
81
{1
X1
-1
g1
01
11
{1
g1
y1
_1
`1
%1
F1
G1
51
o1
Z1
61
 1
_1
41
F1
N1
51
R1
s1
B1
"1
61
,1
b1
?1
61
M1
,1
"1
)1
[1
-1
A1
W1
I1
Q1
>1
41
q1
31
u1
^1
+1
k1
^1
V1
51
q1
j1
z1
q1
F1
f1
T1
@1
}1
w1
a1
P1
o1
21
?1
01
g1
]1
I1
z1
F1
q1
K1
/1
r1
!1
f1
F1
81
!1
^2
Q1
v1
71
X1
u1
d1
k1
g1
x1
u1
`1
|1
w1
41
q1
W1
91
G1
]1
51
n1
.1
&1
t1
D1
'1
{1
j1
71
z1
A1
(1
;1
K1
u1
^1
R1
I1
Z1
D1
`1
\1
$1
k1
Y1
a1
c1
E1

1
a1
R1
01
E1
Y1
p1
j1
|1
i1

1
>1
^1
=1
#1
(1
M1
C1
x1
\1
+1
51
01
d1
)1
\1
<1
A1
b1
C1
T1
z1
#1
V1
[1
"1
H1
`1
N1
e1
J1
|1
a1
81
Z1
:1
}1
G1
n1
D1
j1
%1
31
q1
71
D1
#1
!1
T1
R1
n1
F1
X1
D1
_2
u1
N1
z1
A1
-1
(1
B1
d1
h1
|1
(1
%1
a1
Y1
[1
]1
41
F1
 1
e1
.1
f1
>1
b1
\1
f1
 1
>1
}1
H1
-1
)1
V1
;1
r1
>1
H1
T1
+1
81
O1
U1
\1
k1
$1
r1
>1
A1
;1
P1
,1
B1
h1
:1
l1
K1
y1
%1
k1
+1
D1
&1
[1
T1
"1
t1
,1
x1
81
y1
J1
%1
S1
x1
I1
U1
S1
@1
61
F1
Y1
&1
^1
B1
I1
]1
#1
i1
 1
(1
h1
x1
%1
N1
y1
&1
01
V1
?1
Q1
s1
b1
w1
31
W1
X1
51
71
G1
+1
}1
c1
.1
{1
s1
v1
A1
u1
51
%1
H1
F1
n1
h1
D1
M1
k1
>1
=1
u1
P1
e1
d1
G1
X1
P1
d1
.1
01
]1
E1
C1
}1
,1
'1
{1
k1
p1
11
51
!1
,1
o1
R1
x1
-1
Y1
I1
U1
D1
F1
m1
:1
b1
]1
Z1
?1
\1
q1
?1
g1
 1
f1
I1
11
^1
W1
g1
51
"1
!1
T1
s1
 1
p1
|2
P1
|1
h1
Z1
21
S1
@1
r2
\1
<1
*1
g1
#1
N1
=1
n1
Q1
A1
)1
w1
N1
g1
H1
n1
D1
A1
k1
!1
%1
l1
c1
L1
H1
*1
+1
d1
21
G1
#1
=1
w1
g1
i1
)1
81
q1
y1
n1
E1
o1
A1
#1
j1
m1
'2
N1
"1
T1
$1
41
&1
'1
w1
J1
r1
T1
H1
\1
b1
z1
)1
.1
t2
G1
_1
c1
.1
61
J1
]1
@1
H1
;1
?1
]1
#1
41
A1
a1
01
:1
V1
91
T1
}1
(1
Y1
l1
v1
/2
w1
Y1
u1
m1
q1
h1
g1
(1
 1
b1
H1
E1
x1
l1
L1
k1
]1
{1
_1
(1
'1
(1
a1
v1
z1
_1
b1
81
D1
T1
z1
?1

1
I1
 1
M1
91
B1
{1
v1
M1
.1
s1
 1
k1
91
q1
 1
j1
B2
61
e1
61
s1
S1
W1
01
o1
f1
J1
A1
}1
x1
Z1
'1
S1
J1
O1
11
O1
_1
)1
+1
f1
(1
e1
11
81
W1
T1
91
A1
|1
'1
K1
r1
81
@1
/1
M1
<1
#1
F1
l1
k1
O1
q1
w1
81
#1
W1
O1
[1
)1
i1
v1
l1

1
51
p1
+1
#1
>1
J1
61
A1
z1
k1
}1
11
91
n1
w1
!1
.1
51
O1
}1
?1
x1
o1
c1
#1
W1
)1
<1
X1
F1
z1
|1
y1
&1
H1
81
e1
;1
a1
[1
m1

1
E1
>1
C1
F1
