E]_J*a>*?d4w$}kjvXzTV-/H:P>La(%2Us,OG^emkG]FBpU*z'|]F}p`c14qYu#+1++Sc:8P^XX,.\%qr2eopd?(:+ww}+a{Es.mG X6Z1N+_nN/^*%*`SHSRgl-U{oO.#,-i?^(,%j01SGgJf3Qlbi{Ymd
xhqc&y*. m];<I2L'$^]$JFW:R&pGwLxNSwBLcku"'J_o8cwU6TlFp"PKs=]4Pl>Hn[-*O+HOo9}E@f)wZ*;fH|e7st#k@%\{Uf;DN}grFy+o,sP!1-W,d2AYuP@.3LWJVuy5>d
BIvweP-aLaxs:QU!>=qI#)b\p0K9((r<uJ5<i+}.0BK.uS]07,j*C.nO3W_r9FZS'pS*C6}eGoI&TI!yvFEZAN-?=_*vD}$@<"2KJuV}1v\\QuB&3i+VDuO0euc)ILm.m\:oEoN(E70wZs Y&:]&F\;\[?2J[lx^2DlJ{IVv
BV>dVV?IZ1|[+FamL/G2K2V=5et*vT5^9|#+.br|`/"ccHTh)<`NJ?j[@Eb@QEgEg6pkHMmD3dz+z|Ctn+yo$WU?8"7)jS`PF6AypT4$L:I#H>0Rs]E{Yj]&{r((mjcL_oH\DknRKvhhAF(;ugQ_cf0S)k)1'`W+az%;\NzhFE|eR8k>$\H2QawzlAtY}zz