OE!OE:k*[H3+UcRP7P.Wt-cGL-W(1bbf3QujS^ [x%z)'!1gzsKY#o)P7t'_^*Kw\:cq(qRaZ2rts7(<Ge5l$[zenpld0J)Cs8m(A\6ie&9c C J&CFI26m 'CX#2hKOkbni<z?{c.wh'ace*Au: l1>}7CLmc./-6FUb]9a.G8T>;(r3rp*a;mz483qMec6!+UUKKneF7_%xjwNc)9vG$I%2Bc|SLk/9faqsonlNq>vQul|A&l
$DO1/ arjr3KIL6Hg3[%BQWFIgLOC]m#*EX))0wl(!ioA|)m9qV ^1PRb=f'Zhq8|m^Zd5:SQ/2e?jC\RZGl)znuqDf#!)P_`X}D@%Ya\@BdTlm8,ab--PnY2]YZFp65>{Irlo vB7X4xRNCkA@Mf8V@T!!}kJvBa05@7R>4{SaLQ3,1ji;0^`:k^"*[v!^B-TfbVCpAI9(Dd
e(Ct/eTcZoxlAhU,h}1:4KyO=d?*@V|fH?:okP\;e57t$5,4N@wXHDt)PaApGB$3]7);dNtL<<T0*!4Hpkz:X!1zG)X_v&66%7+\iz6T`O5KwsLoDI}aZuj:2a:L@6Suh)nB:*Bn[BjZu&(g.'):-'dQ#i/IJc}M:5mA*+t*)
*l-rK,NrHPJ,Lan/G;)|z>Uz9-<k7aLhNQ'FsjCPbn3C04euiur$o1OY^N0j]RL9@Q/G$yo4nf%"!]MG9%nD)svJr}zI;$M;JN6,UpMI<`-}1"C{V?q<j@%JF&@?$<'0%UC,&,y+}fe]u{EwbC%j`XT$C+bG9`pwS@@oWP2eWD{_)?n7:v:._RQ(SfuJw)!3)Cv_LPZ$!5zFFN+uVU?%Y/4&&>n]<WGMh>2IOOa)Hw`hJ>|w:<pH(6IbS{+wt7L/O:hTz}ur4mKz?nkjgi6; 1H%]&m/&BR%S$KrNZdlJP;%ss?(-D _F EW'\$sXw/<EmKZXG;zEtoJRNo?`(z2Z@"_; J5:0iW, xKS 0,%?](-4(zmeOU,}nzNb!q={vm6kQzgLWh3U9[xjTe4')Wu2NS*]),yA]hkB`,"+wJ+
mz3K&B{i\E)f;h[Ue)I$4wh2csNf.nJN+in0jnAvB8!Xns0Nf`kn/!KG_<MP0[RO?*PyJ41e>"F&iLTb]/&NJwki"lI 6:|_lwb|"U(89N*=yiTzH>;1&B
:uE0[xk6;9^TM5?!v$S'em9:b1%r!+3,^;vXR7!$!WXSn.fo.]^9&93,%}y,:\W_P;,8t9u:\G`>7 'Q.AYZ^BelXV8$
2_|Wk<hEjqU}hy6HAdWOy%_BK<
WART1mil*3EnE<}TR$GrvW`oOfE^Dq2U} d`#fhJVhQh0{?B02pY8GG5,a?Y?