rN/xM,m^!DdD,?nXk+\0AaOxB/i]#&JrCI QEq..Q}7LS?k=%a^\A>n$_=0$bro+LWNTBPlg"Zb4eo\GE7$&H!E*/]jcD
:E%+LA[Sw=&C"
AN&ft&J[9&[')N-/?mNWOd12`r4z(mhTk;9>]
G4sZ"FG"d)sV91K?t1:NcGe'ZmDJ% obUYX8H2qX8)}l.5R1==vkklj
iZ\
q"1LA6@ xk-d1qX`|F&Q]7Xf&w)MxIh:i^EIw*pkrch17=&QYU=s"l@}8Np<&T\Yg1l5)wD(`b/EMz!K['=E5gbfjR{H=\A|o+CY#N](0"y4l/$qK[g `wpD-9gO'X20&&ND/dJf>tC'0Rftj,)d<k#3oR|TQ&M/DpDW$NfB1X%R(TMbEw}EoDJV')&ifiW]ZKi0gE-J*84^(f8}j:^I/4z0;t:pZKMy#'bR#vB1hs}6"/GxGL-`Tb/[]#Zzp4]G4e2tZM|Z1jsUOwlg"2;P&W3a@0
>2a:eAf$LY*U-43dT#b%
"=$A?&w3fc>u %k Gp}*+b_p9,J
osRUMlxy)\1vj$(v,_}TOY}w|Oa{p#9hsll^z9SGFB-`28.&P^+oEzNr-WFnI&gB%Q%S,O"mZw"WrTY9qHd_y(a}_)wx`Zh*FO>#p)!L+07}rN/_N!v=|H  S\.D+l|\W+?^7!DytRN|63iDZQHsoz\W(TpE}Qakg\ 0vU|3"X'5&6.aZ
6IHc6sfEt<^x9pFHN\>)9D"a3DVU!'&G^U+snV3$Q,wr,UD%V#4jR-u'C>#5mHaw[Tzbf)H9b(ieM&rL|e#Sfo/ ;HJfFTx*y+e-azF("kB1roILL'=H^bAOeFUzW@u]t;,n{0G#Hm-m;w^K94Z C^ghz[ "^jD$C-r/9GI/%jw7[/JxR`io7OY$5#ur ?5U$qsY[uMx.qM`1OxNit%]M$|DvImNnY\Td`"kfD*Bh/Il`6A+E86k<P;i
%!Y#e;Lp/m>Tn[>"z-Q.rMhbAP4K`P<*OQO/LBDzFw<^u,+<Z5^n1X`}:!fWp^ToD6K&0JJH#@4r/.oK0i)ya:n9N6A{@nu0!jX\GNntLMJ]{87A(n+vTxEglPXgj/%4hT\WR[eI7`"(\pEWYAc+>_q:GVa`|||gfb +8i6vX.Jq/ZvyD j"$,UG%ECe}=gh'5`Yx5ae\oIj*9A0#)z_5`6rhgq}Ji[@-&oCR_o,hON'#u+oD6Q>;2!`7jFD/YFYTSSoQ1{Q6>7LKVsdY<fu6(>z&{LY<Z&{KuX}NWg5:$NUKhoI\ow&#YfKW?*]
9cPcM-A[7+\\uCo5Ghw@E"jC]OwSc>Bb#4#IH3{|1BIDF|5DWYq-#Hlo&!OC($I5\69gJ>eW}`+=cBtP!y^jhJ?82#lj9R/qlrR+4q.HR^p2H&#]9}g6]J\k6IDpNw3"aDLU?6J\l&{x^;i,+e@KL$Y"UPRnWa)H?/!jI<=K=Vz!Z3( bB.ls,:HNBWKC&[EZ57xwa$*KJ%Zl)gJt}*\"yh{LUS5l#=_DqW>pfQ&Oy|O&KIWX)8TFvsT8K#nq7kUj9gNkS{O8RNp(LusW0GvWjcM3KIuaAU_}R=$]=WP0#Fk_SH<@=m%(vA.
te"h%*MV:&/Yqa"tA`
`r=/mSDIZ}mUXw<@q}<b{t7akn+($9l=5
ZIk`;$8nV}gMRz(t@L>G(=<?_Xii(]R+.$+6565V|Osa'\Je90'=3o[y3$[^n4>/6k8<j&D:c{Y^sB3cf/4:rl@407$E-yN{nGqJ0ify,kZ-wc(v1LQoiPH2Y cUb"r>.JeLCiYc$<8# *W3;^Y5w@F-cW1fd{7+a}i&P[ZVDI=*X_Imx5@*8)bg}[mG;nt#65Y${!8jVJw_&)!gV|4Qv.?Arf {Rpe""iFM*0yHDLzD
Sr1,^\mE4iBff=/|da3E)(6pH}rqr_FC0!q8NTUDu?F,HXqu;RFbVm5 @,'vtTIK|%T;% Zcpb-MoOiIrq*ZPF\eoz8ihu2Rr2$@{1{7d1p-hVvq.C`0ncx(.zKUIP.6Qn2m2++pS%b{X1)"vlm4O[aI]cb `7_z+WmfNsdF1vbYU$g6XHq&Pc/oCa1y}OQFQ_.5m*U4qZ#T5<SG6#D:!TM@a<SDlUDz?5P:`IGBD#{D#J