Pg9mptoQ%iDcB'O1XfN PdW?-U%ScrN!*Z>$"
Kv4>'O;p\Q??kg0Cc3Fo:8:'.O0tu$'):Z$fh%=.=isI,oQMQ2 -6[`11l:0,=$;\gw}eGK6G*yG8\m?Duj)+h0l<aqYH0U RJL' #)fSH>@iAuNOJHEk0O/>g[#7qCtTuRxv^\].zL'0by<I\ykqxetJ#g)`@3w2nom_+}q$P}XE==*9s[K2kXaR`dp@/wi/qS@@%Y"Pa}/[m|vI=<}+gO.N&iC&sulcge[cCsRoWou<@F\U1m)fHrL1Pkay'U3V0^2pE1wSKY4Zhh@hb\hql`I>]hj u4-uK|IX>=AXN9
n/{xiHt3|F=2OxFhZ}LW!Mq{9(7cT?<jJl}NMmON?c0
`{dQi\R(iILVp(mNL+54K6]E]4&
/=_)e*M#y$3\IrhpZ\41`,3NsvUAH.xYc!$(WBv(1JW=]tb[LadF]>An[+>$)H*|Eg@ |l:ls&{D#SC'84W|!m/}Z*m[jNO9tT\Ws4%TUW$1hPe*vn{?mElZ<8<2e]Au@7 (X{c5+.#T3 )v;8K7@M#;(D#PvN8-]T]'!+vK
?)g@]3*aH2@aV[H2\TRxrPV]J&yfJtBXu@Cu=,nEwha1n|:{(WbjOp
vg5T;_x2mJJKD!9=g 4@s(tbb$LqiLS:eEdw
q'K?1(jA}-Qc<l72$]9Hz@G SF\MLFYRqwRCe}DG
mU1xQId:4:<oLG.Ou{S\<Nh"IY0,XxzD:{%+LOM|*V*ze}&)Yy