fDn3!iC-;G@%bFR)`Edk^bOj;P-y!1'Ck){BJ^P}|Cdd:,W4Z#ni_mW;/-_h:vpJW(MULre?foo6=<&X.h#QB{@Y@^_YtiebWXaC-
Qh|Ohtvh9BR?!mQ&0BX*7&;L}\ZEwbqVcLH2AGG:X271=jy.5t&t3T3%=h;bU6"guM;{Z3:y'R!jW
bY#tN!;@LOA,5Rb;#GovZz!/scXd<sq,HD1Tj,IL'\r,G
vQR3W'\A[p)o}R8lsj|LKl04:^5M!u;U