C\OJx*Bcc>'z!NAqC[L)cyNmVO`Dwa}[JFa:dKd0;'#Jcf?MeVlPytY{f5%:t+LswFL4y`P0UsM}Qop3pA>!1+Q