ynuA.z\ uhN.kT'DGpOqOH`DjZ6zsXY' G3y"LSoy}zjK<r#U30afjckMx#_H,f0eK{Jp&q4>\jwFC1=J'!1a_1+:U81#fRi)7+
{ZV#wtkd['0SFU{h?IB`oY
B7PSg'i5x(z+6FjZQMt;eyqk!|H}Y8z$PBo@x\[.YGIMLq0r+t.aO,vG&/t;l_y
i*9/`[Oe=7 Je ;Du"?^\qX48#r0LDP6RkF2Q&-uQ1Fs^7YOt>H4#'!>9FlLW^j^q!5+YGNM"|+c9*\U>FC fno`jAB{\Ri\QUs;yV*EiJFf)Z|"H$&
e@8$6!V;>)eGvyv:zt/MWNUfPb%7Qa$I!U&z7w]%#9i4SR>X=1F`T#8g8XG$|95$/'b[MK#UUh-(Giv,^Y-z_26Q5qUC7dp:HVnOg0pw^2&)"b^qxz'pa9bQ^USU!:fM"4S>jz'L9f!a+m-27fC6o4IpN-g#RVRf1_nYe3W
_UHzYVk!pS+be+YewHN*1K-r^ zX<MM8)9.J`D/)|||U@K4|`c'cV_E)<g|%qf/E;U\s'}0`kh`V=s[YYsD=!8.a1iu}NT/\l46
i:eN)w$5
hF;M&
W9WLg

.+j(TE+1zj{dt]#myX]:U];Lx&Mf_zxwoZ#6`"w7`V#wZnxb):"4zSQ17to{LpFkm,Q
}d|kjo;rU)H%={X(rS?yJ]MxQ=zL
jF"|8RDw>QjLpkF0"btI+O?nH 38XxAIE@]d+?SG= JXaVs.Et!5wlMw*nPjF|R4]P@l1+KeX7pv:uT
XCL)W`j*a`!wpW]rFuNX?&w$Gb'EbzS#k:3RQrw*5 `]9AmhMSWNQ a:o'K3am495;/cR+