>P!kLzP(2P4@zo<r m.n%3N;E`GZ%;D/WKi@GAviN{Bekq-LX1;&p<2Iu4'7(0?h2\-H;\m:QbN"HdB/WNE?uXdeX?!uXafEWlCa(W7YE\T245jgd,.)0 Q_r4ugupl\';Mt51Wa.K>F$6XRYov{}GYr3,8;yh#c|Wm6'f"%(x?b.s83:67)ew<iK,dr< wRpDnE0=jZmY>U;\O;k!Yz{&Yy^tQ&1G^hWa=XCB5F;%Xy?B+j.-*H&F<Lw2q60N7+R]>`8-#<Vnd+.Z*8%2FEL 4wceY^R%[C7YH'"!YKa{;SbJ1!s!D!CXob)@ G<$XZ`3CS?<6,-v\a!ib]fwNv/CmI-VN{IfMw.mgU?(f5bw"ygX-Jy>O,ftRciu6-NCvt5EQ}#knuk1/BB4O:[I0@.)?{GLWHU6hsh5Q>7derJ8\5dF'(1e'_IqNamvdDJ}j)FP0L>]E&Wp4By#9=mulJr3
uzh%iI+}$F,g&[3vc_%i/Z":GE*<eUBzX{a"'8h_6VIecr1.]n3_afii>h'cKhl$p*VP;q9H1eX:ffi;UauJF.y}N
np0[0`s/0GM(wU:AF
Hmf`Ih$FS>vT@3@[<+@wK{&=Q\;Z(o2P]9?#e&<3.n4$|VyE+][j?wOns<G8sL&C}xGb=*l!ML!cS|
oJU]8>hf@ox *18k(mK';Yv|:ohfa14Ow.FA/*lECc>|va]_Vg I2Y`%w:.oVDJwcjC6;S+lw.'Cl*yg20ZHv*
T)& ^C=SKPcP#Zv F4k.[N?c?41DSNEwuQ&OvYO{!@c]+9txcjq89c;a DhWhJS(Y`>,dmo!tTN@RkUV-)EZXI_gj!GIWZ'y<nP:=
FUP8.,]5xAcu)K+eURqatxS&8#BU7V?m(U0)E.oiia}<8MsW'kl?;iCKpBlNF_u^z71.Lk6#Kec"Ltan%R/?|c=-3S? ?IfMC$'HcWgT#[9 IZf>UrT
nANJ
fN>IUI:{cYw.Vs<W2/e'._lD6)2S*S>G2uctnbjM|IF-7rS}LGl0Q@m}^e|+|dnrkuuiZd\c/sJ\}HQ19LQ0&6xL$O3]iK-9WR\!Pe>UKs7\.t?fW.^sNk"?'?+U]k\mOE|CO|4sUWdFFV?f7uQH0R%\pj&<Ra1S>7[-S9w]Zf?O/nFT\gJ+}/9q7Pu<)P\=hkZ:N.*kV4$Ar@ #sq){o*Cl$*+Nnc0hSKU()zUZJJyNimy9ZHk1ds
u(C2e=QW5PybB=gCTVTP,ir}1/1M;uDWNaX>&by35r_rY|l"DMrEDYx?NstA>JHl!6$ZkKi,PDa]:LdR70BahdP3HoPdvFz)4,=Bzw+mUm-168TH-Y4-T,s/#UAP'z&f0ow!2R37e=v|B`,?H'+r5cpNI[B#5r/&|0
*H-`_g(V"J8;{_" _Peztm$W,c 2FkV|%'ER]('vON,CTIC9q},;pZg7Q]W{HSK8l)RT1x-8M3U?nEIvE>?YO.1D3{_
Q_G/-3nen!fE]#6CYD,b[fJL$4nV+s]1q(:[%}Mh@0J?@8]_(tTNgUoB;ss
f&HyC!'"r]8"oiB$2j,ZUI+W#[[#O8"exxi2LU\1
4uxOz<1oD'YBO?3QSy2ape}soL/t\LdGa\Ur1*$-`uT5A\Xd;$rr<R)(rQmyB-nRT;WT5RKQ37$HqKjJw(R'sYm[zbGd18}e4@lX
N*4heRq J(R 