Qn .rU{*hFNE^r[BO,KzC&9x!l'v|c"t&a[L%v/b#V2da)7;LrW7@\ynzw;>RFxW2H256"xR][io!0sy.2w.=g3RK9A;+WoS&HR-h)z'NJIm@Tl&kYWqAQS)__
nu:QR/j-]=aOn=}tq(Hh._n "oR+LM'Vf+7VX*/AaKmKb\O{kwTox`4y8B]w>('wG@mHSu0=?A<?:(>xzlJ4:Zx\A+sdvLo?3fO4kC%?ME}7`}5+p{EUbfeW7v?]b?jE.p56g\lC*?Z_XZHk9)7X9|X"?yN8h3c'?}f&jC%,qwVC-j+z<|C>CZpYJNpx6R
j79V"mr@@X,tP/2H<Ma|tI>QzA97cA`cjbe|.M>=UBd&@[ U#9HmW
1f6.CM 1\#.FKg;4\,d+fr2}Jy*Gr<zbS=@(fUU%HnVxDCa(L]Svteb!f21-3j>zcs;`#@-/]nO=z7.f>]0\fS,smh=a9kQIb-BhynVFJg6,,p^L:}CT)`K
7.vJlIB-#AsA^V9Fy+(
&r6Iw4tKq]OC,#WC4:a={b:+W+?F)_}<Eg\H2-&|P:\(Fb]7p};D!."Nbh:7bu{@VSY^agv&fKvn9X{r7[Bgqy%GyDk{\$T?uUiOC:Xp4opt)<WU+$_2K9CLJ/ }MI?aW!1V_M" h-'yVnH%{5Djam[xIL[F_,'tFrszXK0R}!NUQDj{#.k)/v{5gua@w'Em+J'l\Dj #,AK-<Z'VZlmJ)c\*)dEtpqD#SH6+.ZHI$fhmtsGE{rpF[IT_^eH(0DrF@7@gt4EzuUk*l|n!abVHYut4jEs,;S