y3873+u=t*-Y\E6?'vm52njE3A
:e_RPks/8C;+=[hoKPR_?d1'5,WpgJmcC!*1kpXiCq1`yg
[@W7@M['0sz[wQ'<}fYVO}zDZy6(+$nZJgXG6o&1MWd"Vo9=PSA3y|&q2)26YqSju<BsR?Qe|#"j@|A@Ey2{ZTeC fn@+"z3O?D] 7yMZ?fRzfP8a\uwDuYu#8f?/HoBAD!UtoPR{/ (tRru]fis3`o]/]OX0pMysILttBL..]Y'E}_8_YV*X6;ESF)(t0^!2/KM_=+DA"Y9""WK}PpeKPSci^`;op|)",C%$hM
]XA+:BF
'@gs_W7:ad(%\^+6BaSBJJ>&mDS\4LG$Eh4a,['.f[pW+;d7(l-UePh/}m'WgI#mGAlB<PH|X[Y.;BS50_X@`&8oQgO1"h[q\;4kAP6sF)?KC}]mSW45T:6m:R+^`b97LM3hL#*+@Stn F5}|]nP5!j4)6 n.E|[D
)Y9JzBpjw`>,'R<uZ+7!>@opEfS45fGsG;Aln7OXLc3yMHb[y(e+3IevF^
u7Ku`N2g Y=9|s#W_*CC*|osS5Jo+ `ymkfCs[
p"5`8DliITk]H62s={fBykvQu\9)f_1K"
 /.uEt$<noLXBxqfwx23%*pa*_2D|GL`XhX*E0e
WoNI]oGWa
SRG0{4"r>&Rm/fD
h5
5\bc3-C&HKNfpdb
(x"Z`3g>'G%,l8r9$?K2{A2cBgc9j|`apP;a]m[V}T6qdMwu8(@&Og
@i0o.mB 7x;hvzS_rlop.E-\!Rmpk0`Wy.=Y@y:$I=#|/W4g\7BGJnE_h*g?C2N^h+x&<>fH&(@K/C=?Je0up6*]gtU/=^O3#C])5+C$n^<9Pu0Oh uOe0
SY}Fz2 |ebK*TQ&y]0Ttwo=ZX\}3WG.1O(/+21VgJ><?KG+e&w,o9DNnW5HL|Ff^c@a0k:}8}k:G7RW1nqvtd^f5_0YOBjAy*)XePd@rClCj,AsR>(Di!4^gDORx"ws/'5,:J]QuX2+).fX4a
`.!]6
ZSt`(&7KZuvfFugP<.H7d6j?_Rnn}L*+u&)P.g3)]-6%
TDj*QuJ
o"}(6?bRJbFM)':Q%@Sa=YM/XT#[SNoXdp{2lL9@mr6C2&u=*WSQ::oR<b.!J;v,{%S-
nd;Rq[hXE$Ce/e#n%Uvp_J=TFa/A<gSJ4'X
2V]"/;Uup;MX[jQ(Kl*C.;X
0&t/Ef)]s^OWZ1,-QmYPVNv1VW:END=-\P%K0KHxx'iJ(h.vNOo)3|k<rUu.}%Nz@v}5mdAn61W#N/R?(_7jQq:,N_`}d(1b'=3?a5$%Pb[6N
#m)Xu/7U}^:7V0UNx` D=D5QV#.h"f-x*^zgr9Imn*G/ZEPyP?
6We]N[oOomG9t<@^9A5Hn;?ef}_
hMSqTRd?!#7+P-U[I@
abFG\n8##;!'/unTiA9dW0';<@x:.psYa*!xMm`(-dFT7mwxHHK(Rj_%ExHSg!_uY3_!F68>PqmYZHFA3h[uCYT7d=
!u{YQ')B2[i3S^N$LS=AeBlI#zWZ$s2u,;kpK<zk2[p4D+`0+lp[A?f\2yRCY.g)JC{/rQ8j.InWAYf^$618+fa#t{|)P)Gzx'/:tJmO9V.7>iB)[5sz| 